  Sent.                        Matched  Bracket   Cross        Correct Tag
 ID  Len.  Stat. Recal  Prec.  Bracket gold test Bracket Words  Tags Accracy
============================================================================
   1   12    0   77.78  70.00    14     18   20      0     10    10   100.00
-<1>---(wn1= 10, bn1= 18)-           -<2>---(wn2= 10, bn2= 20)-
  0 : 1 : pfn     Ég                     0 : 1 : pfn     Ég             
  1 : 1 : so      hendi                   1 : 1 : so      hendi           
  2 : 1 : pfn     mér                    2 : 1 : pfn     mér            
  3 : 1 : ao      beint                   3 : 1 : ao      beint           
  4 : 1 : fs      í                      4 : 1 : fs      í              
  5 : 1 : pfn     það                   5 : 1 : pfn     það           
  6 : 1 : so      segir                   6 : 1 : so      segir           
  7 : 1 : person  Egill                   7 : 1 : person  Egill           
  8 : 1 : st      og                      8 : 1 : st      og              
  9 : 1 : so      hlær                   9 : 1 : so      hlær           

  0 : 1 :   0   10  S0            0 : 1 :   0   10  S0    
  1 : 0 :   0   10  S             1 : 0 :   0    6  S     
  2 : 0 :   0    6  CP            2 : 1 :   0    6  IP    
  3 : 1 :   0    6  IP            3 : 1 :   0    1  NP    
  4 : 1 :   0    1  NP            4 : 1 :   1    6  VP    
  5 : 1 :   1    6  VP            5 : 0 :   1    3  VP    
  6 : 1 :   1    2  VP            6 : 1 :   1    2  VP    
  7 : 1 :   2    3  NP            7 : 1 :   2    3  NP    
  8 : 0 :   3    6  PP            8 : 1 :   3    4  ADVP  
  9 : 1 :   3    4  ADVP          9 : 0 :   4    6  PP    
 10 : 1 :   4    5  P            10 : 1 :   4    5  P     
 11 : 1 :   5    6  NP           11 : 1 :   5    6  NP    
 12 : 0 :   6   10  CP           12 : 0 :   6   10  S     
 13 : 1 :   6   10  VP           13 : 0 :   6   10  IP    
 14 : 1 :   6    7  VP           14 : 1 :   6   10  VP    
 15 : 1 :   7    8  NP           15 : 0 :   6    8  VP    
 16 : 1 :   8    9  C            16 : 1 :   6    7  VP    
 17 : 1 :   9   10  VP           17 : 1 :   7    8  NP    
                                 18 : 1 :   8    9  C     
                                 19 : 1 :   9   10  VP    

========
   2   13    0   76.47  65.00    13     17   20      3     12    12   100.00
-<1>---(wn1= 12, bn1= 17)-           -<2>---(wn2= 12, bn2= 20)-
  0 : 1 : so      Krafist                 0 : 1 : so      Krafist         
  1 : 1 : so      var                     1 : 1 : so      var             
  2 : 1 : lo      meira                   2 : 1 : lo      meira           
  3 : 1 : st      en                      3 : 1 : st      en              
  4 : 1 : to      fjögurra               4 : 1 : to      fjögurra       
  5 : 1 : no      ára                    5 : 1 : no      ára            
  6 : 1 : no      fangelsis               6 : 1 : no      fangelsis       
  7 : 1 : fs      yfir                    7 : 1 : fs      yfir            
  8 : 1 : pfn     honum                   8 : 1 : pfn     honum           
  9 : 1 : fs      fyrir                   9 : 1 : fs      fyrir           
 10 : 1 : lo      alvarlega              10 : 1 : lo      alvarlega       
 11 : 1 : no      líkamsárás          11 : 1 : no      líkamsárás   

  0 : 1 :   0   12  S0            0 : 1 :   0   12  S0    
  1 : 1 :   0   12  S             1 : 1 :   0   12  S     
  2 : 1 :   0   12  IP            2 : 1 :   0   12  IP    
  3 : 1 :   0   12  VP            3 : 1 :   0   12  VP    
  4 : 1 :   0    1  VP            4 : 0 :   0   12  IP    
  5 : 1 :   1    2  VP            5 : 0 :   0   12  VP    
  6 : 0 :   2    7  NP            6 : 1 :   0    1  VP    
  7 : 0 :   3    7  CP            7 : 1 :   1    2  VP    
  8 : 1 :   3    4  C             8 : 0 :   2    9  NP    
  9 : 0 :   4    7  NP            9 : 0 :   3    9  CP    
 10 : 0 :   4    6  NP           10 : 1 :   3    4  C     
 11 : 1 :   7    9  PP           11 : 0 :   4    9  NP    
 12 : 1 :   7    8  P            12 : 0 :   4    5  NP    
 13 : 1 :   8    9  NP           13 : 0 :   6    9  NP    
 14 : 1 :   9   12  PP           14 : 1 :   7    9  PP    
 15 : 1 :   9   10  P            15 : 1 :   7    8  P     
 16 : 1 :  10   12  NP           16 : 1 :   8    9  NP    
                                 17 : 1 :   9   12  PP    
                                 18 : 1 :   9   10  P     
                                 19 : 1 :  10   12  NP    

========
   3    9    0  100.00 100.00    10     10   10      0      6     6   100.00
-<1>---(wn1=  6, bn1= 10)-           -<2>---(wn2=  6, bn2= 10)-
  0 : 1 : person  Ágústa_Eva_Erlendsdóttir        0 : 1 : person  Ágústa_Eva_Erlendsdóttir
  1 : 1 : no      leik-_og_söngkona        1 : 1 : no      leik-_og_söngkona
  2 : 1 : so      prýddi                 2 : 1 : so      prýddi         
  3 : 1 : no      forsíðu               3 : 1 : no      forsíðu       
  4 : 1 : no      tímarits               4 : 1 : no      tímarits       
  5 : 1 : no      Smartlands              5 : 1 : no      Smartlands      

  0 : 1 :   0    6  S0            0 : 1 :   0    6  S0    
  1 : 1 :   0    6  S             1 : 1 :   0    6  S     
  2 : 1 :   0    6  IP            2 : 1 :   0    6  IP    
  3 : 1 :   0    2  NP            3 : 1 :   0    2  NP    
  4 : 1 :   1    2  NP            4 : 1 :   1    2  NP    
  5 : 1 :   2    6  VP            5 : 1 :   2    6  VP    
  6 : 1 :   2    3  VP            6 : 1 :   2    3  VP    
  7 : 1 :   3    6  NP            7 : 1 :   3    6  NP    
  8 : 1 :   4    6  NP            8 : 1 :   4    6  NP    
  9 : 1 :   5    6  NP            9 : 1 :   5    6  NP    

========
   4   12    1    0.00   0.00     0      0    0      0      0     0     0.00
-<1>---(wn1= 11, bn1= 18)-           -<2>---(wn2= 12, bn2=  2)-
  0 : 9 : no      Almenningssalerni        0 : 9 : x       Almenningssalerni
  1 : 9 : so      voru                    1 : 9 : x       voru            
  2 : 9 : so      opnuð                  2 : 9 : x       opnuð          
  3 : 9 : ao      á_ný                  3 : 9 : x       á_ný          
  4 : 9 : fs      við                    4 : 9 : x       við            
  5 : 9 : no      skiptistöð            5 : 9 : x       skiptistöð    
  6 : 9 : fyrirtæki  Strætó                6 : 9 : x       Strætó        
  7 : 9 : fs      í                      7 : 9 : x       í              
  8 : 9 : sérnafn  Mjódd                  8 : 9 : x       Mjódd          
  9 : 9 : fs      á                      9 : 9 : x       á              
 10 : 9 : no      föstudag              10 : 9 : x       föstudag       
                                         11 : 9 : x       .               

  0 : 9 :   0   11  S0            0 : 9 :   0   12  S0    
  1 : 9 :   0   11  S-MAIN        1 : 9 :   0   12  S-MAIN
  2 : 9 :   0    1  NP-SUBJ      
  3 : 9 :   1   11  VP          
  4 : 9 :   1    2  VP-AUX      
  5 : 9 :   2    3  NP-PRD      
  6 : 9 :   2    3  VP          
  7 : 9 :   3    4  ADVP        
  8 : 9 :   4    7  PP          
  9 : 9 :   4    5  P           
 10 : 9 :   5    7  NP          
 11 : 9 :   6    7  NP-POSS      
 12 : 9 :   7    9  PP          
 13 : 9 :   7    8  P           
 14 : 9 :   8    9  NP          
 15 : 9 :   9   11  PP          
 16 : 9 :   9   10  P           
 17 : 9 :  10   11  NP          

========
   5   13    0   70.00  70.00    14     20   20      4     12    12   100.00
-<1>---(wn1= 12, bn1= 20)-           -<2>---(wn2= 12, bn2= 20)-
  0 : 1 : ao      Þá                    0 : 1 : ao      Þá            
  1 : 1 : so      hafnaði                1 : 1 : so      hafnaði        
  2 : 1 : sérnafn  hæstiréttur           2 : 1 : no      hæstiréttur   
  3 : 1 : fs      í                      3 : 1 : fs      í              
  4 : 1 : sérnafn  Bandaríkjunum          4 : 1 : no      Bandaríkjunum  
  5 : 1 : no      beiðni                 5 : 1 : no      beiðni         
  6 : 1 : no      stjórnvalda            6 : 1 : no      stjórnvalda    
  7 : 1 : fs      um                      7 : 1 : fs      um              
  8 : 1 : nhm     að                     8 : 1 : nhm     að             
  9 : 1 : so      grípa                  9 : 1 : so      grípa          
 10 : 1 : ao      inn                    10 : 1 : ao      inn             
 11 : 1 : ao      í                     11 : 1 : ao      í              

  0 : 1 :   0   12  S0            0 : 1 :   0   12  S0    
  1 : 1 :   0   12  S             1 : 1 :   0   12  S     
  2 : 1 :   0   12  IP            2 : 1 :   0   12  IP    
  3 : 1 :   0    1  ADVP          3 : 1 :   0    1  ADVP  
  4 : 1 :   1   12  VP            4 : 1 :   1   12  VP    
  5 : 1 :   1    2  VP            5 : 0 :   1    3  VP    
  6 : 0 :   2    5  NP            6 : 1 :   1    2  VP    
  7 : 0 :   3    5  PP            7 : 0 :   2    3  NP    
  8 : 1 :   3    4  P             8 : 0 :   3   12  PP    
  9 : 0 :   4    5  NP            9 : 1 :   3    4  P     
 10 : 1 :   5   12  NP           10 : 0 :   4   12  NP    
 11 : 0 :   6    7  NP           11 : 1 :   5   12  NP    
 12 : 1 :   7   12  PP           12 : 0 :   6   12  NP    
 13 : 1 :   7    8  P            13 : 1 :   7   12  PP    
 14 : 0 :   8   12  IP           14 : 1 :   7    8  P     
 15 : 1 :   8    9  TO           15 : 0 :   8   10  IP    
 16 : 0 :   9   12  VP           16 : 1 :   8    9  TO    
 17 : 1 :   9   10  VP           17 : 1 :   9   10  VP    
 18 : 1 :  10   11  ADVP         18 : 1 :  10   11  ADVP  
 19 : 1 :  11   12  ADVP         19 : 1 :  11   12  ADVP  

========
   6   13    0   80.00  84.21    16     20   19      0     12    12   100.00
-<1>---(wn1= 12, bn1= 20)-           -<2>---(wn2= 12, bn2= 19)-
  0 : 1 : no      Vegagerðin             0 : 1 : no      Vegagerðin     
  1 : 1 : so      áætlar                1 : 1 : so      áætlar        
  2 : 1 : nhm     að                     2 : 1 : nhm     að             
  3 : 1 : so      hefla                   3 : 1 : so      hefla           
  4 : 1 : no      Meðallandsveg          4 : 1 : no      Meðallandsveg  
  5 : 1 : st      en                      5 : 1 : st      en              
  6 : 1 : ao      ekki                    6 : 1 : ao      ekki            
  7 : 1 : ao      fyrr                    7 : 1 : ao      fyrr            
  8 : 1 : st      en                      8 : 1 : st      en              
  9 : 1 : fs      í                      9 : 1 : fs      í              
 10 : 1 : lo      næstu                 10 : 1 : lo      næstu          
 11 : 1 : no      viku                   11 : 1 : no      viku            

  0 : 1 :   0   12  S0            0 : 1 :   0   12  S0    
  1 : 1 :   0   12  S             1 : 1 :   0   12  S     
  2 : 1 :   0   12  IP            2 : 1 :   0   12  IP    
  3 : 1 :   0    1  NP            3 : 1 :   0    1  NP    
  4 : 1 :   1   12  VP            4 : 1 :   1   12  VP    
  5 : 1 :   1    2  VP            5 : 0 :   1    5  VP    
  6 : 1 :   2    5  IP            6 : 1 :   1    2  VP    
  7 : 1 :   2    3  TO            7 : 1 :   2    5  IP    
  8 : 1 :   3    5  VP            8 : 1 :   2    3  TO    
  9 : 1 :   3    4  VP            9 : 1 :   3    5  VP    
 10 : 1 :   4    5  NP           10 : 1 :   3    4  VP    
 11 : 1 :   5    6  C            11 : 1 :   4    5  NP    
 12 : 1 :   6    7  ADVP         12 : 1 :   5    6  C     
 13 : 0 :   7   12  CP           13 : 1 :   6    7  ADVP  
 14 : 0 :   7    9  C            14 : 0 :   7    8  ADVP  
 15 : 0 :   9   12  IP           15 : 0 :   8    9  C     
 16 : 1 :   9   12  ADVP         16 : 1 :   9   12  ADVP  
 17 : 0 :   9   12  PP           17 : 1 :   9   10  P     
 18 : 1 :   9   10  P            18 : 1 :  10   12  NP    
 19 : 1 :  10   12  NP          

========
   7   11    1    0.00   0.00     0      0    0      0      0     0     0.00
-<1>---(wn1= 10, bn1= 15)-           -<2>---(wn2= 12, bn2=  2)-
  0 : 9 : ao      Þar_fyrir_utan         0 : 9 : x       Þar            
  1 : 9 : so      eru                     1 : 9 : x       fyrir_utan      
  2 : 9 : so      keyptir                 2 : 9 : x       eru             
  3 : 9 : fn      nokkur                  3 : 9 : x       keyptir         
  4 : 9 : tala    þúsund                4 : 9 : x       nokkur          
  5 : 9 : no      dagskammtar             5 : 9 : x       þúsund        
  6 : 9 : fs      af                      6 : 9 : x       dagskammtar     
  7 : 9 : no      svefnlyfjum             7 : 9 : x       af              
  8 : 9 : fs      fyrir                   8 : 9 : x       svefnlyfjum     
  9 : 9 : no      vistmenn                9 : 9 : x       fyrir           
                                         10 : 9 : x       vistmenn        
                                         11 : 9 : x       .               

  0 : 9 :   0   10  S0            0 : 9 :   0   12  S0    
  1 : 9 :   0   10  S-MAIN        1 : 9 :   0   12  S-MAIN
  2 : 9 :   0   10  IP          
  3 : 9 :   0    1  ADVP        
  4 : 9 :   1   10  VP          
  5 : 9 :   1    2  VP-AUX      
  6 : 9 :   2    3  NP-PRD      
  7 : 9 :   2    3  VP          
  8 : 9 :   3    8  NP-SUBJ      
  9 : 9 :   6    8  PP          
 10 : 9 :   6    7  P           
 11 : 9 :   7    8  NP          
 12 : 9 :   8   10  PP          
 13 : 9 :   8    9  P           
 14 : 9 :   9   10  NP          

========
   8   13    1    0.00   0.00     0      0    0      0      0     0     0.00
-<1>---(wn1= 12, bn1= 19)-           -<2>---(wn2= 13, bn2=  2)-
  0 : 9 : no      Framendinn              0 : 9 : x       Framendinn      
  1 : 9 : so      var                     1 : 9 : x       var             
  2 : 9 : nhm     að                     2 : 9 : x       að             
  3 : 9 : so      detta                   3 : 9 : x       detta           
  4 : 9 : fs      af                      4 : 9 : x       af              
  5 : 9 : pfn     honum                   5 : 9 : x       honum           
  6 : 9 : st      og                      6 : 9 : x       og              
  7 : 9 : fn      annað                  7 : 9 : x       annað          
  8 : 9 : no      frambrettið            8 : 9 : x       frambrettið    
  9 : 9 : nhm     að                     9 : 9 : x       að             
 10 : 9 : so      rifna                  10 : 9 : x       rifna           
 11 : 9 : ao      upp                    11 : 9 : x       upp             
                                         12 : 9 : x       .               

  0 : 9 :   0   12  S0            0 : 9 :   0   13  S0    
  1 : 9 :   0   12  S-MAIN        1 : 9 :   0   13  S-MAIN
  2 : 9 :   0   12  IP          
  3 : 9 :   0    1  NP-SUBJ      
  4 : 9 :   1   12  VP          
  5 : 9 :   1    2  VP          
  6 : 9 :   2    6  IP-INF      
  7 : 9 :   2    6  VP          
  8 : 9 :   2    3  TO          
  9 : 9 :   3    4  VP          
 10 : 9 :   4    5  P           
 11 : 9 :   5    6  NP          
 12 : 9 :   6    7  C           
 13 : 9 :   7   12  IP-INF      
 14 : 9 :   7    9  NP-SUBJ      
 15 : 9 :   9   12  VP          
 16 : 9 :   9   10  TO          
 17 : 9 :  10   11  VP          
 18 : 9 :  11   12  ADVP        

========
   9   13    0   66.67  73.68    14     21   19      3     12    12   100.00
-<1>---(wn1= 12, bn1= 21)-           -<2>---(wn2= 12, bn2= 19)-
  0 : 1 : lo      Mikilvægt              0 : 1 : lo      Mikilvægt      
  1 : 1 : so      er                      1 : 1 : so      er              
  2 : 1 : nhm     að                     2 : 1 : nhm     að             
  3 : 1 : so      ljúka                  3 : 1 : so      ljúka          
  4 : 1 : no      heildarstefnu           4 : 1 : no      heildarstefnu   
  5 : 1 : fs      um                      5 : 1 : fs      um              
  6 : 1 : no      heilbrigðismál        6 : 1 : no      heilbrigðismál
  7 : 1 : fs      með                    7 : 1 : fs      með            
  8 : 1 : no      framtíðarsýn         8 : 1 : no      framtíðarsýn 
  9 : 1 : fs      um                      9 : 1 : fs      um              
 10 : 1 : no      heilsu                 10 : 1 : no      heilsu          
 11 : 1 : no      þjóðarinnar         11 : 1 : no      þjóðarinnar  

  0 : 1 :   0   12  S0            0 : 1 :   0   12  S0    
  1 : 1 :   0   12  S             1 : 1 :   0   12  S     
  2 : 0 :   0   12  IP            2 : 1 :   0    1  NP    
  3 : 1 :   0    1  NP            3 : 1 :   1    2  VP    
  4 : 0 :   1   12  VP            4 : 0 :   2    5  IP    
  5 : 1 :   1    2  VP            5 : 1 :   2    3  TO    
  6 : 0 :   2   12  IP            6 : 0 :   3    5  VP    
  7 : 1 :   2    3  TO            7 : 1 :   3    4  VP    
  8 : 0 :   3   12  VP            8 : 0 :   4    5  NP    
  9 : 1 :   3    4  VP            9 : 1 :   5    7  PP    
 10 : 0 :   4    7  NP           10 : 1 :   5    6  P     
 11 : 1 :   5    7  PP           11 : 1 :   6    7  NP    
 12 : 1 :   5    6  P            12 : 0 :   7    9  PP    
 13 : 1 :   6    7  NP           13 : 1 :   7    8  P     
 14 : 0 :   7   12  PP           14 : 0 :   8    9  NP    
 15 : 1 :   7    8  P            15 : 1 :   9   12  PP    
 16 : 0 :   8   12  NP           16 : 1 :   9   10  P     
 17 : 1 :   9   12  PP           17 : 1 :  10   12  NP    
 18 : 1 :   9   10  P            18 : 1 :  11   12  NP    
 19 : 1 :  10   12  NP          
 20 : 1 :  11   12  NP          

========
  10   13    1    0.00   0.00     0      0    0      0      0     0     0.00
-<1>---(wn1= 12, bn1= 21)-           -<2>---(wn2= 13, bn2=  2)-
  0 : 9 : so      Heldurðu               0 : 9 : x       Heldurðu       
  1 : 9 : st      að                     1 : 9 : x       að             
  2 : 9 : pfn     hann                    2 : 9 : x       hann            
  3 : 9 : so      fari                    3 : 9 : x       fari            
  4 : 9 : ao      fljótlega              4 : 9 : x       fljótlega      
  5 : 9 : fs      til                     5 : 9 : x       til             
  6 : 9 : fn      einhvers                6 : 9 : x       einhvers        
  7 : 9 : fs      af                      7 : 9 : x       af              
  8 : 9 : lo      stóru                  8 : 9 : x       stóru          
  9 : 9 : no      liðunum                9 : 9 : x       liðunum        
 10 : 9 : fs      í                     10 : 9 : x       í              
 11 : 9 : sérnafn  Evrópu                11 : 9 : x       Evrópu         
                                         12 : 9 : x       ?               

  0 : 9 :   0   12  S0            0 : 9 :   0   13  S0    
  1 : 9 :   0   12  S-MAIN        1 : 9 :   0   13  S-MAIN
  2 : 9 :   0   12  IP          
  3 : 9 :   0   12  VP          
  4 : 9 :   0    1  VP          
  5 : 9 :   1   12  CP-THT      
  6 : 9 :   1   12  IP          
  7 : 9 :   1    2  C           
  8 : 9 :   2    3  NP-SUBJ      
  9 : 9 :   3   12  VP          
 10 : 9 :   3    4  VP          
 11 : 9 :   4    5  ADVP        
 12 : 9 :   5   12  PP          
 13 : 9 :   5    6  P           
 14 : 9 :   6   12  NP          
 15 : 9 :   7   12  PP          
 16 : 9 :   7    8  P           
 17 : 9 :   8   12  NP          
 18 : 9 :  10   12  PP          
 19 : 9 :  10   11  P           
 20 : 9 :  11   12  NP          

========
============================================================================
                 76.42  75.00     81   106   108     10     64    64   100.00
=== Summary ===

-- All --
Number of sentence        =     10
Number of Error sentence  =      4
Number of Skip  sentence  =      0
Number of Valid sentence  =      6
Bracketing Recall         =  76.42
Bracketing Precision      =  75.00
Bracketing FMeasure       =  75.70
Complete match            =  16.67
Average crossing          =   1.67
No crossing               =  50.00
2 or less crossing        =  50.00
Tagging accuracy          = 100.00

-- len<=100 --
Number of sentence        =     10
Number of Error sentence  =      4
Number of Skip  sentence  =      0
Number of Valid sentence  =      6
Bracketing Recall         =  76.42
Bracketing Precision      =  75.00
Bracketing FMeasure       =  75.70
Complete match            =  16.67
Average crossing          =   1.67
No crossing               =  50.00
2 or less crossing        =  50.00
Tagging accuracy          = 100.00
