  Sent.                        Matched  Bracket   Cross        Correct Tag
 ID  Len.  Stat. Recal  Prec.  Bracket gold test Bracket Words  Tags Accracy
============================================================================
   1   15    0   52.94  52.94     9     17   17      6     14    14   100.00
-<1>---(wn1= 14, bn1= 17)-           -<2>---(wn2= 14, bn2= 17)-
  0 : 1 : pfn     Hann                    0 : 1 : pfn     Hann            
  1 : 1 : so      er                      1 : 1 : so      er              
  2 : 1 : eo      jafnframt               2 : 1 : eo      jafnframt       
  3 : 1 : lo      stærsti                3 : 1 : lo      stærsti        
  4 : 1 : lo      einstaki                4 : 1 : lo      einstaki        
  5 : 1 : no      hluthafi                5 : 1 : no      hluthafi        
  6 : 1 : pfn     þess                   6 : 1 : pfn     þess           
  7 : 1 : fs      með                    7 : 1 : fs      með            
  8 : 1 : eo      ríflega                8 : 1 : eo      ríflega        
  9 : 1 : prósenta  80_prósenta            9 : 1 : prósenta  80_prósenta    
 10 : 1 : no      hlut                   10 : 1 : no      hlut            
 11 : 1 : fs      í                     11 : 1 : fs      í              
 12 : 1 : no      árslok                12 : 1 : no      árslok         
 13 : 1 : ártal  2016                   13 : 1 : ártal  2016            

  0 : 1 :   0   14  S0            0 : 1 :   0   14  S0    
  1 : 1 :   0   14  S             1 : 1 :   0   14  S     
  2 : 1 :   0   14  IP            2 : 1 :   0   14  IP    
  3 : 1 :   0    1  NP            3 : 1 :   0    1  NP    
  4 : 1 :   1   14  VP            4 : 1 :   1   14  VP    
  5 : 1 :   1    2  VP            5 : 0 :   1   13  VP    
  6 : 0 :   2   14  NP            6 : 1 :   1    2  VP    
  7 : 0 :   6    7  NP            7 : 0 :   2   13  NP    
  8 : 0 :   7   14  PP            8 : 0 :   6   13  NP    
  9 : 1 :   7    8  P             9 : 0 :   7   13  PP    
 10 : 0 :   8   14  NP           10 : 1 :   7    8  P     
 11 : 1 :   8   10  NP           11 : 0 :   8   13  NP    
 12 : 0 :  11   14  ADVP         12 : 1 :   8   10  NP    
 13 : 0 :  11   14  PP           13 : 0 :  11   13  PP    
 14 : 1 :  11   12  P            14 : 1 :  11   12  P     
 15 : 0 :  12   14  NP           15 : 0 :  12   13  NP    
 16 : 0 :  13   14  NP           16 : 0 :  13   14  ADVP  

========
   2   16    0  100.00  95.83    23     23   24      0     14    14   100.00
-<1>---(wn1= 14, bn1= 23)-           -<2>---(wn2= 14, bn2= 24)-
  0 : 1 : no      Lögreglan              0 : 1 : no      Lögreglan      
  1 : 1 : so      fylgist                 1 : 1 : so      fylgist         
  2 : 1 : ao      grannt                  2 : 1 : ao      grannt          
  3 : 1 : fs      með                    3 : 1 : fs      með            
  4 : 1 : no      umferðinni             4 : 1 : no      umferðinni     
  5 : 1 : fs      á                      5 : 1 : fs      á              
  6 : 1 : no      landinu                 6 : 1 : no      landinu         
  7 : 1 : st      og                      7 : 1 : st      og              
  8 : 1 : no      eftirlitið             8 : 1 : no      eftirlitið     
  9 : 1 : fs      með                    9 : 1 : fs      með            
 10 : 1 : no      ölvunarakstri         10 : 1 : no      ölvunarakstri  
 11 : 1 : so      er                     11 : 1 : so      er              
 12 : 1 : eo      mjög                  12 : 1 : eo      mjög           
 13 : 1 : lo      strangt                13 : 1 : lo      strangt         

  0 : 1 :   0   14  S0            0 : 1 :   0   14  S0    
  1 : 1 :   0    7  S             1 : 1 :   0    7  S     
  2 : 1 :   0    7  IP            2 : 1 :   0    7  IP    
  3 : 1 :   0    1  NP            3 : 1 :   0    1  NP    
  4 : 1 :   1    7  VP            4 : 1 :   1    7  VP    
  5 : 1 :   1    2  VP            5 : 1 :   1    2  VP    
  6 : 1 :   2    3  ADVP          6 : 1 :   2    3  ADVP  
  7 : 1 :   3    7  PP            7 : 1 :   3    7  PP    
  8 : 1 :   3    4  P             8 : 1 :   3    4  P     
  9 : 1 :   4    7  NP            9 : 1 :   4    7  NP    
 10 : 1 :   5    7  PP           10 : 1 :   5    7  PP    
 11 : 1 :   5    6  P            11 : 1 :   5    6  P     
 12 : 1 :   6    7  NP           12 : 1 :   6    7  NP    
 13 : 1 :   7    8  C            13 : 1 :   7    8  C     
 14 : 1 :   8   14  S            14 : 1 :   8   14  S     
 15 : 1 :   8   14  IP           15 : 1 :   8   14  IP    
 16 : 1 :   8   11  NP           16 : 1 :   8   11  NP    
 17 : 1 :   9   11  PP           17 : 1 :   9   11  PP    
 18 : 1 :   9   10  P            18 : 1 :   9   10  P     
 19 : 1 :  10   11  NP           19 : 1 :  10   11  NP    
 20 : 1 :  11   14  VP           20 : 1 :  11   14  VP    
 21 : 1 :  11   12  VP           21 : 1 :  11   12  VP    
 22 : 1 :  12   14  NP           22 : 1 :  12   14  NP    
                                 23 : 0 :  12   13  ADVP  

========
   3   16    0   86.36  82.61    19     22   23      1     15    15   100.00
-<1>---(wn1= 15, bn1= 22)-           -<2>---(wn2= 15, bn2= 23)-
  0 : 1 : no      Talsmaður              0 : 1 : no      Talsmaður      
  1 : 1 : no      Beyoncé                1 : 1 : no      Beyoncé        
  2 : 1 : so      bað                    2 : 1 : so      bað            
  3 : 1 : no      aðdáendur             3 : 1 : no      aðdáendur     
  4 : 1 : pfn     hennar                  4 : 1 : pfn     hennar          
  5 : 1 : fs      um                      5 : 1 : fs      um              
  6 : 1 : nhm     að                     6 : 1 : nhm     að             
  7 : 1 : so      dreifa                  7 : 1 : so      dreifa          
  8 : 1 : eo      ekki                    8 : 1 : eo      ekki            
  9 : 1 : no      hatri                   9 : 1 : no      hatri           
 10 : 1 : fs      á                     10 : 1 : fs      á              
 11 : 1 : no      netinu                 11 : 1 : no      netinu          
 12 : 1 : fs      í                     12 : 1 : fs      í              
 13 : 1 : pfn     hennar                 13 : 1 : pfn     hennar          
 14 : 1 : no      nafni                  14 : 1 : no      nafni           

  0 : 1 :   0   15  S0            0 : 1 :   0   15  S0    
  1 : 1 :   0   15  S             1 : 1 :   0   15  S     
  2 : 1 :   0   15  IP            2 : 1 :   0   15  IP    
  3 : 1 :   0    2  NP            3 : 1 :   0    2  NP    
  4 : 1 :   1    2  NP            4 : 1 :   1    2  NP    
  5 : 1 :   2   15  VP            5 : 1 :   2   15  VP    
  6 : 1 :   2    3  VP            6 : 0 :   2    5  VP    
  7 : 1 :   3    5  NP            7 : 1 :   2    3  VP    
  8 : 1 :   4    5  NP            8 : 1 :   3    5  NP    
  9 : 1 :   5   15  PP            9 : 1 :   4    5  NP    
 10 : 1 :   5    6  P            10 : 1 :   5   15  PP    
 11 : 1 :   6   15  IP           11 : 1 :   5    6  P     
 12 : 1 :   6    7  TO           12 : 1 :   6   15  IP    
 13 : 1 :   7   15  VP           13 : 1 :   6    7  TO    
 14 : 1 :   7    8  VP           14 : 1 :   7   15  VP    
 15 : 0 :   8   10  NP           15 : 1 :   7    8  VP    
 16 : 0 :  10   12  PP           16 : 0 :   8   15  NP    
 17 : 1 :  10   11  P            17 : 0 :  10   15  PP    
 18 : 0 :  11   12  NP           18 : 1 :  10   11  P     
 19 : 1 :  12   15  PP           19 : 0 :  11   15  NP    
 20 : 1 :  12   13  P            20 : 1 :  12   15  PP    
 21 : 1 :  13   15  NP           21 : 1 :  12   13  P     
                                 22 : 1 :  13   15  NP    

========
   4   16    1    0.00   0.00     0      0    0      0      0     0     0.00
-<1>---(wn1= 15, bn1= 23)-           -<2>---(wn2= 14, bn2= 17)-
  0 : 9 : fn      Eitthvað               0 : 9 : fn      Eitthvað       
  1 : 9 : stt     sem                     1 : 9 : stt     sem             
  2 : 9 : so      kemur                   2 : 9 : so      kemur           
  3 : 9 : no      blóðinu               3 : 9 : no      blóðinu       
  4 : 9 : fs      á                      4 : 9 : eo      smá            
  5 : 9 : eo      smá                    5 : 9 : no      hreyfingu       
  6 : 9 : no      hreyfingu               6 : 9 : ao      og              
  7 : 9 : st      og                      7 : 9 : so      finnst          
  8 : 9 : so      finnst                  8 : 9 : fn      það           
  9 : 9 : pfn     það                   9 : 9 : lo      gott            
 10 : 9 : lo      gott                   10 : 9 : eo      fyrir           
 11 : 9 : fs      fyrir                  11 : 9 : no      líkama         
 12 : 9 : no      líkama                12 : 9 : st      og              
 13 : 9 : st      og                     13 : 9 : no      sál            
 14 : 9 : no      sál                  

  0 : 9 :   0   15  S0            0 : 9 :   0   14  S0    
  1 : 9 :   0   15  S-MAIN        1 : 9 :   0   14  S-MAIN
  2 : 9 :   0   15  IP            2 : 9 :   0   14  IP    
  3 : 9 :   0   15  NP-SUBJ        3 : 9 :   0    7  NP-SUBJ
  4 : 9 :   1   15  CP-REL        4 : 9 :   1    7  CP-REL
  5 : 9 :   1    2  C             5 : 9 :   1    2  C     
  6 : 9 :   2    7  IP            6 : 9 :   2    7  IP    
  7 : 9 :   2    7  VP            7 : 9 :   2    6  VP    
  8 : 9 :   2    3  VP            8 : 9 :   2    3  VP    
  9 : 9 :   3    4  NP-OBJ        9 : 9 :   3    6  NP-OBJ
 10 : 9 :   4    7  PP           10 : 9 :   6    7  ADVP  
 11 : 9 :   4    5  P            11 : 9 :   7   14  VP    
 12 : 9 :   5    7  NP           12 : 9 :   7    8  VP    
 13 : 9 :   7    8  C            13 : 9 :   8   14  NP-PRD
 14 : 9 :   8   15  IP           14 : 9 :   8    9  ADVP  
 15 : 9 :   8   15  VP           15 : 9 :  10   14  NP-ADP
 16 : 9 :   8    9  VP           16 : 9 :  12   13  C     
 17 : 9 :   9   10  NP-OBJ      
 18 : 9 :  10   15  NP-IOBJ      
 19 : 9 :  11   15  PP          
 20 : 9 :  11   12  P           
 21 : 9 :  12   15  NP          
 22 : 9 :  13   14  C           

========
   5   16    0   81.82  90.00    18     22   20      1     15    15   100.00
-<1>---(wn1= 15, bn1= 22)-           -<2>---(wn2= 15, bn2= 20)-
  0 : 1 : fs      Eftir                   0 : 1 : fs      Eftir           
  1 : 1 : no      komuna                  1 : 1 : no      komuna          
  2 : 1 : fs      til                     2 : 1 : fs      til             
  3 : 1 : sérnafn  Kenía                  3 : 1 : no      Kenía          
  4 : 1 : so      var                     4 : 1 : so      var             
  5 : 1 : no      nashyrninganna          5 : 1 : no      nashyrninganna  
  6 : 1 : so      gætt                   6 : 1 : so      gætt           
  7 : 1 : fs      af                      7 : 1 : fs      af              
  8 : 1 : lo      vopnuðum               8 : 1 : lo      vopnuðum       
  9 : 1 : no      vörðum                9 : 1 : no      vörðum        
 10 : 1 : st      og                     10 : 1 : st      og              
 11 : 1 : lo      síðustu              11 : 1 : lo      síðustu       
 12 : 1 : no      árin                  12 : 1 : no      árin           
 13 : 1 : fn      allan                  13 : 1 : fn      allan           
 14 : 1 : no      sólarhringinn         14 : 1 : no      sólarhringinn  

  0 : 1 :   0   15  S0            0 : 1 :   0   15  S0    
  1 : 1 :   0   15  S             1 : 1 :   0   15  S     
  2 : 1 :   0   15  IP            2 : 1 :   0   15  IP    
  3 : 1 :   0    4  PP            3 : 1 :   0    4  PP    
  4 : 1 :   0    1  P             4 : 1 :   0    1  P     
  5 : 1 :   1    4  NP            5 : 1 :   1    4  NP    
  6 : 1 :   2    4  PP            6 : 1 :   2    4  PP    
  7 : 1 :   2    3  P             7 : 1 :   2    3  P     
  8 : 1 :   3    4  NP            8 : 1 :   3    4  NP    
  9 : 0 :   4   10  VP            9 : 0 :   4   15  VP    
 10 : 1 :   4    5  VP           10 : 0 :   4    7  VP    
 11 : 1 :   5    6  NP           11 : 1 :   4    5  VP    
 12 : 0 :   6   10  VP           12 : 1 :   5    6  NP    
 13 : 1 :   6    7  VP           13 : 1 :   6    7  VP    
 14 : 1 :   7   10  PP           14 : 1 :   7   10  PP    
 15 : 1 :   7    8  P            15 : 1 :   7    8  P     
 16 : 1 :   8   10  NP           16 : 1 :   8   10  NP    
 17 : 1 :  10   11  C            17 : 1 :  10   11  C     
 18 : 1 :  11   13  ADVP         18 : 1 :  11   13  ADVP  
 19 : 0 :  11   13  NP           19 : 1 :  13   15  ADVP  
 20 : 1 :  13   15  ADVP        
 21 : 0 :  13   15  NP          

========
   6   15    1    0.00   0.00     0      0    0      0      0     0     0.00
-<1>---(wn1= 14, bn1= 25)-           -<2>---(wn2= 15, bn2=  2)-
  0 : 9 : ao      Skömmu_eftir           0 : 9 : x       Skömmu_eftir   
  1 : 9 : st      að                     1 : 9 : x       að             
  2 : 9 : pfn     hann                    2 : 9 : x       hann            
  3 : 9 : so      var                     3 : 9 : x       var             
  4 : 9 : so      látinn                 4 : 9 : x       látinn         
  5 : 9 : lo      laus                    5 : 9 : x       laus            
  6 : 9 : so      bauðst                 6 : 9 : x       bauðst         
  7 : 9 : pfn     honum                   7 : 9 : x       honum           
  8 : 9 : nhm     að                     8 : 9 : x       að             
  9 : 9 : so      verða                  9 : 9 : x       verða          
 10 : 9 : no      félagi                10 : 9 : x       félagi         
 11 : 9 : fs      í                     11 : 9 : x       í              
 12 : 9 : no      glæpagenginu          12 : 9 : x       glæpagenginu   
 13 : 9 : fyrirtæki  Bandidos               13 : 9 : x       Bandidos        
                                         14 : 9 : x       .               

  0 : 9 :   0   14  S0            0 : 9 :   0   15  S0    
  1 : 9 :   0   14  S-MAIN        1 : 9 :   0   15  S-MAIN
  2 : 9 :   0   14  IP          
  3 : 9 :   0    6  CP-ADV-TEMP      
  4 : 9 :   0    2  C           
  5 : 9 :   0    1  ADVP        
  6 : 9 :   2    6  IP          
  7 : 9 :   2    3  NP-SUBJ      
  8 : 9 :   3    6  VP          
  9 : 9 :   3    4  VP-AUX      
 10 : 9 :   4    6  VP          
 11 : 9 :   4    5  VP          
 12 : 9 :   5    6  NP-PRD      
 13 : 9 :   6   14  VP          
 14 : 9 :   6    7  VP          
 15 : 9 :   7    8  NP-SUBJ      
 16 : 9 :   8   14  IP-INF      
 17 : 9 :   8    9  TO          
 18 : 9 :   9   14  VP          
 19 : 9 :   9   10  VP          
 20 : 9 :  10   14  NP-PRD      
 21 : 9 :  11   14  PP          
 22 : 9 :  11   12  P           
 23 : 9 :  12   14  NP          
 24 : 9 :  12   13  NP-TITLE      

========
   7   16    0   94.74  90.00    18     19   20      0     15    15   100.00
-<1>---(wn1= 15, bn1= 19)-           -<2>---(wn2= 15, bn2= 20)-
  0 : 1 : ao      Hingað                 0 : 1 : ao      Hingað         
  1 : 1 : ao      til                     1 : 1 : ao      til             
  2 : 1 : so      hef                     2 : 1 : so      hef             
  3 : 1 : pfn     ég                     3 : 1 : pfn     ég             
  4 : 1 : ao      alltaf                  4 : 1 : ao      alltaf          
  5 : 1 : so      verið                  5 : 1 : so      verið          
  6 : 1 : no      bílstjóri             6 : 1 : no      bílstjóri     
  7 : 1 : fs      í                      7 : 1 : fs      í              
  8 : 1 : fn      þessum                 8 : 1 : fn      þessum         
  9 : 1 : no      ferðum                 9 : 1 : no      ferðum         
 10 : 1 : st      og                     10 : 1 : st      og              
 11 : 1 : ao      oftast                 11 : 1 : ao      oftast          
 12 : 1 : fs      með                   12 : 1 : fs      með            
 13 : 1 : lo      afbragðsgóða        13 : 1 : lo      afbragðsgóða 
 14 : 1 : no      leiðsögumenn         14 : 1 : no      leiðsögumenn  

  0 : 1 :   0   15  S0            0 : 1 :   0   15  S0    
  1 : 1 :   0   15  S             1 : 1 :   0   15  S     
  2 : 1 :   0   15  IP            2 : 1 :   0   15  IP    
  3 : 1 :   0    2  ADVP          3 : 1 :   0    2  ADVP  
  4 : 1 :   2   15  VP            4 : 1 :   2   15  VP    
  5 : 1 :   2    3  VP            5 : 1 :   2    3  VP    
  6 : 1 :   3    4  NP            6 : 1 :   3    4  NP    
  7 : 1 :   4    5  ADVP          7 : 1 :   4    5  ADVP  
  8 : 1 :   5   15  VP            8 : 1 :   5   15  VP    
  9 : 1 :   5    6  VP            9 : 1 :   5    6  VP    
 10 : 0 :   6   10  NP           10 : 0 :   6   15  NP    
 11 : 1 :   7   10  PP           11 : 1 :   7   10  PP    
 12 : 1 :   7    8  P            12 : 1 :   7    8  P     
 13 : 1 :   8   10  NP           13 : 1 :   8   10  NP    
 14 : 1 :  10   11  C            14 : 1 :  10   11  C     
 15 : 1 :  11   12  ADVP         15 : 0 :  11   15  PP    
 16 : 1 :  12   15  PP           16 : 1 :  11   12  ADVP  
 17 : 1 :  12   13  P            17 : 1 :  12   15  PP    
 18 : 1 :  13   15  NP           18 : 1 :  12   13  P     
                                 19 : 1 :  13   15  NP    

========
   8   15    0   77.27  70.83    17     22   24      0     14    13    92.86
-<1>---(wn1= 14, bn1= 22)-           -<2>---(wn2= 14, bn2= 24)-
  0 : 1 : fn      Allir                   0 : 1 : fn      Allir           
  1 : 1 : so      eru                     1 : 1 : so      eru             
  2 : 0 : so      gæddir                 2 : 0 : lo      gæddir         
  3 : 1 : no      skynsemi                3 : 1 : no      skynsemi        
  4 : 1 : st      og                      4 : 1 : st      og              
  5 : 1 : no      samvisku                5 : 1 : no      samvisku        
  6 : 1 : st      og                      6 : 1 : st      og              
  7 : 1 : so      ber                     7 : 1 : so      ber             
  8 : 1 : nhm     að                     8 : 1 : nhm     að             
  9 : 1 : so      breyta                  9 : 1 : so      breyta          
 10 : 1 : ao      bróðurlega           10 : 1 : eo      bróðurlega    
 11 : 1 : fn      hverjum                11 : 1 : fn      hverjum         
 12 : 1 : fs      við                   12 : 1 : fs      við            
 13 : 1 : fn      annan                  13 : 1 : fn      annan           

  0 : 1 :   0   14  S0            0 : 1 :   0   14  S0    
  1 : 0 :   0   14  S             1 : 0 :   0    6  S     
  2 : 0 :   0   14  IP            2 : 0 :   0    6  IP    
  3 : 1 :   0    1  NP            3 : 1 :   0    1  NP    
  4 : 1 :   1    6  VP            4 : 1 :   1    6  VP    
  5 : 1 :   1    2  VP            5 : 1 :   1    2  VP    
  6 : 0 :   2    3  NP            6 : 0 :   2    6  NP    
  7 : 0 :   2    3  VP            7 : 1 :   3    6  NP    
  8 : 1 :   3    6  NP            8 : 1 :   4    5  C     
  9 : 1 :   4    5  C             9 : 1 :   6    7  C     
 10 : 1 :   6    7  C            10 : 0 :   7   14  S     
 11 : 1 :   7   14  VP           11 : 0 :   7   14  IP    
 12 : 1 :   7    8  VP           12 : 1 :   7   14  VP    
 13 : 1 :   8   14  IP           13 : 1 :   7    8  VP    
 14 : 1 :   8    9  TO           14 : 1 :   8   14  IP    
 15 : 1 :   9   14  VP           15 : 1 :   8    9  TO    
 16 : 1 :   9   10  VP           16 : 1 :   9   14  VP    
 17 : 0 :  10   11  ADVP         17 : 1 :   9   10  VP    
 18 : 1 :  11   12  NP           18 : 0 :  10   14  NP    
 19 : 1 :  12   14  PP           19 : 0 :  11   14  CP    
 20 : 1 :  12   13  P            20 : 1 :  11   12  NP    
 21 : 1 :  13   14  NP           21 : 1 :  12   14  PP    
                                 22 : 1 :  12   13  P     
                                 23 : 1 :  13   14  NP    

========
   9   15    1    0.00   0.00     0      0    0      0      0     0     0.00
-<1>---(wn1= 12, bn1= 23)-           -<2>---(wn2= 13, bn2= 23)-
  0 : 9 : so      Búist                  0 : 9 : so      Búist          
  1 : 9 : so      er                      1 : 9 : so      er              
  2 : 9 : fs      við                    2 : 9 : fs      við            
  3 : 9 : fn      því                   3 : 9 : fn      því           
  4 : 9 : st      að                     4 : 9 : st      að             
  5 : 9 : person  Ron_DeSantis            5 : 9 : sérnafn  Ron             
  6 : 9 : no      ríkisstjóri           6 : 9 : sérnafn  DeSantis        
  7 : 9 : sérnafn  Flórída               7 : 9 : no      ríkisstjóri   
  8 : 9 : so      muni                    8 : 9 : no      Flórída       
  9 : 9 : so      skrifa                  9 : 9 : so      muni            
 10 : 9 : fs      undir                  10 : 9 : so      skrifa          
 11 : 9 : no      lögin                 11 : 9 : fs      undir           
                                         12 : 9 : no      lögin          

  0 : 9 :   0   12  S0            0 : 9 :   0   13  S0    
  1 : 9 :   0   12  S-MAIN        1 : 9 :   0   13  S-MAIN
  2 : 9 :   0   12  IP            2 : 9 :   0   13  IP    
  3 : 9 :   0   12  VP            3 : 9 :   0   13  VP    
  4 : 9 :   0    1  NP-SUBJ        4 : 9 :   0   13  IP    
  5 : 9 :   0    1  VP            5 : 9 :   0   13  VP    
  6 : 9 :   1    2  VP-AUX        6 : 9 :   0    1  VP    
  7 : 9 :   2   12  PP            7 : 9 :   1    2  VP    
  8 : 9 :   2    3  P             8 : 9 :   2   13  PP    
  9 : 9 :   3   12  NP            9 : 9 :   2    3  P     
 10 : 9 :   4   12  CP-THT       10 : 9 :   3   13  NP    
 11 : 9 :   4    5  C            11 : 9 :   4   13  CP-THT
 12 : 9 :   5   12  IP           12 : 9 :   4    5  C     
 13 : 9 :   5    8  NP-SUBJ       13 : 9 :   5   13  IP    
 14 : 9 :   6    8  NP-TITLE       14 : 9 :   5    9  NP-SUBJ
 15 : 9 :   7    8  NP-POSS       15 : 9 :   8    9  NP-POSS
 16 : 9 :   8   12  VP           16 : 9 :   9   13  VP    
 17 : 9 :   8    9  VP-AUX       17 : 9 :   9   11  VP    
 18 : 9 :   9   12  VP           18 : 9 :   9   10  VP-AUX
 19 : 9 :   9   10  VP           19 : 9 :  10   11  VP    
 20 : 9 :  10   12  PP           20 : 9 :  11   13  PP    
 21 : 9 :  10   11  P            21 : 9 :  11   12  P     
 22 : 9 :  11   12  NP           22 : 9 :  12   13  NP    

========
  10   14    0   90.91  86.96    20     22   23      2     13    13   100.00
-<1>---(wn1= 13, bn1= 22)-           -<2>---(wn2= 13, bn2= 23)-
  0 : 1 : pfn     Það                   0 : 1 : pfn     Það           
  1 : 1 : so      virðist                1 : 1 : so      virðist        
  2 : 1 : st      sem                     2 : 1 : st      sem             
  3 : 1 : pfn     þau                    3 : 1 : pfn     þau            
  4 : 1 : so      hafi                    4 : 1 : so      hafi            
  5 : 1 : so      sameinast               5 : 1 : so      sameinast       
  6 : 1 : ao      á_ný                  6 : 1 : ao      á_ný          
  7 : 1 : st      og                      7 : 1 : st      og              
  8 : 1 : so      farið                  8 : 1 : so      farið          
  9 : 1 : ao      aftur                   9 : 1 : ao      aftur           
 10 : 1 : ao      út                    10 : 1 : ao      út             
 11 : 1 : fs      í                     11 : 1 : fs      í              
 12 : 1 : no      skóginn               12 : 1 : no      skóginn        

  0 : 1 :   0   13  S0            0 : 1 :   0   13  S0    
  1 : 1 :   0   13  S             1 : 1 :   0   13  S     
  2 : 1 :   0    1  NP            2 : 1 :   0    1  NP    
  3 : 1 :   1   13  VP            3 : 1 :   1   13  VP    
  4 : 1 :   1    2  VP            4 : 1 :   1    2  VP    
  5 : 1 :   2   13  CP            5 : 1 :   2   13  CP    
  6 : 1 :   2    3  C             6 : 1 :   2    3  C     
  7 : 1 :   3   13  IP            7 : 0 :   3   13  S     
  8 : 1 :   3    4  NP            8 : 1 :   3   13  IP    
  9 : 1 :   4   13  VP            9 : 1 :   3    4  NP    
 10 : 1 :   4    5  VP           10 : 1 :   4   13  VP    
 11 : 0 :   5    7  VP           11 : 0 :   4    9  VP    
 12 : 1 :   5    6  VP           12 : 1 :   4    5  VP    
 13 : 1 :   6    7  ADVP         13 : 0 :   5    9  VP    
 14 : 1 :   7    8  C            14 : 1 :   5    6  VP    
 15 : 0 :   8   13  VP           15 : 1 :   6    7  ADVP  
 16 : 1 :   8    9  VP           16 : 1 :   7    8  C     
 17 : 1 :   9   10  ADVP         17 : 1 :   8    9  VP    
 18 : 1 :  10   13  PP           18 : 1 :   9   10  ADVP  
 19 : 1 :  10   11  ADVP         19 : 1 :  10   13  PP    
 20 : 1 :  11   12  P            20 : 1 :  10   11  ADVP  
 21 : 1 :  12   13  NP           21 : 1 :  11   12  P     
                                 22 : 1 :  12   13  NP    

========
============================================================================
                 84.35  82.12    124   147   151     10    100    99    99.00
=== Summary ===

-- All --
Number of sentence        =     10
Number of Error sentence  =      3
Number of Skip  sentence  =      0
Number of Valid sentence  =      7
Bracketing Recall         =  84.35
Bracketing Precision      =  82.12
Bracketing FMeasure       =  83.22
Complete match            =   0.00
Average crossing          =   1.43
No crossing               =  42.86
2 or less crossing        =  85.71
Tagging accuracy          =  99.00

-- len<=100 --
Number of sentence        =     10
Number of Error sentence  =      3
Number of Skip  sentence  =      0
Number of Valid sentence  =      7
Bracketing Recall         =  84.35
Bracketing Precision      =  82.12
Bracketing FMeasure       =  83.22
Complete match            =   0.00
Average crossing          =   1.43
No crossing               =  42.86
2 or less crossing        =  85.71
Tagging accuracy          =  99.00
