  Sent.                        Matched  Bracket   Cross        Correct Tag
 ID  Len.  Stat. Recal  Prec.  Bracket gold test Bracket Words  Tags Accracy
============================================================================
   1   14    0   50.00  52.38    11     22   21      8     13    11    84.62
-<1>---(wn1= 13, bn1= 22)-           -<2>---(wn2= 13, bn2= 21)-
  0 : 1 : pfn     Hún                    0 : 1 : pfn     Hún            
  1 : 1 : so      fór                    1 : 1 : so      fór            
  2 : 1 : ao      fram                    2 : 1 : ao      fram            
  3 : 1 : fs      í                      3 : 1 : fs      í              
  4 : 1 : no      rýnihópum             4 : 1 : no      rýnihópum     
  5 : 1 : ao      þar                    5 : 1 : ao      þar            
  6 : 1 : stt     sem                     6 : 1 : stt     sem             
  7 : 1 : no      fólk                   7 : 1 : no      fólk           
  8 : 1 : so      var                     8 : 1 : so      var             
  9 : 0 : so      látið                 9 : 0 : lo      látið         
 10 : 0 : so      spila                  10 : 0 : no      spila           
 11 : 1 : lo      nýju                  11 : 1 : lo      nýju           
 12 : 1 : no      leikina                12 : 1 : no      leikina         

  0 : 1 :   0   13  S0            0 : 1 :   0   13  S0    
  1 : 1 :   0   13  S             1 : 1 :   0   13  S     
  2 : 1 :   0   13  IP            2 : 1 :   0   13  IP    
  3 : 1 :   0    1  NP            3 : 1 :   0    1  NP    
  4 : 1 :   1   13  VP            4 : 1 :   1   13  VP    
  5 : 1 :   1    2  VP            5 : 1 :   1    2  VP    
  6 : 1 :   2    3  ADVP          6 : 0 :   2   11  PP    
  7 : 0 :   3   13  PP            7 : 1 :   2    3  ADVP  
  8 : 1 :   3    4  P             8 : 0 :   3   11  PP    
  9 : 0 :   4   13  NP            9 : 1 :   3    4  P     
 10 : 0 :   5   13  CP           10 : 0 :   4   11  NP    
 11 : 0 :   5    6  ADVP         11 : 0 :   5   11  CP    
 12 : 0 :   6    7  C            12 : 0 :   5    7  C     
 13 : 0 :   7   13  IP           13 : 0 :   7   11  S     
 14 : 1 :   7    8  NP           14 : 0 :   7   11  IP    
 15 : 0 :   8   13  VP           15 : 1 :   7    8  NP    
 16 : 1 :   8    9  VP           16 : 0 :   8   11  VP    
 17 : 0 :   9   10  NP           17 : 1 :   8    9  VP    
 18 : 0 :   9   10  VP           18 : 0 :   9   11  NP    
 19 : 0 :  10   13  IP           19 : 0 :  10   11  NP    
 20 : 0 :  10   11  VP           20 : 1 :  11   13  NP    
 21 : 1 :  11   13  NP          

========
   2   14    0   76.47  86.67    13     17   15      1     13    13   100.00
-<1>---(wn1= 13, bn1= 17)-           -<2>---(wn2= 13, bn2= 15)-
  0 : 1 : lo      Góðar                 0 : 1 : lo      Góðar         
  1 : 1 : no      samverustundir          1 : 1 : no      samverustundir  
  2 : 1 : fs      með                    2 : 1 : fs      með            
  3 : 1 : lo      skemmtilegu             3 : 1 : lo      skemmtilegu     
  4 : 1 : no      fólki                  4 : 1 : no      fólki          
  5 : 1 : so      geta                    5 : 1 : so      geta            
  6 : 1 : so      virkað                 6 : 1 : so      virkað         
  7 : 1 : ao      eins                    7 : 1 : ao      eins            
  8 : 1 : st      og                      8 : 1 : st      og              
  9 : 1 : lo      bestu                   9 : 1 : lo      bestu           
 10 : 1 : no      vítamínsprautur       10 : 1 : no      vítamínsprautur
 11 : 1 : fs      í                     11 : 1 : fs      í              
 12 : 1 : no      skammdeginu            12 : 1 : no      skammdeginu     

  0 : 1 :   0   13  S0            0 : 1 :   0   13  S0    
  1 : 1 :   0   13  S             1 : 1 :   0   13  S     
  2 : 1 :   0   13  IP            2 : 1 :   0   13  IP    
  3 : 1 :   0    5  NP            3 : 1 :   0    5  NP    
  4 : 1 :   2    5  PP            4 : 1 :   2    5  PP    
  5 : 1 :   2    3  P             5 : 1 :   2    3  P     
  6 : 1 :   3    5  NP            6 : 1 :   3    5  NP    
  7 : 0 :   5   13  VP            7 : 0 :   5    7  VP    
  8 : 1 :   5    6  VP            8 : 1 :   5    6  VP    
  9 : 1 :   6    7  VP            9 : 1 :   6    7  VP    
 10 : 0 :   7   11  CP           10 : 1 :   7    9  C     
 11 : 1 :   7    9  C            11 : 0 :   9   13  NP    
 12 : 0 :   9   11  IP           12 : 1 :  11   13  PP    
 13 : 0 :   9   11  NP           13 : 1 :  11   12  P     
 14 : 1 :  11   13  PP           14 : 1 :  12   13  NP    
 15 : 1 :  11   12  P           
 16 : 1 :  12   13  NP          

========
   3   14    0   78.26  85.71    18     23   21      0     13    12    92.31
-<1>---(wn1= 13, bn1= 23)-           -<2>---(wn2= 13, bn2= 21)-
  0 : 1 : lo      Þungfært              0 : 1 : lo      Þungfært      
  1 : 1 : so      er                      1 : 1 : so      er              
  2 : 1 : ao      innansveitar            2 : 1 : ao      innansveitar    
  3 : 1 : fs      í                      3 : 1 : fs      í              
  4 : 1 : sérnafn  Vopnafirði             4 : 1 : no      Vopnafirði     
  5 : 1 : st      og                      5 : 1 : st      og              
  6 : 0 : fs      á                      6 : 0 : so      á              
  7 : 1 : sérnafn  Vopnafjarðarheiði        7 : 1 : no      Vopnafjarðarheiði
  8 : 1 : st      en                      8 : 1 : st      en              
  9 : 1 : lo      ófært                 9 : 1 : lo      ófært         
 10 : 1 : so      er                     10 : 1 : so      er              
 11 : 1 : fs      um                     11 : 1 : fs      um              
 12 : 1 : sérnafn  Hólasand              12 : 1 : no      Hólasand       

  0 : 1 :   0   13  S0            0 : 1 :   0   13  S0    
  1 : 1 :   0    8  S             1 : 1 :   0    8  S     
  2 : 1 :   0    8  IP            2 : 1 :   0    8  IP    
  3 : 1 :   0    1  NP            3 : 1 :   0    1  NP    
  4 : 1 :   1    8  VP            4 : 1 :   1    8  VP    
  5 : 1 :   1    2  VP            5 : 1 :   1    2  VP    
  6 : 0 :   2    5  PP            6 : 1 :   2    3  ADVP  
  7 : 1 :   2    3  ADVP          7 : 0 :   3    5  PP    
  8 : 1 :   3    4  P             8 : 1 :   3    4  P     
  9 : 1 :   4    5  NP            9 : 1 :   4    5  NP    
 10 : 1 :   5    6  C            10 : 1 :   5    6  C     
 11 : 0 :   6    8  PP           11 : 0 :   6    8  VP    
 12 : 0 :   6    7  P            12 : 0 :   6    7  VP    
 13 : 1 :   7    8  NP           13 : 1 :   7    8  NP    
 14 : 1 :   8    9  C            14 : 1 :   8    9  C     
 15 : 1 :   9   13  S            15 : 1 :   9   13  S     
 16 : 0 :   9   13  IP           16 : 1 :   9   10  NP    
 17 : 1 :   9   10  NP           17 : 1 :  10   11  VP    
 18 : 0 :  10   13  VP           18 : 1 :  11   13  PP    
 19 : 1 :  10   11  VP           19 : 1 :  11   12  P     
 20 : 1 :  11   13  PP           20 : 1 :  12   13  NP    
 21 : 1 :  11   12  P           
 22 : 1 :  12   13  NP          

========
   4   14    0   73.08  73.08    19     26   26      4     13    12    92.31
-<1>---(wn1= 13, bn1= 26)-           -<2>---(wn2= 13, bn2= 26)-
  0 : 1 : pfn     Það                   0 : 1 : fn      Það           
  1 : 1 : stt     sem                     1 : 1 : stt     sem             
  2 : 1 : pfn     ég                     2 : 1 : pfn     ég             
  3 : 1 : so      vissi                   3 : 1 : so      vissi           
  4 : 1 : ao      ekki                    4 : 1 : ao      ekki            
  5 : 1 : ao      þá                    5 : 1 : ao      þá            
  6 : 1 : so      var                     6 : 1 : so      var             
  7 : 1 : st      að                     7 : 1 : st      að             
  8 : 1 : no      stressið               8 : 1 : no      stressið       
  9 : 1 : so      var                     9 : 1 : so      var             
 10 : 0 : ao      rétt                  10 : 0 : lo      rétt           
 11 : 1 : nhm     að                    11 : 1 : nhm     að             
 12 : 1 : so      byrja                  12 : 1 : so      byrja           

  0 : 1 :   0   13  S0            0 : 1 :   0   13  S0    
  1 : 1 :   0   13  S             1 : 1 :   0   13  S     
  2 : 1 :   0   13  IP            2 : 1 :   0   13  IP    
  3 : 1 :   0    6  NP            3 : 1 :   0    6  NP    
  4 : 1 :   1    6  CP            4 : 1 :   1    6  CP    
  5 : 1 :   1    2  C             5 : 1 :   1    2  C     
  6 : 1 :   2    6  IP            6 : 0 :   2    6  S     
  7 : 1 :   2    3  NP            7 : 1 :   2    6  IP    
  8 : 1 :   3    6  VP            8 : 1 :   2    3  NP    
  9 : 1 :   3    4  VP            9 : 1 :   3    6  VP    
 10 : 1 :   4    5  ADVP         10 : 1 :   3    4  VP    
 11 : 1 :   5    6  ADVP         11 : 1 :   4    5  ADVP  
 12 : 1 :   6   13  VP           12 : 1 :   5    6  ADVP  
 13 : 1 :   6    7  VP           13 : 1 :   6   13  VP    
 14 : 0 :   7   13  NP           14 : 1 :   6    7  VP    
 15 : 0 :   7   13  CP           15 : 0 :   7   11  NP    
 16 : 1 :   7    8  C            16 : 0 :   7   11  CP    
 17 : 0 :   8   13  IP           17 : 1 :   7    8  C     
 18 : 1 :   8    9  NP           18 : 0 :   8   11  IP    
 19 : 0 :   9   13  VP           19 : 1 :   8    9  NP    
 20 : 1 :   9   10  VP           20 : 0 :   9   11  VP    
 21 : 0 :  10   13  NP           21 : 1 :   9   10  VP    
 22 : 0 :  10   13  IP           22 : 0 :  10   11  NP    
 23 : 0 :  10   11  ADVP         23 : 0 :  11   13  IP    
 24 : 1 :  11   12  TO           24 : 1 :  11   12  TO    
 25 : 1 :  12   13  VP           25 : 1 :  12   13  VP    

========
   5   14    0   77.27  80.95    17     22   21      1     13    12    92.31
-<1>---(wn1= 13, bn1= 22)-           -<2>---(wn2= 13, bn2= 21)-
  0 : 1 : no      Fylgjendur              0 : 1 : no      Fylgjendur      
  1 : 1 : no      bannsins                1 : 1 : no      bannsins        
  2 : 1 : so      halda                   2 : 1 : so      halda           
  3 : 1 : pfn     því                   3 : 1 : fn      því           
  4 : 1 : ao      fram                    4 : 1 : ao      fram            
  5 : 1 : st      að                     5 : 1 : st      að             
  6 : 1 : fs      með                    6 : 1 : fs      með            
  7 : 1 : no      lögleiðingu           7 : 1 : no      lögleiðingu   
  8 : 0 : ao      þá                    8 : 0 : fn      þá            
  9 : 1 : so      muni                    9 : 1 : so      muni            
 10 : 1 : no      neysla                 10 : 1 : no      neysla          
 11 : 1 : no      kannabisefna           11 : 1 : no      kannabisefna    
 12 : 1 : so      aukast                 12 : 1 : so      aukast          

  0 : 1 :   0   13  S0            0 : 1 :   0   13  S0    
  1 : 1 :   0   13  S             1 : 1 :   0   13  S     
  2 : 1 :   0   13  IP            2 : 1 :   0   13  IP    
  3 : 1 :   0    2  NP            3 : 1 :   0    2  NP    
  4 : 1 :   1    2  NP            4 : 1 :   1    2  NP    
  5 : 1 :   2   13  VP            5 : 1 :   2   13  VP    
  6 : 1 :   2    3  VP            6 : 1 :   2    3  VP    
  7 : 0 :   3    4  NP            7 : 0 :   3   13  NP    
  8 : 1 :   4    5  ADVP          8 : 0 :   4   13  IP    
  9 : 0 :   5   13  NP            9 : 1 :   4    5  ADVP  
 10 : 1 :   5   13  CP           10 : 1 :   5   13  CP    
 11 : 1 :   5    6  C            11 : 1 :   5    6  C     
 12 : 1 :   6   13  IP           12 : 1 :   6   13  IP    
 13 : 0 :   6    8  PP           13 : 0 :   6    9  PP    
 14 : 1 :   6    7  P            14 : 1 :   6    7  P     
 15 : 0 :   7    8  NP           15 : 0 :   7    9  NP    
 16 : 0 :   8    9  ADVP         16 : 1 :   9   13  VP    
 17 : 1 :   9   13  VP           17 : 1 :   9   10  VP    
 18 : 1 :   9   10  VP           18 : 1 :  10   12  NP    
 19 : 1 :  10   12  NP           19 : 1 :  11   12  NP    
 20 : 1 :  11   12  NP           20 : 1 :  12   13  VP    
 21 : 1 :  12   13  VP          

========
   6   15    0   81.82  81.82    18     22   22      3     14    14   100.00
-<1>---(wn1= 14, bn1= 22)-           -<2>---(wn2= 14, bn2= 22)-
  0 : 1 : lo      Endanleg                0 : 1 : lo      Endanleg        
  1 : 1 : no      ákvörðun             1 : 1 : no      ákvörðun     
  2 : 1 : fs      um                      2 : 1 : fs      um              
  3 : 1 : fn      þetta                  3 : 1 : fn      þetta          
  4 : 1 : so      verður                 4 : 1 : so      verður         
  5 : 1 : so      tekin                   5 : 1 : so      tekin           
  6 : 1 : fs      á                      6 : 1 : fs      á              
  7 : 1 : no      leiðtogafundi          7 : 1 : no      leiðtogafundi  
  8 : 1 : fyrirtæki  NATO                    8 : 1 : no      NATO            
  9 : 1 : fs      í                      9 : 1 : fs      í              
 10 : 1 : no      Varsjá                10 : 1 : no      Varsjá         
 11 : 1 : fs      í                     11 : 1 : fs      í              
 12 : 1 : lo      næsta                 12 : 1 : lo      næsta          
 13 : 1 : no      mánuði               13 : 1 : no      mánuði        

  0 : 1 :   0   14  S0            0 : 1 :   0   14  S0    
  1 : 1 :   0   14  S             1 : 1 :   0   14  S     
  2 : 1 :   0   14  IP            2 : 1 :   0   14  IP    
  3 : 1 :   0    4  NP            3 : 1 :   0    4  NP    
  4 : 1 :   2    4  PP            4 : 1 :   2    4  PP    
  5 : 1 :   2    3  P             5 : 1 :   2    3  P     
  6 : 1 :   3    4  NP            6 : 1 :   3    4  NP    
  7 : 1 :   4   14  VP            7 : 1 :   4   14  VP    
  8 : 1 :   4    5  VP            8 : 0 :   4    9  VP    
  9 : 1 :   5    6  NP            9 : 1 :   4    5  VP    
 10 : 1 :   5    6  VP           10 : 0 :   5    9  NP    
 11 : 0 :   6   11  PP           11 : 1 :   5    6  NP    
 12 : 1 :   6    7  P            12 : 1 :   5    6  VP    
 13 : 0 :   7   11  NP           13 : 0 :   6    9  PP    
 14 : 1 :   8    9  NP           14 : 1 :   6    7  P     
 15 : 1 :   9   11  PP           15 : 0 :   7    9  NP    
 16 : 1 :   9   10  P            16 : 1 :   8    9  NP    
 17 : 1 :  10   11  NP           17 : 1 :   9   11  PP    
 18 : 1 :  11   14  ADVP         18 : 1 :   9   10  P     
 19 : 0 :  11   14  PP           19 : 1 :  10   11  NP    
 20 : 1 :  11   12  P            20 : 1 :  11   14  ADVP  
 21 : 0 :  12   14  NP           21 : 1 :  11   12  P     

========
   7   14    0   86.36  82.61    19     22   23      2     13    13   100.00
-<1>---(wn1= 13, bn1= 22)-           -<2>---(wn2= 13, bn2= 23)-
  0 : 1 : ao      Síðan                 0 : 1 : ao      Síðan         
  1 : 1 : so      hringdi                 1 : 1 : so      hringdi         
  2 : 1 : pfn     hann                    2 : 1 : pfn     hann            
  3 : 1 : ao      aftur                   3 : 1 : ao      aftur           
  4 : 1 : st      og                      4 : 1 : st      og              
  5 : 1 : so      bauð                   5 : 1 : so      bauð           
  6 : 1 : pfn     mér                    6 : 1 : pfn     mér            
  7 : 1 : nhm     að                     7 : 1 : nhm     að             
  8 : 1 : so      vera                    8 : 1 : so      vera            
  9 : 1 : fs      með                    9 : 1 : fs      með            
 10 : 1 : abfn    sér                   10 : 1 : abfn    sér            
 11 : 1 : fs      á                     11 : 1 : fs      á              
 12 : 1 : no      plötunni              12 : 1 : no      plötunni       

  0 : 1 :   0   13  S0            0 : 1 :   0   13  S0    
  1 : 1 :   0   13  S             1 : 1 :   0   13  S     
  2 : 1 :   0   13  IP            2 : 1 :   0   13  IP    
  3 : 1 :   0    1  ADVP          3 : 1 :   0    1  ADVP  
  4 : 0 :   1    4  VP            4 : 0 :   1   13  VP    
  5 : 1 :   1    2  VP            5 : 0 :   1    3  VP    
  6 : 1 :   2    3  NP            6 : 1 :   1    2  VP    
  7 : 1 :   3    4  ADVP          7 : 1 :   2    3  NP    
  8 : 1 :   4    5  C             8 : 1 :   3    4  ADVP  
  9 : 1 :   5   13  VP            9 : 1 :   4    5  C     
 10 : 1 :   5    6  VP           10 : 1 :   5   13  VP    
 11 : 1 :   6    7  NP           11 : 0 :   5    9  VP    
 12 : 0 :   7   13  IP           12 : 1 :   5    6  VP    
 13 : 1 :   7    8  TO           13 : 1 :   6    7  NP    
 14 : 0 :   8   13  VP           14 : 0 :   7    9  IP    
 15 : 1 :   8    9  VP           15 : 1 :   7    8  TO    
 16 : 1 :   9   11  PP           16 : 1 :   8    9  VP    
 17 : 1 :   9   10  P            17 : 1 :   9   11  PP    
 18 : 1 :  10   11  NP           18 : 1 :   9   10  P     
 19 : 1 :  11   13  PP           19 : 1 :  10   11  NP    
 20 : 1 :  11   12  P            20 : 1 :  11   13  PP    
 21 : 1 :  12   13  NP           21 : 1 :  11   12  P     
                                 22 : 1 :  12   13  NP    

========
   8   12    0  100.00 100.00    12     12   12      0     10    10   100.00
-<1>---(wn1= 10, bn1= 12)-           -<2>---(wn2= 10, bn2= 12)-
  0 : 1 : fs      Í                      0 : 1 : fs      Í              
  1 : 1 : no      kadettflokki            1 : 1 : no      kadettflokki    
  2 : 1 : no      stúlkna                2 : 1 : no      stúlkna        
  3 : 1 : so      áttum                  3 : 1 : so      áttum          
  4 : 1 : pfn     við                    4 : 1 : pfn     við            
  5 : 1 : to      tvo                     5 : 1 : to      tvo             
  6 : 1 : no      keppendur               6 : 1 : no      keppendur       
  7 : 1 : person  Oddnýju_Þórarinsdóttur        7 : 1 : person  Oddnýju_Þórarinsdóttur
  8 : 1 : st      og                      8 : 1 : st      og              
  9 : 1 : person  Eydísi_Magneu_Friðriksdóttur        9 : 1 : person  Eydísi_Magneu_Friðriksdóttur

  0 : 1 :   0   10  S0            0 : 1 :   0   10  S0    
  1 : 1 :   0   10  S             1 : 1 :   0   10  S     
  2 : 1 :   0   10  IP            2 : 1 :   0   10  IP    
  3 : 1 :   0    3  PP            3 : 1 :   0    3  PP    
  4 : 1 :   0    1  P             4 : 1 :   0    1  P     
  5 : 1 :   1    3  NP            5 : 1 :   1    3  NP    
  6 : 1 :   2    3  NP            6 : 1 :   2    3  NP    
  7 : 1 :   3   10  VP            7 : 1 :   3   10  VP    
  8 : 1 :   3    4  VP            8 : 1 :   3    4  VP    
  9 : 1 :   4    5  NP            9 : 1 :   4    5  NP    
 10 : 1 :   5   10  NP           10 : 1 :   5   10  NP    
 11 : 1 :   8    9  C            11 : 1 :   8    9  C     

========
   9   14    0   84.00  77.78    21     25   27      5     14    13    92.86
-<1>---(wn1= 14, bn1= 25)-           -<2>---(wn2= 14, bn2= 27)-
  0 : 1 : fs      Í                      0 : 1 : fs      Í              
  1 : 1 : no      samtali                 1 : 1 : no      samtali         
  2 : 1 : fs      við                    2 : 1 : fs      við            
  3 : 1 : lén    mbl.is                  3 : 1 : lén    mbl.is          
  4 : 1 : so      segir                   4 : 1 : so      segir           
  5 : 0 : sérnafn  Dagur                   5 : 0 : person  Dagur           
  6 : 1 : st      að                     6 : 1 : st      að             
  7 : 1 : no      úrskurður             7 : 1 : no      úrskurður     
  8 : 1 : no      kjararáðs             8 : 1 : no      kjararáðs     
  9 : 1 : so      hafi                    9 : 1 : so      hafi            
 10 : 1 : so      hleypt                 10 : 1 : so      hleypt          
 11 : 1 : no      atburðarásinni       11 : 1 : no      atburðarásinni
 12 : 1 : fs      af                     12 : 1 : fs      af              
 13 : 1 : no      stað                  13 : 1 : no      stað           

  0 : 1 :   0   14  S0            0 : 1 :   0   14  S0    
  1 : 1 :   0   14  S             1 : 1 :   0   14  S     
  2 : 1 :   0   14  IP            2 : 1 :   0   14  IP    
  3 : 1 :   0    4  PP            3 : 1 :   0    4  PP    
  4 : 1 :   0    1  P             4 : 1 :   0    1  P     
  5 : 1 :   1    4  NP            5 : 1 :   1    4  NP    
  6 : 1 :   2    4  PP            6 : 1 :   2    4  PP    
  7 : 1 :   2    3  P             7 : 1 :   2    3  P     
  8 : 1 :   3    4  NP            8 : 1 :   3    4  NP    
  9 : 1 :   4   14  VP            9 : 1 :   4   14  VP    
 10 : 1 :   4    5  VP           10 : 0 :   4   12  VP    
 11 : 1 :   5    6  NP           11 : 1 :   4    5  VP    
 12 : 0 :   6   14  CP           12 : 1 :   5    6  NP    
 13 : 1 :   6    7  C            13 : 0 :   6   12  NP    
 14 : 0 :   7   14  IP           14 : 0 :   6   12  CP    
 15 : 1 :   7    9  NP           15 : 1 :   6    7  C     
 16 : 1 :   8    9  NP           16 : 0 :   7   12  IP    
 17 : 0 :   9   14  VP           17 : 1 :   7    9  NP    
 18 : 1 :   9   10  VP           18 : 1 :   8    9  NP    
 19 : 0 :  10   14  VP           19 : 0 :   9   12  VP    
 20 : 1 :  10   11  VP           20 : 1 :   9   10  VP    
 21 : 1 :  11   12  NP           21 : 0 :  10   12  VP    
 22 : 1 :  12   14  PP           22 : 1 :  10   11  VP    
 23 : 1 :  12   13  P            23 : 1 :  11   12  NP    
 24 : 1 :  13   14  NP           24 : 1 :  12   14  PP    
                                 25 : 1 :  12   13  P     
                                 26 : 1 :  13   14  NP    

========
  10   15    0  100.00  94.74    18     18   19      0     13    13   100.00
-<1>---(wn1= 13, bn1= 18)-           -<2>---(wn2= 13, bn2= 19)-
  0 : 1 : ao      Fyrst                   0 : 1 : ao      Fyrst           
  1 : 1 : so      áttum                  1 : 1 : so      áttum          
  2 : 1 : pfn     við                    2 : 1 : pfn     við            
  3 : 1 : ao      samt                    3 : 1 : ao      samt            
  4 : 1 : nhm     að                     4 : 1 : nhm     að             
  5 : 1 : so      rétta                  5 : 1 : so      rétta          
  6 : 1 : pfn     honum                   6 : 1 : pfn     honum           
  7 : 1 : no      skilríkin              7 : 1 : no      skilríkin      
  8 : 1 : pfn     okkar                   8 : 1 : pfn     okkar           
  9 : 1 : so      segja                   9 : 1 : so      segja           
 10 : 1 : no      kennitölu             10 : 1 : no      kennitölu      
 11 : 1 : st      og                     11 : 1 : st      og              
 12 : 1 : no      sakaferil              12 : 1 : no      sakaferil       

  0 : 1 :   0   13  S0            0 : 1 :   0   13  S0    
  1 : 1 :   0   13  S             1 : 1 :   0   13  S     
  2 : 1 :   0   13  IP            2 : 1 :   0   13  IP    
  3 : 1 :   0    1  ADVP          3 : 1 :   0    1  ADVP  
  4 : 1 :   1   13  VP            4 : 1 :   1   13  VP    
  5 : 1 :   1    2  VP            5 : 1 :   1    2  VP    
  6 : 1 :   2    3  NP            6 : 1 :   2    3  NP    
  7 : 1 :   3    4  ADVP          7 : 1 :   3    4  ADVP  
  8 : 1 :   4   13  IP            8 : 1 :   4   13  IP    
  9 : 1 :   4    5  TO            9 : 1 :   4    5  TO    
 10 : 1 :   5    9  VP           10 : 1 :   5    9  VP    
 11 : 1 :   5    6  VP           11 : 1 :   5    6  VP    
 12 : 1 :   6    7  NP           12 : 1 :   6    7  NP    
 13 : 1 :   7    9  NP           13 : 1 :   7    9  NP    
 14 : 1 :   9   13  VP           14 : 0 :   8    9  NP    
 15 : 1 :   9   10  VP           15 : 1 :   9   13  VP    
 16 : 1 :  10   13  NP           16 : 1 :   9   10  VP    
 17 : 1 :  11   12  C            17 : 1 :  10   13  NP    
                                 18 : 1 :  11   12  C     

========
============================================================================
                 79.43  80.19    166   209   207     24    129   123    95.35
=== Summary ===

-- All --
Number of sentence        =     10
Number of Error sentence  =      0
Number of Skip  sentence  =      0
Number of Valid sentence  =     10
Bracketing Recall         =  79.43
Bracketing Precision      =  80.19
Bracketing FMeasure       =  79.81
Complete match            =  10.00
Average crossing          =   2.40
No crossing               =  30.00
2 or less crossing        =  60.00
Tagging accuracy          =  95.35

-- len<=100 --
Number of sentence        =     10
Number of Error sentence  =      0
Number of Skip  sentence  =      0
Number of Valid sentence  =     10
Bracketing Recall         =  79.43
Bracketing Precision      =  80.19
Bracketing FMeasure       =  79.81
Complete match            =  10.00
Average crossing          =   2.40
No crossing               =  30.00
2 or less crossing        =  60.00
Tagging accuracy          =  95.35
