  Sent.                        Matched  Bracket   Cross        Correct Tag
 ID  Len.  Stat. Recal  Prec.  Bracket gold test Bracket Words  Tags Accracy
============================================================================
   1    6    0  100.00 100.00     9      9    9      0      5     5   100.00
-<1>---(wn1=  5, bn1=  9)-           -<2>---(wn2=  5, bn2=  9)-
  0 : 1 : ao      Þannig                 0 : 1 : ao      Þannig         
  1 : 1 : so      tryggir                 1 : 1 : so      tryggir         
  2 : 1 : no      bankinn                 2 : 1 : no      bankinn         
  3 : 1 : abfn    sér                    3 : 1 : abfn    sér            
  4 : 1 : no      þóknana-_og_vaxtatekjur        4 : 1 : no      þóknana-_og_vaxtatekjur

  0 : 1 :   0    5  S0            0 : 1 :   0    5  S0    
  1 : 1 :   0    5  S             1 : 1 :   0    5  S     
  2 : 1 :   0    5  IP            2 : 1 :   0    5  IP    
  3 : 1 :   0    1  ADVP          3 : 1 :   0    1  ADVP  
  4 : 1 :   1    5  VP            4 : 1 :   1    5  VP    
  5 : 1 :   1    2  VP            5 : 1 :   1    2  VP    
  6 : 1 :   2    3  NP            6 : 1 :   2    3  NP    
  7 : 1 :   3    4  NP            7 : 1 :   3    4  NP    
  8 : 1 :   4    5  NP            8 : 1 :   4    5  NP    

========
   2    8    0   92.31  92.31    12     13   13      1      7     7   100.00
-<1>---(wn1=  7, bn1= 13)-           -<2>---(wn2=  7, bn2= 13)-
  0 : 1 : ao      Þá                    0 : 1 : ao      Þá            
  1 : 1 : so      hefur                   1 : 1 : so      hefur           
  2 : 1 : no      olíuborpöllum         2 : 1 : no      olíuborpöllum 
  3 : 1 : fs      í                      3 : 1 : fs      í              
  4 : 1 : sérnafn  Norðursjó             4 : 1 : no      Norðursjó     
  5 : 1 : so      fækkað                5 : 1 : so      fækkað        
  6 : 1 : ao      mikið                  6 : 1 : ao      mikið          

  0 : 1 :   0    7  S0            0 : 1 :   0    7  S0    
  1 : 1 :   0    7  S             1 : 1 :   0    7  S     
  2 : 1 :   0    7  IP            2 : 1 :   0    7  IP    
  3 : 1 :   0    1  ADVP          3 : 1 :   0    1  ADVP  
  4 : 1 :   1    7  VP            4 : 1 :   1    7  VP    
  5 : 1 :   1    2  VP            5 : 0 :   1    6  VP    
  6 : 1 :   2    5  NP            6 : 1 :   1    2  VP    
  7 : 1 :   3    5  PP            7 : 1 :   2    5  NP    
  8 : 1 :   3    4  P             8 : 1 :   3    5  PP    
  9 : 1 :   4    5  NP            9 : 1 :   3    4  P     
 10 : 0 :   5    7  VP           10 : 1 :   4    5  NP    
 11 : 1 :   5    6  VP           11 : 1 :   5    6  VP    
 12 : 1 :   6    7  ADVP         12 : 1 :   6    7  ADVP  

========
   3    8    0   91.67  91.67    11     12   12      0      7     6    85.71
-<1>---(wn1=  7, bn1= 12)-           -<2>---(wn2=  7, bn2= 12)-
  0 : 0 : tala    Einn                    0 : 0 : fn      Einn            
  1 : 1 : no      maður                  1 : 1 : no      maður          
  2 : 1 : so      hefur                   2 : 1 : so      hefur           
  3 : 1 : so      látið                 3 : 1 : so      látið         
  4 : 1 : no      lífið                 4 : 1 : no      lífið         
  5 : 1 : fs      í                      5 : 1 : fs      í              
  6 : 1 : no      storminum               6 : 1 : no      storminum       

  0 : 1 :   0    7  S0            0 : 1 :   0    7  S0    
  1 : 1 :   0    7  S             1 : 1 :   0    7  S     
  2 : 1 :   0    7  IP            2 : 1 :   0    7  IP    
  3 : 1 :   0    2  NP            3 : 1 :   0    2  NP    
  4 : 1 :   2    7  VP            4 : 1 :   2    7  VP    
  5 : 1 :   2    3  VP            5 : 1 :   2    3  VP    
  6 : 1 :   3    7  VP            6 : 1 :   3    7  VP    
  7 : 1 :   3    4  VP            7 : 1 :   3    4  VP    
  8 : 0 :   4    5  NP            8 : 0 :   4    7  NP    
  9 : 1 :   5    7  PP            9 : 1 :   5    7  PP    
 10 : 1 :   5    6  P            10 : 1 :   5    6  P     
 11 : 1 :   6    7  NP           11 : 1 :   6    7  NP    

========
   4    7    0  100.00 100.00    12     12   12      0      6     6   100.00
-<1>---(wn1=  6, bn1= 12)-           -<2>---(wn2=  6, bn2= 12)-
  0 : 1 : ao      Nú                     0 : 1 : ao      Nú             
  1 : 1 : so      reynir                  1 : 1 : so      reynir          
  2 : 1 : entity  Real_Madrid             2 : 1 : entity  Real_Madrid     
  3 : 1 : nhm     að                     3 : 1 : nhm     að             
  4 : 1 : so      selja                   4 : 1 : so      selja           
  5 : 1 : pfn     hann                    5 : 1 : pfn     hann            

  0 : 1 :   0    6  S0            0 : 1 :   0    6  S0    
  1 : 1 :   0    6  S             1 : 1 :   0    6  S     
  2 : 1 :   0    6  IP            2 : 1 :   0    6  IP    
  3 : 1 :   0    1  ADVP          3 : 1 :   0    1  ADVP  
  4 : 1 :   1    6  VP            4 : 1 :   1    6  VP    
  5 : 1 :   1    2  VP            5 : 1 :   1    2  VP    
  6 : 1 :   2    3  NP            6 : 1 :   2    3  NP    
  7 : 1 :   3    6  IP            7 : 1 :   3    6  IP    
  8 : 1 :   3    4  TO            8 : 1 :   3    4  TO    
  9 : 1 :   4    6  VP            9 : 1 :   4    6  VP    
 10 : 1 :   4    5  VP           10 : 1 :   4    5  VP    
 11 : 1 :   5    6  NP           11 : 1 :   5    6  NP    

========
   5    5    0  100.00 100.00     9      9    9      0      4     4   100.00
-<1>---(wn1=  4, bn1=  9)-           -<2>---(wn2=  4, bn2=  9)-
  0 : 1 : no      Hljóð-_og_myndstreymi        0 : 1 : no      Hljóð-_og_myndstreymi
  1 : 1 : so      jókst                  1 : 1 : so      jókst          
  2 : 1 : fs      um                      2 : 1 : fs      um              
  3 : 1 : no      sex_prósent            3 : 1 : no      sex_prósent    

  0 : 1 :   0    4  S0            0 : 1 :   0    4  S0    
  1 : 1 :   0    4  S             1 : 1 :   0    4  S     
  2 : 1 :   0    4  IP            2 : 1 :   0    4  IP    
  3 : 1 :   0    1  NP            3 : 1 :   0    1  NP    
  4 : 1 :   1    4  VP            4 : 1 :   1    4  VP    
  5 : 1 :   1    2  VP            5 : 1 :   1    2  VP    
  6 : 1 :   2    4  PP            6 : 1 :   2    4  PP    
  7 : 1 :   2    3  P             7 : 1 :   2    3  P     
  8 : 1 :   3    4  NP            8 : 1 :   3    4  NP    

========
   6    8    0   75.00  69.23     9     12   13      1      7     4    57.14
-<1>---(wn1=  7, bn1= 12)-           -<2>---(wn2=  7, bn2= 13)-
  0 : 1 : so      Kemst                   0 : 1 : so      Kemst           
  1 : 1 : ao      ekki                    1 : 1 : ao      ekki            
  2 : 0 : fs      á                      2 : 0 : ao      á              
  3 : 1 : no      deild                   3 : 1 : no      deild           
  4 : 1 : fs      fyrir                   4 : 1 : fs      fyrir           
  5 : 0 : lo      unga                    5 : 0 : no      unga            
  6 : 0 : lo      heilabilaða            6 : 0 : so      heilabilaða    

  0 : 1 :   0    7  S0            0 : 1 :   0    7  S0    
  1 : 1 :   0    7  S             1 : 1 :   0    7  S     
  2 : 1 :   0    7  IP            2 : 1 :   0    7  IP    
  3 : 1 :   0    7  VP            3 : 1 :   0    7  VP    
  4 : 1 :   0    1  VP            4 : 0 :   0    4  VP    
  5 : 1 :   1    2  ADVP          5 : 1 :   0    1  VP    
  6 : 0 :   2    7  PP            6 : 1 :   1    2  ADVP  
  7 : 0 :   2    3  P             7 : 0 :   2    3  ADVP  
  8 : 0 :   3    7  NP            8 : 0 :   3    4  NP    
  9 : 1 :   4    7  PP            9 : 1 :   4    7  PP    
 10 : 1 :   4    5  P            10 : 1 :   4    5  P     
 11 : 1 :   5    7  NP           11 : 1 :   5    7  NP    
                                 12 : 0 :   6    7  VP    

========
   7    8    0   62.50  50.00     5      8   10      0      6     3    50.00
-<1>---(wn1=  6, bn1=  8)-           -<2>---(wn2=  6, bn2= 10)-
  0 : 1 : no      Hatrið                 0 : 1 : no      Hatrið         
  1 : 1 : so      mun                     1 : 1 : so      mun             
  2 : 1 : so      sigra                   2 : 1 : so      sigra           
  3 : 0 : foreign  hate                    3 : 0 : no      hate            
  4 : 0 : foreign  will                    4 : 0 : no      will            
  5 : 0 : foreign  prevail                 5 : 0 : no      prevail         

  0 : 1 :   0    6  S0            0 : 1 :   0    6  S0    
  1 : 0 :   0    3  S             1 : 0 :   0    6  S     
  2 : 0 :   0    3  IP            2 : 0 :   0    6  IP    
  3 : 1 :   0    1  NP            3 : 1 :   0    1  NP    
  4 : 1 :   1    3  VP            4 : 1 :   1    3  VP    
  5 : 1 :   1    2  VP            5 : 1 :   1    2  VP    
  6 : 1 :   2    3  VP            6 : 1 :   2    3  VP    
  7 : 0 :   3    6  FOREIGN        7 : 0 :   3    6  NP    
                                  8 : 0 :   4    6  NP    
                                  9 : 0 :   5    6  NP    

========
   8    8    0  100.00 100.00    11     11   11      0      7     7   100.00
-<1>---(wn1=  7, bn1= 11)-           -<2>---(wn2=  7, bn2= 11)-
  0 : 1 : fs      Í                      0 : 1 : fs      Í              
  1 : 1 : no      minningunni             1 : 1 : no      minningunni     
  2 : 1 : so      var                     2 : 1 : so      var             
  3 : 1 : st      annaðhvort             3 : 1 : st      annaðhvort     
  4 : 1 : no      snjór                  4 : 1 : no      snjór          
  5 : 1 : st      eða                    5 : 1 : st      eða            
  6 : 1 : no      sól                    6 : 1 : no      sól            

  0 : 1 :   0    7  S0            0 : 1 :   0    7  S0    
  1 : 1 :   0    7  S             1 : 1 :   0    7  S     
  2 : 1 :   0    7  IP            2 : 1 :   0    7  IP    
  3 : 1 :   0    2  PP            3 : 1 :   0    2  PP    
  4 : 1 :   0    1  P             4 : 1 :   0    1  P     
  5 : 1 :   1    2  NP            5 : 1 :   1    2  NP    
  6 : 1 :   2    7  VP            6 : 1 :   2    7  VP    
  7 : 1 :   2    3  VP            7 : 1 :   2    3  VP    
  8 : 1 :   3    7  NP            8 : 1 :   3    7  NP    
  9 : 1 :   3    4  C             9 : 1 :   3    4  C     
 10 : 1 :   5    6  C            10 : 1 :   5    6  C     

========
   9    8    0   75.00  81.82     9     12   11      0      7     6    85.71
-<1>---(wn1=  7, bn1= 12)-           -<2>---(wn2=  7, bn2= 11)-
  0 : 1 : fs      Af                      0 : 1 : fs      Af              
  1 : 1 : fn      hverju                  1 : 1 : fn      hverju          
  2 : 1 : so      ertu                    2 : 1 : so      ertu            
  3 : 1 : ao      ekki                    3 : 1 : ao      ekki            
  4 : 0 : fs      með                    4 : 0 : ao      með            
  5 : 1 : lo      beinar                  5 : 1 : lo      beinar          
  6 : 1 : no      augabrúnir             6 : 1 : no      augabrúnir     

  0 : 1 :   0    7  S0            0 : 1 :   0    7  S0    
  1 : 1 :   0    7  S             1 : 1 :   0    7  S     
  2 : 0 :   0    7  IP            2 : 1 :   0    2  PP    
  3 : 1 :   0    2  PP            3 : 1 :   0    1  P     
  4 : 1 :   0    1  P             4 : 1 :   1    2  NP    
  5 : 1 :   1    2  NP            5 : 0 :   2    7  IP    
  6 : 1 :   2    7  VP            6 : 1 :   2    7  VP    
  7 : 1 :   2    3  VP            7 : 1 :   2    3  VP    
  8 : 1 :   3    4  ADVP          8 : 1 :   3    4  ADVP  
  9 : 0 :   4    7  PP            9 : 0 :   4    5  ADVP  
 10 : 0 :   4    5  P            10 : 1 :   5    7  NP    
 11 : 1 :   5    7  NP          

========
  10    8    0   58.33  77.78     7     12    9      1      7     6    85.71
-<1>---(wn1=  7, bn1= 12)-           -<2>---(wn2=  7, bn2=  9)-
  0 : 0 : ao      Um                      0 : 0 : fs      Um              
  1 : 1 : so      er                      1 : 1 : so      er              
  2 : 1 : nhm     að                     2 : 1 : nhm     að             
  3 : 1 : so      ræða                  3 : 1 : so      ræða          
  4 : 1 : no      laun                    4 : 1 : no      laun            
  5 : 1 : st      og                      5 : 1 : st      og              
  6 : 1 : no      bifreiðahlunnindi        6 : 1 : no      bifreiðahlunnindi

  0 : 1 :   0    7  S0            0 : 1 :   0    7  S0    
  1 : 1 :   0    7  S             1 : 1 :   0    7  S     
  2 : 0 :   0    7  IP            2 : 0 :   0    1  P     
  3 : 0 :   0    1  ADVP          3 : 0 :   1    4  VP    
  4 : 0 :   1    7  VP            4 : 1 :   1    2  VP    
  5 : 1 :   1    2  VP            5 : 1 :   2    3  TO    
  6 : 0 :   2    7  IP            6 : 1 :   3    4  VP    
  7 : 1 :   2    3  TO            7 : 1 :   4    7  NP    
  8 : 0 :   3    7  VP            8 : 1 :   5    6  C     
  9 : 1 :   3    4  VP          
 10 : 1 :   4    7  NP          
 11 : 1 :   5    6  C           

========
============================================================================
                 85.45  86.24     94   110   109      3     63    54    85.71
=== Summary ===

-- All --
Number of sentence        =     10
Number of Error sentence  =      0
Number of Skip  sentence  =      0
Number of Valid sentence  =     10
Bracketing Recall         =  85.45
Bracketing Precision      =  86.24
Bracketing FMeasure       =  85.84
Complete match            =  40.00
Average crossing          =   0.30
No crossing               =  70.00
2 or less crossing        = 100.00
Tagging accuracy          =  85.71

-- len<=100 --
Number of sentence        =     10
Number of Error sentence  =      0
Number of Skip  sentence  =      0
Number of Valid sentence  =     10
Bracketing Recall         =  85.45
Bracketing Precision      =  86.24
Bracketing FMeasure       =  85.84
Complete match            =  40.00
Average crossing          =   0.30
No crossing               =  70.00
2 or less crossing        = 100.00
Tagging accuracy          =  85.71
