  Sent.                        Matched  Bracket   Cross        Correct Tag
 ID  Len.  Stat. Recal  Prec.  Bracket gold test Bracket Words  Tags Accracy
============================================================================
   1    9    0  100.00  86.67    13     13   15      0      8     8   100.00
-<1>---(wn1=  8, bn1= 13)-           -<2>---(wn2=  8, bn2= 15)-
  0 : 1 : so      Fylgjast                0 : 1 : so      Fylgjast        
  1 : 1 : so      má                     1 : 1 : so      má             
  2 : 1 : fs      með                    2 : 1 : fs      með            
  3 : 1 : lo      beinni                  3 : 1 : lo      beinni          
  4 : 1 : no      útsendingu             4 : 1 : no      útsendingu     
  5 : 1 : fs      frá                    5 : 1 : fs      frá            
  6 : 1 : no      blaðamannafundinum        6 : 1 : no      blaðamannafundinum
  7 : 1 : ao      hér_að_neðan         7 : 1 : ao      hér_að_neðan 

  0 : 1 :   0    8  S0            0 : 1 :   0    8  S0    
  1 : 1 :   0    8  S             1 : 1 :   0    8  S     
  2 : 1 :   0    8  IP            2 : 1 :   0    8  IP    
  3 : 1 :   0    8  VP            3 : 1 :   0    8  VP    
  4 : 1 :   0    1  VP            4 : 0 :   0    8  IP    
  5 : 1 :   1    2  VP            5 : 0 :   0    8  VP    
  6 : 1 :   2    7  PP            6 : 1 :   0    1  VP    
  7 : 1 :   2    3  P             7 : 1 :   1    2  VP    
  8 : 1 :   3    7  NP            8 : 1 :   2    7  PP    
  9 : 1 :   5    7  PP            9 : 1 :   2    3  P     
 10 : 1 :   5    6  P            10 : 1 :   3    7  NP    
 11 : 1 :   6    7  NP           11 : 1 :   5    7  PP    
 12 : 1 :   7    8  ADVP         12 : 1 :   5    6  P     
                                 13 : 1 :   6    7  NP    
                                 14 : 1 :   7    8  ADVP  

========
   2   11    0   94.12  88.89    16     17   18      1     10    10   100.00
-<1>---(wn1= 10, bn1= 17)-           -<2>---(wn2= 10, bn2= 18)-
  0 : 1 : no      Umfjöllun              0 : 1 : no      Umfjöllun      
  1 : 1 : fs      um                      1 : 1 : fs      um              
  2 : 1 : no      málið                 2 : 1 : no      málið         
  3 : 1 : so      var                     3 : 1 : so      var             
  4 : 1 : so      birt                    4 : 1 : so      birt            
  5 : 1 : fs      á                      5 : 1 : fs      á              
  6 : 1 : no      vef                     6 : 1 : no      vef             
  7 : 1 : fyrirtæki  BBC                     7 : 1 : no      BBC             
  8 : 1 : lo      síðastliðinn         8 : 1 : lo      síðastliðinn 
  9 : 1 : no      mánudag                9 : 1 : no      mánudag        

  0 : 1 :   0   10  S0            0 : 1 :   0   10  S0    
  1 : 1 :   0   10  S             1 : 1 :   0   10  S     
  2 : 1 :   0   10  IP            2 : 1 :   0   10  IP    
  3 : 1 :   0    3  NP            3 : 1 :   0    3  NP    
  4 : 1 :   1    3  PP            4 : 1 :   1    3  PP    
  5 : 1 :   1    2  P             5 : 1 :   1    2  P     
  6 : 1 :   2    3  NP            6 : 1 :   2    3  NP    
  7 : 1 :   3   10  VP            7 : 1 :   3   10  VP    
  8 : 1 :   3    4  VP            8 : 0 :   3    8  VP    
  9 : 0 :   4   10  VP            9 : 1 :   3    4  VP    
 10 : 1 :   4    5  NP           10 : 0 :   4    8  NP    
 11 : 1 :   4    5  VP           11 : 1 :   4    5  NP    
 12 : 1 :   5    8  PP           12 : 1 :   4    5  VP    
 13 : 1 :   5    6  P            13 : 1 :   5    8  PP    
 14 : 1 :   6    8  NP           14 : 1 :   5    6  P     
 15 : 1 :   7    8  NP           15 : 1 :   6    8  NP    
 16 : 1 :   8   10  ADVP         16 : 1 :   7    8  NP    
                                 17 : 1 :   8   10  ADVP  

========
   3    9    0   86.67 100.00    13     15   13      0      8     8   100.00
-<1>---(wn1=  8, bn1= 15)-           -<2>---(wn2=  8, bn2= 13)-
  0 : 1 : no      Verðbólgan            0 : 1 : no      Verðbólgan    
  1 : 1 : so      fór                    1 : 1 : so      fór            
  2 : 1 : ao      síðast                2 : 1 : ao      síðast        
  3 : 1 : fs      yfir                    3 : 1 : fs      yfir            
  4 : 1 : prósenta  fjögurra_prósenta        4 : 1 : prósenta  fjögurra_prósenta
  5 : 1 : no      markið                 5 : 1 : no      markið         
  6 : 1 : fs      í                      6 : 1 : fs      í              
  7 : 1 : dagsafs  desember_2013           7 : 1 : dagsafs  desember_2013   

  0 : 1 :   0    8  S0            0 : 1 :   0    8  S0    
  1 : 1 :   0    8  S             1 : 1 :   0    8  S     
  2 : 1 :   0    8  IP            2 : 1 :   0    8  IP    
  3 : 1 :   0    1  NP            3 : 1 :   0    1  NP    
  4 : 1 :   1    8  VP            4 : 1 :   1    8  VP    
  5 : 1 :   1    2  VP            5 : 1 :   1    2  VP    
  6 : 1 :   2    3  ADVP          6 : 1 :   2    3  ADVP  
  7 : 1 :   3    6  PP            7 : 1 :   3    6  PP    
  8 : 1 :   3    4  P             8 : 1 :   3    4  P     
  9 : 1 :   4    6  NP            9 : 1 :   4    6  NP    
 10 : 1 :   4    5  NP           10 : 1 :   4    5  NP    
 11 : 1 :   6    8  ADVP         11 : 1 :   6    8  ADVP  
 12 : 0 :   6    8  PP           12 : 1 :   6    7  P     
 13 : 1 :   6    7  P           
 14 : 0 :   7    8  NP          

========
   4   11    0  100.00 100.00    17     17   17      0     10    10   100.00
-<1>---(wn1= 10, bn1= 17)-           -<2>---(wn2= 10, bn2= 17)-
  0 : 1 : sérnafn  Ungverjar               0 : 1 : no      Ungverjar       
  1 : 1 : so      komast                  1 : 1 : so      komast          
  2 : 1 : ao      aftur                   2 : 1 : ao      aftur           
  3 : 1 : ao      yfir                    3 : 1 : ao      yfir            
  4 : 1 : st      en                      4 : 1 : st      en              
  5 : 1 : person  Ronaldo                 5 : 1 : person  Ronaldo         
  6 : 1 : so      jafnar                  6 : 1 : so      jafnar          
  7 : 1 : fs      með                    7 : 1 : fs      með            
  8 : 1 : lo      GLÆSILEGU              8 : 1 : lo      GLÆSILEGU      
  9 : 1 : no      marki                   9 : 1 : no      marki           

  0 : 1 :   0   10  S0            0 : 1 :   0   10  S0    
  1 : 1 :   0    4  S             1 : 1 :   0    4  S     
  2 : 1 :   0    4  IP            2 : 1 :   0    4  IP    
  3 : 1 :   0    1  NP            3 : 1 :   0    1  NP    
  4 : 1 :   1    4  VP            4 : 1 :   1    4  VP    
  5 : 1 :   1    2  VP            5 : 1 :   1    2  VP    
  6 : 1 :   2    3  ADVP          6 : 1 :   2    3  ADVP  
  7 : 1 :   3    4  ADVP          7 : 1 :   3    4  ADVP  
  8 : 1 :   4    5  C             8 : 1 :   4    5  C     
  9 : 1 :   5   10  S             9 : 1 :   5   10  S     
 10 : 1 :   5   10  IP           10 : 1 :   5   10  IP    
 11 : 1 :   5    6  NP           11 : 1 :   5    6  NP    
 12 : 1 :   6   10  VP           12 : 1 :   6   10  VP    
 13 : 1 :   6    7  VP           13 : 1 :   6    7  VP    
 14 : 1 :   7   10  PP           14 : 1 :   7   10  PP    
 15 : 1 :   7    8  P            15 : 1 :   7    8  P     
 16 : 1 :   8   10  NP           16 : 1 :   8   10  NP    

========
   5   11    0   76.47  76.47    13     17   17      2     10    10   100.00
-<1>---(wn1= 10, bn1= 17)-           -<2>---(wn2= 10, bn2= 17)-
  0 : 1 : fn      Þetta                  0 : 1 : fn      Þetta          
  1 : 1 : so      kemur                   1 : 1 : so      kemur           
  2 : 1 : ao      fram                    2 : 1 : ao      fram            
  3 : 1 : fs      í                      3 : 1 : fs      í              
  4 : 1 : no      viðtali                4 : 1 : no      viðtali        
  5 : 1 : fs      við                    5 : 1 : fs      við            
  6 : 1 : person  Pál                    6 : 1 : person  Pál            
  7 : 1 : fs      í                      7 : 1 : fs      í              
  8 : 1 : no      helgarblaði            8 : 1 : no      helgarblaði    
  9 : 1 : fyrirtæki  DV                      9 : 1 : no      DV              

  0 : 1 :   0   10  S0            0 : 1 :   0   10  S0    
  1 : 1 :   0   10  S             1 : 1 :   0   10  S     
  2 : 1 :   0   10  IP            2 : 1 :   0   10  IP    
  3 : 1 :   0    1  NP            3 : 1 :   0    1  NP    
  4 : 1 :   1   10  VP            4 : 1 :   1   10  VP    
  5 : 1 :   1    2  VP            5 : 1 :   1    2  VP    
  6 : 1 :   2    3  ADVP          6 : 1 :   2    3  ADVP  
  7 : 0 :   3   10  PP            7 : 0 :   3    5  PP    
  8 : 1 :   3    4  P             8 : 1 :   3    4  P     
  9 : 0 :   4   10  NP            9 : 0 :   4    5  NP    
 10 : 0 :   5    7  PP           10 : 0 :   5   10  PP    
 11 : 1 :   5    6  P            11 : 1 :   5    6  P     
 12 : 0 :   6    7  NP           12 : 0 :   6   10  NP    
 13 : 1 :   7   10  PP           13 : 1 :   7   10  PP    
 14 : 1 :   7    8  P            14 : 1 :   7    8  P     
 15 : 1 :   8   10  NP           15 : 1 :   8   10  NP    
 16 : 1 :   9   10  NP           16 : 1 :   9   10  NP    

========
   6   11    0   76.47  65.00    13     17   20      5     10    10   100.00
-<1>---(wn1= 10, bn1= 17)-           -<2>---(wn2= 10, bn2= 20)-
  0 : 1 : lo      Ljóst                  0 : 1 : lo      Ljóst          
  1 : 1 : so      er                      1 : 1 : so      er              
  2 : 1 : st      að                     2 : 1 : st      að             
  3 : 1 : ao      talsvert                3 : 1 : ao      talsvert        
  4 : 1 : so      mæðir                 4 : 1 : so      mæðir         
  5 : 1 : fs      á                      5 : 1 : fs      á              
  6 : 1 : person  Katrínu                6 : 1 : person  Katrínu        
  7 : 1 : fs      vegna                   7 : 1 : fs      vegna           
  8 : 1 : no      stjórnarskrármálsins        8 : 1 : no      stjórnarskrármálsins
  9 : 1 : lo      svokallaða             9 : 1 : lo      svokallaða     

  0 : 1 :   0   10  S0            0 : 1 :   0   10  S0    
  1 : 1 :   0   10  S             1 : 1 :   0   10  S     
  2 : 0 :   0   10  IP            2 : 1 :   0    1  NP    
  3 : 1 :   0    1  NP            3 : 0 :   1   10  VP    
  4 : 1 :   1    2  VP            4 : 0 :   1    7  VP    
  5 : 0 :   2   10  CP            5 : 1 :   1    2  VP    
  6 : 1 :   2    3  C             6 : 0 :   2    7  NP    
  7 : 0 :   3   10  IP            7 : 0 :   2    7  CP    
  8 : 1 :   3    4  ADVP          8 : 1 :   2    3  C     
  9 : 0 :   4   10  VP            9 : 0 :   3    7  IP    
 10 : 1 :   4    5  VP           10 : 0 :   3    7  IP    
 11 : 1 :   5    7  PP           11 : 1 :   3    4  ADVP  
 12 : 1 :   5    6  P            12 : 0 :   4    7  VP    
 13 : 1 :   6    7  NP           13 : 1 :   4    5  VP    
 14 : 1 :   7   10  PP           14 : 1 :   5    7  PP    
 15 : 1 :   7    8  P            15 : 1 :   5    6  P     
 16 : 1 :   8   10  NP           16 : 1 :   6    7  NP    
                                 17 : 1 :   7   10  PP    
                                 18 : 1 :   7    8  P     
                                 19 : 1 :   8   10  NP    

========
   7   11    0   73.33  73.33    11     15   15      0     10     8    80.00
-<1>---(wn1= 10, bn1= 15)-           -<2>---(wn2= 10, bn2= 15)-
  0 : 1 : lo      Aukin                   0 : 1 : lo      Aukin           
  1 : 1 : no      snjalltækjavæðing        1 : 1 : no      snjalltækjavæðing
  2 : 1 : so      þykir                  2 : 1 : so      þykir          
  3 : 0 : st      bæði                  3 : 0 : so      bæði          
  4 : 0 : so      fela                    4 : 0 : no      fela            
  5 : 1 : fs      í                      5 : 1 : fs      í              
  6 : 1 : abfn    sér                    6 : 1 : abfn    sér            
  7 : 1 : no      ógnir                  7 : 1 : no      ógnir          
  8 : 1 : st      og                      8 : 1 : st      og              
  9 : 1 : no      tækifæri              9 : 1 : no      tækifæri      

  0 : 1 :   0   10  S0            0 : 1 :   0   10  S0    
  1 : 1 :   0   10  S             1 : 1 :   0   10  S     
  2 : 1 :   0   10  IP            2 : 1 :   0   10  IP    
  3 : 1 :   0    2  NP            3 : 1 :   0    2  NP    
  4 : 1 :   2   10  VP            4 : 1 :   2   10  VP    
  5 : 1 :   2    3  VP            5 : 1 :   2    3  VP    
  6 : 0 :   3   10  IP            6 : 0 :   3   10  CP    
  7 : 0 :   3    4  C             7 : 0 :   3   10  VP    
  8 : 0 :   4   10  VP            8 : 0 :   3    4  VP    
  9 : 0 :   4    5  VP            9 : 0 :   4    7  NP    
 10 : 1 :   5    7  PP           10 : 1 :   5    7  PP    
 11 : 1 :   5    6  P            11 : 1 :   5    6  P     
 12 : 1 :   6    7  NP           12 : 1 :   6    7  NP    
 13 : 1 :   7   10  NP           13 : 1 :   7   10  NP    
 14 : 1 :   8    9  C            14 : 1 :   8    9  C     

========
   8   10    1    0.00   0.00     0      0    0      0      0     0     0.00
-<1>---(wn1=  9, bn1= 15)-           -<2>---(wn2= 10, bn2= 15)-
  0 : 9 : no      Múslímar              0 : 9 : no      Múslímar      
  1 : 9 : fs      á                      1 : 9 : fs      á              
  2 : 9 : no      bæn                    2 : 9 : no      bæn            
  3 : 9 : fs      við                    3 : 9 : fs      við            
  4 : 9 : sérnafn  Finsbury_Park           4 : 9 : sérnafn  Finsbury        
  5 : 9 : fs      eftir                   5 : 9 : no      Park            
  6 : 9 : no      árásina               6 : 9 : fs      eftir           
  7 : 9 : fs      í                      7 : 9 : no      árásina       
  8 : 9 : no      nótt                   8 : 9 : fs      í              
                                          9 : 9 : no      nótt           

  0 : 9 :   0    9  S0            0 : 9 :   0   10  S0    
  1 : 9 :   0    9  S-HEADING        1 : 9 :   0   10  S-HEADING
  2 : 9 :   0    3  NP-SUBJ        2 : 9 :   0    8  NP    
  3 : 9 :   1    3  PP            3 : 9 :   1    8  PP    
  4 : 9 :   1    2  P             4 : 9 :   1    2  P     
  5 : 9 :   2    3  NP            5 : 9 :   2    8  NP    
  6 : 9 :   3    5  PP            6 : 9 :   3    8  PP    
  7 : 9 :   3    4  P             7 : 9 :   3    4  P     
  8 : 9 :   4    5  NP            8 : 9 :   4    8  NP    
  9 : 9 :   5    9  PP            9 : 9 :   4    5  NP-PREFIX
 10 : 9 :   5    6  P            10 : 9 :   6    8  PP    
 11 : 9 :   6    9  NP           11 : 9 :   6    7  P     
 12 : 9 :   7    9  ADVP-TIMESTAMP-REL       12 : 9 :   7    8  NP    
 13 : 9 :   7    9  PP           13 : 9 :   8   10  ADVP-TIMESTAMP-REL
 14 : 9 :   7    8  P            14 : 9 :   8    9  P     

========
   9   11    0   44.44  61.54     8     18   13      2     10     9    90.00
-<1>---(wn1= 10, bn1= 18)-           -<2>---(wn2= 10, bn2= 13)-
  0 : 1 : so      Blandið                0 : 1 : so      Blandið        
  1 : 1 : ao      þá                    1 : 1 : ao      þá            
  2 : 1 : no      mjólkurblöndunni        2 : 1 : no      mjólkurblöndunni
  3 : 1 : ao      saman                   3 : 1 : ao      saman           
  4 : 1 : fs      við                    4 : 1 : fs      við            
  5 : 1 : no      gerið                  5 : 1 : no      gerið          
  6 : 1 : st      og                      6 : 1 : st      og              
  7 : 0 : so      hrærið                7 : 0 : no      hrærið        
  8 : 1 : ao      vel                     8 : 1 : ao      vel             
  9 : 1 : ao      saman                   9 : 1 : ao      saman           

  0 : 1 :   0   10  S0            0 : 1 :   0   10  S0    
  1 : 0 :   0    6  S             1 : 0 :   0   10  S     
  2 : 0 :   0    6  IP            2 : 0 :   0   10  IP    
  3 : 0 :   0    6  VP            3 : 0 :   0   10  VP    
  4 : 1 :   0    1  VP            4 : 1 :   0    1  VP    
  5 : 0 :   1    2  ADVP          5 : 1 :   2    3  NP    
  6 : 1 :   2    3  NP            6 : 1 :   3    4  ADVP  
  7 : 1 :   3    4  ADVP          7 : 0 :   4    8  PP    
  8 : 0 :   4    6  PP            8 : 1 :   4    5  P     
  9 : 1 :   4    5  P             9 : 0 :   5    8  NP    
 10 : 0 :   5    6  NP           10 : 1 :   6    7  C     
 11 : 1 :   6    7  C            11 : 1 :   8    9  ADVP  
 12 : 0 :   7   10  S            12 : 1 :   9   10  ADVP  
 13 : 0 :   7   10  IP          
 14 : 0 :   7   10  VP          
 15 : 0 :   7    8  VP          
 16 : 1 :   8    9  ADVP        
 17 : 1 :   9   10  ADVP        

========
  10    8    1    0.00   0.00     0      0    0      0      0     0     0.00
-<1>---(wn1=  7, bn1= 13)-           -<2>---(wn2=  8, bn2= 13)-
  0 : 9 : person  Admir_Kubat             0 : 9 : sérnafn  Admir           
  1 : 9 : so      leikur                  1 : 9 : sérnafn  Kubat           
  2 : 9 : ao      ekki                    2 : 9 : so      leikur          
  3 : 9 : fs      með                    3 : 9 : ao      ekki            
  4 : 9 : fyrirtæki  Víkingi_Ó.            4 : 9 : fs      með            
  5 : 9 : fs      vegna                   5 : 9 : person  Víkingi_Ó.    
  6 : 9 : no      meiðsla                6 : 9 : fs      vegna           
                                          7 : 9 : no      meiðsla        

  0 : 9 :   0    7  S0            0 : 9 :   0    8  S0    
  1 : 9 :   0    7  S-MAIN        1 : 9 :   0    8  S-MAIN
  2 : 9 :   0    7  IP            2 : 9 :   0    8  IP    
  3 : 9 :   0    1  NP-SUBJ        3 : 9 :   0    2  NP-SUBJ
  4 : 9 :   1    7  VP            4 : 9 :   2    8  VP    
  5 : 9 :   1    2  VP            5 : 9 :   2    3  VP    
  6 : 9 :   2    3  ADVP          6 : 9 :   3    4  ADVP  
  7 : 9 :   3    5  PP            7 : 9 :   4    8  PP    
  8 : 9 :   3    4  P             8 : 9 :   4    5  P     
  9 : 9 :   4    5  NP            9 : 9 :   5    8  NP    
 10 : 9 :   5    7  PP           10 : 9 :   6    8  PP    
 11 : 9 :   5    6  P            11 : 9 :   6    7  P     
 12 : 9 :   6    7  NP           12 : 9 :   7    8  NP    

========
============================================================================
                 80.62  81.25    104   129   128     10     76    73    96.05
=== Summary ===

-- All --
Number of sentence        =     10
Number of Error sentence  =      2
Number of Skip  sentence  =      0
Number of Valid sentence  =      8
Bracketing Recall         =  80.62
Bracketing Precision      =  81.25
Bracketing FMeasure       =  80.93
Complete match            =  12.50
Average crossing          =   1.25
No crossing               =  50.00
2 or less crossing        =  87.50
Tagging accuracy          =  96.05

-- len<=100 --
Number of sentence        =     10
Number of Error sentence  =      2
Number of Skip  sentence  =      0
Number of Valid sentence  =      8
Bracketing Recall         =  80.62
Bracketing Precision      =  81.25
Bracketing FMeasure       =  80.93
Complete match            =  12.50
Average crossing          =   1.25
No crossing               =  50.00
2 or less crossing        =  87.50
Tagging accuracy          =  96.05
