  Sent.                        Matched  Bracket   Cross        Correct Tag
 ID  Len.  Stat. Recal  Prec.  Bracket gold test Bracket Words  Tags Accracy
============================================================================
   1   21    0   85.19  88.46    23     27   26      1     18    18   100.00
-<1>---(wn1= 18, bn1= 27)-           -<2>---(wn2= 18, bn2= 26)-
  0 : 1 : no      Réttindum              0 : 1 : no      Réttindum      
  1 : 1 : lo      hinsegin                1 : 1 : lo      hinsegin        
  2 : 1 : no      fólks                  2 : 1 : no      fólks          
  3 : 1 : so      er                      3 : 1 : so      er              
  4 : 1 : ao      víða                  4 : 1 : ao      víða          
  5 : 1 : so      ógnað                 5 : 1 : so      ógnað         
  6 : 1 : ao      stundum                 6 : 1 : ao      stundum         
  7 : 1 : fs      í                      7 : 1 : fs      í              
  8 : 1 : fn      þeim                   8 : 1 : fn      þeim           
  9 : 1 : no      tilgangi                9 : 1 : no      tilgangi        
 10 : 1 : fn      einum                  10 : 1 : fn      einum           
 11 : 1 : nhm     að                    11 : 1 : nhm     að             
 12 : 1 : so      ná                    12 : 1 : so      ná             
 13 : 1 : fs      til                    13 : 1 : fs      til             
 14 : 1 : lo      trúaðra              14 : 1 : lo      trúaðra       
 15 : 1 : no      kjósenda              15 : 1 : no      kjósenda       
 16 : 1 : so      sagði                 16 : 1 : so      sagði          
 17 : 1 : person  Katrín                17 : 1 : person  Katrín         

  0 : 1 :   0   18  S0            0 : 1 :   0   18  S0    
  1 : 1 :   0   18  S             1 : 1 :   0   18  S     
  2 : 0 :   0   18  IP            2 : 1 :   0   16  CP    
  3 : 1 :   0   16  CP            3 : 1 :   0   16  IP    
  4 : 1 :   0   16  IP            4 : 1 :   0    3  NP    
  5 : 1 :   0    3  NP            5 : 1 :   1    3  NP    
  6 : 1 :   1    3  NP            6 : 1 :   3   16  VP    
  7 : 1 :   3   16  VP            7 : 1 :   3    4  VP    
  8 : 1 :   3    4  VP            8 : 1 :   4    5  ADVP  
  9 : 1 :   4    5  ADVP          9 : 1 :   5    6  VP    
 10 : 0 :   5   16  VP           10 : 1 :   6    7  ADVP  
 11 : 1 :   5    6  VP           11 : 1 :   7   16  PP    
 12 : 1 :   6    7  ADVP         12 : 1 :   7    8  P     
 13 : 1 :   7   16  PP           13 : 1 :   8   16  NP    
 14 : 1 :   7    8  P            14 : 0 :   9   11  NP    
 15 : 1 :   8   16  NP           15 : 1 :  11   16  IP    
 16 : 1 :  11   16  IP           16 : 0 :  11   13  IP    
 17 : 1 :  11   12  TO           17 : 1 :  11   12  TO    
 18 : 0 :  12   16  VP           18 : 1 :  12   13  VP    
 19 : 1 :  12   13  VP           19 : 1 :  13   16  PP    
 20 : 1 :  13   16  PP           20 : 1 :  13   14  P     
 21 : 1 :  13   14  P            21 : 1 :  14   16  NP    
 22 : 1 :  14   16  NP           22 : 1 :  16   18  CP    
 23 : 1 :  16   18  CP           23 : 1 :  16   17  VP    
 24 : 0 :  16   18  VP           24 : 1 :  17   18  NP    
 25 : 1 :  16   17  VP           25 : 0 :  17   18  NP    
 26 : 1 :  17   18  NP          

========
   2   22    0   66.67  66.67    24     36   36     10     21    21   100.00
-<1>---(wn1= 21, bn1= 36)-           -<2>---(wn2= 21, bn2= 36)-
  0 : 1 : no      Kerfið                 0 : 1 : no      Kerfið         
  1 : 1 : so      er                      1 : 1 : so      er              
  2 : 1 : lo      gagnvirkt               2 : 1 : lo      gagnvirkt       
  3 : 1 : st      og                      3 : 1 : st      og              
  4 : 1 : so      hugsað                 4 : 1 : so      hugsað         
  5 : 1 : fs      á                      5 : 1 : fs      á              
  6 : 1 : fn      þann                   6 : 1 : fn      þann           
  7 : 1 : no      hátt                   7 : 1 : no      hátt           
  8 : 1 : st      að                     8 : 1 : st      að             
  9 : 1 : no      fólk                   9 : 1 : no      fólk           
 10 : 1 : so      læri                  10 : 1 : so      læri           
 11 : 1 : nhm     að                    11 : 1 : nhm     að             
 12 : 1 : so      skilja                 12 : 1 : so      skilja          
 13 : 1 : st      og                     13 : 1 : st      og              
 14 : 1 : so      sigrast                14 : 1 : so      sigrast         
 15 : 1 : fs      á                     15 : 1 : fs      á              
 16 : 1 : fn      þeim                  16 : 1 : fn      þeim           
 17 : 1 : no      aðferðum             17 : 1 : no      aðferðum      
 18 : 1 : stt     sem                    18 : 1 : stt     sem             
 19 : 1 : no      tölvuglæpamenn       19 : 1 : no      tölvuglæpamenn
 20 : 1 : so      beita                  20 : 1 : so      beita           

  0 : 1 :   0   21  S0            0 : 1 :   0   21  S0    
  1 : 1 :   0   21  S             1 : 1 :   0   21  S     
  2 : 1 :   0   21  IP            2 : 1 :   0   21  IP    
  3 : 1 :   0    1  NP            3 : 1 :   0    1  NP    
  4 : 1 :   1   21  VP            4 : 1 :   1   21  VP    
  5 : 0 :   1    3  VP            5 : 0 :   1   15  VP    
  6 : 1 :   1    2  VP            6 : 1 :   1    2  VP    
  7 : 0 :   2    3  NP            7 : 0 :   2   15  NP    
  8 : 1 :   3    4  C             8 : 0 :   2    5  NP    
  9 : 0 :   4   21  VP            9 : 1 :   3    4  C     
 10 : 0 :   4    5  NP           10 : 1 :   4    5  VP    
 11 : 1 :   4    5  VP           11 : 0 :   5   15  PP    
 12 : 0 :   5   21  PP           12 : 1 :   5    6  P     
 13 : 1 :   5    6  P            13 : 0 :   6   15  NP    
 14 : 0 :   6   21  NP           14 : 0 :   7    8  NP    
 15 : 0 :   8   21  CP           15 : 0 :   8   15  CP    
 16 : 1 :   8    9  C            16 : 1 :   8    9  C     
 17 : 0 :   9   21  IP           17 : 0 :   9   15  IP    
 18 : 1 :   9   10  NP           18 : 1 :   9   10  NP    
 19 : 0 :  10   21  VP           19 : 0 :  10   15  VP    
 20 : 1 :  10   11  VP           20 : 0 :  10   13  VP    
 21 : 0 :  11   21  IP           21 : 1 :  10   11  VP    
 22 : 1 :  11   12  TO           22 : 0 :  11   13  IP    
 23 : 0 :  12   21  VP           23 : 1 :  11   12  TO    
 24 : 1 :  12   13  VP           24 : 1 :  12   13  VP    
 25 : 1 :  13   14  C            25 : 1 :  13   14  C     
 26 : 0 :  14   21  VP           26 : 1 :  14   15  VP    
 27 : 1 :  14   15  VP           27 : 1 :  15   21  PP    
 28 : 1 :  15   21  PP           28 : 1 :  15   16  P     
 29 : 1 :  15   16  P            29 : 1 :  16   21  NP    
 30 : 1 :  16   21  NP           30 : 1 :  18   21  CP    
 31 : 1 :  18   21  CP           31 : 1 :  18   19  C     
 32 : 1 :  18   19  C            32 : 1 :  19   21  IP    
 33 : 1 :  19   21  IP           33 : 0 :  19   21  VP    
 34 : 1 :  19   20  NP           34 : 1 :  19   20  NP    
 35 : 1 :  20   21  VP           35 : 1 :  20   21  VP    

========
   3   22    0   65.52  73.08    19     29   26      2     19    18    94.74
-<1>---(wn1= 19, bn1= 29)-           -<2>---(wn2= 19, bn2= 26)-
  0 : 1 : sérnafn  Argentína              0 : 1 : no      Argentína      
  1 : 1 : so      náði                  1 : 1 : so      náði          
  2 : 1 : nhm     að                     2 : 1 : nhm     að             
  3 : 1 : so      lauma                   3 : 1 : so      lauma           
  4 : 1 : ao      inn                     4 : 1 : eo      inn             
  5 : 1 : fn      einu                    5 : 1 : fn      einu            
  6 : 1 : no      marki                   6 : 1 : no      marki           
  7 : 1 : fs      til                     7 : 1 : fs      til             
  8 : 1 : no      viðbótar              8 : 1 : no      viðbótar      
  9 : 1 : ao      áður                  9 : 1 : ao      áður          
 10 : 1 : st      en                     10 : 1 : st      en              
 11 : 1 : so      flautað               11 : 1 : so      flautað        
 12 : 1 : so      var                    12 : 1 : so      var             
 13 : 1 : fs      til                    13 : 1 : fs      til             
 14 : 1 : no      leikhlés              14 : 1 : no      leikhlés       
 15 : 1 : no      staðan                15 : 1 : no      staðan         
 16 : 0 : ao      þá                   16 : 0 : no      þá            
 17 : 1 : tala    9                      17 : 1 : tala    9               
 18 : 1 : tala    2                      18 : 1 : tala    2               

  0 : 1 :   0   19  S0            0 : 1 :   0   19  S0    
  1 : 0 :   0   15  S             1 : 0 :   0   19  S     
  2 : 0 :   0   15  IP            2 : 0 :   0   19  IP    
  3 : 1 :   0    1  NP            3 : 1 :   0    1  NP    
  4 : 1 :   1   15  VP            4 : 1 :   1   15  VP    
  5 : 1 :   1    2  VP            5 : 0 :   1    7  VP    
  6 : 0 :   2   15  IP            6 : 1 :   1    2  VP    
  7 : 1 :   2    3  TO            7 : 0 :   2    7  IP    
  8 : 0 :   3   15  VP            8 : 1 :   2    3  TO    
  9 : 1 :   3    4  VP            9 : 0 :   3    7  VP    
 10 : 0 :   4    5  ADVP         10 : 1 :   3    4  VP    
 11 : 0 :   5    7  NP           11 : 0 :   4    7  NP    
 12 : 1 :   7    9  PP           12 : 1 :   7    9  PP    
 13 : 1 :   7    8  P            13 : 1 :   7    8  P     
 14 : 1 :   8    9  NP           14 : 1 :   8    9  NP    
 15 : 1 :   9   15  CP           15 : 1 :   9   15  CP    
 16 : 1 :   9   11  C            16 : 1 :   9   11  C     
 17 : 1 :  11   15  IP           17 : 1 :  11   15  IP    
 18 : 1 :  11   15  VP           18 : 1 :  11   15  VP    
 19 : 0 :  11   12  NP           19 : 1 :  11   12  VP    
 20 : 1 :  11   12  VP           20 : 1 :  12   13  VP    
 21 : 1 :  12   13  VP           21 : 1 :  13   15  PP    
 22 : 1 :  13   15  PP           22 : 1 :  13   14  P     
 23 : 1 :  13   14  P            23 : 1 :  14   15  NP    
 24 : 1 :  14   15  NP           24 : 0 :  15   19  NP    
 25 : 0 :  15   19  S            25 : 1 :  17   19  NP    
 26 : 0 :  15   16  NP          
 27 : 0 :  16   17  ADVP        
 28 : 1 :  17   19  NP          

========
   4   22    0   85.29  82.86    29     34   35      2     21    21   100.00
-<1>---(wn1= 21, bn1= 34)-           -<2>---(wn2= 21, bn2= 35)-
  0 : 1 : pfn     Það                   0 : 1 : pfn     Það           
  1 : 1 : so      er                      1 : 1 : so      er              
  2 : 1 : ao      líka                   2 : 1 : eo      líka           
  3 : 1 : lo      gott                    3 : 1 : lo      gott            
  4 : 1 : nhm     að                     4 : 1 : nhm     að             
  5 : 1 : so      vera                    5 : 1 : so      vera            
  6 : 1 : lo      meðvitaður            6 : 1 : lo      meðvitaður    
  7 : 1 : fs      um                      7 : 1 : fs      um              
  8 : 1 : ao      hvenær                 8 : 1 : ao      hvenær         
  9 : 1 : lo      best                    9 : 1 : lo      best            
 10 : 1 : so      er                     10 : 1 : so      er              
 11 : 1 : nhm     að                    11 : 1 : nhm     að             
 12 : 1 : so      þegja                 12 : 1 : so      þegja          
 13 : 1 : fs      í                     13 : 1 : fs      í              
 14 : 1 : no      stað                  14 : 1 : no      stað           
 15 : 1 : fn      þess                  15 : 1 : fn      þess           
 16 : 1 : nhm     að                    16 : 1 : nhm     að             
 17 : 1 : so      svara                  17 : 1 : so      svara           
 18 : 1 : eo      illa                   18 : 1 : eo      illa            
 19 : 1 : lo      rökstuddum            19 : 1 : lo      rökstuddum     
 20 : 1 : no      dylgjum                20 : 1 : no      dylgjum         

  0 : 1 :   0   21  S0            0 : 1 :   0   21  S0    
  1 : 1 :   0   21  S             1 : 1 :   0   21  S     
  2 : 1 :   0   21  IP            2 : 1 :   0   21  IP    
  3 : 1 :   0    1  NP            3 : 1 :   0    1  NP    
  4 : 1 :   1   21  VP            4 : 1 :   1   21  VP    
  5 : 1 :   1    2  VP            5 : 1 :   1    2  VP    
  6 : 1 :   2    3  ADVP          6 : 0 :   2   21  NP    
  7 : 0 :   3    4  NP            7 : 0 :   2    4  NP    
  8 : 0 :   4   21  NP            8 : 1 :   2    3  ADVP  
  9 : 0 :   4   21  IP            9 : 0 :   4    7  IP    
 10 : 1 :   4    5  TO           10 : 1 :   4    5  TO    
 11 : 0 :   5   21  VP           11 : 0 :   5    7  VP    
 12 : 1 :   5    6  VP           12 : 1 :   5    6  VP    
 13 : 0 :   6   21  NP           13 : 0 :   6    7  NP    
 14 : 1 :   7   21  PP           14 : 1 :   7   21  PP    
 15 : 1 :   7    8  P            15 : 1 :   7    8  P     
 16 : 1 :   8   21  CP           16 : 1 :   8   21  CP    
 17 : 1 :   8    9  ADVP         17 : 1 :   8    9  ADVP  
 18 : 1 :   9   21  IP           18 : 1 :   9   21  IP    
 19 : 1 :   9   10  NP           19 : 1 :   9   10  NP    
 20 : 1 :  10   21  VP           20 : 1 :  10   21  VP    
 21 : 1 :  10   11  VP           21 : 0 :  10   13  VP    
 22 : 1 :  11   13  IP           22 : 1 :  10   11  VP    
 23 : 1 :  11   12  TO           23 : 1 :  11   13  IP    
 24 : 1 :  12   13  VP           24 : 1 :  11   12  TO    
 25 : 1 :  13   21  PP           25 : 1 :  12   13  VP    
 26 : 1 :  13   14  P            26 : 1 :  13   21  PP    
 27 : 1 :  14   21  NP           27 : 1 :  13   14  P     
 28 : 1 :  15   21  NP           28 : 1 :  14   21  NP    
 29 : 1 :  16   21  IP           29 : 1 :  15   21  NP    
 30 : 1 :  16   17  TO           30 : 1 :  16   21  IP    
 31 : 1 :  17   21  VP           31 : 1 :  16   17  TO    
 32 : 1 :  17   18  VP           32 : 1 :  17   21  VP    
 33 : 1 :  18   21  NP           33 : 1 :  17   18  VP    
                                 34 : 1 :  18   21  NP    

========
   5   22    0   60.71  50.00    17     28   34      9     21    18    85.71
-<1>---(wn1= 21, bn1= 28)-           -<2>---(wn2= 21, bn2= 34)-
  0 : 1 : pfn     Það                   0 : 1 : fn      Það           
  1 : 1 : so      voru                    1 : 1 : so      voru            
  2 : 0 : ao      því                   2 : 0 : st      því           
  3 : 0 : lo      hressir                 3 : 0 : so      hressir         
  4 : 1 : st      og                      4 : 1 : st      og              
  5 : 1 : lo      hraustir                5 : 1 : lo      hraustir        
  6 : 1 : no      krakkar                 6 : 1 : no      krakkar         
  7 : 1 : stt     sem                     7 : 1 : stt     sem             
  8 : 1 : so      byrjuðu                8 : 1 : so      byrjuðu        
  9 : 0 : lo      dimma                   9 : 0 : so      dimma           
 10 : 1 : no      vetrarmorgna           10 : 1 : no      vetrarmorgna    
 11 : 1 : fs      á                     11 : 1 : fs      á              
 12 : 1 : lo      heitum                 12 : 1 : lo      heitum          
 13 : 1 : no      hafragraut             13 : 1 : no      hafragraut      
 14 : 1 : ao      áður                 14 : 1 : ao      áður          
 15 : 1 : st      en                     15 : 1 : st      en              
 16 : 1 : no      verkefni               16 : 1 : no      verkefni        
 17 : 1 : no      dagsins                17 : 1 : no      dagsins         
 18 : 1 : fs      í                     18 : 1 : fs      í              
 19 : 1 : no      skólanum              19 : 1 : no      skólanum       
 20 : 1 : so      hófust                20 : 1 : so      hófust         

  0 : 1 :   0   21  S0            0 : 1 :   0   21  S0    
  1 : 0 :   0   21  S             1 : 0 :   0    4  S     
  2 : 0 :   0   21  IP            2 : 0 :   0    4  IP    
  3 : 1 :   0    1  NP            3 : 1 :   0    1  NP    
  4 : 0 :   1   21  VP            4 : 0 :   1    4  VP    
  5 : 1 :   1    2  VP            5 : 1 :   1    2  VP    
  6 : 0 :   2    3  ADVP          6 : 0 :   2    4  CP    
  7 : 0 :   3   21  NP            7 : 0 :   2    3  C     
  8 : 0 :   3    6  ADJP          8 : 0 :   3    4  IP    
  9 : 1 :   4    5  C             9 : 0 :   3    4  VP    
 10 : 0 :   7   21  CP           10 : 1 :   4    5  C     
 11 : 1 :   7    8  C            11 : 0 :   5   21  S     
 12 : 0 :   8   21  IP           12 : 0 :   5   21  IP    
 13 : 0 :   8   21  VP           13 : 0 :   5    9  NP    
 14 : 1 :   8    9  VP           14 : 0 :   7    9  CP    
 15 : 0 :   9   11  NP           15 : 1 :   7    8  C     
 16 : 1 :  11   14  PP           16 : 0 :   8    9  IP    
 17 : 1 :  11   12  P            17 : 1 :   8    9  VP    
 18 : 1 :  12   14  NP           18 : 0 :   9   21  VP    
 19 : 1 :  14   21  CP           19 : 0 :   9   14  VP    
 20 : 1 :  14   16  C            20 : 0 :   9   10  VP    
 21 : 1 :  16   21  IP           21 : 0 :  10   14  NP    
 22 : 1 :  16   20  NP           22 : 1 :  11   14  PP    
 23 : 0 :  17   18  NP           23 : 1 :  11   12  P     
 24 : 1 :  18   20  PP           24 : 1 :  12   14  NP    
 25 : 1 :  18   19  P            25 : 1 :  14   21  CP    
 26 : 1 :  19   20  NP           26 : 1 :  14   16  C     
 27 : 1 :  20   21  VP           27 : 1 :  16   21  IP    
                                 28 : 1 :  16   20  NP    
                                 29 : 0 :  17   20  NP    
                                 30 : 1 :  18   20  PP    
                                 31 : 1 :  18   19  P     
                                 32 : 1 :  19   20  NP    
                                 33 : 1 :  20   21  VP    

========
   6   22    0   85.71  88.24    30     35   34      2     20    20   100.00
-<1>---(wn1= 20, bn1= 35)-           -<2>---(wn2= 20, bn2= 34)-
  0 : 1 : st      Ef                      0 : 1 : st      Ef              
  1 : 1 : no      fólk                   1 : 1 : no      fólk           
  2 : 1 : so      færi                   2 : 1 : so      færi           
  3 : 1 : fs      í                      3 : 1 : fs      í              
  4 : 1 : no      fóstureyðingu         4 : 1 : no      fóstureyðingu 
  5 : 1 : st      eða                    5 : 1 : st      eða            
  6 : 1 : no      ófrjósemisaðgerð        6 : 1 : no      ófrjósemisaðgerð
  7 : 1 : so      væru                   7 : 1 : so      væru           
  8 : 1 : no      upplýsingarnar         8 : 1 : no      upplýsingarnar 
  9 : 1 : so      skráðar               9 : 1 : so      skráðar       
 10 : 1 : ao      inn                    10 : 1 : ao      inn             
 11 : 1 : st      og                     11 : 1 : st      og              
 12 : 1 : pfn     það                  12 : 1 : pfn     það           
 13 : 1 : so      ætti                  13 : 1 : so      ætti           
 14 : 1 : ao      ekki                   14 : 1 : ao      ekki            
 15 : 1 : nhm     að                    15 : 1 : nhm     að             
 16 : 1 : so      vera                   16 : 1 : so      vera            
 17 : 1 : lo      öðruvísi            17 : 1 : lo      öðruvísi     
 18 : 1 : fs      með                   18 : 1 : fs      með            
 19 : 1 : no      lýtaaðgerðir        19 : 1 : no      lýtaaðgerðir 

  0 : 1 :   0   20  S0            0 : 1 :   0   20  S0    
  1 : 1 :   0   11  S             1 : 1 :   0   11  S     
  2 : 0 :   0   11  IP            2 : 1 :   0    7  CP    
  3 : 1 :   0    7  CP            3 : 1 :   0    1  C     
  4 : 1 :   0    1  C             4 : 1 :   1    7  IP    
  5 : 1 :   1    7  IP            5 : 1 :   1    2  NP    
  6 : 1 :   1    2  NP            6 : 1 :   2    7  VP    
  7 : 1 :   2    7  VP            7 : 1 :   2    3  VP    
  8 : 1 :   2    3  VP            8 : 1 :   3    7  PP    
  9 : 1 :   3    7  PP            9 : 1 :   3    4  P     
 10 : 1 :   3    4  P            10 : 1 :   4    7  NP    
 11 : 1 :   4    7  NP           11 : 1 :   5    6  C     
 12 : 1 :   5    6  C            12 : 0 :   7   11  IP    
 13 : 1 :   7   11  VP           13 : 1 :   7   11  VP    
 14 : 1 :   7    8  VP           14 : 0 :   7   10  VP    
 15 : 1 :   8    9  NP           15 : 1 :   7    8  VP    
 16 : 0 :   9   11  VP           16 : 1 :   8    9  NP    
 17 : 0 :   9   10  NP           17 : 1 :   9   10  VP    
 18 : 1 :   9   10  VP           18 : 1 :  10   11  ADVP  
 19 : 1 :  10   11  ADVP         19 : 1 :  11   12  C     
 20 : 1 :  11   12  C            20 : 1 :  12   20  S     
 21 : 1 :  12   20  S            21 : 1 :  12   20  IP    
 22 : 1 :  12   20  IP           22 : 1 :  12   13  NP    
 23 : 1 :  12   13  NP           23 : 1 :  13   20  VP    
 24 : 1 :  13   20  VP           24 : 0 :  13   17  VP    
 25 : 1 :  13   14  VP           25 : 1 :  13   14  VP    
 26 : 1 :  14   15  ADVP         26 : 1 :  14   15  ADVP  
 27 : 0 :  15   20  IP           27 : 1 :  15   16  TO    
 28 : 1 :  15   16  TO           28 : 1 :  16   17  VP    
 29 : 0 :  16   20  VP           29 : 0 :  17   20  NP    
 30 : 1 :  16   17  VP           30 : 1 :  17   18  NP    
 31 : 1 :  17   18  NP           31 : 1 :  18   20  PP    
 32 : 1 :  18   20  PP           32 : 1 :  18   19  P     
 33 : 1 :  18   19  P            33 : 1 :  19   20  NP    
 34 : 1 :  19   20  NP          

========
   7   19    1    0.00   0.00     0      0    0      0      0     0     0.00
-<1>---(wn1= 18, bn1= 27)-           -<2>---(wn2= 19, bn2= 27)-
  0 : 9 : no      Frímerkjaefni          0 : 9 : no      Frímerkjaefni  
  1 : 9 : fs      frá                    1 : 9 : fs      frá            
  2 : 9 : no      Íslandi                2 : 9 : no      Íslandi        
  3 : 9 : so      hefur                   3 : 9 : so      hefur           
  4 : 9 : so      verið                  4 : 9 : so      verið          
  5 : 9 : so      selt                    5 : 9 : so      selt            
  6 : 9 : fs      fyrir                   6 : 9 : fs      fyrir           
  7 : 9 : eo      um                      7 : 9 : ao      um              
  8 : 9 : no      157_milljónir_króna        8 : 9 : töl    157_milljónir  
  9 : 9 : fs      hjá                    9 : 9 : fs      hjá            
 10 : 9 : lo      sænska                10 : 9 : lo      sænska         
 11 : 9 : no      uppboðshúsinu        11 : 9 : no      uppboðshúsinu 
 12 : 9 : fyrirtæki  Postiljonen_AB         12 : 9 : sérnafn  Postiljonen     
 13 : 9 : fs      í                     13 : 9 : sérnafn  AB              
 14 : 9 : sérnafn  Malmö                 14 : 9 : fs      í              
 15 : 9 : fs      á                     15 : 9 : no      MAlmö          
 16 : 9 : lo      síðustu              16 : 9 : fs      á              
 17 : 9 : no      mánuðum              17 : 9 : lo      síðustu       
                                         18 : 9 : no      mánuðum       

  0 : 9 :   0   18  S0            0 : 9 :   0   19  S0    
  1 : 9 :   0   18  S-MAIN        1 : 9 :   0   19  S-MAIN
  2 : 9 :   0   18  IP            2 : 9 :   0   19  IP    
  3 : 9 :   0    3  NP-SUBJ        3 : 9 :   0    3  NP-SUBJ
  4 : 9 :   1    3  PP            4 : 9 :   1    3  PP    
  5 : 9 :   1    2  P             5 : 9 :   1    2  P     
  6 : 9 :   2    3  NP            6 : 9 :   2    3  NP    
  7 : 9 :   3   18  VP            7 : 9 :   3   19  VP    
  8 : 9 :   3    5  VP-AUX        8 : 9 :   3   16  VP    
  9 : 9 :   3    4  VP            9 : 9 :   3    5  VP    
 10 : 9 :   4    5  VP           10 : 9 :   3    4  VP    
 11 : 9 :   5   18  VP           11 : 9 :   4    5  VP    
 12 : 9 :   5    6  NP-PRD       12 : 9 :   5   16  NP-PRD
 13 : 9 :   5    6  VP           13 : 9 :   5    6  NP-PRD
 14 : 9 :   6    9  PP           14 : 9 :   5    6  VP    
 15 : 9 :   6    7  P            15 : 9 :   6   16  PP    
 16 : 9 :   7    9  NP           16 : 9 :   6    7  P     
 17 : 9 :   9   15  PP-LOC       17 : 9 :   7   16  NP    
 18 : 9 :   9   10  P            18 : 9 :   9   16  PP    
 19 : 9 :  10   15  NP           19 : 9 :   9   10  P     
 20 : 9 :  10   12  NP-TITLE       20 : 9 :  10   16  NP    
 21 : 9 :  13   15  PP-LOC       21 : 9 :  14   16  PP    
 22 : 9 :  13   14  P            22 : 9 :  14   15  P     
 23 : 9 :  14   15  NP           23 : 9 :  15   16  NP    
 24 : 9 :  15   18  ADVP-DUR-REL       24 : 9 :  16   19  ADVP-DUR-REL
 25 : 9 :  15   16  P            25 : 9 :  16   17  P     
 26 : 9 :  16   18  NP           26 : 9 :  17   19  NP    

========
   8   22    0   85.19  92.00    23     27   25      2     19    18    94.74
-<1>---(wn1= 19, bn1= 27)-           -<2>---(wn2= 19, bn2= 25)-
  0 : 1 : no      Bróðir                0 : 1 : no      Bróðir        
  1 : 1 : pfn     hennar                  1 : 1 : pfn     hennar          
  2 : 1 : person  Jónsi                  2 : 1 : person  Jónsi          
  3 : 1 : fs      í                      3 : 1 : fs      í              
  4 : 1 : fyrirtæki  Sigur                   4 : 1 : no      Sigur           
  5 : 0 : fyrirtæki  Rós                    5 : 0 : person  Rós            
  6 : 1 : so      hannar                  6 : 1 : so      hannar          
  7 : 1 : no      ilmvötnin              7 : 1 : no      ilmvötnin      
  8 : 1 : st      en                      8 : 1 : st      en              
  9 : 1 : person  Lilja                   9 : 1 : person  Lilja           
 10 : 1 : so      segir                  10 : 1 : so      segir           
 11 : 1 : pfn     hann                   11 : 1 : pfn     hann            
 12 : 1 : so      vera                   12 : 1 : so      vera            
 13 : 1 : fs      með                   13 : 1 : fs      með            
 14 : 1 : eo      einstaklega            14 : 1 : eo      einstaklega     
 15 : 1 : lo      næmt                  15 : 1 : lo      næmt           
 16 : 1 : st      og                     16 : 1 : st      og              
 17 : 1 : lo      gott                   17 : 1 : lo      gott            
 18 : 1 : no      nef                    18 : 1 : no      nef             

  0 : 1 :   0   19  S0            0 : 1 :   0   19  S0    
  1 : 1 :   0    8  S             1 : 1 :   0    8  S     
  2 : 1 :   0    8  IP            2 : 1 :   0    8  IP    
  3 : 1 :   0    6  NP            3 : 1 :   0    6  NP    
  4 : 0 :   0    2  NP            4 : 1 :   1    2  NP    
  5 : 1 :   1    2  NP            5 : 1 :   3    6  PP    
  6 : 1 :   3    6  PP            6 : 1 :   3    4  P     
  7 : 1 :   3    4  P             7 : 1 :   4    6  NP    
  8 : 1 :   4    6  NP            8 : 1 :   6    8  VP    
  9 : 1 :   6    8  VP            9 : 1 :   6    7  VP    
 10 : 1 :   6    7  VP           10 : 1 :   7    8  NP    
 11 : 1 :   7    8  NP           11 : 1 :   8    9  C     
 12 : 1 :   8    9  C            12 : 1 :   9   19  S     
 13 : 1 :   9   19  S            13 : 1 :   9   19  IP    
 14 : 1 :   9   19  IP           14 : 1 :   9   10  NP    
 15 : 1 :   9   10  NP           15 : 1 :  10   19  VP    
 16 : 1 :  10   19  VP           16 : 0 :  10   13  VP    
 17 : 1 :  10   11  VP           17 : 1 :  10   11  VP    
 18 : 0 :  11   19  IP           18 : 0 :  11   13  IP    
 19 : 1 :  11   12  NP           19 : 1 :  11   12  NP    
 20 : 0 :  12   19  VP           20 : 1 :  12   13  VP    
 21 : 1 :  12   13  VP           21 : 1 :  13   19  PP    
 22 : 1 :  13   19  PP           22 : 1 :  13   14  P     
 23 : 1 :  13   14  P            23 : 1 :  14   19  NP    
 24 : 1 :  14   19  NP           24 : 1 :  16   17  C     
 25 : 0 :  15   18  ADJP        
 26 : 1 :  16   17  C           

========
   9   21    0   66.67  55.56    20     30   36     13     19    16    84.21
-<1>---(wn1= 19, bn1= 30)-           -<2>---(wn2= 19, bn2= 36)-
  0 : 1 : fs      Samkvæmt               0 : 1 : fs      Samkvæmt       
  1 : 1 : no      lögum                  1 : 1 : no      lögum          
  2 : 1 : so      á                      2 : 1 : so      á              
  3 : 1 : fn      slíkur                 3 : 1 : fn      slíkur         
  4 : 1 : no      dýralæknir            4 : 1 : no      dýralæknir    
  5 : 1 : nhm     að                     5 : 1 : nhm     að             
  6 : 1 : so      vera                    6 : 1 : so      vera            
  7 : 1 : lo      viðstaddur             7 : 1 : lo      viðstaddur     
  8 : 0 : st      fyrir                   8 : 0 : ao      fyrir           
  9 : 0 : st      á_meðan               9 : 0 : ao      á_meðan       
 10 : 1 : st      og                     10 : 1 : st      og              
 11 : 0 : st      eftir                  11 : 0 : fs      eftir           
 12 : 1 : no      slátrun               12 : 1 : no      slátrun        
 13 : 1 : so      stendur                13 : 1 : so      stendur         
 14 : 1 : fs      til                    14 : 1 : fs      til             
 15 : 1 : nhm     að                    15 : 1 : nhm     að             
 16 : 1 : so      tryggja                16 : 1 : so      tryggja         
 17 : 1 : no      gæði                 17 : 1 : no      gæði          
 18 : 1 : no      kjötsins              18 : 1 : no      kjötsins       

  0 : 1 :   0   19  S0            0 : 1 :   0   19  S0    
  1 : 0 :   0   19  S             1 : 0 :   0    9  S     
  2 : 0 :   0   19  IP            2 : 0 :   0    9  IP    
  3 : 1 :   0    2  PP            3 : 1 :   0    2  PP    
  4 : 1 :   0    1  P             4 : 1 :   0    1  P     
  5 : 1 :   1    2  NP            5 : 1 :   1    2  NP    
  6 : 0 :   2   19  VP            6 : 0 :   2    9  VP    
  7 : 1 :   2    3  VP            7 : 1 :   2    3  VP    
  8 : 1 :   3    5  NP            8 : 1 :   3    5  NP    
  9 : 0 :   5   19  IP            9 : 0 :   5    9  IP    
 10 : 1 :   5    6  TO           10 : 1 :   5    6  TO    
 11 : 0 :   6   19  VP           11 : 0 :   6    9  VP    
 12 : 1 :   6    7  VP           12 : 1 :   6    7  VP    
 13 : 1 :   7    8  NP           13 : 0 :   7    9  NP    
 14 : 0 :   8   14  CP           14 : 1 :   7    8  NP    
 15 : 0 :   8    9  C            15 : 0 :   8    9  ADVP  
 16 : 0 :   9   10  C            16 : 0 :   9   19  S     
 17 : 1 :  10   11  C            17 : 0 :   9   19  IP    
 18 : 0 :  11   12  C            18 : 0 :   9   19  VP    
 19 : 0 :  12   14  IP           19 : 0 :   9   19  IP    
 20 : 1 :  12   13  NP           20 : 0 :   9   19  VP    
 21 : 1 :  13   14  VP           21 : 0 :   9   10  ADVP  
 22 : 1 :  14   19  PP           22 : 1 :  10   11  C     
 23 : 1 :  14   15  P            23 : 0 :  11   13  PP    
 24 : 1 :  15   19  IP           24 : 0 :  11   12  P     
 25 : 1 :  15   16  TO           25 : 1 :  12   13  NP    
 26 : 1 :  16   19  VP           26 : 0 :  13   19  VP    
 27 : 1 :  16   17  VP           27 : 1 :  13   14  VP    
 28 : 1 :  17   19  NP           28 : 1 :  14   19  PP    
 29 : 1 :  18   19  NP           29 : 1 :  14   15  P     
                                 30 : 1 :  15   19  IP    
                                 31 : 1 :  15   16  TO    
                                 32 : 1 :  16   19  VP    
                                 33 : 1 :  16   17  VP    
                                 34 : 1 :  17   19  NP    
                                 35 : 1 :  18   19  NP    

========
  10   22    1    0.00   0.00     0      0    0      0      0     0     0.00
-<1>---(wn1= 18, bn1= 23)-           -<2>---(wn2= 16, bn2= 20)-
  0 : 9 : uh      Já                     0 : 9 : uh      Já             
  1 : 9 : uh      já                     1 : 9 : uh      já             
  2 : 9 : fn      þetta                  2 : 9 : fn      þetta          
  3 : 9 : so      er                      3 : 9 : so      er              
  4 : 9 : lo      flest                   4 : 9 : lo      flest           
  5 : 9 : ao      meira                   5 : 9 : eo      meira_og_minna  
  6 : 9 : st      og                      6 : 9 : lo      samtvinnað     
  7 : 9 : ao      minna                   7 : 9 : fs      úr             
  8 : 9 : so      samtvinnað             8 : 9 : no      trúarpælingum 
  9 : 9 : fs      úr                     9 : 9 : st      og              
 10 : 9 : no      trúarpælingum        10 : 9 : no      Biblíunni      
 11 : 9 : st      og                     11 : 9 : stt     sem             
 12 : 9 : sérnafn  Biblíunni             12 : 9 : so      er              
 13 : 9 : stt     sem                    13 : 9 : eo      afar            
 14 : 9 : so      er                     14 : 9 : lo      merkileg        
 15 : 9 : eo      afar                   15 : 9 : no      þjóðfræðiheimild
 16 : 9 : lo      merkileg              
 17 : 9 : no      þjóðfræðiheimild      

  0 : 9 :   0   18  S0            0 : 9 :   0   16  S0    
  1 : 9 :   0    2  S-PREFIX        1 : 9 :   2   16  S-MAIN
  2 : 9 :   2   18  S-MAIN        2 : 9 :   2   16  IP    
  3 : 9 :   2   18  IP            3 : 9 :   2    3  NP-SUBJ
  4 : 9 :   2    3  NP-SUBJ        4 : 9 :   3   16  VP    
  5 : 9 :   3   18  VP            5 : 9 :   3    5  VP    
  6 : 9 :   3    4  VP-AUX        6 : 9 :   3    4  VP    
  7 : 9 :   4    5  NP            7 : 9 :   4    5  NP-PRD
  8 : 9 :   5    8  ADVP          8 : 9 :   5    7  NP-PRD
  9 : 9 :   6    7  C             9 : 9 :   5    6  ADVP  
 10 : 9 :   8   18  VP           10 : 9 :   7   16  PP    
 11 : 9 :   8    9  NP-PRD       11 : 9 :   7    8  P     
 12 : 9 :   8    9  VP           12 : 9 :   8   16  NP    
 13 : 9 :   9   18  PP           13 : 9 :   9   10  C     
 14 : 9 :   9   10  P            14 : 9 :  11   16  CP-REL
 15 : 9 :  10   18  NP           15 : 9 :  11   12  C     
 16 : 9 :  11   12  C            16 : 9 :  12   16  IP    
 17 : 9 :  13   18  CP-REL       17 : 9 :  12   16  VP    
 18 : 9 :  13   14  C            18 : 9 :  12   13  VP    
 19 : 9 :  14   18  IP           19 : 9 :  13   16  NP-PRD
 20 : 9 :  14   18  VP          
 21 : 9 :  14   15  VP          
 22 : 9 :  15   18  NP-PRD      

========
============================================================================
                 75.20  73.41    185   246   252     41    158   150    94.94
=== Summary ===

-- All --
Number of sentence        =     10
Number of Error sentence  =      2
Number of Skip  sentence  =      0
Number of Valid sentence  =      8
Bracketing Recall         =  75.20
Bracketing Precision      =  73.41
Bracketing FMeasure       =  74.30
Complete match            =   0.00
Average crossing          =   5.12
No crossing               =   0.00
2 or less crossing        =  62.50
Tagging accuracy          =  94.94

-- len<=100 --
Number of sentence        =     10
Number of Error sentence  =      2
Number of Skip  sentence  =      0
Number of Valid sentence  =      8
Bracketing Recall         =  75.20
Bracketing Precision      =  73.41
Bracketing FMeasure       =  74.30
Complete match            =   0.00
Average crossing          =   5.12
No crossing               =   0.00
2 or less crossing        =  62.50
Tagging accuracy          =  94.94
