  Sent.                        Matched  Bracket   Cross        Correct Tag
 ID  Len.  Stat. Recal  Prec.  Bracket gold test Bracket Words  Tags Accracy
============================================================================
   1    5    0  100.00 100.00     7      7    7      0      4     4   100.00
-<1>---(wn1=  4, bn1=  7)-           -<2>---(wn2=  4, bn2=  7)-
  0 : 1 : fn      Þetta                  0 : 1 : fn      Þetta          
  1 : 1 : so      er                      1 : 1 : so      er              
  2 : 1 : lo      geggjuð                2 : 1 : lo      geggjuð        
  3 : 1 : no      bók                    3 : 1 : no      bók            

  0 : 1 :   0    4  S0            0 : 1 :   0    4  S0    
  1 : 1 :   0    4  S             1 : 1 :   0    4  S     
  2 : 1 :   0    4  IP            2 : 1 :   0    4  IP    
  3 : 1 :   0    1  NP            3 : 1 :   0    1  NP    
  4 : 1 :   1    4  VP            4 : 1 :   1    4  VP    
  5 : 1 :   1    2  VP            5 : 1 :   1    2  VP    
  6 : 1 :   2    4  NP            6 : 1 :   2    4  NP    

========
   2    5    0  100.00 100.00     8      8    8      0      4     4   100.00
-<1>---(wn1=  4, bn1=  8)-           -<2>---(wn2=  4, bn2=  8)-
  0 : 1 : no      Tungumálaörðugleikar        0 : 1 : no      Tungumálaörðugleikar
  1 : 1 : so      hjálpi                 1 : 1 : so      hjálpi         
  2 : 1 : ao      ekki                    2 : 1 : ao      ekki            
  3 : 1 : ao      fyrir                   3 : 1 : ao      fyrir           

  0 : 1 :   0    4  S0            0 : 1 :   0    4  S0    
  1 : 1 :   0    4  S             1 : 1 :   0    4  S     
  2 : 1 :   0    4  IP            2 : 1 :   0    4  IP    
  3 : 1 :   0    1  NP            3 : 1 :   0    1  NP    
  4 : 1 :   1    4  VP            4 : 1 :   1    4  VP    
  5 : 1 :   1    2  VP            5 : 1 :   1    2  VP    
  6 : 1 :   2    3  ADVP          6 : 1 :   2    3  ADVP  
  7 : 1 :   3    4  ADVP          7 : 1 :   3    4  ADVP  

========
   3    4    0  100.00 100.00     7      7    7      0      3     3   100.00
-<1>---(wn1=  3, bn1=  7)-           -<2>---(wn2=  3, bn2=  7)-
  0 : 1 : fn      Þetta                  0 : 1 : fn      Þetta          
  1 : 1 : so      er                      1 : 1 : so      er              
  2 : 1 : lo      geðveikt               2 : 1 : lo      geðveikt       

  0 : 1 :   0    3  S0            0 : 1 :   0    3  S0    
  1 : 1 :   0    3  S             1 : 1 :   0    3  S     
  2 : 1 :   0    3  IP            2 : 1 :   0    3  IP    
  3 : 1 :   0    1  NP            3 : 1 :   0    1  NP    
  4 : 1 :   1    3  VP            4 : 1 :   1    3  VP    
  5 : 1 :   1    2  VP            5 : 1 :   1    2  VP    
  6 : 1 :   2    3  NP            6 : 1 :   2    3  NP    

========
   4    5    0   85.71 100.00     6      7    6      0      3     3   100.00
-<1>---(wn1=  3, bn1=  7)-           -<2>---(wn2=  3, bn2=  6)-
  0 : 1 : person  Kristín_Björgvins        0 : 1 : person  Kristín_Björgvins
  1 : 1 : so      brosti                  1 : 1 : so      brosti          
  2 : 1 : lo      grjóthörð            2 : 1 : lo      grjóthörð    

  0 : 1 :   0    3  S0            0 : 1 :   0    3  S0    
  1 : 1 :   0    3  S             1 : 1 :   0    3  S     
  2 : 1 :   0    3  IP            2 : 1 :   0    3  IP    
  3 : 1 :   0    1  NP            3 : 1 :   0    1  NP    
  4 : 0 :   1    3  VP            4 : 1 :   1    2  VP    
  5 : 1 :   1    2  VP            5 : 1 :   2    3  NP    
  6 : 1 :   2    3  NP          

========
   5    6    0   25.00 100.00     2      8    2      0      6     0     0.00
-<1>---(wn1=  6, bn1=  8)-           -<2>---(wn2=  6, bn2=  2)-
  0 : 0 : eo      Yfir                    0 : 0 : x       Yfir            
  1 : 0 : tala    100                     1 : 0 : x       100             
  2 : 0 : no      kílóum                2 : 0 : x       kílóum        
  3 : 0 : fs      af                      3 : 0 : x       af              
  4 : 0 : no      farangri                4 : 0 : x       farangri        
  5 : 0 : so      rænt                   5 : 0 : x       rænt           

  0 : 1 :   0    6  S0            0 : 1 :   0    6  S0    
  1 : 1 :   0    6  S             1 : 1 :   0    6  S     
  2 : 0 :   0    6  IP          
  3 : 0 :   0    5  NP          
  4 : 0 :   3    5  PP          
  5 : 0 :   3    4  P           
  6 : 0 :   4    5  NP          
  7 : 0 :   5    6  VP          

========
   6    6    0  100.00 100.00    10     10   10      0      5     5   100.00
-<1>---(wn1=  5, bn1= 10)-           -<2>---(wn2=  5, bn2= 10)-
  0 : 1 : sérnafn  Haukar                  0 : 1 : no      Haukar          
  1 : 1 : so      hafa                    1 : 1 : so      hafa            
  2 : 1 : so      fundið                 2 : 1 : so      fundið         
  3 : 1 : no      arftaka                 3 : 1 : no      arftaka         
  4 : 1 : pfn     hans                    4 : 1 : pfn     hans            

  0 : 1 :   0    5  S0            0 : 1 :   0    5  S0    
  1 : 1 :   0    5  S             1 : 1 :   0    5  S     
  2 : 1 :   0    5  IP            2 : 1 :   0    5  IP    
  3 : 1 :   0    1  NP            3 : 1 :   0    1  NP    
  4 : 1 :   1    5  VP            4 : 1 :   1    5  VP    
  5 : 1 :   1    2  VP            5 : 1 :   1    2  VP    
  6 : 1 :   2    5  VP            6 : 1 :   2    5  VP    
  7 : 1 :   2    3  VP            7 : 1 :   2    3  VP    
  8 : 1 :   3    5  NP            8 : 1 :   3    5  NP    
  9 : 1 :   4    5  NP            9 : 1 :   4    5  NP    

========
   7    6    0   18.18 100.00     2     11    2      0      6     0     0.00
-<1>---(wn1=  6, bn1= 11)-           -<2>---(wn2=  6, bn2=  2)-
  0 : 0 : lo      Fátækustu             0 : 0 : x       Fátækustu     
  1 : 0 : so      bera                    1 : 0 : x       bera            
  2 : 0 : lo      meiri                   2 : 0 : x       meiri           
  3 : 0 : no      byrðar                 3 : 0 : x       byrðar         
  4 : 0 : st      en                      4 : 0 : x       en              
  5 : 0 : lo      ríkustu                5 : 0 : x       ríkustu        

  0 : 1 :   0    6  S0            0 : 1 :   0    6  S0    
  1 : 1 :   0    6  S             1 : 1 :   0    6  S     
  2 : 0 :   0    6  IP          
  3 : 0 :   0    1  NP          
  4 : 0 :   1    6  VP          
  5 : 0 :   1    2  VP          
  6 : 0 :   2    6  NP          
  7 : 0 :   4    6  CP          
  8 : 0 :   4    5  C           
  9 : 0 :   5    6  IP          
 10 : 0 :   5    6  NP          

========
   8    6    0   85.71  85.71     6      7    7      0      5     5   100.00
-<1>---(wn1=  5, bn1=  7)-           -<2>---(wn2=  5, bn2=  7)-
  0 : 1 : ao      Hvert                   0 : 1 : ao      Hvert           
  1 : 1 : so      fór                    1 : 1 : so      fór            
  2 : 1 : fn      allt                    2 : 1 : fn      allt            
  3 : 1 : fn      þetta                  3 : 1 : fn      þetta          
  4 : 1 : no      fylgi                   4 : 1 : no      fylgi           

  0 : 1 :   0    5  S0            0 : 1 :   0    5  S0    
  1 : 1 :   0    5  S             1 : 1 :   0    5  S     
  2 : 0 :   0    5  IP            2 : 1 :   0    1  ADVP  
  3 : 1 :   0    1  ADVP          3 : 0 :   1    5  IP    
  4 : 1 :   1    5  VP            4 : 1 :   1    5  VP    
  5 : 1 :   1    2  VP            5 : 1 :   1    2  VP    
  6 : 1 :   2    5  NP            6 : 1 :   2    5  NP    

========
   9    5    0   88.89  88.89     8      9    9      0      4     4   100.00
-<1>---(wn1=  4, bn1=  9)-           -<2>---(wn2=  4, bn2=  9)-
  0 : 1 : fn      Hvað                   0 : 1 : fn      Hvað           
  1 : 1 : so      verður                 1 : 1 : so      verður         
  2 : 1 : fs      um                      2 : 1 : fs      um              
  3 : 1 : no      orkupakkann             3 : 1 : no      orkupakkann     

  0 : 1 :   0    4  S0            0 : 1 :   0    4  S0    
  1 : 1 :   0    4  S             1 : 1 :   0    4  S     
  2 : 0 :   0    4  IP            2 : 1 :   0    1  NP    
  3 : 1 :   0    1  NP            3 : 0 :   1    4  IP    
  4 : 1 :   1    4  VP            4 : 1 :   1    4  VP    
  5 : 1 :   1    2  VP            5 : 1 :   1    2  VP    
  6 : 1 :   2    4  PP            6 : 1 :   2    4  PP    
  7 : 1 :   2    3  P             7 : 1 :   2    3  P     
  8 : 1 :   3    4  NP            8 : 1 :   3    4  NP    

========
  10    5    1    0.00   0.00     0      0    0      0      0     0     0.00
-<1>---(wn1=  4, bn1=  7)-           -<2>---(wn2=  5, bn2=  9)-
  0 : 9 : no      Þetta                  0 : 9 : ao      Þetta          
  1 : 9 : so      segir                   1 : 9 : so      segir           
  2 : 9 : entity  Sky_Sports              2 : 9 : sérnafn  Sky             
  3 : 9 : no      fréttastofan           3 : 9 : no      Sports          
                                          4 : 9 : no      fréttastofan   

  0 : 9 :   0    4  S0            0 : 9 :   0    5  S0    
  1 : 9 :   0    4  S-MAIN        1 : 9 :   0    5  S-MAIN
  2 : 9 :   0    4  IP            2 : 9 :   0    5  IP    
  3 : 9 :   0    1  NP-OBJ        3 : 9 :   0    1  ADVP  
  4 : 9 :   1    4  VP            4 : 9 :   1    5  VP    
  5 : 9 :   1    2  VP            5 : 9 :   1    2  VP    
  6 : 9 :   2    4  NP-SUBJ        6 : 9 :   2    5  NP-SUBJ
                                  7 : 9 :   2    4  NP-POSS
                                  8 : 9 :   2    3  NP-PREFIX

========
============================================================================
                 75.68  96.55     56    74    58      0     40    28    70.00
=== Summary ===

-- All --
Number of sentence        =     10
Number of Error sentence  =      1
Number of Skip  sentence  =      0
Number of Valid sentence  =      9
Bracketing Recall         =  75.68
Bracketing Precision      =  96.55
Bracketing FMeasure       =  84.85
Complete match            =  44.44
Average crossing          =   0.00
No crossing               = 100.00
2 or less crossing        = 100.00
Tagging accuracy          =  70.00

-- len<=100 --
Number of sentence        =     10
Number of Error sentence  =      1
Number of Skip  sentence  =      0
Number of Valid sentence  =      9
Bracketing Recall         =  75.68
Bracketing Precision      =  96.55
Bracketing FMeasure       =  84.85
Complete match            =  44.44
Average crossing          =   0.00
No crossing               = 100.00
2 or less crossing        = 100.00
Tagging accuracy          =  70.00
