  Sent.                        Matched  Bracket   Cross        Correct Tag
 ID  Len.  Stat. Recal  Prec.  Bracket gold test Bracket Words  Tags Accracy
============================================================================
   1   18    0   65.52  70.37    19     29   27      2     16    16   100.00
-<1>---(wn1= 16, bn1= 29)-           -<2>---(wn2= 16, bn2= 27)-
  0 : 1 : pfn     Hann                    0 : 1 : pfn     Hann            
  1 : 1 : so      er                      1 : 1 : so      er              
  2 : 1 : lo      góður                 2 : 1 : lo      góður         
  3 : 1 : fs      fyrir                   3 : 1 : fs      fyrir           
  4 : 1 : no      deildina                4 : 1 : no      deildina        
  5 : 1 : st      en                      5 : 1 : st      en              
  6 : 1 : pfn     hann                    6 : 1 : pfn     hann            
  7 : 1 : so      mun                     7 : 1 : so      mun             
  8 : 1 : so      snúa                   8 : 1 : so      snúa           
  9 : 1 : ao      aftur                   9 : 1 : ao      aftur           
 10 : 1 : fs      í                     10 : 1 : fs      í              
 11 : 1 : lo      ensku                  11 : 1 : lo      ensku           
 12 : 1 : no      úrvalsdeildina        12 : 1 : no      úrvalsdeildina 
 13 : 1 : so      bætti                 13 : 1 : so      bætti          
 14 : 1 : person  Raiola                 14 : 1 : no      Raiola          
 15 : 1 : ao      við                   15 : 1 : ao      við            

  0 : 1 :   0   16  S0            0 : 1 :   0   16  S0    
  1 : 0 :   0   16  S             1 : 0 :   0    5  S     
  2 : 0 :   0   16  IP            2 : 1 :   0    5  IP    
  3 : 0 :   0    5  CP            3 : 1 :   0    1  NP    
  4 : 1 :   0    5  IP            4 : 1 :   1    5  VP    
  5 : 1 :   0    1  NP            5 : 1 :   1    2  VP    
  6 : 1 :   1    5  VP            6 : 1 :   2    5  NP    
  7 : 1 :   1    2  VP            7 : 0 :   2    3  NP    
  8 : 1 :   2    5  NP            8 : 1 :   3    5  PP    
  9 : 1 :   3    5  PP            9 : 1 :   3    4  P     
 10 : 1 :   3    4  P            10 : 1 :   4    5  NP    
 11 : 1 :   4    5  NP           11 : 1 :   5    6  C     
 12 : 1 :   5    6  C            12 : 0 :   6   16  S     
 13 : 0 :   6   13  CP           13 : 0 :   6   16  IP    
 14 : 0 :   6   13  IP           14 : 1 :   6    7  NP    
 15 : 1 :   6    7  NP           15 : 0 :   7   16  VP    
 16 : 0 :   7   13  VP           16 : 0 :   7    9  VP    
 17 : 1 :   7    8  VP           17 : 1 :   7    8  VP    
 18 : 0 :   8   13  VP           18 : 1 :   8    9  VP    
 19 : 1 :   8    9  VP           19 : 0 :   9   13  PP    
 20 : 1 :   9   10  ADVP         20 : 1 :   9   10  ADVP  
 21 : 0 :  10   13  PP           21 : 1 :  10   11  P     
 22 : 1 :  10   11  P            22 : 1 :  11   13  NP    
 23 : 1 :  11   13  NP           23 : 0 :  13   15  VP    
 24 : 0 :  13   16  CP           24 : 1 :  13   14  VP    
 25 : 0 :  13   16  VP           25 : 1 :  14   15  NP    
 26 : 1 :  13   14  VP           26 : 1 :  15   16  ADVP  
 27 : 1 :  14   15  NP          
 28 : 1 :  15   16  ADVP        

========
   2   23    0   50.00  51.35    19     38   37     10     22    20    90.91
-<1>---(wn1= 22, bn1= 38)-           -<2>---(wn2= 22, bn2= 37)-
  0 : 0 : nhm     Að                     0 : 0 : st      Að             
  1 : 0 : so      ræða                  1 : 0 : lo      ræða          
  2 : 1 : no      kynferðisbrot          2 : 1 : no      kynferðisbrot  
  3 : 1 : fs      á                      3 : 1 : fs      á              
  4 : 1 : lo      opinskáan              4 : 1 : lo      opinskáan      
  5 : 1 : no      hátt                   5 : 1 : no      hátt           
  6 : 1 : so      er                      6 : 1 : so      er              
  7 : 1 : lo      eitt                    7 : 1 : lo      eitt            
  8 : 1 : fs      af                      8 : 1 : fs      af              
  9 : 1 : pfn     því                   9 : 1 : fn      því           
 10 : 1 : stt     sem                    10 : 1 : stt     sem             
 11 : 1 : so      hjálpað              11 : 1 : so      hjálpað       
 12 : 1 : so      getur                  12 : 1 : so      getur           
 13 : 1 : no      fórnarlömbum         13 : 1 : no      fórnarlömbum  
 14 : 1 : nhm     að                    14 : 1 : nhm     að             
 15 : 1 : so      skila                  15 : 1 : so      skila           
 16 : 1 : no      skömminni             16 : 1 : no      skömminni      
 17 : 1 : ao      þangað               17 : 1 : ao      þangað        
 18 : 1 : stt     sem                    18 : 1 : st      sem             
 19 : 1 : pfn     hún                   19 : 1 : pfn     hún            
 20 : 1 : so      á                     20 : 1 : so      á              
 21 : 1 : ao      heima                  21 : 1 : ao      heima           

  0 : 1 :   0   22  S0            0 : 1 :   0   22  S0    
  1 : 1 :   0   22  S             1 : 1 :   0   22  S     
  2 : 1 :   0   22  IP            2 : 1 :   0   22  IP    
  3 : 0 :   0    6  NP            3 : 0 :   0   20  NP    
  4 : 0 :   0    6  IP            4 : 0 :   0   20  CP    
  5 : 0 :   0    1  TO            5 : 0 :   0    1  C     
  6 : 0 :   1    6  VP            6 : 0 :   1   20  IP    
  7 : 0 :   1    2  VP            7 : 0 :   1    6  NP    
  8 : 0 :   2    3  NP            8 : 1 :   3    6  PP    
  9 : 1 :   3    6  PP            9 : 1 :   3    4  P     
 10 : 1 :   3    4  P            10 : 1 :   4    6  NP    
 11 : 1 :   4    6  NP           11 : 0 :   6   18  VP    
 12 : 0 :   6   22  VP           12 : 0 :   6   17  VP    
 13 : 1 :   6    7  VP           13 : 1 :   6    7  VP    
 14 : 0 :   7   22  NP           14 : 0 :   7   17  NP    
 15 : 0 :   8   22  PP           15 : 0 :   7    8  NP    
 16 : 1 :   8    9  P            16 : 0 :   8   14  PP    
 17 : 0 :   9   22  NP           17 : 1 :   8    9  P     
 18 : 0 :  10   22  CP           18 : 0 :   9   14  NP    
 19 : 1 :  10   11  C            19 : 0 :  10   14  CP    
 20 : 0 :  11   22  IP           20 : 1 :  10   11  C     
 21 : 0 :  11   22  VP           21 : 0 :  11   14  IP    
 22 : 1 :  11   12  VP           22 : 0 :  11   14  S     
 23 : 1 :  12   13  VP           23 : 0 :  11   14  VP    
 24 : 1 :  13   14  NP           24 : 1 :  11   12  VP    
 25 : 0 :  14   22  IP           25 : 1 :  12   13  VP    
 26 : 1 :  14   15  TO           26 : 1 :  13   14  NP    
 27 : 0 :  15   22  VP           27 : 0 :  14   17  IP    
 28 : 1 :  15   16  VP           28 : 1 :  14   15  TO    
 29 : 1 :  16   17  NP           29 : 0 :  15   17  VP    
 30 : 0 :  17   22  ADVP         30 : 1 :  15   16  VP    
 31 : 0 :  18   22  CP           31 : 1 :  16   17  NP    
 32 : 0 :  18   19  C            32 : 0 :  17   18  ADVP  
 33 : 0 :  19   22  IP           33 : 1 :  19   20  NP    
 34 : 1 :  19   20  NP           34 : 1 :  20   22  VP    
 35 : 1 :  20   22  VP           35 : 1 :  20   21  VP    
 36 : 1 :  20   21  VP           36 : 1 :  21   22  ADVP  
 37 : 1 :  21   22  ADVP        

========
   3   23    0   84.21  82.05    32     38   39      1     22    21    95.45
-<1>---(wn1= 22, bn1= 38)-           -<2>---(wn2= 22, bn2= 39)-
  0 : 1 : st      Og                      0 : 1 : st      Og              
  1 : 1 : pfn     hann                    1 : 1 : pfn     hann            
  2 : 1 : so      er                      2 : 1 : so      er              
  3 : 1 : lo      hreinskilinn            3 : 1 : lo      hreinskilinn    
  4 : 1 : st      þegar                  4 : 1 : st      þegar          
  5 : 1 : pfn     hann                    5 : 1 : pfn     hann            
  6 : 1 : so      er                      6 : 1 : so      er              
  7 : 1 : so      spurður                7 : 1 : so      spurður        
  8 : 1 : st      hvort                   8 : 1 : st      hvort           
  9 : 1 : no      fjarvera                9 : 1 : no      fjarvera        
 10 : 1 : lo      íslenskra             10 : 1 : lo      íslenskra      
 11 : 1 : no      ráðamanna            11 : 1 : no      ráðamanna     
 12 : 1 : fs      á                     12 : 1 : fs      á              
 13 : 0 : abbrev  HM                     13 : 0 : no      HM              
 14 : 1 : fs      í                     14 : 1 : fs      í              
 15 : 1 : no      sumar                  15 : 1 : no      sumar           
 16 : 1 : so      muni                   16 : 1 : so      muni            
 17 : 1 : so      setja                  17 : 1 : so      setja           
 18 : 1 : no      mark                   18 : 1 : no      mark            
 19 : 1 : fn      sitt                   19 : 1 : fn      sitt            
 20 : 1 : fs      á                     20 : 1 : fs      á              
 21 : 1 : no      leikmennina            21 : 1 : no      leikmennina     

  0 : 1 :   0   22  S0            0 : 1 :   0   22  S0    
  1 : 1 :   0    1  S             1 : 1 :   0    1  S     
  2 : 1 :   0    1  C             2 : 1 :   0    1  C     
  3 : 1 :   1   22  S             3 : 1 :   1   22  S     
  4 : 1 :   1   22  IP            4 : 1 :   1   22  IP    
  5 : 1 :   1    2  NP            5 : 1 :   1    2  NP    
  6 : 1 :   2   22  VP            6 : 1 :   2   22  VP    
  7 : 1 :   2    3  VP            7 : 0 :   2    4  VP    
  8 : 1 :   3    4  NP            8 : 1 :   2    3  VP    
  9 : 1 :   4   22  CP            9 : 1 :   3    4  NP    
 10 : 1 :   4    5  C            10 : 1 :   4   22  CP    
 11 : 1 :   5   22  IP           11 : 1 :   4    5  C     
 12 : 1 :   5    6  NP           12 : 1 :   5   22  IP    
 13 : 1 :   6   22  VP           13 : 1 :   5    6  NP    
 14 : 1 :   6    7  VP           14 : 1 :   6   22  VP    
 15 : 0 :   7   22  VP           15 : 1 :   6    7  VP    
 16 : 1 :   7    8  NP           16 : 0 :   7   22  NP    
 17 : 1 :   7    8  VP           17 : 1 :   7    8  NP    
 18 : 0 :   8   22  NP           18 : 1 :   7    8  VP    
 19 : 1 :   8   22  CP           19 : 1 :   8   22  CP    
 20 : 0 :   8    9  C            20 : 0 :   8    9  ADVP  
 21 : 1 :   9   22  IP           21 : 1 :   9   22  IP    
 22 : 1 :   9   16  NP           22 : 1 :   9   16  NP    
 23 : 0 :  10   12  NP           23 : 0 :  10   16  NP    
 24 : 1 :  12   16  PP           24 : 1 :  12   16  PP    
 25 : 1 :  12   13  P            25 : 1 :  12   13  P     
 26 : 1 :  13   16  NP           26 : 1 :  13   16  NP    
 27 : 0 :  14   16  ADVP         27 : 0 :  14   16  PP    
 28 : 1 :  14   15  P            28 : 1 :  14   15  P     
 29 : 1 :  15   16  NP           29 : 1 :  15   16  NP    
 30 : 1 :  16   22  VP           30 : 1 :  16   22  VP    
 31 : 1 :  16   17  VP           31 : 0 :  16   20  VP    
 32 : 0 :  17   22  VP           32 : 1 :  16   17  VP    
 33 : 1 :  17   18  VP           33 : 0 :  17   20  VP    
 34 : 1 :  18   20  NP           34 : 1 :  17   18  VP    
 35 : 1 :  20   22  PP           35 : 1 :  18   20  NP    
 36 : 1 :  20   21  P            36 : 1 :  20   22  PP    
 37 : 1 :  21   22  NP           37 : 1 :  20   21  P     
                                 38 : 1 :  21   22  NP    

========
   4   19    0   93.33  87.50    28     30   32      1     18    17    94.44
-<1>---(wn1= 18, bn1= 30)-           -<2>---(wn2= 18, bn2= 32)-
  0 : 1 : no      Verðlaun               0 : 1 : no      Verðlaun       
  1 : 1 : so      voru                    1 : 1 : so      voru            
  2 : 1 : so      veitt                   2 : 1 : so      veitt           
  3 : 1 : fs      fyrir                   3 : 1 : fs      fyrir           
  4 : 1 : no      uppgjafartak            4 : 1 : no      uppgjafartak    
  5 : 1 : no      mótsins                5 : 1 : no      mótsins        
  6 : 1 : st      og                      6 : 1 : st      og              
  7 : 1 : so      hlaut                   7 : 1 : so      hlaut           
  8 : 1 : pfn     þau                    8 : 1 : pfn     þau            
  9 : 1 : person  Jóhann_Ingi_Bjarnason        9 : 1 : person  Jóhann_Ingi_Bjarnason
 10 : 1 : ao      eftir                  10 : 1 : ao      eftir           
 11 : 1 : st      að                    11 : 1 : st      að             
 12 : 1 : pfn     hann                   12 : 1 : pfn     hann            
 13 : 1 : so      náði                 13 : 1 : so      náði          
 14 : 0 : lo      fljúgandi             14 : 0 : so      fljúgandi      
 15 : 1 : no      armlás                15 : 1 : no      armlás         
 16 : 1 : fs      á                     16 : 1 : fs      á              
 17 : 1 : person  Friðjón_Inga_Sigurjónsson       17 : 1 : person  Friðjón_Inga_Sigurjónsson

  0 : 1 :   0   18  S0            0 : 1 :   0   18  S0    
  1 : 1 :   0    6  S             1 : 1 :   0    6  S     
  2 : 1 :   0    6  IP            2 : 1 :   0    6  IP    
  3 : 1 :   0    1  NP            3 : 1 :   0    1  NP    
  4 : 1 :   1    6  VP            4 : 1 :   1    6  VP    
  5 : 1 :   1    2  VP            5 : 0 :   1    3  VP    
  6 : 0 :   2    6  VP            6 : 1 :   1    2  VP    
  7 : 1 :   2    3  NP            7 : 1 :   2    3  NP    
  8 : 1 :   2    3  VP            8 : 1 :   2    3  VP    
  9 : 1 :   3    6  PP            9 : 1 :   3    6  PP    
 10 : 1 :   3    4  P            10 : 1 :   3    4  P     
 11 : 1 :   4    6  NP           11 : 1 :   4    6  NP    
 12 : 1 :   5    6  NP           12 : 1 :   5    6  NP    
 13 : 1 :   6    7  C            13 : 1 :   6    7  C     
 14 : 1 :   7   18  S            14 : 1 :   7   18  S     
 15 : 1 :   7   18  IP           15 : 1 :   7   18  IP    
 16 : 1 :   7   18  VP           16 : 1 :   7   18  VP    
 17 : 1 :   7    8  VP           17 : 1 :   7    8  VP    
 18 : 1 :   8    9  NP           18 : 1 :   8    9  NP    
 19 : 1 :   9   10  NP           19 : 1 :   9   10  NP    
 20 : 1 :  10   18  CP           20 : 1 :  10   18  CP    
 21 : 1 :  10   12  C            21 : 1 :  10   12  C     
 22 : 1 :  12   18  IP           22 : 1 :  12   18  IP    
 23 : 1 :  12   13  NP           23 : 1 :  12   13  NP    
 24 : 1 :  13   18  VP           24 : 1 :  13   18  VP    
 25 : 1 :  13   14  VP           25 : 1 :  13   14  VP    
 26 : 0 :  14   16  NP           26 : 0 :  14   16  VP    
 27 : 1 :  16   18  PP           27 : 0 :  14   15  VP    
 28 : 1 :  16   17  P            28 : 0 :  15   16  NP    
 29 : 1 :  17   18  NP           29 : 1 :  16   18  PP    
                                 30 : 1 :  16   17  P     
                                 31 : 1 :  17   18  NP    

========
   5   22    0   90.00  87.10    27     30   31      2     19    19   100.00
-<1>---(wn1= 19, bn1= 30)-           -<2>---(wn2= 19, bn2= 31)-
  0 : 1 : person  Svanhildur_Sigurjónsdóttir        0 : 1 : person  Svanhildur_Sigurjónsdóttir
  1 : 1 : no      aðstoðardeildarstjóri        1 : 1 : no      aðstoðardeildarstjóri
  2 : 1 : no      bráðalyflækningadeildar        2 : 1 : no      bráðalyflækningadeildar
  3 : 1 : fyrirtæki  Landspítalans          3 : 1 : no      Landspítalans  
  4 : 1 : so      segir                   4 : 1 : so      segir           
  5 : 1 : no      deildina                5 : 1 : no      deildina        
  6 : 1 : so      finna                   6 : 1 : so      finna           
  7 : 1 : ao      gríðarlega            7 : 1 : ao      gríðarlega    
  8 : 1 : fs      fyrir                   8 : 1 : fs      fyrir           
  9 : 1 : fn      því                   9 : 1 : fn      því           
 10 : 1 : st      að                    10 : 1 : st      að             
 11 : 1 : lo      nýútskrifaðir       11 : 1 : lo      nýútskrifaðir
 12 : 1 : no      hjúkrunarfræðingar       12 : 1 : no      hjúkrunarfræðingar
 13 : 1 : so      hafi                   13 : 1 : so      hafi            
 14 : 1 : ao      ekki                   14 : 1 : ao      ekki            
 15 : 1 : so      skilað                15 : 1 : so      skilað         
 16 : 1 : abfn    sér                   16 : 1 : abfn    sér            
 17 : 1 : fs      á                     17 : 1 : fs      á              
 18 : 1 : no      spítalann             18 : 1 : no      spítalann      

  0 : 1 :   0   19  S0            0 : 1 :   0   19  S0    
  1 : 1 :   0   19  S             1 : 1 :   0   19  S     
  2 : 1 :   0   19  IP            2 : 1 :   0   19  IP    
  3 : 1 :   0    4  NP            3 : 1 :   0    4  NP    
  4 : 1 :   1    4  NP            4 : 1 :   1    4  NP    
  5 : 1 :   2    4  NP            5 : 1 :   2    4  NP    
  6 : 1 :   3    4  NP            6 : 1 :   3    4  NP    
  7 : 1 :   4   19  VP            7 : 1 :   4   19  VP    
  8 : 1 :   4    5  VP            8 : 0 :   4    7  VP    
  9 : 0 :   5   19  IP            9 : 1 :   4    5  VP    
 10 : 1 :   5    6  NP           10 : 0 :   5    7  IP    
 11 : 0 :   6   19  VP           11 : 1 :   5    6  NP    
 12 : 1 :   6    7  VP           12 : 1 :   6    7  VP    
 13 : 1 :   7    8  ADVP         13 : 1 :   7    8  ADVP  
 14 : 1 :   8   19  PP           14 : 1 :   8   19  PP    
 15 : 1 :   8    9  P            15 : 1 :   8    9  P     
 16 : 1 :   9   19  NP           16 : 1 :   9   19  NP    
 17 : 1 :  10   19  CP           17 : 1 :  10   19  CP    
 18 : 1 :  10   11  C            18 : 1 :  10   11  C     
 19 : 1 :  11   19  IP           19 : 1 :  11   19  IP    
 20 : 1 :  11   13  NP           20 : 1 :  11   13  NP    
 21 : 1 :  13   19  VP           21 : 1 :  13   19  VP    
 22 : 1 :  13   14  VP           22 : 1 :  13   14  VP    
 23 : 1 :  14   15  ADVP         23 : 0 :  14   19  VP    
 24 : 1 :  15   19  VP           24 : 1 :  14   15  ADVP  
 25 : 1 :  15   16  VP           25 : 1 :  15   19  VP    
 26 : 0 :  16   17  NP           26 : 1 :  15   16  VP    
 27 : 1 :  17   19  PP           27 : 0 :  16   19  NP    
 28 : 1 :  17   18  P            28 : 1 :  17   19  PP    
 29 : 1 :  18   19  NP           29 : 1 :  17   18  P     
                                 30 : 1 :  18   19  NP    

========
   6   23    0   91.43  91.43    32     35   35      1     22    21    95.45
-<1>---(wn1= 22, bn1= 35)-           -<2>---(wn2= 22, bn2= 35)-
  0 : 0 : person  Kristinn                0 : 0 : lo      Kristinn        
  1 : 1 : so      sagði                  1 : 1 : so      sagði          
  2 : 1 : st      að                     2 : 1 : st      að             
  3 : 1 : fn      þeir                   3 : 1 : fn      þeir           
  4 : 1 : no      bræður                4 : 1 : no      bræður        
  5 : 1 : so      hefðu                  5 : 1 : so      hefðu          
  6 : 1 : ao      ekki                    6 : 1 : ao      ekki            
  7 : 1 : ao      alltaf                  7 : 1 : ao      alltaf          
  8 : 1 : so      getað                  8 : 1 : so      getað          
  9 : 1 : so      verið                  9 : 1 : so      verið          
 10 : 1 : fs      í                     10 : 1 : fs      í              
 11 : 1 : no      húsunum               11 : 1 : no      húsunum        
 12 : 1 : fs      við                   12 : 1 : fs      við            
 13 : 1 : lo      nægilegt              13 : 1 : lo      nægilegt       
 14 : 1 : no      eftirlit               14 : 1 : no      eftirlit        
 15 : 1 : st      og                     15 : 1 : st      og              
 16 : 1 : st      að                    16 : 1 : st      að             
 17 : 1 : fn      sumt                   17 : 1 : fn      sumt            
 18 : 1 : so      hefði                 18 : 1 : so      hefði          
 19 : 1 : so      mátt                  19 : 1 : so      mátt           
 20 : 1 : ao      betur                  20 : 1 : ao      betur           
 21 : 1 : so      fara                   21 : 1 : so      fara            

  0 : 1 :   0   22  S0            0 : 1 :   0   22  S0    
  1 : 1 :   0   22  S             1 : 1 :   0   22  S     
  2 : 0 :   0   22  IP            2 : 1 :   0    1  NP    
  3 : 1 :   0    1  NP            3 : 1 :   1   22  VP    
  4 : 1 :   1   22  VP            4 : 1 :   1    2  VP    
  5 : 1 :   1    2  VP            5 : 1 :   2   22  CP    
  6 : 0 :   2   22  NP            6 : 1 :   2    3  C     
  7 : 1 :   2   22  CP            7 : 1 :   3   15  IP    
  8 : 1 :   2    3  C             8 : 1 :   3    5  NP    
  9 : 1 :   3   15  IP            9 : 1 :   5   15  VP    
 10 : 1 :   3    5  NP           10 : 0 :   5   10  VP    
 11 : 1 :   5   15  VP           11 : 1 :   5    9  VP    
 12 : 1 :   5    9  VP           12 : 1 :   5    6  VP    
 13 : 1 :   5    6  VP           13 : 1 :   6    7  ADVP  
 14 : 1 :   6    7  ADVP         14 : 1 :   7    8  ADVP  
 15 : 1 :   7    8  ADVP         15 : 1 :   8    9  VP    
 16 : 1 :   8    9  VP           16 : 1 :   9   10  VP    
 17 : 0 :   9   15  VP           17 : 1 :  10   12  PP    
 18 : 1 :   9   10  VP           18 : 1 :  10   11  P     
 19 : 1 :  10   12  PP           19 : 1 :  11   12  NP    
 20 : 1 :  10   11  P            20 : 1 :  12   15  PP    
 21 : 1 :  11   12  NP           21 : 1 :  12   13  P     
 22 : 1 :  12   15  PP           22 : 1 :  13   15  NP    
 23 : 1 :  12   13  P            23 : 1 :  15   16  C     
 24 : 1 :  13   15  NP           24 : 0 :  16   22  CP    
 25 : 1 :  15   16  C            25 : 1 :  16   17  C     
 26 : 1 :  16   17  C            26 : 1 :  17   22  IP    
 27 : 1 :  17   22  IP           27 : 1 :  17   18  NP    
 28 : 1 :  17   18  NP           28 : 1 :  18   22  VP    
 29 : 1 :  18   22  VP           29 : 1 :  18   20  VP    
 30 : 1 :  18   20  VP           30 : 1 :  18   19  VP    
 31 : 1 :  18   19  VP           31 : 1 :  19   20  VP    
 32 : 1 :  19   20  VP           32 : 0 :  20   22  VP    
 33 : 1 :  20   21  ADVP         33 : 1 :  20   21  ADVP  
 34 : 1 :  21   22  VP           34 : 1 :  21   22  VP    

========
   7   20    0   83.33  86.21    25     30   29      0     18    18   100.00
-<1>---(wn1= 18, bn1= 30)-           -<2>---(wn2= 18, bn2= 29)-
  0 : 1 : pfn     Hann                    0 : 1 : pfn     Hann            
  1 : 1 : so      sagði                  1 : 1 : so      sagði          
  2 : 1 : abfn    sig                     2 : 1 : abfn    sig             
  3 : 1 : fs      úr                     3 : 1 : fs      úr             
  4 : 1 : lo      Breska                  4 : 1 : lo      Breska          
  5 : 1 : no      alpaklúbbnum           5 : 1 : no      alpaklúbbnum   
  6 : 1 : ártal  árið_1877             6 : 1 : ártal  árið_1877     
  7 : 1 : st      og                      7 : 1 : st      og              
  8 : 1 : fs      eftir                   8 : 1 : fs      eftir           
  9 : 1 : pfn     það                   9 : 1 : pfn     það           
 10 : 1 : so      hafa                   10 : 1 : so      hafa            
 11 : 1 : pfn     þeir                  11 : 1 : pfn     þeir           
 12 : 1 : fn      engar                  12 : 1 : fn      engar           
 13 : 1 : no      upplýsingar           13 : 1 : no      upplýsingar    
 14 : 1 : fs      um                     14 : 1 : fs      um              
 15 : 1 : pfn     hann                   15 : 1 : pfn     hann            
 16 : 1 : so      segir                  16 : 1 : so      segir           
 17 : 1 : person  Gerður                17 : 1 : person  Gerður         

  0 : 1 :   0   18  S0            0 : 1 :   0   18  S0    
  1 : 1 :   0   18  S             1 : 1 :   0   18  S     
  2 : 0 :   0   18  IP            2 : 0 :   0   16  CP    
  3 : 0 :   0    7  CP            3 : 1 :   0    7  IP    
  4 : 1 :   0    7  IP            4 : 1 :   0    1  NP    
  5 : 1 :   0    1  NP            5 : 1 :   1    7  VP    
  6 : 1 :   1    7  VP            6 : 0 :   1    3  VP    
  7 : 1 :   1    2  VP            7 : 1 :   1    2  VP    
  8 : 1 :   2    3  NP            8 : 1 :   2    3  NP    
  9 : 1 :   3    6  PP            9 : 1 :   3    6  PP    
 10 : 1 :   3    4  P            10 : 1 :   3    4  P     
 11 : 1 :   4    6  NP           11 : 1 :   4    6  NP    
 12 : 1 :   6    7  ADVP         12 : 1 :   6    7  ADVP  
 13 : 1 :   7    8  C            13 : 1 :   7    8  C     
 14 : 0 :   8   16  CP           14 : 1 :   8   16  IP    
 15 : 1 :   8   16  IP           15 : 0 :   8   10  PP    
 16 : 0 :   8   10  ADVP         16 : 1 :   8    9  P     
 17 : 1 :   8    9  P            17 : 1 :   9   10  NP    
 18 : 1 :   9   10  NP           18 : 1 :  10   16  VP    
 19 : 1 :  10   16  VP           19 : 1 :  10   11  VP    
 20 : 1 :  10   11  VP           20 : 1 :  11   12  NP    
 21 : 1 :  11   12  NP           21 : 1 :  12   16  NP    
 22 : 1 :  12   16  NP           22 : 1 :  14   16  PP    
 23 : 1 :  14   16  PP           23 : 1 :  14   15  P     
 24 : 1 :  14   15  P            24 : 1 :  15   16  NP    
 25 : 1 :  15   16  NP           25 : 1 :  16   18  CP    
 26 : 1 :  16   18  CP           26 : 1 :  16   17  VP    
 27 : 0 :  16   18  VP           27 : 1 :  17   18  NP    
 28 : 1 :  16   17  VP           28 : 0 :  17   18  NP    
 29 : 1 :  17   18  NP          

========
   8   23    0   95.00  95.00    38     40   40      2     21    21   100.00
-<1>---(wn1= 21, bn1= 40)-           -<2>---(wn2= 21, bn2= 40)-
  0 : 1 : to      Tveir                   0 : 1 : to      Tveir           
  1 : 1 : so      eru                     1 : 1 : so      eru             
  2 : 1 : fs      í                      2 : 1 : fs      í              
  3 : 1 : no      haldi                   3 : 1 : no      haldi           
  4 : 1 : lo      norsku                  4 : 1 : lo      norsku          
  5 : 1 : no      lögreglunnar           5 : 1 : no      lögreglunnar   
  6 : 1 : fs      vegna                   6 : 1 : fs      vegna           
  7 : 1 : no      málsins                7 : 1 : no      málsins        
  8 : 1 : fn      annar                   8 : 1 : fn      annar           
  9 : 1 : so      er                      9 : 1 : so      er              
 10 : 1 : so      grunaður              10 : 1 : so      grunaður       
 11 : 1 : fs      um                     11 : 1 : fs      um              
 12 : 1 : no      morð                  12 : 1 : no      morð           
 13 : 1 : st      og                     13 : 1 : st      og              
 14 : 1 : fn      hinn                   14 : 1 : fn      hinn            
 15 : 1 : so      er                     15 : 1 : so      er              
 16 : 1 : so      grunaður              16 : 1 : so      grunaður       
 17 : 1 : fs      um                     17 : 1 : fs      um              
 18 : 1 : nhm     að                    18 : 1 : nhm     að             
 19 : 1 : so      vera                   19 : 1 : so      vera            
 20 : 1 : lo      meðsekur              20 : 1 : lo      meðsekur       

  0 : 1 :   0   21  S0            0 : 1 :   0   21  S0    
  1 : 1 :   0    8  S             1 : 1 :   0    8  S     
  2 : 1 :   0    8  IP            2 : 1 :   0    8  IP    
  3 : 1 :   0    1  NP            3 : 1 :   0    1  NP    
  4 : 1 :   1    8  VP            4 : 1 :   1    8  VP    
  5 : 1 :   1    2  VP            5 : 1 :   1    2  VP    
  6 : 1 :   2    6  PP            6 : 1 :   2    6  PP    
  7 : 1 :   2    3  P             7 : 1 :   2    3  P     
  8 : 1 :   3    6  NP            8 : 1 :   3    6  NP    
  9 : 1 :   4    6  NP            9 : 1 :   4    6  NP    
 10 : 1 :   6    8  PP           10 : 1 :   6    8  PP    
 11 : 1 :   6    7  P            11 : 1 :   6    7  P     
 12 : 1 :   7    8  NP           12 : 1 :   7    8  NP    
 13 : 1 :   8   13  S            13 : 1 :   8   13  S     
 14 : 1 :   8   13  IP           14 : 1 :   8   13  IP    
 15 : 1 :   8    9  NP           15 : 1 :   8    9  NP    
 16 : 1 :   9   13  VP           16 : 1 :   9   13  VP    
 17 : 1 :   9   10  VP           17 : 0 :   9   11  VP    
 18 : 0 :  10   13  VP           18 : 1 :   9   10  VP    
 19 : 1 :  10   11  NP           19 : 1 :  10   11  NP    
 20 : 1 :  10   11  VP           20 : 1 :  10   11  VP    
 21 : 1 :  11   13  PP           21 : 1 :  11   13  PP    
 22 : 1 :  11   12  P            22 : 1 :  11   12  P     
 23 : 1 :  12   13  NP           23 : 1 :  12   13  NP    
 24 : 1 :  13   14  C            24 : 1 :  13   14  C     
 25 : 1 :  14   21  S            25 : 1 :  14   21  S     
 26 : 1 :  14   21  IP           26 : 1 :  14   21  IP    
 27 : 1 :  14   15  NP           27 : 1 :  14   15  NP    
 28 : 1 :  15   21  VP           28 : 1 :  15   21  VP    
 29 : 1 :  15   16  VP           29 : 0 :  15   17  VP    
 30 : 0 :  16   21  VP           30 : 1 :  15   16  VP    
 31 : 1 :  16   17  NP           31 : 1 :  16   17  NP    
 32 : 1 :  16   17  VP           32 : 1 :  16   17  VP    
 33 : 1 :  17   21  PP           33 : 1 :  17   21  PP    
 34 : 1 :  17   18  P            34 : 1 :  17   18  P     
 35 : 1 :  18   21  IP           35 : 1 :  18   21  IP    
 36 : 1 :  18   19  TO           36 : 1 :  18   19  TO    
 37 : 1 :  19   21  VP           37 : 1 :  19   21  VP    
 38 : 1 :  19   20  VP           38 : 1 :  19   20  VP    
 39 : 1 :  20   21  NP           39 : 1 :  20   21  NP    

========
   9   23    0   62.50  68.97    20     32   29      2     22    22   100.00
-<1>---(wn1= 22, bn1= 32)-           -<2>---(wn2= 22, bn2= 29)-
  0 : 1 : pfn     Þeir                   0 : 1 : pfn     Þeir           
  1 : 1 : so      eru                     1 : 1 : so      eru             
  2 : 1 : ao      því                   2 : 1 : eo      því           
  3 : 1 : fn      báðir                 3 : 1 : fn      báðir         
  4 : 1 : lo      jafnir                  4 : 1 : lo      jafnir          
  5 : 1 : fs      með                    5 : 1 : fs      með            
  6 : 1 : no      sex                     6 : 1 : no      sex             
  7 : 1 : no      vinninga                7 : 1 : no      vinninga        
  8 : 1 : fn      hvor                    8 : 1 : fn      hvor            
  9 : 1 : st      og                      9 : 1 : st      og              
 10 : 1 : so      þurfa                 10 : 1 : so      þurfa          
 11 : 1 : nhm     að                    11 : 1 : nhm     að             
 12 : 1 : so      tefla                  12 : 1 : so      tefla           
 13 : 1 : no      atskákir              13 : 1 : no      atskákir       
 14 : 1 : ao      þar                   14 : 1 : ao      þar            
 15 : 1 : st      til                    15 : 1 : st      til             
 16 : 1 : fn      einn                   16 : 1 : fn      einn            
 17 : 1 : pfn     þeirra                17 : 1 : pfn     þeirra         
 18 : 1 : so      stendur                18 : 1 : so      stendur         
 19 : 1 : ao      uppi                   19 : 1 : ao      uppi            
 20 : 1 : stt     sem                    20 : 1 : st      sem             
 21 : 1 : no      sigurvegari            21 : 1 : no      sigurvegari     

  0 : 1 :   0   22  S0            0 : 1 :   0   22  S0    
  1 : 1 :   0   22  S             1 : 1 :   0   22  S     
  2 : 1 :   0   22  IP            2 : 1 :   0   22  IP    
  3 : 1 :   0    1  NP            3 : 1 :   0    1  NP    
  4 : 1 :   1   22  VP            4 : 1 :   1   22  VP    
  5 : 0 :   1    9  VP            5 : 0 :   1    4  VP    
  6 : 1 :   1    2  VP            6 : 1 :   1    2  VP    
  7 : 0 :   2    3  ADVP          7 : 0 :   2    4  NP    
  8 : 0 :   3    4  NP            8 : 0 :   4    5  NP    
  9 : 0 :   4    9  NP            9 : 0 :   5    9  PP    
 10 : 0 :   5    8  PP           10 : 1 :   5    6  P     
 11 : 1 :   5    6  P            11 : 0 :   6    9  NP    
 12 : 0 :   6    8  NP           12 : 0 :   7    8  NP    
 13 : 1 :   9   10  C            13 : 1 :   9   10  C     
 14 : 0 :  10   22  VP           14 : 0 :  10   14  VP    
 15 : 1 :  10   11  VP           15 : 1 :  10   11  VP    
 16 : 0 :  11   22  IP           16 : 1 :  11   12  TO    
 17 : 1 :  11   12  TO           17 : 0 :  12   14  VP    
 18 : 0 :  12   22  VP           18 : 1 :  12   13  VP    
 19 : 1 :  12   13  VP           19 : 1 :  13   14  NP    
 20 : 1 :  13   14  NP           20 : 1 :  14   22  CP    
 21 : 1 :  14   22  CP           21 : 1 :  14   16  C     
 22 : 1 :  14   16  C            22 : 1 :  16   22  IP    
 23 : 1 :  16   22  IP           23 : 1 :  16   18  NP    
 24 : 1 :  16   18  NP           24 : 1 :  17   18  NP    
 25 : 1 :  17   18  NP           25 : 0 :  18   20  VP    
 26 : 0 :  18   22  VP           26 : 1 :  18   19  VP    
 27 : 1 :  18   19  VP           27 : 1 :  19   20  ADVP  
 28 : 1 :  19   20  ADVP         28 : 1 :  21   22  NP    
 29 : 0 :  20   22  CP          
 30 : 0 :  20   21  C           
 31 : 1 :  21   22  NP          

========
  10   22    0   76.32  82.86    29     38   35      3     20    20   100.00
-<1>---(wn1= 20, bn1= 38)-           -<2>---(wn2= 20, bn2= 35)-
  0 : 1 : pfn     Ég                     0 : 1 : pfn     Ég             
  1 : 1 : so      naut                    1 : 1 : so      naut            
  2 : 1 : fn      þess                   2 : 1 : fn      þess           
  3 : 1 : nhm     að                     3 : 1 : nhm     að             
  4 : 1 : so      starfa                  4 : 1 : so      starfa          
  5 : 1 : fs      á                      5 : 1 : fs      á              
  6 : 1 : no      Íslandi                6 : 1 : no      Íslandi        
  7 : 1 : st      og                      7 : 1 : st      og              
  8 : 1 : fn      það                   8 : 1 : fn      það           
  9 : 1 : so      hafa                    9 : 1 : so      hafa            
 10 : 1 : so      verið                 10 : 1 : so      verið          
 11 : 1 : no      forréttindi           11 : 1 : no      forréttindi    
 12 : 1 : nhm     að                    12 : 1 : nhm     að             
 13 : 1 : so      taka                   13 : 1 : so      taka            
 14 : 1 : no      þátt                 14 : 1 : no      þátt          
 15 : 1 : fs      í                     15 : 1 : fs      í              
 16 : 1 : fn      þessu                 16 : 1 : fn      þessu          
 17 : 1 : no      ferðalagi             17 : 1 : no      ferðalagi      
 18 : 1 : so      sagði                 18 : 1 : so      sagði          
 19 : 1 : pfn     hann                   19 : 1 : pfn     hann            

  0 : 1 :   0   20  S0            0 : 1 :   0   20  S0    
  1 : 1 :   0   20  S             1 : 1 :   0   20  S     
  2 : 0 :   0   20  IP            2 : 0 :   0   18  CP    
  3 : 0 :   0    7  CP            3 : 1 :   0    7  IP    
  4 : 1 :   0    7  IP            4 : 1 :   0    1  NP    
  5 : 1 :   0    1  NP            5 : 1 :   1    7  VP    
  6 : 1 :   1    7  VP            6 : 0 :   1    5  VP    
  7 : 1 :   1    2  VP            7 : 1 :   1    2  VP    
  8 : 0 :   2    7  NP            8 : 0 :   2    5  NP    
  9 : 0 :   3    7  IP            9 : 0 :   3    5  IP    
 10 : 1 :   3    4  TO           10 : 1 :   3    4  TO    
 11 : 0 :   4    7  VP           11 : 1 :   4    5  VP    
 12 : 1 :   4    5  VP           12 : 1 :   5    7  PP    
 13 : 1 :   5    7  PP           13 : 1 :   5    6  P     
 14 : 1 :   5    6  P            14 : 1 :   6    7  NP    
 15 : 1 :   6    7  NP           15 : 1 :   7    8  C     
 16 : 1 :   7    8  C            16 : 1 :   8   18  IP    
 17 : 0 :   8   18  CP           17 : 1 :   8    9  NP    
 18 : 1 :   8   18  IP           18 : 1 :   9   18  VP    
 19 : 1 :   8    9  NP           19 : 1 :   9   10  VP    
 20 : 1 :   9   18  VP           20 : 1 :  10   18  VP    
 21 : 1 :   9   10  VP           21 : 1 :  10   11  VP    
 22 : 1 :  10   18  VP           22 : 1 :  11   12  NP    
 23 : 1 :  10   11  VP           23 : 1 :  12   18  IP    
 24 : 1 :  11   12  NP           24 : 1 :  12   13  TO    
 25 : 0 :  12   18  NP           25 : 1 :  13   18  VP    
 26 : 1 :  12   18  IP           26 : 1 :  13   14  VP    
 27 : 1 :  12   13  TO           27 : 0 :  14   18  NP    
 28 : 1 :  13   18  VP           28 : 1 :  15   18  PP    
 29 : 1 :  13   14  VP           29 : 1 :  15   16  P     
 30 : 0 :  14   15  NP           30 : 1 :  16   18  NP    
 31 : 1 :  15   18  PP           31 : 1 :  18   20  CP    
 32 : 1 :  15   16  P            32 : 1 :  18   19  VP    
 33 : 1 :  16   18  NP           33 : 1 :  19   20  NP    
 34 : 1 :  18   20  CP           34 : 0 :  19   20  NP    
 35 : 0 :  18   20  VP          
 36 : 1 :  18   19  VP          
 37 : 1 :  19   20  NP          

========
============================================================================
                 79.12  80.54    269   340   334     24    200   195    97.50
=== Summary ===

-- All --
Number of sentence        =     10
Number of Error sentence  =      0
Number of Skip  sentence  =      0
Number of Valid sentence  =     10
Bracketing Recall         =  79.12
Bracketing Precision      =  80.54
Bracketing FMeasure       =  79.82
Complete match            =   0.00
Average crossing          =   2.40
No crossing               =  10.00
2 or less crossing        =  80.00
Tagging accuracy          =  97.50

-- len<=100 --
Number of sentence        =     10
Number of Error sentence  =      0
Number of Skip  sentence  =      0
Number of Valid sentence  =     10
Bracketing Recall         =  79.12
Bracketing Precision      =  80.54
Bracketing FMeasure       =  79.82
Complete match            =   0.00
Average crossing          =   2.40
No crossing               =  10.00
2 or less crossing        =  80.00
Tagging accuracy          =  97.50
