  Sent.                        Matched  Bracket   Cross        Correct Tag
 ID  Len.  Stat. Recal  Prec.  Bracket gold test Bracket Words  Tags Accracy
============================================================================
   1   15    0   90.91  86.96    20     22   23      1     14    14   100.00
-<1>---(wn1= 14, bn1= 22)-           -<2>---(wn2= 14, bn2= 23)-
  0 : 1 : pfn     Hún                    0 : 1 : pfn     Hún            
  1 : 1 : so      fjallar                 1 : 1 : so      fjallar         
  2 : 1 : ao      einnig                  2 : 1 : ao      einnig          
  3 : 1 : fs      um                      3 : 1 : fs      um              
  4 : 1 : fn      alla                    4 : 1 : fn      alla            
  5 : 1 : fn      þá                    5 : 1 : pfn     þá            
  6 : 1 : lo      helstu                  6 : 1 : lo      helstu          
  7 : 1 : stt     sem                     7 : 1 : stt     sem             
  8 : 1 : so      eiga                    8 : 1 : so      eiga            
  9 : 1 : no      hlut                    9 : 1 : no      hlut            
 10 : 1 : fs      í                     10 : 1 : fs      í              
 11 : 1 : no      árangrinum            11 : 1 : no      árangrinum     
 12 : 1 : fs      með                   12 : 1 : fs      með            
 13 : 1 : pfn     mér                   13 : 1 : pfn     mér            

  0 : 1 :   0   14  S0            0 : 1 :   0   14  S0    
  1 : 1 :   0   14  S             1 : 1 :   0   14  S     
  2 : 1 :   0   14  IP            2 : 1 :   0   14  IP    
  3 : 1 :   0    1  NP            3 : 1 :   0    1  NP    
  4 : 1 :   1   14  VP            4 : 1 :   1   14  VP    
  5 : 1 :   1    2  VP            5 : 1 :   1    2  VP    
  6 : 1 :   2    3  ADVP          6 : 1 :   2    3  ADVP  
  7 : 1 :   3   14  PP            7 : 1 :   3   14  PP    
  8 : 1 :   3    4  P             8 : 1 :   3    4  P     
  9 : 1 :   4   14  NP            9 : 1 :   4   14  NP    
 10 : 1 :   7   14  CP           10 : 1 :   7   14  CP    
 11 : 1 :   7    8  C            11 : 1 :   7    8  C     
 12 : 1 :   8   14  IP           12 : 1 :   8   14  IP    
 13 : 0 :   8   14  VP           13 : 0 :   8   14  S     
 14 : 1 :   8    9  VP           14 : 0 :   8   10  VP    
 15 : 0 :   9   12  NP           15 : 1 :   8    9  VP    
 16 : 1 :  10   12  PP           16 : 0 :   9   10  NP    
 17 : 1 :  10   11  P            17 : 1 :  10   12  PP    
 18 : 1 :  11   12  NP           18 : 1 :  10   11  P     
 19 : 1 :  12   14  PP           19 : 1 :  11   12  NP    
 20 : 1 :  12   13  P            20 : 1 :  12   14  PP    
 21 : 1 :  13   14  NP           21 : 1 :  12   13  P     
                                 22 : 1 :  13   14  NP    

========
   2   15    0   73.91  73.91    17     23   23      2     14    14   100.00
-<1>---(wn1= 14, bn1= 23)-           -<2>---(wn2= 14, bn2= 23)-
  0 : 1 : ao      Neðarlega              0 : 1 : ao      Neðarlega      
  1 : 1 : fs      í                      1 : 1 : fs      í              
  2 : 1 : no      ánni                   2 : 1 : no      ánni           
  3 : 1 : so      var                     3 : 1 : so      var             
  4 : 1 : lo      töluvert               4 : 1 : lo      töluvert       
  5 : 1 : fs      af                      5 : 1 : fs      af              
  6 : 1 : no      fiski                   6 : 1 : no      fiski           
  7 : 1 : fs      í                      7 : 1 : fs      í              
  8 : 1 : sérnafn  Fálkastrengjum         8 : 1 : no      Fálkastrengjum 
  9 : 1 : st      og                      9 : 1 : st      og              
 10 : 1 : so      veiddust               10 : 1 : so      veiddust        
 11 : 1 : ao      þar                   11 : 1 : eo      þar            
 12 : 1 : fn      nokkrir                12 : 1 : fn      nokkrir         
 13 : 1 : no      laxar                  13 : 1 : no      laxar           

  0 : 1 :   0   14  S0            0 : 1 :   0   14  S0    
  1 : 1 :   0    9  S             1 : 1 :   0    9  S     
  2 : 1 :   0    9  IP            2 : 1 :   0    9  IP    
  3 : 0 :   0    3  PP            3 : 1 :   0    1  ADVP  
  4 : 1 :   0    1  ADVP          4 : 0 :   1    3  PP    
  5 : 1 :   1    2  P             5 : 1 :   1    2  P     
  6 : 1 :   2    3  NP            6 : 1 :   2    3  NP    
  7 : 1 :   3    9  VP            7 : 1 :   3    9  VP    
  8 : 1 :   3    4  VP            8 : 1 :   3    4  VP    
  9 : 0 :   4    7  NP            9 : 0 :   4    9  NP    
 10 : 0 :   5    7  PP           10 : 0 :   4    5  NP    
 11 : 1 :   5    6  P            11 : 0 :   5    9  PP    
 12 : 0 :   6    7  NP           12 : 1 :   5    6  P     
 13 : 1 :   7    9  PP           13 : 0 :   6    9  NP    
 14 : 1 :   7    8  P            14 : 1 :   7    9  PP    
 15 : 1 :   8    9  NP           15 : 1 :   7    8  P     
 16 : 1 :   9   10  C            16 : 1 :   8    9  NP    
 17 : 1 :  10   14  S            17 : 1 :   9   10  C     
 18 : 1 :  10   14  IP           18 : 1 :  10   14  S     
 19 : 1 :  10   14  VP           19 : 1 :  10   14  IP    
 20 : 1 :  10   11  VP           20 : 1 :  10   14  VP    
 21 : 0 :  11   12  ADVP         21 : 1 :  10   11  VP    
 22 : 0 :  12   14  NP           22 : 0 :  11   14  NP    

========
   3   15    0   73.68  63.64    14     19   22      5     14    13    92.86
-<1>---(wn1= 14, bn1= 19)-           -<2>---(wn2= 14, bn2= 22)-
  0 : 1 : fs      Á                      0 : 1 : fs      Á              
  1 : 1 : lo      meðfylgjandi           1 : 1 : lo      meðfylgjandi   
  2 : 1 : no      mynd                    2 : 1 : no      mynd            
  3 : 1 : so      má                     3 : 1 : so      má             
  4 : 1 : so      sjá                    4 : 1 : so      sjá            
  5 : 1 : no      verkið                 5 : 1 : no      verkið         
  6 : 0 : lo      Fljúgandi              6 : 0 : so      Fljúgandi      
  7 : 1 : no      teppi                   7 : 1 : no      teppi           
  8 : 1 : fs      með                    8 : 1 : fs      með            
  9 : 1 : sérnafn  Fljótsdalinn           9 : 1 : no      Fljótsdalinn   
 10 : 1 : st      og                     10 : 1 : st      og              
 11 : 1 : sérnafn  Lagarfljót            11 : 1 : no      Lagarfljót     
 12 : 1 : fs      í                     12 : 1 : fs      í              
 13 : 1 : no      baksýn                13 : 1 : no      baksýn         

  0 : 1 :   0   14  S0            0 : 1 :   0   14  S0    
  1 : 1 :   0   14  S             1 : 1 :   0   14  S     
  2 : 1 :   0   14  IP            2 : 1 :   0   14  IP    
  3 : 1 :   0    3  PP            3 : 1 :   0    3  PP    
  4 : 1 :   0    1  P             4 : 1 :   0    1  P     
  5 : 1 :   1    3  NP            5 : 1 :   1    3  NP    
  6 : 1 :   3   14  VP            6 : 1 :   3   14  VP    
  7 : 1 :   3    4  VP            7 : 0 :   3    6  VP    
  8 : 0 :   4    8  VP            8 : 1 :   3    4  VP    
  9 : 1 :   4    5  VP            9 : 0 :   4    6  VP    
 10 : 0 :   5    8  NP           10 : 1 :   4    5  VP    
 11 : 0 :   6    8  NP           11 : 0 :   5    6  NP    
 12 : 0 :   8   14  PP           12 : 0 :   6   12  VP    
 13 : 1 :   8    9  P            13 : 0 :   6    7  VP    
 14 : 0 :   9   14  NP           14 : 0 :   7   12  NP    
 15 : 1 :  10   11  C            15 : 0 :   8   12  PP    
 16 : 1 :  12   14  PP           16 : 1 :   8    9  P     
 17 : 1 :  12   13  P            17 : 0 :   9   12  NP    
 18 : 1 :  13   14  NP           18 : 1 :  10   11  C     
                                 19 : 1 :  12   14  PP    
                                 20 : 1 :  12   13  P     
                                 21 : 1 :  13   14  NP    

========
   4   13    1    0.00   0.00     0      0    0      0      0     0     0.00
-<1>---(wn1= 11, bn1= 17)-           -<2>---(wn2= 13, bn2= 20)-
  0 : 9 : pfn     Hann                    0 : 9 : pfn     Hann            
  1 : 9 : so      er                      1 : 9 : so      er              
  2 : 9 : no      hagfræðingur          2 : 9 : no      hagfræðingur  
  3 : 9 : fs      að                     3 : 9 : fs      að             
  4 : 9 : no      mennt                   4 : 9 : no      mennt           
  5 : 9 : st      og                      5 : 9 : st      og              
  6 : 9 : fs      með                    6 : 9 : fs      með            
  7 : 9 : no      MBA                     7 : 9 : no      MBA             
  8 : 9 : no      gráðu                 8 : 9 : no      gráðu         
  9 : 9 : fs      frá                    9 : 9 : fs      frá            
 10 : 9 : entity  London_Business_School       10 : 9 : entity  London          
                                         11 : 9 : sérnafn  Business        
                                         12 : 9 : no      School          

  0 : 9 :   0   11  S0            0 : 9 :   0   13  S0    
  1 : 9 :   0   11  S-MAIN        1 : 9 :   0   13  S-MAIN
  2 : 9 :   0   11  IP            2 : 9 :   0   13  IP    
  3 : 9 :   0    1  NP-SUBJ        3 : 9 :   0    1  NP-SUBJ
  4 : 9 :   1   11  VP            4 : 9 :   1   13  VP    
  5 : 9 :   1    2  VP            5 : 9 :   1    3  VP    
  6 : 9 :   2    5  NP-PRD        6 : 9 :   1    2  VP    
  7 : 9 :   3    5  PP            7 : 9 :   2    3  NP-PRD
  8 : 9 :   3    4  P             8 : 9 :   3    5  PP    
  9 : 9 :   4    5  NP            9 : 9 :   3    4  P     
 10 : 9 :   5    6  C            10 : 9 :   4    5  NP    
 11 : 9 :   6   11  PP           11 : 9 :   5    6  C     
 12 : 9 :   6    7  P            12 : 9 :   6   13  PP    
 13 : 9 :   7   11  NP           13 : 9 :   6    7  P     
 14 : 9 :   9   11  PP           14 : 9 :   7   13  NP    
 15 : 9 :   9   10  P            15 : 9 :   7    8  NP-PREFIX
 16 : 9 :  10   11  NP-COMPANY       16 : 9 :   9   13  PP    
                                 17 : 9 :   9   10  P     
                                 18 : 9 :  10   13  NP    
                                 19 : 9 :  10   12  NP-PREFIX

========
   5   13    0   71.43  58.82    10     14   17      1     12    12   100.00
-<1>---(wn1= 12, bn1= 14)-           -<2>---(wn2= 12, bn2= 17)-
  0 : 1 : no      Hagsveiflan             0 : 1 : no      Hagsveiflan     
  1 : 1 : eo      hér_á_landi           1 : 1 : eo      hér_á_landi   
  2 : 1 : so      hefur                   2 : 1 : so      hefur           
  3 : 1 : lo      lítil                  3 : 1 : lo      lítil          
  4 : 1 : fs      sem                     4 : 1 : fs      sem             
  5 : 1 : fn      engin                   5 : 1 : fn      engin           
  6 : 1 : no      tengsl                  6 : 1 : no      tengsl          
  7 : 1 : fs      við                    7 : 1 : fs      við            
  8 : 1 : no      hagsveifluna            8 : 1 : no      hagsveifluna    
  9 : 1 : fs      í                      9 : 1 : fs      í              
 10 : 1 : no      kjarnaríkjum          10 : 1 : no      kjarnaríkjum   
 11 : 1 : no      evrusvæðisins        11 : 1 : no      evrusvæðisins 

  0 : 1 :   0   12  S0            0 : 1 :   0   12  S0    
  1 : 1 :   0   12  S             1 : 1 :   0   12  S     
  2 : 1 :   0   12  IP            2 : 1 :   0   12  IP    
  3 : 0 :   0    2  NP            3 : 0 :   0    1  NP    
  4 : 1 :   2   12  VP            4 : 1 :   2   12  VP    
  5 : 1 :   2    3  VP            5 : 1 :   2    3  VP    
  6 : 0 :   3   12  NP            6 : 0 :   3    4  NP    
  7 : 0 :   7   12  PP            7 : 0 :   4    7  PP    
  8 : 1 :   7    8  P             8 : 0 :   4    5  P     
  9 : 0 :   8   12  NP            9 : 0 :   5    7  NP    
 10 : 1 :   9   12  PP           10 : 0 :   7    9  PP    
 11 : 1 :   9   10  P            11 : 1 :   7    8  P     
 12 : 1 :  10   12  NP           12 : 0 :   8    9  NP    
 13 : 1 :  11   12  NP           13 : 1 :   9   12  PP    
                                 14 : 1 :   9   10  P     
                                 15 : 1 :  10   12  NP    
                                 16 : 1 :  11   12  NP    

========
   6   15    0   76.19  80.00    16     21   20      3     14    14   100.00
-<1>---(wn1= 14, bn1= 21)-           -<2>---(wn2= 14, bn2= 20)-
  0 : 1 : so      Skerið                 0 : 1 : so      Skerið         
  1 : 1 : no      pizzuna                 1 : 1 : no      pizzuna         
  2 : 1 : ao      niður                  2 : 1 : ao      niður          
  3 : 1 : st      og                      3 : 1 : st      og              
  4 : 1 : so      berið                  4 : 1 : so      berið          
  5 : 1 : ao      fram                    5 : 1 : ao      fram            
  6 : 1 : fs      með                    6 : 1 : fs      með            
  7 : 1 : no      balsamic                7 : 1 : no      balsamic        
  8 : 1 : no      sírópi                8 : 1 : no      sírópi        
  9 : 1 : st      og                      9 : 1 : st      og              
 10 : 1 : lo      ferskum                10 : 1 : lo      ferskum         
 11 : 1 : no      basil                  11 : 1 : no      basil           
 12 : 1 : st      eða                   12 : 1 : st      eða            
 13 : 1 : no      klettasalati           13 : 1 : no      klettasalati    

  0 : 1 :   0   14  S0            0 : 1 :   0   14  S0    
  1 : 1 :   0    3  S             1 : 1 :   0    3  S     
  2 : 1 :   0    3  IP            2 : 1 :   0    3  IP    
  3 : 1 :   0    3  VP            3 : 1 :   0    3  VP    
  4 : 1 :   0    1  VP            4 : 1 :   0    1  VP    
  5 : 1 :   1    2  NP            5 : 1 :   1    2  NP    
  6 : 1 :   2    3  ADVP          6 : 1 :   2    3  ADVP  
  7 : 1 :   3    4  C             7 : 1 :   3    4  C     
  8 : 1 :   4   14  S             8 : 1 :   4   14  S     
  9 : 1 :   4   14  IP            9 : 1 :   4   14  IP    
 10 : 1 :   4   14  VP           10 : 1 :   4   14  VP    
 11 : 1 :   4    5  VP           11 : 1 :   4    5  VP    
 12 : 1 :   5    6  ADVP         12 : 0 :   5   11  PP    
 13 : 0 :   6   14  PP           13 : 1 :   5    6  ADVP  
 14 : 1 :   6    7  P            14 : 1 :   6    7  P     
 15 : 0 :   7    9  NP           15 : 0 :   7   11  NP    
 16 : 1 :   9   10  C            16 : 0 :   7    8  NP    
 17 : 0 :  10   14  NP           17 : 1 :   9   10  C     
 18 : 0 :  10   12  NP           18 : 0 :  11   14  NP    
 19 : 1 :  12   13  C            19 : 1 :  12   13  C     
 20 : 0 :  13   14  NP          

========
   7   15    0   86.36  82.61    19     22   23      3     14    14   100.00
-<1>---(wn1= 14, bn1= 22)-           -<2>---(wn2= 14, bn2= 23)-
  0 : 1 : person  Toma                    0 : 1 : no      Toma            
  1 : 1 : so      fékk                   1 : 1 : so      fékk           
  2 : 1 : lo      mikið                  2 : 1 : lo      mikið          
  3 : 1 : fs      af                      3 : 1 : fs      af              
  4 : 1 : lo      hlýjum                 4 : 1 : lo      hlýjum         
  5 : 1 : no      kveðjum                5 : 1 : no      kveðjum        
  6 : 1 : fs      eftir                   6 : 1 : fs      eftir           
  7 : 1 : no      facebookfærsluna        7 : 1 : no      facebookfærsluna
  8 : 1 : st      en                      8 : 1 : st      en              
  9 : 1 : pfn     hann                    9 : 1 : pfn     hann            
 10 : 1 : so      hefur                  10 : 1 : so      hefur           
 11 : 1 : so      náð                  11 : 1 : so      náð           
 12 : 1 : lo      góðum                12 : 1 : lo      góðum         
 13 : 1 : no      bata                   13 : 1 : no      bata            

  0 : 1 :   0   14  S0            0 : 1 :   0   14  S0    
  1 : 1 :   0    8  S             1 : 1 :   0    8  S     
  2 : 1 :   0    8  IP            2 : 1 :   0    8  IP    
  3 : 1 :   0    1  NP            3 : 1 :   0    1  NP    
  4 : 1 :   1    8  VP            4 : 1 :   1    8  VP    
  5 : 1 :   1    2  VP            5 : 0 :   1    3  VP    
  6 : 0 :   2    6  NP            6 : 1 :   1    2  VP    
  7 : 0 :   3    6  PP            7 : 0 :   2    3  NP    
  8 : 1 :   3    4  P             8 : 0 :   3    8  PP    
  9 : 0 :   4    6  NP            9 : 1 :   3    4  P     
 10 : 1 :   6    8  PP           10 : 0 :   4    8  NP    
 11 : 1 :   6    7  P            11 : 1 :   6    8  PP    
 12 : 1 :   7    8  NP           12 : 1 :   6    7  P     
 13 : 1 :   8    9  C            13 : 1 :   7    8  NP    
 14 : 1 :   9   14  S            14 : 1 :   8    9  C     
 15 : 1 :   9   14  IP           15 : 1 :   9   14  S     
 16 : 1 :   9   10  NP           16 : 1 :   9   14  IP    
 17 : 1 :  10   14  VP           17 : 1 :   9   10  NP    
 18 : 1 :  10   11  VP           18 : 1 :  10   14  VP    
 19 : 1 :  11   14  VP           19 : 1 :  10   11  VP    
 20 : 1 :  11   12  VP           20 : 1 :  11   14  VP    
 21 : 1 :  12   14  NP           21 : 1 :  11   12  VP    
                                 22 : 1 :  12   14  NP    

========
   8   15    0   86.96  86.96    20     23   23      0     14    14   100.00
-<1>---(wn1= 14, bn1= 23)-           -<2>---(wn2= 14, bn2= 23)-
  0 : 1 : fs      Með                    0 : 1 : fs      Með            
  1 : 1 : pfn     því                   1 : 1 : pfn     því           
  2 : 1 : so      fylgir                  2 : 1 : so      fylgir          
  3 : 1 : fyrirtæki  Analytica               3 : 1 : no      Analytica       
  4 : 1 : fs      í                      4 : 1 : fs      í              
  5 : 1 : no      kjölfar                5 : 1 : no      kjölfar        
  6 : 1 : fyrirtæki  Seðlabankans           6 : 1 : no      Seðlabankans   
  7 : 1 : stt     sem                     7 : 1 : stt     sem             
  8 : 1 : so      niðurfærði           8 : 1 : so      niðurfærði   
  9 : 1 : no      hagvaxtarspá           9 : 1 : no      hagvaxtarspá   
 10 : 1 : fn      sína                  10 : 1 : fn      sína           
 11 : 1 : fs      í                     11 : 1 : fs      í              
 12 : 1 : lo      síðustu              12 : 1 : lo      síðustu       
 13 : 1 : no      viku                   13 : 1 : no      viku            

  0 : 1 :   0   14  S0            0 : 1 :   0   14  S0    
  1 : 1 :   0   14  S             1 : 1 :   0   14  S     
  2 : 1 :   0   14  IP            2 : 1 :   0   14  IP    
  3 : 1 :   0    2  PP            3 : 1 :   0    2  PP    
  4 : 1 :   0    1  P             4 : 1 :   0    1  P     
  5 : 1 :   1    2  NP            5 : 1 :   1    2  NP    
  6 : 1 :   2   14  VP            6 : 1 :   2   14  VP    
  7 : 1 :   2    3  VP            7 : 1 :   2    3  VP    
  8 : 0 :   3    4  NP            8 : 0 :   3   14  NP    
  9 : 1 :   4   14  PP            9 : 1 :   4   14  PP    
 10 : 1 :   4    5  P            10 : 1 :   4    5  P     
 11 : 1 :   5   14  NP           11 : 1 :   5   14  NP    
 12 : 1 :   6   14  NP           12 : 1 :   6   14  NP    
 13 : 1 :   7   14  CP           13 : 1 :   7   14  CP    
 14 : 1 :   7    8  C            14 : 1 :   7    8  C     
 15 : 1 :   8   14  IP           15 : 1 :   8   14  IP    
 16 : 0 :   8   14  VP           16 : 0 :   8   14  S     
 17 : 1 :   8    9  VP           17 : 0 :   8   11  VP    
 18 : 1 :   9   11  NP           18 : 1 :   8    9  VP    
 19 : 1 :  11   14  ADVP         19 : 1 :   9   11  NP    
 20 : 0 :  11   14  PP           20 : 1 :  11   14  ADVP  
 21 : 1 :  11   12  P            21 : 1 :  11   12  P     
 22 : 1 :  12   14  NP           22 : 1 :  12   14  NP    

========
   9   14    0   90.00  75.00    18     20   24      3     13    13   100.00
-<1>---(wn1= 13, bn1= 20)-           -<2>---(wn2= 13, bn2= 24)-
  0 : 1 : person  Polly                   0 : 1 : person  Polly           
  1 : 1 : so      ákvað                 1 : 1 : so      ákvað         
  2 : 1 : fs      í                      2 : 1 : fs      í              
  3 : 1 : no      snatri                  3 : 1 : no      snatri          
  4 : 1 : st      að                     4 : 1 : st      að             
  5 : 1 : pfn     hún                    5 : 1 : pfn     hún            
  6 : 1 : so      væri                   6 : 1 : so      væri           
  7 : 1 : eo      alls_ekki               7 : 1 : eo      alls_ekki       
  8 : 1 : eo      mjög                   8 : 1 : eo      mjög           
  9 : 1 : lo      svöng                  9 : 1 : lo      svöng          
 10 : 1 : fs      eftir                  10 : 1 : fs      eftir           
 11 : 1 : fn      allt                   11 : 1 : fn      allt            
 12 : 1 : ao      saman                  12 : 1 : ao      saman           

  0 : 1 :   0   13  S0            0 : 1 :   0   13  S0    
  1 : 1 :   0   13  S             1 : 1 :   0   13  S     
  2 : 1 :   0   13  IP            2 : 1 :   0   13  IP    
  3 : 1 :   0    1  NP            3 : 1 :   0    1  NP    
  4 : 1 :   1   13  VP            4 : 1 :   1   13  VP    
  5 : 1 :   1    2  VP            5 : 1 :   1    2  VP    
  6 : 1 :   2    4  PP            6 : 1 :   2    4  PP    
  7 : 1 :   2    3  P             7 : 1 :   2    3  P     
  8 : 1 :   3    4  NP            8 : 1 :   3    4  NP    
  9 : 1 :   4   13  NP            9 : 1 :   4   13  NP    
 10 : 1 :   4   13  CP           10 : 1 :   4   13  CP    
 11 : 1 :   4    5  C            11 : 1 :   4    5  C     
 12 : 1 :   5   13  IP           12 : 1 :   5   13  IP    
 13 : 1 :   5    6  NP           13 : 1 :   5    6  NP    
 14 : 1 :   6   13  VP           14 : 1 :   6   13  VP    
 15 : 1 :   6    7  VP           15 : 0 :   6   12  VP    
 16 : 1 :   7   10  NP           16 : 1 :   6    7  VP    
 17 : 0 :  10   13  PP           17 : 0 :   7   12  NP    
 18 : 1 :  10   11  P            18 : 1 :   7   10  NP    
 19 : 0 :  11   13  NP           19 : 0 :   7    9  ADVP  
                                 20 : 0 :  10   12  PP    
                                 21 : 1 :  10   11  P     
                                 22 : 0 :  11   12  NP    
                                 23 : 0 :  12   13  ADVP  

========
  10   14    0   86.67  81.25    13     15   16      2     11    11   100.00
-<1>---(wn1= 11, bn1= 15)-           -<2>---(wn2= 11, bn2= 16)-
  0 : 1 : ao      Þá                    0 : 1 : ao      Þá            
  1 : 1 : so      hefur                   1 : 1 : so      hefur           
  2 : 1 : person  Halldór_Gústafsson        2 : 1 : person  Halldór_Gústafsson
  3 : 1 : fn      hinn                    3 : 1 : fn      hinn            
  4 : 1 : no      skipverjinn             4 : 1 : no      skipverjinn     
  5 : 1 : ao      einnig                  5 : 1 : ao      einnig          
  6 : 1 : so      fengið                 6 : 1 : so      fengið         
  7 : 1 : no      fjöldann               7 : 1 : no      fjöldann       
  8 : 1 : fn      allan                   8 : 1 : fn      allan           
  9 : 1 : fs      af                      9 : 1 : fs      af              
 10 : 1 : no      níðpóstum           10 : 1 : no      níðpóstum    

  0 : 1 :   0   11  S0            0 : 1 :   0   11  S0    
  1 : 1 :   0   11  S             1 : 1 :   0   11  S     
  2 : 1 :   0   11  IP            2 : 1 :   0   11  IP    
  3 : 1 :   0    1  ADVP          3 : 1 :   0    1  ADVP  
  4 : 1 :   1   11  VP            4 : 1 :   1   11  VP    
  5 : 1 :   1    2  VP            5 : 0 :   1    9  VP    
  6 : 1 :   2    5  NP            6 : 1 :   1    2  VP    
  7 : 1 :   3    5  NP            7 : 1 :   2    5  NP    
  8 : 1 :   5    6  ADVP          8 : 1 :   3    5  NP    
  9 : 0 :   6   11  VP            9 : 1 :   5    6  ADVP  
 10 : 1 :   6    7  VP           10 : 0 :   6    9  VP    
 11 : 0 :   7   11  NP           11 : 1 :   6    7  VP    
 12 : 1 :   9   11  PP           12 : 0 :   7    9  NP    
 13 : 1 :   9   10  P            13 : 1 :   9   11  PP    
 14 : 1 :  10   11  NP           14 : 1 :   9   10  P     
                                 15 : 1 :  10   11  NP    

========
============================================================================
                 82.12  76.96    147   179   191     20    120   119    99.17
=== Summary ===

-- All --
Number of sentence        =     10
Number of Error sentence  =      1
Number of Skip  sentence  =      0
Number of Valid sentence  =      9
Bracketing Recall         =  82.12
Bracketing Precision      =  76.96
Bracketing FMeasure       =  79.46
Complete match            =   0.00
Average crossing          =   2.22
No crossing               =  11.11
2 or less crossing        =  55.56
Tagging accuracy          =  99.17

-- len<=100 --
Number of sentence        =     10
Number of Error sentence  =      1
Number of Skip  sentence  =      0
Number of Valid sentence  =      9
Bracketing Recall         =  82.12
Bracketing Precision      =  76.96
Bracketing FMeasure       =  79.46
Complete match            =   0.00
Average crossing          =   2.22
No crossing               =  11.11
2 or less crossing        =  55.56
Tagging accuracy          =  99.17
