  Sent.                        Matched  Bracket   Cross        Correct Tag
 ID  Len.  Stat. Recal  Prec.  Bracket gold test Bracket Words  Tags Accracy
============================================================================
   1   12    0   85.71  94.74    18     21   19      0     11    11   100.00
-<1>---(wn1= 11, bn1= 21)-           -<2>---(wn2= 11, bn2= 19)-
  0 : 1 : pfn     Þú                    0 : 1 : pfn     Þú            
  1 : 1 : so      hefur                   1 : 1 : so      hefur           
  2 : 1 : lo      ákveðna               2 : 1 : lo      ákveðna       
  3 : 1 : no      heilaheilsu             3 : 1 : no      heilaheilsu     
  4 : 1 : st      og                      4 : 1 : st      og              
  5 : 1 : pfn     þú                    5 : 1 : pfn     þú            
  6 : 1 : so      vilt                    6 : 1 : so      vilt            
  7 : 1 : so      halda                   7 : 1 : so      halda           
  8 : 1 : pfn     henni                   8 : 1 : pfn     henni           
  9 : 1 : st      sem                     9 : 1 : st      sem             
 10 : 1 : lo      bestri                 10 : 1 : lo      bestri          

  0 : 1 :   0   11  S0            0 : 1 :   0   11  S0    
  1 : 1 :   0    4  S             1 : 1 :   0    4  S     
  2 : 1 :   0    4  IP            2 : 1 :   0    4  IP    
  3 : 1 :   0    1  NP            3 : 1 :   0    1  NP    
  4 : 1 :   1    4  VP            4 : 1 :   1    4  VP    
  5 : 1 :   1    2  VP            5 : 1 :   1    2  VP    
  6 : 1 :   2    4  NP            6 : 1 :   2    4  NP    
  7 : 1 :   4    5  C             7 : 1 :   4    5  C     
  8 : 1 :   5   11  S             8 : 1 :   5   11  S     
  9 : 1 :   5   11  IP            9 : 1 :   5   11  IP    
 10 : 1 :   5    6  NP           10 : 1 :   5    6  NP    
 11 : 1 :   6   11  VP           11 : 1 :   6   11  VP    
 12 : 1 :   6    7  VP           12 : 1 :   6    7  VP    
 13 : 0 :   7   11  IP           13 : 1 :   7   11  VP    
 14 : 1 :   7   11  VP           14 : 1 :   7    8  VP    
 15 : 1 :   7    8  VP           15 : 0 :   8   11  NP    
 16 : 0 :   8    9  NP           16 : 1 :   9   11  CP    
 17 : 1 :   9   11  CP           17 : 1 :   9   10  C     
 18 : 1 :   9   10  C            18 : 1 :  10   11  NP    
 19 : 0 :  10   11  IP          
 20 : 1 :  10   11  NP          

========
   2   11    0   71.43  76.92    10     14   13      0     10     9    90.00
-<1>---(wn1= 10, bn1= 14)-           -<2>---(wn2= 10, bn2= 13)-
  0 : 1 : ao      Þá                    0 : 1 : ao      Þá            
  1 : 1 : so      verða                  1 : 1 : so      verða          
  2 : 1 : no      kvótar                 2 : 1 : no      kvótar         
  3 : 0 : fs      fyrir                   3 : 0 : eo      fyrir           
  4 : 1 : lo      tollfrjáls             4 : 1 : lo      tollfrjáls     
  5 : 1 : no      viðskipti              5 : 1 : no      viðskipti      
  6 : 1 : fs      með                    6 : 1 : fs      með            
  7 : 1 : no      landbúnaðar-_og_sjávarútvegsafurðir        7 : 1 : no      landbúnaðar-_og_sjávarútvegsafurðir
  8 : 1 : eo      einnig                  8 : 1 : eo      einnig          
  9 : 1 : lo      óbreyttir              9 : 1 : lo      óbreyttir      

  0 : 1 :   0   10  S0            0 : 1 :   0   10  S0    
  1 : 1 :   0   10  S             1 : 1 :   0   10  S     
  2 : 1 :   0   10  IP            2 : 1 :   0   10  IP    
  3 : 1 :   0    1  ADVP          3 : 1 :   0    1  ADVP  
  4 : 1 :   1   10  VP            4 : 1 :   1   10  VP    
  5 : 1 :   1    2  VP            5 : 1 :   1    2  VP    
  6 : 0 :   2    8  NP            6 : 0 :   2    3  NP    
  7 : 0 :   3    8  PP            7 : 0 :   3    8  NP    
  8 : 0 :   3    4  P             8 : 1 :   6    8  PP    
  9 : 0 :   4    8  NP            9 : 1 :   6    7  P     
 10 : 1 :   6    8  PP           10 : 1 :   7    8  NP    
 11 : 1 :   6    7  P            11 : 1 :   8   10  NP    
 12 : 1 :   7    8  NP           12 : 0 :   8    9  ADVP  
 13 : 1 :   8   10  NP          

========
   3   13    0   66.67  70.00    14     21   20      2     12    11    91.67
-<1>---(wn1= 12, bn1= 21)-           -<2>---(wn2= 12, bn2= 20)-
  0 : 1 : lo      Flestir                 0 : 1 : lo      Flestir         
  1 : 1 : so      eru                     1 : 1 : so      eru             
  2 : 1 : fn      þeir                   2 : 1 : fn      þeir           
  3 : 1 : eo      þó                    3 : 1 : eo      þó            
  4 : 1 : lo      sammála                4 : 1 : lo      sammála        
  5 : 0 : fs      um                      5 : 0 : ao      um              
  6 : 1 : fn      hvaða                  6 : 1 : fn      hvaða          
  7 : 1 : no      mál                    7 : 1 : no      mál            
  8 : 1 : so      verða                  8 : 1 : so      verða          
  9 : 1 : so      sett                    9 : 1 : so      sett            
 10 : 1 : fs      á                     10 : 1 : fs      á              
 11 : 1 : no      oddinn                 11 : 1 : no      oddinn          

  0 : 1 :   0   12  S0            0 : 1 :   0   12  S0    
  1 : 1 :   0   12  S             1 : 1 :   0   12  S     
  2 : 1 :   0   12  IP            2 : 1 :   0   12  IP    
  3 : 1 :   0    1  NP            3 : 1 :   0    1  NP    
  4 : 1 :   1   12  VP            4 : 1 :   1   12  VP    
  5 : 1 :   1    2  VP            5 : 1 :   1    2  VP    
  6 : 0 :   2    3  NP            6 : 0 :   2   12  NP    
  7 : 0 :   3   12  NP            7 : 0 :   5    6  ADVP  
  8 : 0 :   5   12  PP            8 : 0 :   6   10  IP    
  9 : 0 :   5    6  P             9 : 0 :   6   10  CP    
 10 : 0 :   6   12  CP           10 : 1 :   6    8  NP    
 11 : 1 :   6    8  NP           11 : 1 :   7    8  NP    
 12 : 1 :   7    8  NP           12 : 0 :   8   10  IP    
 13 : 0 :   8   12  IP           13 : 0 :   8   10  VP    
 14 : 0 :   8   12  VP           14 : 1 :   8    9  VP    
 15 : 1 :   8    9  VP           15 : 1 :   9   10  NP    
 16 : 1 :   9   10  NP           16 : 1 :   9   10  VP    
 17 : 1 :   9   10  VP           17 : 1 :  10   12  PP    
 18 : 1 :  10   12  PP           18 : 1 :  10   11  P     
 19 : 1 :  10   11  P            19 : 1 :  11   12  NP    
 20 : 1 :  11   12  NP          

========
   4   13    0   75.00  68.18    15     20   22      2     12    12   100.00
-<1>---(wn1= 12, bn1= 20)-           -<2>---(wn2= 12, bn2= 22)-
  0 : 1 : ao      Ekki                    0 : 1 : ao      Ekki            
  1 : 1 : so      er                      1 : 1 : so      er              
  2 : 1 : so      búist                  2 : 1 : so      búist          
  3 : 1 : fs      við                    3 : 1 : fs      við            
  4 : 1 : lo      miklu                   4 : 1 : lo      miklu           
  5 : 1 : fs      af                      5 : 1 : fs      af              
  6 : 1 : no      fundum                  6 : 1 : no      fundum          
  7 : 1 : person  Shannons                7 : 1 : no      Shannons        
  8 : 1 : fs      með                    8 : 1 : fs      með            
  9 : 1 : no      embættismönnum        9 : 1 : no      embættismönnum
 10 : 1 : fs      í                     10 : 1 : fs      í              
 11 : 1 : sérnafn  Venesúela             11 : 1 : no      Venesúela      

  0 : 1 :   0   12  S0            0 : 1 :   0   12  S0    
  1 : 1 :   0   12  S             1 : 1 :   0   12  S     
  2 : 1 :   0   12  IP            2 : 1 :   0   12  IP    
  3 : 1 :   0    1  ADVP          3 : 1 :   0    1  ADVP  
  4 : 1 :   1   12  VP            4 : 1 :   1   12  VP    
  5 : 1 :   1    2  VP            5 : 0 :   1    3  VP    
  6 : 1 :   2    3  VP            6 : 1 :   1    2  VP    
  7 : 0 :   3    5  PP            7 : 0 :   2    3  NP    
  8 : 1 :   3    4  P             8 : 1 :   2    3  VP    
  9 : 0 :   4    5  NP            9 : 0 :   3   12  PP    
 10 : 1 :   5   12  PP           10 : 1 :   3    4  P     
 11 : 1 :   5    6  P            11 : 0 :   4   12  NP    
 12 : 1 :   6   12  NP           12 : 1 :   5   12  PP    
 13 : 0 :   7    8  NP           13 : 1 :   5    6  P     
 14 : 0 :   8   10  PP           14 : 1 :   6   12  NP    
 15 : 1 :   8    9  P            15 : 0 :   7   12  NP    
 16 : 0 :   9   10  NP           16 : 0 :   8   12  PP    
 17 : 1 :  10   12  PP           17 : 1 :   8    9  P     
 18 : 1 :  10   11  P            18 : 0 :   9   12  NP    
 19 : 1 :  11   12  NP           19 : 1 :  10   12  PP    
                                 20 : 1 :  10   11  P     
                                 21 : 1 :  11   12  NP    

========
   5   13    0   86.36  86.36    19     22   22      0     12    10    83.33
-<1>---(wn1= 12, bn1= 22)-           -<2>---(wn2= 12, bn2= 22)-
  0 : 1 : fs      Í                      0 : 1 : fs      Í              
  1 : 1 : lo      fyrra                   1 : 1 : lo      fyrra           
  2 : 1 : so      mældist                2 : 1 : so      mældist        
  3 : 0 : prósenta  2,7%                    3 : 0 : no      2,7%            
  4 : 1 : no      hagvöxtur              4 : 1 : no      hagvöxtur      
  5 : 1 : fs      í                      5 : 1 : fs      í              
  6 : 1 : no      Póllandi               6 : 1 : no      Póllandi       
  7 : 1 : st      en                      7 : 1 : st      en              
  8 : 1 : pfn     hann                    8 : 1 : pfn     hann            
  9 : 1 : so      var                     9 : 1 : so      var             
 10 : 0 : prósenta  3,6%                   10 : 0 : no      3,6%            
 11 : 1 : ártal  árið_2015            11 : 1 : ártal  árið_2015     

  0 : 1 :   0   12  S0            0 : 1 :   0   12  S0    
  1 : 1 :   0    7  S             1 : 1 :   0    7  S     
  2 : 1 :   0    7  IP            2 : 1 :   0    7  IP    
  3 : 1 :   0    2  ADVP          3 : 1 :   0    2  ADVP  
  4 : 0 :   0    2  PP            4 : 1 :   0    1  P     
  5 : 1 :   0    1  P             5 : 1 :   2    7  VP    
  6 : 0 :   1    2  NP            6 : 0 :   2    5  VP    
  7 : 1 :   2    7  VP            7 : 1 :   2    3  VP    
  8 : 1 :   2    3  VP            8 : 1 :   3    4  NP    
  9 : 0 :   3    5  NP            9 : 0 :   4    5  NP    
 10 : 1 :   3    4  NP           10 : 1 :   5    7  PP    
 11 : 1 :   5    7  PP           11 : 1 :   5    6  P     
 12 : 1 :   5    6  P            12 : 1 :   6    7  NP    
 13 : 1 :   6    7  NP           13 : 1 :   7    8  C     
 14 : 1 :   7    8  C            14 : 1 :   8   12  S     
 15 : 1 :   8   12  S            15 : 1 :   8   12  IP    
 16 : 1 :   8   12  IP           16 : 1 :   8    9  NP    
 17 : 1 :   8    9  NP           17 : 1 :   9   12  VP    
 18 : 1 :   9   12  VP           18 : 0 :   9   11  VP    
 19 : 1 :   9   10  VP           19 : 1 :   9   10  VP    
 20 : 1 :  10   11  NP           20 : 1 :  10   11  NP    
 21 : 1 :  11   12  ADVP         21 : 1 :  11   12  ADVP  

========
   6   13    1    0.00   0.00     0      0    0      0      0     0     0.00
-<1>---(wn1= 13, bn1= 20)-           -<2>---(wn2= 14, bn2= 21)-
  0 : 9 : sérnafn  Simon_Cowell            0 : 9 : sérnafn  Simon           
  1 : 9 : so      missti                  1 : 9 : sérnafn  Cowell          
  2 : 9 : no      kjálkann               2 : 9 : so      missti          
  3 : 9 : fs      í                      3 : 9 : no      kjálkann       
  4 : 9 : no      gólfið                4 : 9 : fs      í              
  5 : 9 : st      þegar                  5 : 9 : no      gólfið        
  6 : 9 : fn      þessi                  6 : 9 : st      þegar          
  7 : 9 : tala    32                      7 : 9 : fn      þessi          
  8 : 9 : no      ára                    8 : 9 : tala    32              
  9 : 9 : no      Ástrali                9 : 9 : no      ára            
 10 : 9 : so      byrjaði               10 : 9 : no      Ástrali        
 11 : 9 : nhm     að                    11 : 9 : so      byrjaði        
 12 : 9 : so      syngja                 12 : 9 : nhm     að             
                                         13 : 9 : so      syngja          

  0 : 9 :   0   13  S0            0 : 9 :   0   14  S0    
  1 : 9 :   0   13  S-MAIN        1 : 9 :   0   14  S-MAIN
  2 : 9 :   0   13  IP            2 : 9 :   0   14  IP    
  3 : 9 :   0    1  NP-SUBJ        3 : 9 :   0    2  NP-SUBJ
  4 : 9 :   1   13  VP            4 : 9 :   2    6  VP    
  5 : 9 :   1    2  VP            5 : 9 :   2    4  VP    
  6 : 9 :   2    3  NP-OBJ        6 : 9 :   2    3  VP    
  7 : 9 :   3    5  PP            7 : 9 :   3    4  NP-OBJ
  8 : 9 :   3    4  P             8 : 9 :   4    6  PP    
  9 : 9 :   4    5  NP            9 : 9 :   4    5  P     
 10 : 9 :   5   13  CP-ADV-TEMP       10 : 9 :   5    6  NP    
 11 : 9 :   5    6  C            11 : 9 :   6   14  CP-ADV-TEMP
 12 : 9 :   6   13  IP           12 : 9 :   6    7  C     
 13 : 9 :   6   10  NP-SUBJ       13 : 9 :   7   14  IP    
 14 : 9 :   7    9  NP-AGE       14 : 9 :   7   11  NP-SUBJ
 15 : 9 :  10   13  VP           15 : 9 :   8   10  NP-AGE
 16 : 9 :  10   11  VP           16 : 9 :  11   14  VP    
 17 : 9 :  11   13  IP-INF       17 : 9 :  11   12  VP    
 18 : 9 :  11   12  TO           18 : 9 :  12   14  IP-INF
 19 : 9 :  12   13  VP           19 : 9 :  12   13  TO    
                                 20 : 9 :  13   14  VP    

========
   7   14    1    0.00   0.00     0      0    0      0      0     0     0.00
-<1>---(wn1= 13, bn1= 24)-           -<2>---(wn2= 13, bn2= 25)-
  0 : 9 : st      Þegar                  0 : 9 : st      Þegar          
  1 : 9 : sérnafn  Lina                    1 : 9 : lo      Lina            
  2 : 9 : so      kom                     2 : 9 : so      kom             
  3 : 9 : fs      til                     3 : 9 : fs      til             
  4 : 9 : no      Íslands                4 : 9 : no      Íslands        
  5 : 9 : so      fór                    5 : 9 : so      fór            
  6 : 9 : pfn     hún                    6 : 9 : no      hun             
  7 : 9 : fs      á                      7 : 9 : fs      á              
  8 : 9 : no      íslenskunámskeið        8 : 9 : no      íslenskunámskeið
  9 : 9 : fs      ásamt                  9 : 9 : fs      ásamt          
 10 : 9 : fn      öðrum                10 : 9 : fn      öðrum         
 11 : 9 : fs      úr                    11 : 9 : fs      úr             
 12 : 9 : no      flóttamannahópnum       12 : 9 : no      flóttamannahópnum

  0 : 9 :   0   13  S0            0 : 9 :   0   13  S0    
  1 : 9 :   0   13  S-MAIN        1 : 9 :   0   13  S-MAIN
  2 : 9 :   0   13  IP            2 : 9 :   0    3  CP-ADV-TEMP
  3 : 9 :   0    5  CP-ADV-TEMP        3 : 9 :   0    1  C     
  4 : 9 :   0    1  C             4 : 9 :   1    3  IP    
  5 : 9 :   1    5  IP            5 : 9 :   1    3  VP    
  6 : 9 :   1    2  NP-SUBJ        6 : 9 :   1    2  NP-OBJ
  7 : 9 :   2    5  VP            7 : 9 :   2    3  VP    
  8 : 9 :   2    3  VP            8 : 9 :   3   13  IP    
  9 : 9 :   3    5  PP            9 : 9 :   3    5  PP    
 10 : 9 :   3    4  P            10 : 9 :   3    4  P     
 11 : 9 :   4    5  NP           11 : 9 :   4    5  NP    
 12 : 9 :   5   13  VP           12 : 9 :   5   13  VP    
 13 : 9 :   5    6  VP           13 : 9 :   5    7  VP    
 14 : 9 :   6    7  NP-SUBJ       14 : 9 :   5    6  VP    
 15 : 9 :   7    9  PP           15 : 9 :   6    7  NP-SUBJ
 16 : 9 :   7    8  P            16 : 9 :   7   11  PP    
 17 : 9 :   8    9  NP           17 : 9 :   7    8  P     
 18 : 9 :   9   13  PP           18 : 9 :   8   11  NP    
 19 : 9 :   9   10  P            19 : 9 :   9   11  PP    
 20 : 9 :  10   13  NP           20 : 9 :   9   10  P     
 21 : 9 :  11   13  PP           21 : 9 :  10   11  NP    
 22 : 9 :  11   12  P            22 : 9 :  11   13  PP    
 23 : 9 :  12   13  NP           23 : 9 :  11   12  P     
                                 24 : 9 :  12   13  NP    

========
   8   12    0   61.54  72.73     8     13   11      2     10    10   100.00
-<1>---(wn1= 10, bn1= 13)-           -<2>---(wn2= 10, bn2= 11)-
  0 : 1 : person  Hugleikur               0 : 1 : person  Hugleikur       
  1 : 1 : so      ferðaðist             1 : 1 : so      ferðaðist     
  2 : 1 : fs      ásamt                  2 : 1 : fs      ásamt          
  3 : 1 : lo      ástralska              3 : 1 : lo      ástralska      
  4 : 1 : no      grínistanum            4 : 1 : no      grínistanum    
  5 : 1 : person  Jonathan_Duffy          5 : 1 : person  Jonathan_Duffy  
  6 : 1 : st      og                      6 : 1 : st      og              
  7 : 1 : no      umboðsmanni            7 : 1 : no      umboðsmanni    
  8 : 1 : fn      sínum                  8 : 1 : fn      sínum          
  9 : 1 : person  Rakel_Sævarsdóttur        9 : 1 : person  Rakel_Sævarsdóttur

  0 : 1 :   0   10  S0            0 : 1 :   0   10  S0    
  1 : 1 :   0   10  S             1 : 1 :   0   10  S     
  2 : 1 :   0   10  IP            2 : 1 :   0   10  IP    
  3 : 1 :   0    1  NP            3 : 1 :   0    1  NP    
  4 : 1 :   1   10  VP            4 : 1 :   1   10  VP    
  5 : 1 :   1    2  VP            5 : 1 :   1    2  VP    
  6 : 0 :   2   10  PP            6 : 0 :   2    9  PP    
  7 : 1 :   2    3  P             7 : 1 :   2    3  P     
  8 : 0 :   3    6  NP            8 : 0 :   3    9  NP    
  9 : 0 :   3    5  NP            9 : 1 :   6    7  C     
 10 : 1 :   6    7  C            10 : 0 :   9   10  NP    
 11 : 0 :   7   10  NP          
 12 : 0 :   7    9  NP          

========
   9   14    0   81.82  78.26    18     22   23      4     13    12    92.31
-<1>---(wn1= 13, bn1= 22)-           -<2>---(wn2= 13, bn2= 23)-
  0 : 1 : st      Og                      0 : 1 : st      Og              
  1 : 1 : pfn     ég                     1 : 1 : pfn     ég             
  2 : 1 : so      óska                   2 : 1 : so      óska           
  3 : 1 : pfn     þér                   3 : 1 : pfn     þér           
  4 : 1 : pfn     þess                   4 : 1 : fn      þess           
  5 : 1 : st      að                     5 : 1 : st      að             
  6 : 1 : ao      alltaf                  6 : 1 : ao      alltaf          
  7 : 1 : so      opnist                  7 : 1 : so      opnist          
  8 : 1 : lo      nýjar                  8 : 1 : lo      nýjar          
  9 : 1 : no      dyr                     9 : 1 : no      dyr             
 10 : 1 : st      þegar                 10 : 1 : st      þegar          
 11 : 0 : lo      einar                  11 : 0 : to      einar           
 12 : 1 : so      lokast                 12 : 1 : so      lokast          

  0 : 1 :   0   13  S0            0 : 1 :   0   13  S0    
  1 : 1 :   0    1  S             1 : 1 :   0    1  S     
  2 : 1 :   0    1  C             2 : 1 :   0    1  C     
  3 : 1 :   1   13  S             3 : 1 :   1   13  S     
  4 : 1 :   1   13  IP            4 : 1 :   1   13  IP    
  5 : 1 :   1    2  NP            5 : 1 :   1    2  NP    
  6 : 1 :   2   13  VP            6 : 1 :   2   13  VP    
  7 : 1 :   2    3  VP            7 : 0 :   2   10  VP    
  8 : 1 :   3    4  NP            8 : 1 :   2    3  VP    
  9 : 0 :   4   13  NP            9 : 1 :   3    4  NP    
 10 : 0 :   5   13  CP           10 : 0 :   4   10  NP    
 11 : 0 :   5   13  IP           11 : 0 :   5   10  CP    
 12 : 1 :   5    6  C            12 : 1 :   5    6  C     
 13 : 1 :   6    7  ADVP         13 : 0 :   6   10  IP    
 14 : 0 :   7   13  VP           14 : 1 :   6    7  ADVP  
 15 : 1 :   7    8  VP           15 : 0 :   7   10  VP    
 16 : 1 :   8   10  NP           16 : 1 :   7    8  VP    
 17 : 1 :  10   13  CP           17 : 1 :   8   10  NP    
 18 : 1 :  10   11  C            18 : 1 :  10   13  CP    
 19 : 1 :  11   13  IP           19 : 1 :  10   11  C     
 20 : 1 :  11   12  NP           20 : 1 :  11   13  IP    
 21 : 1 :  12   13  VP           21 : 1 :  11   12  NP    
                                 22 : 1 :  12   13  VP    

========
  10   13    0   71.43  71.43    10     14   14      2     12    10    83.33
-<1>---(wn1= 12, bn1= 14)-           -<2>---(wn2= 12, bn2= 14)-
  0 : 1 : ártal  Árið_1990             0 : 1 : ártal  Árið_1990     
  1 : 1 : so      voru                    1 : 1 : so      voru            
  2 : 1 : no      sveitarstjórnarmenn        2 : 1 : no      sveitarstjórnarmenn
  3 : 1 : fn      alls                    3 : 1 : fn      alls            
  4 : 1 : tala    1.116                   4 : 1 : tala    1.116           
  5 : 0 : no      talsins                 5 : 0 : ao      talsins         
  6 : 1 : st      og                      6 : 1 : st      og              
  7 : 1 : no      konur                   7 : 1 : no      konur           
  8 : 0 : prósenta  21,8%                   8 : 0 : no      21,8%           
  9 : 1 : st      eða                    9 : 1 : st      eða            
 10 : 1 : tala    243                    10 : 1 : tala    243             
 11 : 1 : no      talsins                11 : 1 : no      talsins         

  0 : 1 :   0   12  S0            0 : 1 :   0   12  S0    
  1 : 1 :   0   12  S             1 : 1 :   0   12  S     
  2 : 1 :   0   12  IP            2 : 1 :   0   12  IP    
  3 : 1 :   0    1  ADVP          3 : 1 :   0    1  ADVP  
  4 : 1 :   1   12  VP            4 : 1 :   1   12  VP    
  5 : 1 :   1    2  VP            5 : 1 :   1    2  VP    
  6 : 0 :   2    3  NP            6 : 0 :   2    4  NP    
  7 : 0 :   3    6  NP            7 : 0 :   3    4  NP    
  8 : 1 :   6    7  C             8 : 0 :   4   12  NP    
  9 : 0 :   7    8  NP            9 : 0 :   5    6  ADVP  
 10 : 1 :   8   12  NP           10 : 1 :   6    7  C     
 11 : 0 :   8    9  NP           11 : 1 :   8   12  NP    
 12 : 1 :   9   10  C            12 : 1 :   9   10  C     
 13 : 1 :  10   11  NP           13 : 1 :  10   11  NP    

========
============================================================================
                 76.19  77.78    112   147   144     12     92    85    92.39
=== Summary ===

-- All --
Number of sentence        =     10
Number of Error sentence  =      2
Number of Skip  sentence  =      0
Number of Valid sentence  =      8
Bracketing Recall         =  76.19
Bracketing Precision      =  77.78
Bracketing FMeasure       =  76.98
Complete match            =   0.00
Average crossing          =   1.50
No crossing               =  37.50
2 or less crossing        =  87.50
Tagging accuracy          =  92.39

-- len<=100 --
Number of sentence        =     10
Number of Error sentence  =      2
Number of Skip  sentence  =      0
Number of Valid sentence  =      8
Bracketing Recall         =  76.19
Bracketing Precision      =  77.78
Bracketing FMeasure       =  76.98
Complete match            =   0.00
Average crossing          =   1.50
No crossing               =  37.50
2 or less crossing        =  87.50
Tagging accuracy          =  92.39
