  Sent.                        Matched  Bracket   Cross        Correct Tag
 ID  Len.  Stat. Recal  Prec.  Bracket gold test Bracket Words  Tags Accracy
============================================================================
   1   19    0   61.54  69.57    16     26   23      2     19    11    57.89
-<1>---(wn1= 19, bn1= 26)-           -<2>---(wn2= 19, bn2= 23)-
  0 : 0 : person_nf_kk  Einar_Ágúst           0 : 0 : person_kk_nf  Einar_Ágúst   
  1 : 1 : fs_þgf  úr                     1 : 1 : fs_þgf  úr             
  2 : 0 : sérnafn_et_þgf_kk  Skítamóral            2 : 0 : no_et_kk_þgf  Skítamóral    
  3 : 0 : so_0_fh_p3_et_nt_gm  spilar                  3 : 0 : so_0_et_fh_gm_nt_p3  spilar          
  4 : 1 : fs_þgf  frá                    4 : 1 : fs_þgf  frá            
  5 : 1 : tala    21                      5 : 1 : tala    21              
  6 : 1 : grm     –                     6 : 1 : grm     –             
  7 : 1 : tala    00                      7 : 1 : tala    00              
  8 : 1 : st      og                      8 : 1 : st      og              
  9 : 0 : pfn_et_nf_hk_p3  það                   9 : 0 : pfn_et_hk_nf_p3  það           
 10 : 0 : so_0_fh_p3_et_nt_gm  verður                10 : 0 : so_0_et_fh_gm_nt_p3  verður         
 11 : 0 : lo      rjúkandi              11 : 0 : so_0_lh_nt  rjúkandi       
 12 : 0 : foreign  happy                  12 : 0 : no_et_hk_nf  happy           
 13 : 0 : foreign  hour                   13 : 0 : no_ef_et_hk  hour            
 14 : 1 : fs_þgf  frá                   14 : 1 : fs_þgf  frá            
 15 : 1 : tala    21                     15 : 1 : tala    21              
 16 : 1 : grm     –                    16 : 1 : grm     –             
 17 : 1 : tala    23                     17 : 1 : tala    23              
 18 : 1 : grm     .                      18 : 1 : grm     .               

  0 : 1 :   0   19  S0            0 : 1 :   0   19  S0    
  1 : 1 :   0    8  S             1 : 1 :   0    8  S     
  2 : 1 :   0    8  IP            2 : 1 :   0    8  IP    
  3 : 1 :   0    3  NP            3 : 1 :   0    3  NP    
  4 : 1 :   1    3  PP            4 : 1 :   1    3  PP    
  5 : 1 :   1    2  P             5 : 1 :   1    2  P     
  6 : 1 :   2    3  NP            6 : 1 :   2    3  NP    
  7 : 1 :   3    8  VP            7 : 1 :   3    8  VP    
  8 : 1 :   3    4  VP            8 : 1 :   3    4  VP    
  9 : 0 :   4    8  ADVP          9 : 0 :   4    8  PP    
 10 : 0 :   4    6  PP           10 : 1 :   4    5  P     
 11 : 1 :   4    5  P            11 : 0 :   5    8  NP    
 12 : 0 :   5    6  NP           12 : 1 :   8    9  C     
 13 : 0 :   7    8  NP           13 : 1 :   9   18  S     
 14 : 1 :   8    9  C            14 : 1 :   9   10  NP    
 15 : 1 :   9   18  S            15 : 1 :  10   18  VP    
 16 : 0 :   9   18  IP           16 : 1 :  10   11  VP    
 17 : 1 :   9   10  NP           17 : 0 :  11   12  VP    
 18 : 1 :  10   18  VP           18 : 0 :  12   18  NP    
 19 : 1 :  10   11  VP           19 : 0 :  13   18  NP    
 20 : 0 :  11   18  NP           20 : 0 :  14   18  PP    
 21 : 0 :  14   18  ADVP         21 : 1 :  14   15  P     
 22 : 0 :  14   16  PP           22 : 0 :  15   18  NP    
 23 : 1 :  14   15  P           
 24 : 0 :  15   16  NP          
 25 : 0 :  17   18  NP          

========
   2   20    0   83.33  83.33    25     30   30      2     20     7    35.00
-<1>---(wn1= 20, bn1= 30)-           -<2>---(wn2= 20, bn2= 30)-
  0 : 0 : no_et_nf_kvk  Þyrla                  0 : 0 : no_et_kvk_nf  Þyrla          
  1 : 0 : fyrirtæki_et_ef_kvk_gr  Landhelgisgæslunnar        1 : 0 : no_ef_et_gr_kvk  Landhelgisgæslunnar
  2 : 0 : so_1_þf_fh_p3_et_þt_gm  hífði                 2 : 0 : so_1_þf_et_fh_gm_p3_þt  hífði         
  3 : 0 : pfn_et_þf_kk_p3  hann                    3 : 0 : pfn_et_kk_p3_þf  hann            
  4 : 1 : ao      upp                     4 : 1 : ao      upp             
  5 : 1 : st      og                      5 : 1 : st      og              
  6 : 0 : pfn_et_nf_kk_p3  hann                    6 : 0 : pfn_et_kk_nf_p3  hann            
  7 : 0 : so_0_fh_p3_et_þt_gm  lenti                   7 : 0 : so_0_et_fh_gm_p3_þt  lenti           
  8 : 1 : fs_þgf  á                      8 : 1 : fs_þgf  á              
  9 : 0 : no_et_þgf_kk_gr  flugvellinum            9 : 0 : no_et_gr_kk_þgf  flugvellinum    
 10 : 1 : fs_þgf  á                     10 : 1 : fs_þgf  á              
 11 : 0 : sérnafn_ft_þgf_kk  Egilsstöðum          11 : 0 : no_ft_kk_þgf  Egilsstöðum   
 12 : 1 : ao      þar                   12 : 1 : ao      þar            
 13 : 0 : stt     sem                    13 : 0 : st      sem             
 14 : 0 : no_et_nf_kk  læknir                14 : 0 : no_et_kk_nf  læknir         
 15 : 1 : st      og                     15 : 1 : st      og              
 16 : 0 : no_et_nf_kk  sjúkrabíll           16 : 0 : no_et_kk_nf  sjúkrabíll    
 17 : 0 : so_1_ef_fh_p3_ft_þt_gm  biðu                  17 : 0 : so_1_ef_fh_ft_gm_p3_þt  biðu           
 18 : 0 : pfn_et_ef_kk_p3  hans                   18 : 0 : pfn_ef_et_kk_p3  hans            
 19 : 1 : grm     .                      19 : 1 : grm     .               

  0 : 1 :   0   20  S0            0 : 1 :   0   20  S0    
  1 : 1 :   0    5  S             1 : 1 :   0    5  S     
  2 : 1 :   0    5  IP            2 : 1 :   0    5  IP    
  3 : 1 :   0    2  NP            3 : 1 :   0    2  NP    
  4 : 1 :   1    2  NP            4 : 1 :   1    2  NP    
  5 : 1 :   2    5  VP            5 : 1 :   2    5  VP    
  6 : 1 :   2    3  VP            6 : 0 :   2    4  VP    
  7 : 1 :   3    4  NP            7 : 1 :   2    3  VP    
  8 : 1 :   4    5  ADVP          8 : 1 :   3    4  NP    
  9 : 1 :   5    6  C             9 : 1 :   4    5  ADVP  
 10 : 1 :   6   19  S            10 : 1 :   5    6  C     
 11 : 1 :   6   19  IP           11 : 1 :   6   19  S     
 12 : 1 :   6    7  NP           12 : 1 :   6   19  IP    
 13 : 1 :   7   19  VP           13 : 1 :   6    7  NP    
 14 : 1 :   7    8  VP           14 : 1 :   7   19  VP    
 15 : 0 :   8   19  PP           15 : 1 :   7    8  VP    
 16 : 1 :   8    9  P            16 : 0 :   8   10  PP    
 17 : 0 :   9   19  NP           17 : 1 :   8    9  P     
 18 : 1 :  10   12  PP           18 : 0 :   9   10  NP    
 19 : 1 :  10   11  P            19 : 1 :  10   12  PP    
 20 : 1 :  11   12  NP           20 : 1 :  10   11  P     
 21 : 0 :  12   19  ADVP         21 : 1 :  11   12  NP    
 22 : 0 :  13   19  CP           22 : 0 :  12   19  CP    
 23 : 0 :  13   14  C            23 : 0 :  12   14  C     
 24 : 1 :  14   19  IP           24 : 1 :  14   19  IP    
 25 : 1 :  14   17  NP           25 : 1 :  14   17  NP    
 26 : 1 :  15   16  C            26 : 1 :  15   16  C     
 27 : 1 :  17   19  VP           27 : 1 :  17   19  VP    
 28 : 1 :  17   18  VP           28 : 1 :  17   18  VP    
 29 : 1 :  18   19  NP           29 : 1 :  18   19  NP    

========
   3   20    0   75.00  70.00    21     28   30      5     20     8    40.00
-<1>---(wn1= 20, bn1= 28)-           -<2>---(wn2= 20, bn2= 30)-
  0 : 1 : fs_þf  Við                    0 : 1 : fs_þf  Við            
  1 : 0 : no_et_þf_kvk  ákvörðun             1 : 0 : no_et_kvk_þf  ákvörðun     
  2 : 0 : fn_et_þf_kvk  sína                   2 : 0 : fn_et_kvk_þf  sína           
  3 : 0 : so_0_fh_p3_et_þt_mm  studdist                3 : 0 : so_et_fh_mm_p3_þt  studdist        
  4 : 0 : no_et_nf_kk  ráðherra              4 : 0 : no_et_kk_þgf  ráðherra      
  5 : 1 : ao      einnig                  5 : 1 : ao      einnig          
  6 : 1 : fs_þf  við                    6 : 1 : fs_þf  við            
  7 : 0 : no_et_þf_hk  minnisblað             7 : 0 : no_et_hk_þf  minnisblað     
  8 : 1 : fs_þgf  frá                    8 : 1 : fs_þgf  frá            
  9 : 0 : fyrirtæki_et_þgf_kvk  Hafrannsóknastofnun        9 : 0 : no_et_kvk_þgf  Hafrannsóknastofnun
 10 : 1 : grm     ,                      10 : 1 : grm     ,               
 11 : 0 : stt     sem                    11 : 0 : fs_þf  sem             
 12 : 0 : pfn_et_nf_kk_p3  hann                   12 : 0 : pfn_et_kk_p3_þf  hann            
 13 : 0 : so_1_ef_fh_p3_et_þt_gm  óskaði               13 : 0 : so_0_et_fh_gm_p3_þt  óskaði        
 14 : 1 : ao      eftir                  14 : 1 : ao      eftir           
 15 : 1 : fs_þf  í                     15 : 1 : fs_þf  í              
 16 : 0 : no_et_þf_hk  kjölfar               16 : 0 : no_et_hk_þf  kjölfar        
 17 : 0 : no_et_ef_kvk  skýrslu               17 : 0 : no_ef_et_kvk  skýrslu        
 18 : 0 : fyrirtæki_et_ef_kvk  Hagfræðistofnunar       18 : 0 : no_ef_et_kvk  Hagfræðistofnunar
 19 : 1 : grm     .                      19 : 1 : grm     .               

  0 : 1 :   0   20  S0            0 : 1 :   0   20  S0    
  1 : 0 :   0   19  S             1 : 0 :   0   10  S     
  2 : 0 :   0   19  IP            2 : 0 :   0   10  IP    
  3 : 1 :   0    3  PP            3 : 1 :   0    3  PP    
  4 : 1 :   0    1  P             4 : 1 :   0    1  P     
  5 : 1 :   1    3  NP            5 : 1 :   1    3  NP    
  6 : 0 :   3   19  VP            6 : 0 :   3   10  VP    
  7 : 1 :   3    4  VP            7 : 0 :   3    5  VP    
  8 : 1 :   4    5  NP            8 : 1 :   3    4  VP    
  9 : 1 :   5    6  ADVP          9 : 1 :   4    5  NP    
 10 : 0 :   6   19  PP           10 : 1 :   5    6  ADVP  
 11 : 1 :   6    7  P            11 : 0 :   6   10  PP    
 12 : 0 :   7   19  NP           12 : 1 :   6    7  P     
 13 : 1 :   8   10  PP           13 : 0 :   7   10  NP    
 14 : 1 :   8    9  P            14 : 1 :   8   10  PP    
 15 : 1 :   9   10  NP           15 : 1 :   8    9  P     
 16 : 1 :  11   19  CP           16 : 1 :   9   10  NP    
 17 : 0 :  11   12  C            17 : 1 :  11   19  S     
 18 : 0 :  12   19  IP           18 : 0 :  11   19  IP    
 19 : 1 :  12   13  NP           19 : 0 :  11   13  PP    
 20 : 1 :  13   19  VP           20 : 0 :  11   12  P     
 21 : 1 :  13   14  VP           21 : 1 :  12   13  NP    
 22 : 1 :  14   15  ADVP         22 : 1 :  13   19  VP    
 23 : 1 :  15   19  PP           23 : 1 :  13   14  VP    
 24 : 1 :  15   16  P            24 : 1 :  14   15  ADVP  
 25 : 1 :  16   19  NP           25 : 1 :  15   19  PP    
 26 : 1 :  17   19  NP           26 : 1 :  15   16  P     
 27 : 1 :  18   19  NP           27 : 1 :  16   19  NP    
                                 28 : 1 :  17   19  NP    
                                 29 : 1 :  18   19  NP    

========
   4   20    0   75.76  75.76    25     33   33      5     20     6    30.00
-<1>---(wn1= 20, bn1= 33)-           -<2>---(wn2= 20, bn2= 33)-
  0 : 0 : no_et_nf_hk_gr  Fyrirtækið            0 : 0 : no_et_gr_hk_nf  Fyrirtækið    
  1 : 0 : so_1_nf_fh_p3_et_nt_mm  nefnist                 1 : 0 : so_1_nf_et_fh_mm_nt_p3  nefnist         
  2 : 0 : fyrirtæki_et_nf_hk  Neuralink               2 : 0 : no_et_hk_nf  Neuralink       
  3 : 1 : st      og                      3 : 1 : st      og              
  4 : 0 : so_0_fh_p3_et_nt_gm  mun                     4 : 0 : so_et_fh_gm_nt_p3  mun             
  5 : 0 : so_1_þf_nh_gm  þróa                  5 : 0 : so_1_þf_gm_nh  þróa          
  6 : 0 : no_et_þf_hk  efni                    6 : 0 : no_et_hk_þf  efni            
  7 : 1 : stt     sem                     7 : 1 : stt     sem             
  8 : 0 : so_0_fh_p3_et_nt_gm  á                      8 : 0 : so_et_fh_gm_nt_p3  á              
  9 : 1 : nhm     að                     9 : 1 : nhm     að             
 10 : 0 : so_2_þgf_þf_nh_gm  gera                   10 : 0 : so_1_þgf_gm_nh  gera            
 11 : 0 : no_et_þgf_hk  fólki                 11 : 0 : no_et_hk_þgf  fólki          
 12 : 0 : lo_et_þf_hk_sb  kleift                 12 : 0 : lo_et_hk_nf_sb  kleift          
 13 : 1 : nhm     að                    13 : 1 : nhm     að             
 14 : 0 : so_1_þgf_nh_gm  stjórna               14 : 0 : so_1_þgf_gm_nh  stjórna        
 15 : 0 : no_ft_þgf_hk  tækjum                15 : 0 : no_ft_hk_þgf  tækjum         
 16 : 1 : fs_þgf  með                   16 : 1 : fs_þgf  með            
 17 : 0 : no_et_þgf_kk_gr  huganum                17 : 0 : no_et_gr_kk_þgf  huganum         
 18 : 0 : fn_et_þgf_kk  einum                  18 : 0 : fn_et_kk_þgf  einum           
 19 : 1 : grm     .                      19 : 1 : grm     .               

  0 : 1 :   0   20  S0            0 : 1 :   0   20  S0    
  1 : 1 :   0   19  S             1 : 1 :   0   19  S     
  2 : 1 :   0   19  IP            2 : 1 :   0   19  IP    
  3 : 1 :   0    1  NP            3 : 1 :   0    1  NP    
  4 : 1 :   1   19  VP            4 : 1 :   1   19  VP    
  5 : 1 :   1    3  VP            5 : 1 :   1    3  VP    
  6 : 1 :   1    2  VP            6 : 1 :   1    2  VP    
  7 : 1 :   2    3  NP            7 : 1 :   2    3  NP    
  8 : 1 :   3    4  C             8 : 1 :   3    4  C     
  9 : 1 :   4   19  VP            9 : 1 :   4   19  VP    
 10 : 1 :   4    5  VP           10 : 1 :   4    5  VP    
 11 : 1 :   5   19  VP           11 : 1 :   5   19  VP    
 12 : 1 :   5    6  VP           12 : 1 :   5    6  VP    
 13 : 0 :   6   19  NP           13 : 0 :   6   13  NP    
 14 : 0 :   7   19  CP           14 : 0 :   7   13  CP    
 15 : 1 :   7    8  C            15 : 1 :   7    8  C     
 16 : 0 :   8   19  IP           16 : 0 :   8   13  IP    
 17 : 0 :   8   19  VP           17 : 0 :   8   13  S     
 18 : 1 :   8    9  VP           18 : 0 :   8   12  VP    
 19 : 0 :   9   19  IP           19 : 1 :   8    9  VP    
 20 : 1 :   9   10  TO           20 : 1 :   9   10  TO    
 21 : 0 :  10   19  VP           21 : 0 :  10   12  VP    
 22 : 1 :  10   11  VP           22 : 1 :  10   11  VP    
 23 : 1 :  11   12  NP           23 : 1 :  11   12  NP    
 24 : 0 :  12   19  NP           24 : 0 :  12   13  NP    
 25 : 1 :  13   19  IP           25 : 1 :  13   19  IP    
 26 : 1 :  13   14  TO           26 : 1 :  13   14  TO    
 27 : 1 :  14   19  VP           27 : 1 :  14   19  VP    
 28 : 1 :  14   15  VP           28 : 1 :  14   15  VP    
 29 : 0 :  15   16  NP           29 : 0 :  15   19  NP    
 30 : 1 :  16   19  PP           30 : 1 :  16   19  PP    
 31 : 1 :  16   17  P            31 : 1 :  16   17  P     
 32 : 1 :  17   19  NP           32 : 1 :  17   19  NP    

========
   5   19    0   74.07  80.00    20     27   25      4     19     6    31.58
-<1>---(wn1= 19, bn1= 27)-           -<2>---(wn2= 19, bn2= 25)-
  0 : 0 : no_ft_nf_kvk  Kannanir                0 : 0 : no_ft_kvk_nf  Kannanir        
  1 : 0 : so_0_fh_p3_ft_nt_gm  benda                   1 : 0 : so_0_fh_ft_gm_nt_p3  benda           
  2 : 1 : fs_ef   til                     2 : 1 : fs_ef   til             
  3 : 0 : fn_et_ef_hk  þess                   3 : 0 : fn_ef_et_kk  þess           
  4 : 1 : st      að                     4 : 1 : st      að             
  5 : 0 : no_et_nf_hk_gr  sjarmatröllið         5 : 0 : no_et_gr_hk_nf  sjarmatröllið 
  6 : 1 : st      og                      6 : 1 : st      og              
  7 : 0 : no_et_nf_hk_gr  ólíkindatólið        7 : 0 : no_et_gr_hk_nf  ólíkindatólið
  8 : 0 : person_nf_kk  Emmanuel_Macron         8 : 0 : person_kk_nf  Emmanuel_Macron 
  9 : 0 : so_1_þgf_vh_p3_et_nt_gm  mæti                   9 : 0 : so_1_þgf_ft_gm_nt_p3_vh  mæti           
 10 : 0 : pfn_et_þgf_kvk_p3  henni                  10 : 0 : pfn_et_kvk_p3_þgf  henni           
 11 : 1 : fs_þgf  í                     11 : 1 : fs_þgf  í              
 12 : 0 : lo_et_þgf_kvk_sb  seinni                 12 : 0 : lo_et_kvk_sb_þgf  seinni          
 13 : 0 : no_et_þgf_kvk  umferð                13 : 0 : no_et_kvk_þgf  umferð         
 14 : 0 : no_ft_ef_kvk_gr  kosninganna            14 : 0 : no_ef_ft_gr_kvk  kosninganna     
 15 : 1 : st      og                     15 : 1 : st      og              
 16 : 0 : so_1_þf_vh_p3_et_nt_gm  hafi                   16 : 0 : so_1_þf_ft_gm_nt_p3_vh  hafi            
 17 : 0 : no_et_þf_kk  sigur                  17 : 0 : no_et_kk_þf  sigur           
 18 : 1 : grm     .                      18 : 1 : grm     .               

  0 : 1 :   0   19  S0            0 : 1 :   0   19  S0    
  1 : 1 :   0   18  S             1 : 1 :   0   18  S     
  2 : 1 :   0   18  IP            2 : 1 :   0   18  IP    
  3 : 1 :   0    1  NP            3 : 1 :   0    1  NP    
  4 : 1 :   1   18  VP            4 : 1 :   1   18  VP    
  5 : 1 :   1    2  VP            5 : 1 :   1    2  VP    
  6 : 0 :   2   18  PP            6 : 0 :   2   15  PP    
  7 : 1 :   2    3  P             7 : 1 :   2    3  P     
  8 : 0 :   3   18  NP            8 : 0 :   3   15  NP    
  9 : 0 :   4   18  CP            9 : 0 :   4   15  CP    
 10 : 1 :   4    5  C            10 : 1 :   4    5  C     
 11 : 0 :   5   18  IP           11 : 0 :   5   15  IP    
 12 : 1 :   5    9  NP           12 : 1 :   5    9  NP    
 13 : 0 :   5    8  NP           13 : 1 :   6    7  C     
 14 : 1 :   6    7  C            14 : 1 :   9   15  VP    
 15 : 0 :   9   18  VP           15 : 1 :   9   10  VP    
 16 : 1 :   9   15  VP           16 : 0 :  10   15  NP    
 17 : 1 :   9   10  VP           17 : 1 :  11   15  PP    
 18 : 0 :  10   11  NP           18 : 1 :  11   12  P     
 19 : 1 :  11   15  PP           19 : 1 :  12   15  NP    
 20 : 1 :  11   12  P            20 : 1 :  14   15  NP    
 21 : 1 :  12   15  NP           21 : 1 :  15   16  C     
 22 : 1 :  14   15  NP           22 : 1 :  16   18  VP    
 23 : 1 :  15   16  C            23 : 1 :  16   17  VP    
 24 : 1 :  16   18  VP           24 : 1 :  17   18  NP    
 25 : 1 :  16   17  VP          
 26 : 1 :  17   18  NP          

========
   6   17    1    0.00   0.00     0      0    0      0      0     0     0.00
-<1>---(wn1= 17, bn1= 24)-           -<2>---(wn2= 18, bn2= 26)-
  0 : 9 : fyrirtæki_et_nf_kk  Hyundai_i30             0 : 9 : entity  Hyundai         
  1 : 9 : grm     ,                       1 : 9 : no_et_hk_nf  i               
  2 : 9 : stt     sem                     2 : 9 : tala_ef_ft_kvk  30              
  3 : 9 : so_1_þf_fh_p3_et_þt_gm  hlaut                   3 : 9 : grm     ,               
  4 : 9 : ao      á_dögunum             4 : 9 : stt     sem             
  5 : 9 : no_ft_þf_hk  hönnunarverðlaun        5 : 9 : so_1_þf_et_fh_gm_p3_þt  hlaut           
  6 : 9 : fyrirtæki_et_ef_hk  iF                      6 : 9 : eo      á_dögunum     
  7 : 9 : grm     ,                       7 : 9 : no_ft_hk_þf  hönnunarverðlaun
  8 : 9 : so_1_nf_fh_p3_et_nt_gm  verður                 8 : 9 : grm     ,               
  9 : 9 : so_0_lhþt_et  frumsýndur             9 : 9 : so_1_nf_et_fh_gm_nt_p3  verður         
 10 : 9 : lo_et_þf_kk_fst_sb  næskomandi            10 : 9 : so_et_kk_lhþt_nf_sb  frumsýndur     
 11 : 9 : no_et_þf_kk  laugardag              11 : 9 : so_1_þf_lh_nt  næskomandi     
 12 : 9 : fs_þgf  hjá                   12 : 9 : no_et_kk_þf  laugardag       
 13 : 9 : fyrirtæki_þgf_hk  Hyundai                13 : 9 : fs_þgf  hjá            
 14 : 9 : fs_þf  í                     14 : 9 : entity  Hyundai         
 15 : 9 : no_et_þf_kk  Garðabæ              15 : 9 : fs_þgf  í              
 16 : 9 : grm     .                      16 : 9 : no_et_kk_þgf  Garðabæ       
                                         17 : 9 : grm     .               

  0 : 9 :   0   17  S0-X          0 : 9 :   0   18  S0    
  1 : 9 :   0   16  S-MAIN        1 : 9 :   0   18  S-HEADING
  2 : 9 :   0   16  IP            2 : 9 :   0   17  S-MAIN
  3 : 9 :   0    8  NP-SUBJ        3 : 9 :   0   11  VP    
  4 : 9 :   2    7  CP-REL        4 : 9 :   0    9  NP-PRD
  5 : 9 :   2    3  C             5 : 9 :   0    1  NP-PREFIX
  6 : 9 :   3    7  IP            6 : 9 :   2    3  NP-POSS
  7 : 9 :   3    7  VP            7 : 9 :   4    8  CP-REL
  8 : 9 :   3    4  VP            8 : 9 :   4    5  C     
  9 : 9 :   4    5  ADVP-TIMESTAMP-REL        9 : 9 :   5    8  IP    
 10 : 9 :   5    7  NP-OBJ       10 : 9 :   5    8  S-MAIN
 11 : 9 :   6    7  NP-POSS       11 : 9 :   5    8  VP    
 12 : 9 :   8   16  VP           12 : 9 :   5    6  VP    
 13 : 9 :   8    9  VP-AUX       13 : 9 :   6    8  NP-OBJ
 14 : 9 :   9   16  VP           14 : 9 :   9   10  VP    
 15 : 9 :   9   10  VP           15 : 9 :  10   11  NP-PRD
 16 : 9 :  10   12  ADVP-DATE-REL       16 : 9 :  10   11  VP    
 17 : 9 :  10   12  NP           17 : 9 :  11   17  VP    
 18 : 9 :  12   16  PP-LOC       18 : 9 :  11   12  VP    
 19 : 9 :  12   13  P            19 : 9 :  12   17  NP-OBJ
 20 : 9 :  13   16  NP           20 : 9 :  13   17  PP    
 21 : 9 :  14   16  PP-LOC       21 : 9 :  13   14  P     
 22 : 9 :  14   15  P            22 : 9 :  14   17  NP    
 23 : 9 :  15   16  NP           23 : 9 :  15   17  PP    
                                 24 : 9 :  15   16  P     
                                 25 : 9 :  16   17  NP    

========
   7   19    0   70.00  72.41    21     30   29      4     19     7    36.84
-<1>---(wn1= 19, bn1= 30)-           -<2>---(wn2= 19, bn2= 29)-
  0 : 0 : no_et_nf_hk_gr  Hótelið               0 : 0 : no_et_gr_hk_nf  Hótelið       
  1 : 1 : stt     sem                     1 : 1 : stt     sem             
  2 : 1 : pfn_ft_nf_p1  við                    2 : 1 : pfn_ft_nf_p1  við            
  3 : 0 : so_0_fh_p1_ft_nt_gm  gistum                  3 : 0 : so_0_fh_ft_gm_nt_p1  gistum          
  4 : 1 : ao      á                      4 : 1 : ao      á              
  5 : 0 : so_1_nf_fh_p3_et_nt_gm  er                      5 : 0 : so_1_nf_et_fh_gm_nt_p3  er              
  6 : 0 : no_et_nf_kk  hluti                   6 : 0 : no_et_kk_nf  hluti           
  7 : 1 : fs_þgf  af                      7 : 1 : fs_þgf  af              
  8 : 0 : fn_et_þgf_kvk  sömu                   8 : 0 : fn_et_kvk_þgf  sömu           
  9 : 0 : no_et_þgf_kvk  hótelkeðju            9 : 0 : no_et_kvk_þgf  hótelkeðju    
 10 : 1 : st      og                     10 : 1 : st      og              
 11 : 0 : fn_ft_nf_hk  nokkur                 11 : 0 : fn_ft_hk_nf  nokkur          
 12 : 0 : no_ft_ef_hk_gr  hótelanna             12 : 0 : no_ef_ft_gr_hk  hótelanna      
 13 : 1 : ao      þar                   13 : 1 : ao      þar            
 14 : 0 : stt     sem                    14 : 0 : st      sem             
 15 : 0 : no_ft_nf_kvk  árásir               15 : 0 : no_ft_kvk_nf  árásir        
 16 : 0 : so_0_fh_p3_ft_þt_gm  voru                   16 : 0 : so_fh_ft_gm_p3_þt  voru            
 17 : 0 : so_0_lhþt_ft  gerðar                17 : 0 : so_ft_kvk_lhþt_nf_sb  gerðar         
 18 : 1 : grm     .                      18 : 1 : grm     .               

  0 : 1 :   0   19  S0            0 : 1 :   0   19  S0    
  1 : 1 :   0   18  S             1 : 1 :   0   18  S     
  2 : 1 :   0   18  IP            2 : 1 :   0   18  IP    
  3 : 1 :   0    5  NP            3 : 1 :   0    5  NP    
  4 : 1 :   1    5  CP            4 : 1 :   1    5  CP    
  5 : 1 :   1    2  C             5 : 1 :   1    2  C     
  6 : 1 :   2    5  IP            6 : 0 :   2    5  S     
  7 : 1 :   2    3  NP            7 : 1 :   2    5  IP    
  8 : 1 :   3    5  VP            8 : 1 :   2    3  NP    
  9 : 1 :   3    4  VP            9 : 1 :   3    5  VP    
 10 : 1 :   4    5  ADVP         10 : 1 :   3    4  VP    
 11 : 1 :   5   18  VP           11 : 1 :   4    5  ADVP  
 12 : 1 :   5    6  VP           12 : 1 :   5   18  VP    
 13 : 0 :   6   18  NP           13 : 0 :   5   13  VP    
 14 : 0 :   7   18  PP           14 : 1 :   5    6  VP    
 15 : 1 :   7    8  P            15 : 0 :   6   13  NP    
 16 : 0 :   8   18  NP           16 : 0 :   7   10  PP    
 17 : 0 :  10   18  CP           17 : 1 :   7    8  P     
 18 : 1 :  10   11  C            18 : 0 :   8   10  NP    
 19 : 0 :  11   18  NP           19 : 1 :  10   11  C     
 20 : 0 :  12   18  NP           20 : 0 :  12   13  NP    
 21 : 0 :  13   18  ADVP         21 : 0 :  13   18  CP    
 22 : 0 :  14   18  CP           22 : 0 :  13   15  C     
 23 : 0 :  14   15  C            23 : 1 :  15   18  IP    
 24 : 1 :  15   18  IP           24 : 1 :  15   16  NP    
 25 : 1 :  15   16  NP           25 : 1 :  16   18  VP    
 26 : 1 :  16   18  VP           26 : 1 :  16   17  VP    
 27 : 1 :  16   17  VP           27 : 1 :  17   18  NP    
 28 : 1 :  17   18  NP           28 : 1 :  17   18  VP    
 29 : 1 :  17   18  VP          

========
   8   20    1    0.00   0.00     0      0    0      0      0     0     0.00
-<1>---(wn1= 20, bn1= 24)-           -<2>---(wn2= 18, bn2=  2)-
  0 : 9 : abbrev  S                       0 : 9 : x       S               
  1 : 9 : grm     :                       1 : 9 : x       :               
  2 : 9 : grm     „                     2 : 9 : x       „             
  3 : 9 : fn_et_þf_hk  Hvað                   3 : 9 : x       Hvað           
  4 : 9 : so_0_fh_p2_et_nt_gm  ert                     4 : 9 : x       ert             
  5 : 9 : pfn_et_nf_p2  þú                    5 : 9 : x       þú            
  6 : 9 : so_0_lhþt_et  búin                   6 : 9 : x       búin           
  7 : 9 : nhm     að                     7 : 9 : x       að             
  8 : 9 : so_0_nh_gm  vera                    8 : 9 : x       vera            
  9 : 9 : nhm     að                     9 : 9 : x       að             
 10 : 9 : so_1_þf_nh_gm  gera                   10 : 9 : x       gera            
 11 : 9 : fs_þf  í                     11 : 9 : x       í              
 12 : 9 : fn_ft_þf_hk  öll                   12 : 9 : x       öll            
 13 : 9 : fn_ft_þf_hk  þessi                 13 : 9 : x       þessi          
 14 : 9 : töl_ft_þf_hk  sex                    14 : 9 : x       sex-ish         
 15 : 9 : grm     -                      15 : 9 : x       ár             
 16 : 9 : foreign  ish                    16 : 9 : x       ?               
 17 : 9 : no_ft_þf_hk  ár                    17 : 9 : x       “             
 18 : 9 : grm     ?                     
 19 : 9 : grm     “                   

  0 : 9 :   0   20  S0            0 : 9 :   0   18  S0    
  1 : 9 :   0   20  S-QUOTE        1 : 9 :   0   18  S-MAIN
  2 : 9 :   0    2  CP-SOURCE      
  3 : 9 :   0    1  NP-SUBJ      
  4 : 9 :   2   20  CP-QUOTE      
  5 : 9 :   2   18  IP          
  6 : 9 :   3    4  NP-OBJ      
  7 : 9 :   4   18  VP          
  8 : 9 :   4    5  VP-AUX      
  9 : 9 :   5    6  NP-SUBJ      
 10 : 9 :   6   18  VP          
 11 : 9 :   6    7  NP-PRD      
 12 : 9 :   6    7  VP          
 13 : 9 :   7   18  IP-INF      
 14 : 9 :   7    8  TO          
 15 : 9 :   8   18  VP          
 16 : 9 :   8    9  VP          
 17 : 9 :   9   18  IP-INF      
 18 : 9 :   9   10  TO          
 19 : 9 :  10   18  VP          
 20 : 9 :  10   11  VP          
 21 : 9 :  11   18  ADVP-DUR-REL      
 22 : 9 :  11   12  P           
 23 : 9 :  12   18  NP          

========
   9   19    0    4.00  50.00     1     25    2      0     19     0     0.00
-<1>---(wn1= 19, bn1= 25)-           -<2>---(wn2= 19, bn2=  2)-
  0 : 0 : fyrirtæki_et_nf_kk  Vísir                  0 : 0 : x       Vísir          
  1 : 0 : so_0_fh_p3_et_nt_gm  mun                     1 : 0 : x       mun             
  2 : 0 : ao      að_sjálfsögðu        2 : 0 : x       að_sjálfsögðu
  3 : 0 : so_2_þgf_þf_nh_gm  gera                    3 : 0 : x       gera            
  4 : 0 : no_et_þgf_hk_gr  mótinu                 4 : 0 : x       mótinu         
  5 : 0 : lo_ft_þf_hk_sb  góð                   5 : 0 : x       góð           
  6 : 0 : no_ft_þf_hk  skil                    6 : 0 : x       skil            
  7 : 0 : grm     ,                       7 : 0 : x       ,               
  8 : 0 : st      en                      8 : 0 : x       en              
  9 : 0 : so_0_lhþt_ft  fluttar                 9 : 0 : x       fluttar         
 10 : 0 : so_0_fh_p3_ft_nt_gm  verða                 10 : 0 : x       verða          
 11 : 0 : lo_ft_nf_kvk_sb  daglegir               11 : 0 : x       daglegir        
 12 : 0 : no_ft_nf_kvk  fréttir               12 : 0 : x       fréttir        
 13 : 0 : fs_þgf  af                     13 : 0 : x       af              
 14 : 0 : no_et_þgf_hk_gr  mótinu                14 : 0 : x       mótinu         
 15 : 0 : fs_þgf  á                     15 : 0 : x       á              
 16 : 0 : fn_ft_þgf_kk  öllum                 16 : 0 : x       öllum          
 17 : 0 : no_ft_þgf_kk  miðlum                17 : 0 : x       miðlum         
 18 : 0 : grm     .                      18 : 0 : x       .               

  0 : 1 :   0   19  S0            0 : 1 :   0   19  S0    
  1 : 0 :   0    7  S             1 : 0 :   0   19  S     
  2 : 0 :   0    7  IP          
  3 : 0 :   0    1  NP          
  4 : 0 :   1    7  VP          
  5 : 0 :   1    2  VP          
  6 : 0 :   2    3  ADVP        
  7 : 0 :   3    7  VP          
  8 : 0 :   3    4  VP          
  9 : 0 :   4    5  NP          
 10 : 0 :   5    7  NP          
 11 : 0 :   8    9  C           
 12 : 0 :   9   18  S           
 13 : 0 :   9   18  IP          
 14 : 0 :   9   18  VP          
 15 : 0 :   9   10  NP          
 16 : 0 :   9   10  VP          
 17 : 0 :  10   11  VP          
 18 : 0 :  11   15  NP          
 19 : 0 :  13   15  PP          
 20 : 0 :  13   14  P           
 21 : 0 :  14   15  NP          
 22 : 0 :  15   18  PP          
 23 : 0 :  15   16  P           
 24 : 0 :  16   18  NP          

========
  10   19    0   57.58  70.37    19     33   27      3     19     4    21.05
-<1>---(wn1= 19, bn1= 33)-           -<2>---(wn2= 19, bn2= 27)-
  0 : 0 : no_ft_nf_kk_gr  Embættismennirnir        0 : 0 : no_ft_gr_kk_nf  Embættismennirnir
  1 : 0 : so_0_fh_p3_ft_nt_mm  segjast                 1 : 0 : so_fh_ft_mm_nt_p3  segjast         
  2 : 0 : so_0_nh_gm  hafa                    2 : 0 : so_1_þf_gm_nh  hafa            
  3 : 0 : so_1_þf_sagnb_gm  flutt                   3 : 0 : lo_ft_hk_sb_þf  flutt           
  4 : 0 : no_ft_þf_hk  skilaboð               4 : 0 : no_ft_hk_þf  skilaboð       
  5 : 1 : fs_þgf  frá                    5 : 1 : fs_þgf  frá            
  6 : 0 : person_þgf_kk  Donald_Trump            6 : 0 : person_ef_kk  Donald_Trump    
  7 : 0 : fs_ef   til                     7 : 0 : eo      til             
  8 : 0 : person_ef_kk  Kim                     8 : 0 : person_kk_þgf  Kim             
  9 : 1 : st      og                      9 : 1 : st      og              
 10 : 0 : st      að                    10 : 0 : fs_þgf  að             
 11 : 0 : person_nf_kk  Trump                  11 : 0 : person_kk_þgf  Trump           
 12 : 0 : so_0_vh_p3_et_nt_gm  muni                   12 : 0 : so_ft_gm_nt_p3_vh  muni            
 13 : 0 : so_1_þf_nh_gm  fá                    13 : 0 : so_1_þf_gm_nh  fá             
 14 : 0 : no_et_þf_hk  svar                   14 : 0 : no_et_hk_þf  svar            
 15 : 0 : no_et_ef_kk_gr  einræðisherrans       15 : 0 : no_ef_et_gr_kk  einræðisherrans
 16 : 1 : fs_þf  í                     16 : 1 : fs_þf  í              
 17 : 0 : no_et_þf_kk  dag                    17 : 0 : no_et_kk_þf  dag             
 18 : 1 : grm     .                      18 : 1 : grm     .               

  0 : 1 :   0   19  S0            0 : 1 :   0   19  S0    
  1 : 1 :   0   18  S             1 : 1 :   0   18  S     
  2 : 1 :   0   18  IP            2 : 1 :   0   18  IP    
  3 : 1 :   0    1  NP            3 : 1 :   0    1  NP    
  4 : 1 :   1   18  VP            4 : 1 :   1   18  VP    
  5 : 1 :   1    2  VP            5 : 0 :   1    9  VP    
  6 : 0 :   2    9  IP            6 : 1 :   1    2  VP    
  7 : 1 :   2    9  VP            7 : 1 :   2    9  VP    
  8 : 1 :   2    3  VP            8 : 1 :   2    3  VP    
  9 : 0 :   3    9  VP            9 : 0 :   3    9  NP    
 10 : 0 :   3    4  VP           10 : 0 :   5    9  PP    
 11 : 0 :   4    5  NP           11 : 1 :   5    6  P     
 12 : 0 :   5    7  PP           12 : 0 :   6    9  NP    
 13 : 1 :   5    6  P            13 : 1 :   6    7  NP    
 14 : 1 :   6    7  NP           14 : 1 :   9   10  C     
 15 : 0 :   7    9  PP           15 : 0 :  10   12  PP    
 16 : 0 :   7    8  P            16 : 0 :  10   11  P     
 17 : 0 :   8    9  NP           17 : 1 :  11   12  NP    
 18 : 1 :   9   10  C            18 : 0 :  12   16  VP    
 19 : 0 :  10   18  CP           19 : 1 :  12   13  VP    
 20 : 0 :  10   11  C            20 : 0 :  13   16  VP    
 21 : 0 :  11   18  IP           21 : 1 :  13   14  VP    
 22 : 1 :  11   12  NP           22 : 1 :  14   16  NP    
 23 : 0 :  12   18  VP           23 : 1 :  15   16  NP    
 24 : 1 :  12   13  VP           24 : 1 :  16   18  ADVP  
 25 : 0 :  13   18  VP           25 : 1 :  16   17  P     
 26 : 1 :  13   14  VP           26 : 1 :  17   18  NP    
 27 : 1 :  14   16  NP          
 28 : 1 :  15   16  NP          
 29 : 1 :  16   18  ADVP        
 30 : 0 :  16   18  PP          
 31 : 1 :  16   17  P           
 32 : 1 :  17   18  NP          

========
============================================================================
                 63.79  74.37    148   232   199     25    155    49    31.61
=== Summary ===

-- All --
Number of sentence        =     10
Number of Error sentence  =      2
Number of Skip  sentence  =      0
Number of Valid sentence  =      8
Bracketing Recall         =  63.79
Bracketing Precision      =  74.37
Bracketing FMeasure       =  68.68
Complete match            =   0.00
Average crossing          =   3.12
No crossing               =  12.50
2 or less crossing        =  37.50
Tagging accuracy          =  31.61

-- len<=100 --
Number of sentence        =     10
Number of Error sentence  =      2
Number of Skip  sentence  =      0
Number of Valid sentence  =      8
Bracketing Recall         =  63.79
Bracketing Precision      =  74.37
Bracketing FMeasure       =  68.68
Complete match            =   0.00
Average crossing          =   3.12
No crossing               =  12.50
2 or less crossing        =  37.50
Tagging accuracy          =  31.61
