  Sent.                        Matched  Bracket   Cross        Correct Tag
 ID  Len.  Stat. Recal  Prec.  Bracket gold test Bracket Words  Tags Accracy
============================================================================
   1   20    0   90.62  93.55    29     32   31      2     19    19   100.00
-<1>---(wn1= 19, bn1= 32)-           -<2>---(wn2= 19, bn2= 31)-
  0 : 1 : pfn     Hann                    0 : 1 : pfn     Hann            
  1 : 1 : so      neitar                  1 : 1 : so      neitar          
  2 : 1 : nhm     að                     2 : 1 : nhm     að             
  3 : 1 : so      meðhöndla             3 : 1 : so      meðhöndla     
  4 : 1 : pfn     mig                     4 : 1 : pfn     mig             
  5 : 1 : st      og                      5 : 1 : st      og              
  6 : 1 : so      heldur                  6 : 1 : so      heldur          
  7 : 1 : ao      áfram                  7 : 1 : ao      áfram          
  8 : 1 : nhm     að                     8 : 1 : nhm     að             
  9 : 1 : so      deila                   9 : 1 : so      deila           
 10 : 1 : fs      um                     10 : 1 : fs      um              
 11 : 1 : no      tungumálahæfileika       11 : 1 : no      tungumálahæfileika
 12 : 1 : fn      mína                  12 : 1 : fn      mína           
 13 : 1 : st      og                     13 : 1 : st      og              
 14 : 1 : so      segir                  14 : 1 : so      segir           
 15 : 1 : pfn     mér                   15 : 1 : pfn     mér            
 16 : 1 : nhm     að                    16 : 1 : nhm     að             
 17 : 1 : so      róa                   17 : 1 : so      róa            
 18 : 1 : pfn     mig                    18 : 1 : pfn     mig             

  0 : 1 :   0   19  S0            0 : 1 :   0   19  S0    
  1 : 1 :   0   19  S             1 : 1 :   0   19  S     
  2 : 1 :   0   19  IP            2 : 1 :   0   19  IP    
  3 : 1 :   0    1  NP            3 : 1 :   0    1  NP    
  4 : 1 :   1   19  VP            4 : 1 :   1   19  VP    
  5 : 1 :   1    5  VP            5 : 1 :   1    5  VP    
  6 : 1 :   1    2  VP            6 : 1 :   1    2  VP    
  7 : 1 :   2    5  IP            7 : 1 :   2    5  IP    
  8 : 1 :   2    3  TO            8 : 1 :   2    3  TO    
  9 : 1 :   3    5  VP            9 : 1 :   3    5  VP    
 10 : 1 :   3    4  VP           10 : 1 :   3    4  VP    
 11 : 1 :   4    5  NP           11 : 1 :   4    5  NP    
 12 : 1 :   5    6  C            12 : 1 :   5    6  C     
 13 : 0 :   6   13  VP           13 : 0 :   6   10  VP    
 14 : 1 :   6    7  VP           14 : 1 :   6    7  VP    
 15 : 1 :   7    8  ADVP         15 : 1 :   7    8  ADVP  
 16 : 0 :   8   13  IP           16 : 0 :   8   10  IP    
 17 : 1 :   8    9  TO           17 : 1 :   8    9  TO    
 18 : 0 :   9   13  VP           18 : 1 :   9   10  VP    
 19 : 1 :   9   10  VP           19 : 1 :  10   13  PP    
 20 : 1 :  10   13  PP           20 : 1 :  10   11  P     
 21 : 1 :  10   11  P            21 : 1 :  11   13  NP    
 22 : 1 :  11   13  NP           22 : 1 :  13   14  C     
 23 : 1 :  13   14  C            23 : 1 :  14   19  VP    
 24 : 1 :  14   19  VP           24 : 1 :  14   15  VP    
 25 : 1 :  14   15  VP           25 : 1 :  15   16  NP    
 26 : 1 :  15   16  NP           26 : 1 :  16   19  IP    
 27 : 1 :  16   19  IP           27 : 1 :  16   17  TO    
 28 : 1 :  16   17  TO           28 : 1 :  17   19  VP    
 29 : 1 :  17   19  VP           29 : 1 :  17   18  VP    
 30 : 1 :  17   18  VP           30 : 1 :  18   19  NP    
 31 : 1 :  18   19  NP          

========
   2   20    0   84.00  84.00    21     25   25      1     17    17   100.00
-<1>---(wn1= 17, bn1= 25)-           -<2>---(wn2= 17, bn2= 25)-
  0 : 1 : person  Sandra_Granquist        0 : 1 : person  Sandra_Granquist
  1 : 1 : no      deildarstjóri          1 : 1 : no      deildarstjóri  
  2 : 1 : no      selarannsóknasviðs        2 : 1 : no      selarannsóknasviðs
  3 : 1 : fs      hjá                    3 : 1 : fs      hjá            
  4 : 1 : sérnafn  Selasetri               4 : 1 : no      Selasetri       
  5 : 1 : sérnafn  Íslands                5 : 1 : no      Íslands        
  6 : 1 : fs      á                      6 : 1 : fs      á              
  7 : 1 : sérnafn  Hvammstanga             7 : 1 : no      Hvammstanga     
  8 : 1 : st      og                      8 : 1 : st      og              
  9 : 1 : no      sérfræðingur         9 : 1 : no      sérfræðingur 
 10 : 1 : fs      hjá                   10 : 1 : fs      hjá            
 11 : 1 : fyrirtæki  Hafrannsóknastofnun       11 : 1 : no      Hafrannsóknastofnun
 12 : 1 : so      er                     12 : 1 : so      er              
 13 : 1 : fs      í                     13 : 1 : fs      í              
 14 : 1 : no      forsvari               14 : 1 : no      forsvari        
 15 : 1 : fs      fyrir                  15 : 1 : fs      fyrir           
 16 : 1 : no      talningunni            16 : 1 : no      talningunni     

  0 : 1 :   0   17  S0            0 : 1 :   0   17  S0    
  1 : 1 :   0   17  S             1 : 1 :   0   17  S     
  2 : 1 :   0   17  IP            2 : 1 :   0   17  IP    
  3 : 1 :   0   12  NP            3 : 1 :   0   12  NP    
  4 : 1 :   1   12  NP            4 : 1 :   1   12  NP    
  5 : 0 :   2    3  NP            5 : 0 :   2    8  NP    
  6 : 1 :   3    8  PP            6 : 1 :   3    8  PP    
  7 : 1 :   3    4  P             7 : 1 :   3    4  P     
  8 : 1 :   4    8  NP            8 : 1 :   4    8  NP    
  9 : 0 :   5    6  NP            9 : 0 :   5    8  NP    
 10 : 1 :   6    8  PP           10 : 1 :   6    8  PP    
 11 : 1 :   6    7  P            11 : 1 :   6    7  P     
 12 : 1 :   7    8  NP           12 : 1 :   7    8  NP    
 13 : 1 :   8    9  C            13 : 1 :   8    9  C     
 14 : 1 :  10   12  PP           14 : 1 :  10   12  PP    
 15 : 1 :  10   11  P            15 : 1 :  10   11  P     
 16 : 1 :  11   12  NP           16 : 1 :  11   12  NP    
 17 : 1 :  12   17  VP           17 : 1 :  12   17  VP    
 18 : 1 :  12   13  VP           18 : 1 :  12   13  VP    
 19 : 0 :  13   17  PP           19 : 0 :  13   15  PP    
 20 : 1 :  13   14  P            20 : 1 :  13   14  P     
 21 : 0 :  14   17  NP           21 : 0 :  14   15  NP    
 22 : 1 :  15   17  PP           22 : 1 :  15   17  PP    
 23 : 1 :  15   16  P            23 : 1 :  15   16  P     
 24 : 1 :  16   17  NP           24 : 1 :  16   17  NP    

========
   3   21    0   87.50  84.85    28     32   33      0     20    19    95.00
-<1>---(wn1= 20, bn1= 32)-           -<2>---(wn2= 20, bn2= 33)-
  0 : 1 : person  Klara                   0 : 1 : person  Klara           
  1 : 1 : so      vildi                   1 : 1 : so      vildi           
  2 : 1 : ao      einnig                  2 : 1 : ao      einnig          
  3 : 1 : so      ítreka                 3 : 1 : so      ítreka         
  4 : 1 : pfn     það                   4 : 1 : fn      það           
  5 : 1 : st      að                     5 : 1 : st      að             
  6 : 1 : eo      aðeins                 6 : 1 : eo      aðeins         
  7 : 1 : fn      þeir                   7 : 1 : fn      þeir           
  8 : 1 : no      miðar                  8 : 1 : no      miðar          
  9 : 1 : st      sem                     9 : 1 : stt     sem             
 10 : 1 : so      keyptir                10 : 1 : so      keyptir         
 11 : 1 : so      eru                    11 : 1 : so      eru             
 12 : 0 : fs      í                     12 : 0 : ao      í              
 13 : 1 : fs      gegnum                 13 : 1 : fs      gegnum          
 14 : 1 : lén    fifa.com               14 : 1 : lén    fifa.com        
 15 : 1 : so      eru                    15 : 1 : so      eru             
 16 : 1 : lo      gildir                 16 : 1 : lo      gildir          
 17 : 1 : ao      inn                    17 : 1 : ao      inn             
 18 : 1 : fs      á                     18 : 1 : fs      á              
 19 : 1 : no      leikvangana            19 : 1 : no      leikvangana     

  0 : 1 :   0   20  S0            0 : 1 :   0   20  S0    
  1 : 1 :   0   20  S             1 : 1 :   0   20  S     
  2 : 1 :   0   20  IP            2 : 1 :   0   20  IP    
  3 : 1 :   0    1  NP            3 : 1 :   0    1  NP    
  4 : 1 :   1   20  VP            4 : 1 :   1   20  VP    
  5 : 1 :   1    2  VP            5 : 1 :   1    2  VP    
  6 : 1 :   2    3  ADVP          6 : 0 :   2   20  VP    
  7 : 0 :   3   20  IP            7 : 1 :   2    3  ADVP  
  8 : 1 :   3   20  VP            8 : 1 :   3   20  VP    
  9 : 1 :   3    4  VP            9 : 1 :   3    4  VP    
 10 : 1 :   4   20  NP           10 : 1 :   4   20  NP    
 11 : 1 :   5   20  CP           11 : 1 :   5   20  CP    
 12 : 1 :   5    6  C            12 : 1 :   5    6  C     
 13 : 1 :   6   20  IP           13 : 1 :   6   20  IP    
 14 : 1 :   6   15  NP           14 : 1 :   6   15  NP    
 15 : 1 :   9   15  CP           15 : 1 :   9   15  CP    
 16 : 1 :   9   10  C            16 : 1 :   9   10  C     
 17 : 1 :  10   15  IP           17 : 1 :  10   15  IP    
 18 : 0 :  10   15  VP           18 : 0 :  10   15  S     
 19 : 0 :  10   11  NP           19 : 0 :  10   12  VP    
 20 : 1 :  10   11  VP           20 : 1 :  10   11  VP    
 21 : 1 :  11   12  VP           21 : 1 :  11   12  VP    
 22 : 1 :  12   15  PP           22 : 1 :  12   15  PP    
 23 : 0 :  12   14  P            23 : 0 :  13   14  P     
 24 : 1 :  14   15  NP           24 : 1 :  14   15  NP    
 25 : 1 :  15   20  VP           25 : 1 :  15   20  VP    
 26 : 1 :  15   16  VP           26 : 1 :  15   16  VP    
 27 : 1 :  16   20  NP           27 : 1 :  16   20  NP    
 28 : 1 :  17   20  PP           28 : 0 :  16   17  NP    
 29 : 1 :  17   18  ADVP         29 : 1 :  17   20  PP    
 30 : 1 :  18   19  P            30 : 1 :  17   18  ADVP  
 31 : 1 :  19   20  NP           31 : 1 :  18   19  P     
                                 32 : 1 :  19   20  NP    

========
   4   19    0   52.17  50.00    12     23   24      2     17    14    82.35
-<1>---(wn1= 17, bn1= 23)-           -<2>---(wn2= 17, bn2= 24)-
  0 : 1 : pfn     Hún                    0 : 1 : pfn     Hún            
  1 : 1 : so      dugar                   1 : 1 : so      dugar           
  2 : 1 : ao      ekki                    2 : 1 : ao      ekki            
  3 : 1 : ao      til                     3 : 1 : ao      til             
  4 : 1 : fs      að                     4 : 1 : fs      að             
  5 : 1 : no      mati                    5 : 1 : no      mati            
  6 : 1 : fyrirtæki  Orkustofnunar           6 : 1 : no      Orkustofnunar   
  7 : 1 : eo      fyrst_og_fremst         7 : 1 : ao      fyrst_og_fremst 
  8 : 1 : ao      þar                    8 : 1 : ao      þar            
  9 : 0 : stt     sem                     9 : 0 : ao      sem             
 10 : 1 : ao      ekki                   10 : 1 : ao      ekki            
 11 : 1 : so      liggja                 11 : 1 : so      liggja          
 12 : 1 : lo      nægar                 12 : 1 : lo      nægar          
 13 : 1 : no      upplýsingar           13 : 1 : no      upplýsingar    
 14 : 0 : ao      fyrir                  14 : 0 : fs      fyrir           
 15 : 0 : fs      um                     15 : 0 : eo      um              
 16 : 1 : no      framkvæmdirnar        16 : 1 : no      framkvæmdirnar 

  0 : 1 :   0   17  S0            0 : 1 :   0   17  S0    
  1 : 0 :   0   17  S             1 : 0 :   0    7  S     
  2 : 0 :   0   17  IP            2 : 0 :   0    7  IP    
  3 : 1 :   0    1  NP            3 : 1 :   0    1  NP    
  4 : 0 :   1   17  VP            4 : 0 :   1    7  VP    
  5 : 1 :   1    2  VP            5 : 1 :   1    2  VP    
  6 : 1 :   2    3  ADVP          6 : 1 :   2    3  ADVP  
  7 : 1 :   3    4  ADVP          7 : 1 :   3    4  ADVP  
  8 : 1 :   4    7  PP            8 : 1 :   4    7  PP    
  9 : 1 :   4    5  P             9 : 1 :   4    5  P     
 10 : 1 :   5    7  NP           10 : 1 :   5    7  NP    
 11 : 1 :   6    7  NP           11 : 1 :   6    7  NP    
 12 : 0 :   7   17  CP           12 : 0 :   7   17  S     
 13 : 0 :   7   10  C            13 : 0 :   7   17  IP    
 14 : 0 :  10   17  IP           14 : 0 :   7    8  ADVP  
 15 : 1 :  10   11  ADVP         15 : 0 :   8    9  ADVP  
 16 : 1 :  11   17  VP           16 : 0 :   9   10  ADVP  
 17 : 1 :  11   12  VP           17 : 1 :  10   11  ADVP  
 18 : 0 :  12   14  NP           18 : 1 :  11   17  VP    
 19 : 0 :  14   15  ADVP         19 : 1 :  11   12  VP    
 20 : 0 :  15   17  PP           20 : 0 :  12   17  NP    
 21 : 0 :  15   16  P            21 : 0 :  14   17  PP    
 22 : 0 :  16   17  NP           22 : 0 :  14   15  P     
                                 23 : 0 :  15   17  NP    

========
   5   19    0   72.73  80.00    16     22   20      0     17    17   100.00
-<1>---(wn1= 17, bn1= 22)-           -<2>---(wn2= 17, bn2= 20)-
  0 : 1 : pfn     Hann                    0 : 1 : pfn     Hann            
  1 : 1 : so      keypti                  1 : 1 : so      keypti          
  2 : 1 : ao      svo                     2 : 1 : eo      svo             
  3 : 1 : eo      nærri                  3 : 1 : eo      nærri          
  4 : 1 : tala    tveggja_milljarða        4 : 1 : tala    tveggja_milljarða
  5 : 1 : no      vanskilaskuldir         5 : 1 : no      vanskilaskuldir 
  6 : 1 : no      sjúklinga              6 : 1 : no      sjúklinga      
  7 : 1 : fs      við                    7 : 1 : fs      við            
  8 : 1 : no      lækna                  8 : 1 : no      lækna          
  9 : 1 : fn      sína                   9 : 1 : fn      sína           
 10 : 1 : fs      fyrir                  10 : 1 : fs      fyrir           
 11 : 1 : lo      litlar                 11 : 1 : lo      litlar          
 12 : 1 : töl    7,4_milljónir         12 : 1 : töl    7,4_milljónir  
 13 : 1 : st      og                     13 : 1 : st      og              
 14 : 1 : so      felldi                 14 : 1 : so      felldi          
 15 : 1 : pfn     þær                  15 : 1 : pfn     þær           
 16 : 1 : ao      niður                 16 : 1 : ao      niður          

  0 : 1 :   0   17  S0            0 : 1 :   0   17  S0    
  1 : 1 :   0   17  S             1 : 1 :   0   17  S     
  2 : 1 :   0   17  IP            2 : 1 :   0   17  IP    
  3 : 1 :   0    1  NP            3 : 1 :   0    1  NP    
  4 : 1 :   1   17  VP            4 : 1 :   1   17  VP    
  5 : 0 :   1   13  VP            5 : 0 :   1   10  VP    
  6 : 1 :   1    2  VP            6 : 1 :   1    2  VP    
  7 : 0 :   2    3  ADVP          7 : 0 :   2   10  NP    
  8 : 0 :   3   10  NP            8 : 0 :   6   10  NP    
  9 : 0 :   3    5  NP            9 : 1 :   7   10  PP    
 10 : 0 :   6    7  NP           10 : 1 :   7    8  P     
 11 : 1 :   7   10  PP           11 : 1 :   8   10  NP    
 12 : 1 :   7    8  P            12 : 1 :  10   13  PP    
 13 : 1 :   8   10  NP           13 : 1 :  10   11  P     
 14 : 1 :  10   13  PP           14 : 1 :  11   13  NP    
 15 : 1 :  10   11  P            15 : 1 :  13   14  C     
 16 : 1 :  11   13  NP           16 : 0 :  14   16  VP    
 17 : 1 :  13   14  C            17 : 1 :  14   15  VP    
 18 : 0 :  14   17  VP           18 : 1 :  15   16  NP    
 19 : 1 :  14   15  VP           19 : 1 :  16   17  ADVP  
 20 : 1 :  15   16  NP          
 21 : 1 :  16   17  ADVP        

========
   6   17    1    0.00   0.00     0      0    0      0      0     0     0.00
-<1>---(wn1= 16, bn1= 25)-           -<2>---(wn2= 19, bn2= 22)-
  0 : 9 : sérnafn  Englendingurinn         0 : 9 : no      Englendingurinn 
  1 : 9 : person  Jadon_Sancho            1 : 9 : sérnafn  Jadon           
  2 : 9 : fs      hjá                    2 : 9 : sérnafn  Sancho          
  3 : 9 : fyrirtæki  Borussia_Dortmund        3 : 9 : fs      hjá            
  4 : 9 : so      er                      4 : 9 : sérnafn  Borussia        
  5 : 9 : fs      í                      5 : 9 : entity  Dortmund        
  6 : 9 : fn      öðru                  6 : 9 : so      er              
  7 : 9 : no      sæti                   7 : 9 : fs      í              
  8 : 9 : st      og                      8 : 9 : fn      öðru          
  9 : 9 : fs      í                      9 : 9 : no      sæti           
 10 : 9 : fn      því                  10 : 9 : st      og              
 11 : 9 : lo      þriðja               11 : 9 : fs      í              
 12 : 9 : so      er                     12 : 9 : fn      því           
 13 : 9 : person  Kai_Havertz            13 : 9 : lo      þriðja        
 14 : 9 : fs      hjá                   14 : 9 : so      er              
 15 : 9 : fyrirtæki  Bayer_Leverkusen       15 : 9 : sérnafn  Kai             
                                         16 : 9 : sérnafn  Havertz         
                                         17 : 9 : fs      hjá            
                                         18 : 9 : entity  Bayer_Leverkusen

  0 : 9 :   0   16  S0            0 : 9 :   0   19  S0    
  1 : 9 :   0    8  S-MAIN        1 : 9 :   0   19  S-MAIN
  2 : 9 :   0    8  IP            2 : 9 :   0   19  IP    
  3 : 9 :   0    4  NP-SUBJ        3 : 9 :   0    6  NP-SUBJ
  4 : 9 :   0    1  NP-TITLE        4 : 9 :   3    6  PP    
  5 : 9 :   2    4  PP-LOC        5 : 9 :   3    4  P     
  6 : 9 :   2    3  P             6 : 9 :   4    6  NP    
  7 : 9 :   3    4  NP            7 : 9 :   6   19  VP    
  8 : 9 :   4    8  VP            8 : 9 :   6    7  VP    
  9 : 9 :   4    5  VP            9 : 9 :   7   10  PP    
 10 : 9 :   5    8  PP-LOC       10 : 9 :   7    8  P     
 11 : 9 :   5    6  P            11 : 9 :   8   10  NP    
 12 : 9 :   6    8  NP           12 : 9 :  10   11  C     
 13 : 9 :   8    9  C            13 : 9 :  11   14  PP    
 14 : 9 :   9   16  S-MAIN       14 : 9 :  11   12  P     
 15 : 9 :   9   16  IP           15 : 9 :  12   14  NP    
 16 : 9 :   9   12  PP-LOC       16 : 9 :  14   19  VP    
 17 : 9 :   9   10  P            17 : 9 :  14   15  VP    
 18 : 9 :  10   12  NP           18 : 9 :  15   19  NP-PRD
 19 : 9 :  12   16  VP           19 : 9 :  17   19  PP    
 20 : 9 :  12   13  VP           20 : 9 :  17   18  P     
 21 : 9 :  13   16  NP-SUBJ       21 : 9 :  18   19  NP    
 22 : 9 :  14   16  PP-LOC      
 23 : 9 :  14   15  P           
 24 : 9 :  15   16  NP          

========
   7   21    0   61.90  54.17    13     21   24      8     17    13    76.47
-<1>---(wn1= 17, bn1= 21)-           -<2>---(wn2= 17, bn2= 24)-
  0 : 0 : ao      Svo                     0 : 0 : st      Svo             
  1 : 1 : so      nægir                  1 : 1 : so      nægir          
  2 : 1 : nhm     að                     2 : 1 : nhm     að             
  3 : 1 : so      smella                  3 : 1 : so      smella          
  4 : 0 : fs      á                      4 : 0 : so      á              
  5 : 0 : lo      viðkomandi             5 : 0 : no      viðkomandi     
  6 : 0 : lo      leik                    6 : 0 : no      leik            
  7 : 1 : fs      til                     7 : 1 : fs      til             
  8 : 1 : nhm     að                     8 : 1 : nhm     að             
  9 : 1 : so      fá                     9 : 1 : so      fá             
 10 : 1 : lo      frekari                10 : 1 : lo      frekari         
 11 : 1 : no      upplýsingar           11 : 1 : no      upplýsingar    
 12 : 1 : no      byrjunarlið           12 : 1 : no      byrjunarlið    
 13 : 1 : no      skiptingar             13 : 1 : no      skiptingar      
 14 : 1 : no      spjöld                14 : 1 : no      spjöld         
 15 : 1 : st      og                     15 : 1 : st      og              
 16 : 1 : no      mörk                  16 : 1 : no      mörk           

  0 : 1 :   0   17  S0            0 : 1 :   0   17  S0    
  1 : 1 :   0   17  S             1 : 1 :   0   17  S     
  2 : 0 :   0   17  IP            2 : 0 :   0    4  CP    
  3 : 0 :   0    1  ADVP          3 : 0 :   0    1  C     
  4 : 0 :   1   17  VP            4 : 0 :   1    4  IP    
  5 : 1 :   1    2  VP            5 : 0 :   1    4  S     
  6 : 0 :   2    7  IP            6 : 0 :   1    4  VP    
  7 : 1 :   2    3  TO            7 : 1 :   1    2  VP    
  8 : 0 :   3    7  VP            8 : 0 :   2    4  IP    
  9 : 1 :   3    4  VP            9 : 1 :   2    3  TO    
 10 : 0 :   4    7  PP           10 : 1 :   3    4  VP    
 11 : 0 :   4    5  P            11 : 0 :   4   17  IP    
 12 : 0 :   5    7  NP           12 : 0 :   4   17  VP    
 13 : 1 :   7   17  PP           13 : 0 :   4    5  VP    
 14 : 1 :   7    8  P            14 : 0 :   5    6  NP    
 15 : 1 :   8   17  IP           15 : 0 :   6   17  NP    
 16 : 1 :   8    9  TO           16 : 1 :   7   17  PP    
 17 : 1 :   9   17  VP           17 : 1 :   7    8  P     
 18 : 1 :   9   10  VP           18 : 1 :   8   17  IP    
 19 : 1 :  10   17  NP           19 : 1 :   8    9  TO    
 20 : 1 :  15   16  C            20 : 1 :   9   17  VP    
                                 21 : 1 :   9   10  VP    
                                 22 : 1 :  10   17  NP    
                                 23 : 1 :  15   16  C     

========
   8   21    1    0.00   0.00     0      0    0      0      0     0     0.00
-<1>---(wn1= 19, bn1= 31)-           -<2>---(wn2= 18, bn2= 34)-
  0 : 9 : person  May                     0 : 9 : no      May             
  1 : 9 : so      las                     1 : 9 : so      las             
  2 : 9 : no      stöðuna               2 : 9 : no      stöðuna       
  3 : 9 : ao      rétt                   3 : 9 : ao      rétt           
  4 : 9 : st      en                      4 : 9 : st      en              
  5 : 9 : no      gallinn                 5 : 9 : no      gallinn         
  6 : 9 : so      var                     6 : 9 : so      var             
  7 : 9 : fn      sá                     7 : 9 : fn      sá             
  8 : 9 : st      að                     8 : 9 : st      að             
  9 : 9 : st      þegar                  9 : 9 : st      þegar          
 10 : 9 : fs      í                     10 : 9 : fs      í              
 11 : 9 : sérnafn  Downing                11 : 9 : no      Downing-stræti 
 12 : 9 : no      stræti                12 : 9 : so      var             
 13 : 9 : so      var                    13 : 9 : no      kmið           
 14 : 9 : so      komið                 14 : 9 : so      reyndist        
 15 : 9 : so      reyndist               15 : 9 : pfn     hún            
 16 : 9 : pfn     hún                   16 : 9 : eo      algerlega       
 17 : 9 : eo      algerlega              17 : 9 : lo      erindislaus     
 18 : 9 : lo      erindislaus           

  0 : 9 :   0   19  S0            0 : 9 :   0   18  S0    
  1 : 9 :   0    4  S-MAIN        1 : 9 :   0    4  S-MAIN
  2 : 9 :   0    4  IP            2 : 9 :   0    4  IP    
  3 : 9 :   0    1  NP-SUBJ        3 : 9 :   0    1  NP-SUBJ
  4 : 9 :   1    4  VP            4 : 9 :   1    4  VP    
  5 : 9 :   1    2  VP            5 : 9 :   1    3  VP    
  6 : 9 :   2    3  NP-OBJ        6 : 9 :   1    2  VP    
  7 : 9 :   3    4  ADVP          7 : 9 :   2    3  NP-OBJ
  8 : 9 :   4    5  C             8 : 9 :   3    4  ADVP  
  9 : 9 :   5   19  S-MAIN        9 : 9 :   4    5  C     
 10 : 9 :   5   19  IP           10 : 9 :   5   18  S-MAIN
 11 : 9 :   5    6  NP-SUBJ       11 : 9 :   5   18  IP    
 12 : 9 :   6   19  VP           12 : 9 :   5    6  NP-SUBJ
 13 : 9 :   6    7  VP           13 : 9 :   6   18  VP    
 14 : 9 :   7   19  NP-PRD       14 : 9 :   6    7  VP    
 15 : 9 :   8   19  CP-THT       15 : 9 :   7   18  NP-PRD
 16 : 9 :   8    9  C            16 : 9 :   8   18  CP-THT
 17 : 9 :   9   19  IP           17 : 9 :   8    9  C     
 18 : 9 :   9   15  CP-ADV-TEMP       18 : 9 :   9   18  IP    
 19 : 9 :   9   10  C            19 : 9 :   9   14  CP-ADV-TEMP
 20 : 9 :  10   15  IP           20 : 9 :   9   10  C     
 21 : 9 :  10   13  PP-DIR       21 : 9 :  10   14  IP    
 22 : 9 :  10   11  P            22 : 9 :  10   12  PP    
 23 : 9 :  11   13  NP-ADDR       23 : 9 :  10   11  P     
 24 : 9 :  13   15  VP           24 : 9 :  11   12  NP    
 25 : 9 :  13   14  VP-AUX       25 : 9 :  12   14  VP    
 26 : 9 :  14   15  VP           26 : 9 :  12   13  VP    
 27 : 9 :  15   19  VP           27 : 9 :  13   14  NP-SUBJ
 28 : 9 :  15   16  VP           28 : 9 :  14   18  IP    
 29 : 9 :  16   17  NP-SUBJ       29 : 9 :  14   18  VP    
 30 : 9 :  17   19  NP-PRD       30 : 9 :  14   15  VP    
                                 31 : 9 :  15   16  NP-SUBJ
                                 32 : 9 :  16   18  NP-PRD
                                 33 : 9 :  16   17  ADVP  

========
   9   21    0   55.17  51.61    16     29   31     11     20    19    95.00
-<1>---(wn1= 20, bn1= 29)-           -<2>---(wn2= 20, bn2= 31)-
  0 : 1 : no      Strákarnir             0 : 1 : no      Strákarnir     
  1 : 1 : pfn     okkar                   1 : 1 : pfn     okkar           
  2 : 1 : so      hafa                    2 : 1 : so      hafa            
  3 : 1 : ao      aldrei                  3 : 1 : ao      aldrei          
  4 : 1 : so      glímt                  4 : 1 : so      glímt          
  5 : 1 : fs      við                    5 : 1 : fs      við            
  6 : 1 : eo      svona                   6 : 1 : eo      svona           
  7 : 1 : lo      mikil                   7 : 1 : lo      mikil           
  8 : 1 : no      meiðsli                8 : 1 : no      meiðsli        
  9 : 1 : st      en                      9 : 1 : st      en              
 10 : 1 : ao      alls                   10 : 1 : ao      alls            
 11 : 1 : so      eru                    11 : 1 : so      eru             
 12 : 0 : töl    tíu                   12 : 0 : no      tíu            
 13 : 1 : no      leikmen                13 : 1 : no      leikmen         
 14 : 1 : fs      á                     14 : 1 : fs      á              
 15 : 1 : no      meiðslalistanum       15 : 1 : no      meiðslalistanum
 16 : 1 : stt     sem                    16 : 1 : stt     sem             
 17 : 1 : so      er                     17 : 1 : so      er              
 18 : 1 : lo      gríðarlegur          18 : 1 : lo      gríðarlegur   
 19 : 1 : no      fjöldi                19 : 1 : no      fjöldi         

  0 : 1 :   0   20  S0            0 : 1 :   0   20  S0    
  1 : 0 :   0    9  S             1 : 0 :   0   20  S     
  2 : 0 :   0    9  IP            2 : 0 :   0   20  IP    
  3 : 1 :   0    2  NP            3 : 1 :   0    2  NP    
  4 : 1 :   1    2  NP            4 : 1 :   1    2  NP    
  5 : 0 :   2    9  VP            5 : 0 :   2   20  VP    
  6 : 1 :   2    3  VP            6 : 0 :   2    5  VP    
  7 : 1 :   3    4  ADVP          7 : 1 :   2    3  VP    
  8 : 0 :   4    9  VP            8 : 0 :   3    5  VP    
  9 : 1 :   4    5  VP            9 : 1 :   3    4  ADVP  
 10 : 1 :   5    9  PP           10 : 1 :   4    5  VP    
 11 : 1 :   5    6  P            11 : 1 :   5    9  PP    
 12 : 1 :   6    9  NP           12 : 1 :   5    6  P     
 13 : 1 :   9   10  C            13 : 1 :   6    9  NP    
 14 : 0 :  10   20  S            14 : 1 :   9   10  C     
 15 : 0 :  10   20  IP           15 : 1 :  10   11  ADVP  
 16 : 1 :  10   11  ADVP         16 : 1 :  11   20  VP    
 17 : 1 :  11   20  VP           17 : 1 :  11   12  VP    
 18 : 1 :  11   12  VP           18 : 0 :  12   19  NP    
 19 : 0 :  12   14  NP           19 : 0 :  13   19  NP    
 20 : 0 :  14   16  PP           20 : 0 :  14   19  PP    
 21 : 1 :  14   15  P            21 : 1 :  14   15  P     
 22 : 0 :  15   16  NP           22 : 0 :  15   19  NP    
 23 : 0 :  16   20  CP           23 : 0 :  16   19  CP    
 24 : 1 :  16   17  C            24 : 1 :  16   17  C     
 25 : 0 :  17   20  IP           25 : 0 :  17   19  IP    
 26 : 0 :  17   20  VP           26 : 0 :  17   19  S     
 27 : 1 :  17   18  VP           27 : 0 :  17   19  VP    
 28 : 0 :  18   20  NP           28 : 1 :  17   18  VP    
                                 29 : 0 :  18   19  NP    
                                 30 : 0 :  19   20  NP    

========
  10   20    0   76.92  76.92    20     26   26      3     19    19   100.00
-<1>---(wn1= 19, bn1= 26)-           -<2>---(wn2= 19, bn2= 26)-
  0 : 1 : person  Ólafur                 0 : 1 : person  Ólafur         
  1 : 1 : so      spurði                 1 : 1 : so      spurði         
  2 : 1 : no      ráðherrann            2 : 1 : no      ráðherrann    
  3 : 1 : fs      um                      3 : 1 : fs      um              
  4 : 1 : no      málefni                4 : 1 : no      málefni        
  5 : 1 : no      hælisleitenda          5 : 1 : no      hælisleitenda  
  6 : 1 : st      og                      6 : 1 : st      og              
  7 : 1 : ao      einnig                  7 : 1 : ao      einnig          
  8 : 1 : fs      um                      8 : 1 : fs      um              
  9 : 1 : no      viðbrögð             9 : 1 : no      viðbrögð     
 10 : 1 : fs      við                   10 : 1 : fs      við            
 11 : 1 : no      mótmælum             11 : 1 : no      mótmælum      
 12 : 1 : no      hælisleitenda         12 : 1 : no      hælisleitenda  
 13 : 1 : st      og                     13 : 1 : st      og              
 14 : 1 : no      stuðningsmanna        14 : 1 : no      stuðningsmanna 
 15 : 1 : fn      þeirra                15 : 1 : fn      þeirra         
 16 : 1 : fs      á                     16 : 1 : fs      á              
 17 : 1 : sérnafn  Austurvelli            17 : 1 : no      Austurvelli     
 18 : 1 : ao      að_undanförnu        18 : 1 : ao      að_undanförnu 

  0 : 1 :   0   19  S0            0 : 1 :   0   19  S0    
  1 : 1 :   0   19  S             1 : 1 :   0   19  S     
  2 : 1 :   0   19  IP            2 : 1 :   0   19  IP    
  3 : 1 :   0    1  NP            3 : 1 :   0    1  NP    
  4 : 1 :   1   19  VP            4 : 1 :   1   19  VP    
  5 : 1 :   1    2  VP            5 : 0 :   1    3  VP    
  6 : 1 :   2    3  NP            6 : 1 :   1    2  VP    
  7 : 0 :   3   19  PP            7 : 1 :   2    3  NP    
  8 : 1 :   3    6  PP            8 : 1 :   3    6  PP    
  9 : 1 :   3    4  P             9 : 1 :   3    4  P     
 10 : 1 :   4    6  NP           10 : 1 :   4    6  NP    
 11 : 1 :   5    6  NP           11 : 1 :   5    6  NP    
 12 : 1 :   6    7  C            12 : 1 :   6    7  C     
 13 : 0 :   7   19  PP           13 : 1 :   7    8  ADVP  
 14 : 1 :   7    8  ADVP         14 : 0 :   8   18  PP    
 15 : 1 :   8    9  P            15 : 1 :   8    9  P     
 16 : 0 :   9   19  NP           16 : 0 :   9   18  NP    
 17 : 0 :  10   19  PP           17 : 0 :  10   18  PP    
 18 : 1 :  10   11  P            18 : 1 :  10   11  P     
 19 : 0 :  11   19  NP           19 : 0 :  11   18  NP    
 20 : 0 :  12   16  NP           20 : 0 :  12   18  NP    
 21 : 1 :  13   14  C            21 : 1 :  13   14  C     
 22 : 1 :  16   18  PP           22 : 1 :  16   18  PP    
 23 : 1 :  16   17  P            23 : 1 :  16   17  P     
 24 : 1 :  17   18  NP           24 : 1 :  17   18  NP    
 25 : 1 :  18   19  ADVP         25 : 1 :  18   19  ADVP  

========
============================================================================
                 73.81  72.43    155   210   214     27    146   137    93.84
=== Summary ===

-- All --
Number of sentence        =     10
Number of Error sentence  =      2
Number of Skip  sentence  =      0
Number of Valid sentence  =      8
Bracketing Recall         =  73.81
Bracketing Precision      =  72.43
Bracketing FMeasure       =  73.11
Complete match            =   0.00
Average crossing          =   3.38
No crossing               =  25.00
2 or less crossing        =  62.50
Tagging accuracy          =  93.84

-- len<=100 --
Number of sentence        =     10
Number of Error sentence  =      2
Number of Skip  sentence  =      0
Number of Valid sentence  =      8
Bracketing Recall         =  73.81
Bracketing Precision      =  72.43
Bracketing FMeasure       =  73.11
Complete match            =   0.00
Average crossing          =   3.38
No crossing               =  25.00
2 or less crossing        =  62.50
Tagging accuracy          =  93.84
