  Sent.                        Matched  Bracket   Cross        Correct Tag
 ID  Len.  Stat. Recal  Prec.  Bracket gold test Bracket Words  Tags Accracy
============================================================================
   1    9    0   86.67  92.86    13     15   14      0      8     8   100.00
-<1>---(wn1=  8, bn1= 15)-           -<2>---(wn2=  8, bn2= 14)-
  0 : 1 : ao      Þá                    0 : 1 : ao      Þá            
  1 : 1 : so      er                      1 : 1 : so      er              
  2 : 1 : pfn     hann                    2 : 1 : pfn     hann            
  3 : 1 : ao      einnig                  3 : 1 : ao      einnig          
  4 : 1 : so      sagður                 4 : 1 : so      sagður         
  5 : 1 : so      tengjast                5 : 1 : so      tengjast        
  6 : 1 : lo      öfgasinnuðum          6 : 1 : lo      öfgasinnuðum  
  7 : 1 : no      múslimum               7 : 1 : no      múslimum       

  0 : 1 :   0    8  S0            0 : 1 :   0    8  S0    
  1 : 1 :   0    8  S             1 : 1 :   0    8  S     
  2 : 1 :   0    8  IP            2 : 1 :   0    8  IP    
  3 : 1 :   0    1  ADVP          3 : 1 :   0    1  ADVP  
  4 : 1 :   1    8  VP            4 : 1 :   1    8  VP    
  5 : 1 :   1    2  VP            5 : 1 :   1    2  VP    
  6 : 1 :   2    3  NP            6 : 1 :   2    3  NP    
  7 : 1 :   3    4  ADVP          7 : 0 :   3    8  VP    
  8 : 1 :   4    8  VP            8 : 1 :   3    4  ADVP  
  9 : 0 :   4    5  NP            9 : 1 :   4    8  VP    
 10 : 1 :   4    5  VP           10 : 1 :   4    5  VP    
 11 : 0 :   5    8  IP           11 : 1 :   5    8  VP    
 12 : 1 :   5    8  VP           12 : 1 :   5    6  VP    
 13 : 1 :   5    6  VP           13 : 1 :   6    8  NP    
 14 : 1 :   6    8  NP          

========
   2    9    0   69.23  69.23     9     13   13      2      8     8   100.00
-<1>---(wn1=  8, bn1= 13)-           -<2>---(wn2=  8, bn2= 13)-
  0 : 1 : person  Bjarni                  0 : 1 : person  Bjarni          
  1 : 1 : so      var                     1 : 1 : so      var             
  2 : 1 : fs      í                      2 : 1 : fs      í              
  3 : 1 : no      haldi                   3 : 1 : no      haldi           
  4 : 1 : no      lögreglunnar           4 : 1 : no      lögreglunnar   
  5 : 1 : fs      í                      5 : 1 : fs      í              
  6 : 1 : lo      tæpan                  6 : 1 : lo      tæpan          
  7 : 1 : no      sólarhring             7 : 1 : no      sólarhring     

  0 : 1 :   0    8  S0            0 : 1 :   0    8  S0    
  1 : 1 :   0    8  S             1 : 1 :   0    8  S     
  2 : 1 :   0    8  IP            2 : 1 :   0    8  IP    
  3 : 1 :   0    1  NP            3 : 1 :   0    1  NP    
  4 : 1 :   1    8  VP            4 : 1 :   1    8  VP    
  5 : 1 :   1    2  VP            5 : 1 :   1    2  VP    
  6 : 0 :   2    5  PP            6 : 0 :   2    8  PP    
  7 : 1 :   2    3  P             7 : 1 :   2    3  P     
  8 : 0 :   3    5  NP            8 : 0 :   3    8  NP    
  9 : 0 :   4    5  NP            9 : 0 :   4    8  NP    
 10 : 0 :   5    8  ADVP         10 : 0 :   5    8  PP    
 11 : 1 :   5    6  P            11 : 1 :   5    6  P     
 12 : 1 :   6    8  NP           12 : 1 :   6    8  NP    

========
   3    8    0   93.33  87.50    14     15   16      1      7     7   100.00
-<1>---(wn1=  7, bn1= 15)-           -<2>---(wn2=  7, bn2= 16)-
  0 : 1 : fn      Þetta                  0 : 1 : fn      Þetta          
  1 : 1 : so      hefur                   1 : 1 : so      hefur           
  2 : 1 : so      verið                  2 : 1 : so      verið          
  3 : 1 : so      haft                    3 : 1 : so      haft            
  4 : 1 : fs      að                     4 : 1 : fs      að             
  5 : 1 : no      leiðarljósi           5 : 1 : no      leiðarljósi   
  6 : 1 : ao      síðan                 6 : 1 : ao      síðan         

  0 : 1 :   0    7  S0            0 : 1 :   0    7  S0    
  1 : 1 :   0    7  S             1 : 1 :   0    7  S     
  2 : 1 :   0    7  IP            2 : 1 :   0    7  IP    
  3 : 1 :   0    1  NP            3 : 1 :   0    1  NP    
  4 : 1 :   1    7  VP            4 : 1 :   1    7  VP    
  5 : 1 :   1    3  VP            5 : 0 :   1    6  VP    
  6 : 1 :   1    2  VP            6 : 1 :   1    3  VP    
  7 : 1 :   2    3  VP            7 : 1 :   1    2  VP    
  8 : 0 :   3    7  VP            8 : 1 :   2    3  VP    
  9 : 1 :   3    4  NP            9 : 0 :   3    6  NP    
 10 : 1 :   3    4  VP           10 : 1 :   3    4  NP    
 11 : 1 :   4    6  PP           11 : 1 :   3    4  VP    
 12 : 1 :   4    5  P            12 : 1 :   4    6  PP    
 13 : 1 :   5    6  NP           13 : 1 :   4    5  P     
 14 : 1 :   6    7  ADVP         14 : 1 :   5    6  NP    
                                 15 : 1 :   6    7  ADVP  

========
   4    8    0   90.91  90.91    10     11   11      0      7     7   100.00
-<1>---(wn1=  7, bn1= 11)-           -<2>---(wn2=  7, bn2= 11)-
  0 : 1 : lo      Umræddur               0 : 1 : lo      Umræddur       
  1 : 1 : no      dýralæknir            1 : 1 : no      dýralæknir    
  2 : 1 : no      fiskisjúkdóma         2 : 1 : no      fiskisjúkdóma 
  3 : 1 : fs      hjá                    3 : 1 : fs      hjá            
  4 : 1 : sérnafn  Matvælastofnun         4 : 1 : no      Matvælastofnun 
  5 : 1 : so      er                      5 : 1 : so      er              
  6 : 1 : person  Gísli_Jónsson         6 : 1 : person  Gísli_Jónsson 

  0 : 1 :   0    7  S0            0 : 1 :   0    7  S0    
  1 : 1 :   0    7  S             1 : 1 :   0    7  S     
  2 : 1 :   0    7  IP            2 : 1 :   0    7  IP    
  3 : 1 :   0    5  NP            3 : 1 :   0    5  NP    
  4 : 0 :   2    3  NP            4 : 0 :   2    5  NP    
  5 : 1 :   3    5  PP            5 : 1 :   3    5  PP    
  6 : 1 :   3    4  P             6 : 1 :   3    4  P     
  7 : 1 :   4    5  NP            7 : 1 :   4    5  NP    
  8 : 1 :   5    7  VP            8 : 1 :   5    7  VP    
  9 : 1 :   5    6  VP            9 : 1 :   5    6  VP    
 10 : 1 :   6    7  NP           10 : 1 :   6    7  NP    

========
   5    9    1    0.00   0.00     0      0    0      0      0     0     0.00
-<1>---(wn1=  8, bn1= 10)-           -<2>---(wn2=  7, bn2= 10)-
  0 : 9 : eo      Aðeins                 0 : 9 : eo      Aðeins         
  1 : 9 : lo      ríkasta                1 : 9 : lo      ríkasta        
  2 : 9 : no      20%                     2 : 9 : no      20%             
  3 : 9 : so      hefur                   3 : 9 : so      hefur           
  4 : 9 : so      notið                  4 : 9 : so      notið          
  5 : 9 : no      ávinning               5 : 9 : no      ávinning       
  6 : 9 : no      skattabreytinga         6 : 9 : no      ríkisstjórnarinnar
  7 : 9 : no      ríkisstjórnarinnar      

  0 : 9 :   0    8  S0-X          0 : 9 :   0    7  S0    
  1 : 9 :   0    8  S-MAIN        1 : 9 :   0    7  S-MAIN
  2 : 9 :   0    8  IP            2 : 9 :   0    7  IP    
  3 : 9 :   0    3  NP-SUBJ        3 : 9 :   0    3  NP-SUBJ
  4 : 9 :   3    8  VP            4 : 9 :   3    7  VP    
  5 : 9 :   3    4  VP-AUX        5 : 9 :   3    4  VP    
  6 : 9 :   4    5  VP            6 : 9 :   4    5  NP-PRD
  7 : 9 :   5    8  NP-OBJ        7 : 9 :   4    5  VP    
  8 : 9 :   6    8  NP-POSS        8 : 9 :   5    7  NP-OBJ
  9 : 9 :   7    8  NP-POSS        9 : 9 :   6    7  NP-POSS

========
   6    8    0   80.00  92.31    12     15   13      1      7     7   100.00
-<1>---(wn1=  7, bn1= 15)-           -<2>---(wn2=  7, bn2= 13)-
  0 : 1 : pfn     Hann                    0 : 1 : pfn     Hann            
  1 : 1 : so      hefur                   1 : 1 : so      hefur           
  2 : 1 : so      setið                  2 : 1 : so      setið          
  3 : 1 : fs      á                      3 : 1 : fs      á              
  4 : 1 : no      þingi                  4 : 1 : no      þingi          
  5 : 1 : fs      frá                    5 : 1 : fs      frá            
  6 : 1 : ártal  árinu_1994             6 : 1 : ártal  árinu_1994     

  0 : 1 :   0    7  S0            0 : 1 :   0    7  S0    
  1 : 1 :   0    7  S             1 : 1 :   0    7  S     
  2 : 1 :   0    7  IP            2 : 1 :   0    7  IP    
  3 : 1 :   0    1  NP            3 : 1 :   0    1  NP    
  4 : 1 :   1    7  VP            4 : 1 :   1    7  VP    
  5 : 1 :   1    2  VP            5 : 0 :   1    3  VP    
  6 : 0 :   2    7  VP            6 : 1 :   1    2  VP    
  7 : 1 :   2    3  VP            7 : 1 :   2    3  VP    
  8 : 1 :   3    5  PP            8 : 1 :   3    5  PP    
  9 : 1 :   3    4  P             9 : 1 :   3    4  P     
 10 : 1 :   4    5  NP           10 : 1 :   4    5  NP    
 11 : 1 :   5    7  ADVP         11 : 1 :   5    7  ADVP  
 12 : 0 :   5    7  PP           12 : 1 :   5    6  P     
 13 : 1 :   5    6  P           
 14 : 0 :   6    7  NP          

========
   7    7    0   54.55  66.67     6     11    9      1      7     6    85.71
-<1>---(wn1=  7, bn1= 11)-           -<2>---(wn2=  7, bn2=  9)-
  0 : 1 : lo      Áætlaður             0 : 1 : lo      Áætlaður     
  1 : 1 : no      heildarávinningur        1 : 1 : no      heildarávinningur
  2 : 1 : no      ríkisins               2 : 1 : no      ríkisins       
  3 : 1 : so      metinn                  3 : 1 : so      metinn          
  4 : 0 : fs      á                      4 : 0 : so      á              
  5 : 1 : lo      ríflega                5 : 1 : lo      ríflega        
  6 : 1 : no      150_milljarða_króna        6 : 1 : no      150_milljarða_króna

  0 : 1 :   0    7  S0            0 : 1 :   0    7  S0    
  1 : 1 :   0    7  S             1 : 1 :   0    7  S     
  2 : 1 :   0    7  IP            2 : 1 :   0    7  IP    
  3 : 0 :   0    3  NP            3 : 0 :   0    4  NP    
  4 : 1 :   2    3  NP            4 : 1 :   2    3  NP    
  5 : 0 :   3    7  VP            5 : 1 :   3    4  VP    
  6 : 0 :   3    4  NP            6 : 0 :   4    7  VP    
  7 : 1 :   3    4  VP            7 : 0 :   4    5  VP    
  8 : 0 :   4    7  PP            8 : 1 :   5    7  NP    
  9 : 0 :   4    5  P           
 10 : 1 :   5    7  NP          

========
   8    8    1    0.00   0.00     0      0    0      0      0     0     0.00
-<1>---(wn1=  7, bn1= 12)-           -<2>---(wn2=  8, bn2= 12)-
  0 : 9 : person  Jamie_Vardy             0 : 9 : sérnafn  Jamie           
  1 : 9 : so      skorar                  1 : 9 : sérnafn  Vardy           
  2 : 9 : fs      af                      2 : 9 : so      skorar          
  3 : 9 : lo      miklu                   3 : 9 : fs      af              
  4 : 9 : no      öryggi                 4 : 9 : lo      miklu           
  5 : 9 : fs      úr                     5 : 9 : no      öryggi         
  6 : 9 : no      vítaspyrnunni          6 : 9 : fs      úr             
                                          7 : 9 : no      vítaspyrnunni  

  0 : 9 :   0    7  S0            0 : 9 :   0    8  S0    
  1 : 9 :   0    7  S-MAIN        1 : 9 :   0    8  S-MAIN
  2 : 9 :   0    7  IP            2 : 9 :   0    8  IP    
  3 : 9 :   0    1  NP-SUBJ        3 : 9 :   0    2  NP-SUBJ
  4 : 9 :   1    7  VP            4 : 9 :   2    8  VP    
  5 : 9 :   1    2  VP            5 : 9 :   2    3  VP    
  6 : 9 :   2    5  PP            6 : 9 :   3    8  PP    
  7 : 9 :   2    3  P             7 : 9 :   3    4  P     
  8 : 9 :   3    5  NP            8 : 9 :   4    8  NP    
  9 : 9 :   5    7  PP            9 : 9 :   6    8  PP    
 10 : 9 :   5    6  P            10 : 9 :   6    7  P     
 11 : 9 :   6    7  NP           11 : 9 :   7    8  NP    

========
   9    8    0  100.00  92.86    13     13   14      0      7     7   100.00
-<1>---(wn1=  7, bn1= 13)-           -<2>---(wn2=  7, bn2= 14)-
  0 : 1 : no      Íþróttafélög        0 : 1 : no      Íþróttafélög
  1 : 1 : so      fá                     1 : 1 : so      fá             
  2 : 1 : eo      til_dæmis              2 : 1 : eo      til_dæmis      
  3 : 1 : no      bakkelsi                3 : 1 : no      bakkelsi        
  4 : 1 : stt     sem                     4 : 1 : stt     sem             
  5 : 1 : so      er                      5 : 1 : so      er              
  6 : 1 : lo      óselt                  6 : 1 : lo      óselt          

  0 : 1 :   0    7  S0            0 : 1 :   0    7  S0    
  1 : 1 :   0    7  S             1 : 1 :   0    7  S     
  2 : 1 :   0    7  IP            2 : 1 :   0    7  IP    
  3 : 1 :   0    1  NP            3 : 1 :   0    1  NP    
  4 : 1 :   1    7  VP            4 : 1 :   1    7  VP    
  5 : 1 :   1    2  VP            5 : 1 :   1    2  VP    
  6 : 1 :   2    7  NP            6 : 1 :   2    7  NP    
  7 : 1 :   4    7  CP            7 : 1 :   4    7  CP    
  8 : 1 :   4    5  C             8 : 1 :   4    5  C     
  9 : 1 :   5    7  IP            9 : 1 :   5    7  IP    
 10 : 1 :   5    7  VP           10 : 0 :   5    7  S     
 11 : 1 :   5    6  VP           11 : 1 :   5    7  VP    
 12 : 1 :   6    7  NP           12 : 1 :   5    6  VP    
                                 13 : 1 :   6    7  NP    

========
  10    9    0  100.00 100.00    15     15   15      0      8     8   100.00
-<1>---(wn1=  8, bn1= 15)-           -<2>---(wn2=  8, bn2= 15)-
  0 : 1 : no      Líf                    0 : 1 : no      Líf            
  1 : 1 : pfn     okkar                   1 : 1 : pfn     okkar           
  2 : 1 : so      líður                 2 : 1 : so      líður         
  3 : 1 : ao      hjá                    3 : 1 : ao      hjá            
  4 : 1 : st      og                      4 : 1 : st      og              
  5 : 1 : fn      aðrir                  5 : 1 : fn      aðrir          
  6 : 1 : so      taka                    6 : 1 : so      taka            
  7 : 1 : ao      við                    7 : 1 : ao      við            

  0 : 1 :   0    8  S0            0 : 1 :   0    8  S0    
  1 : 1 :   0    4  S             1 : 1 :   0    4  S     
  2 : 1 :   0    4  IP            2 : 1 :   0    4  IP    
  3 : 1 :   0    2  NP            3 : 1 :   0    2  NP    
  4 : 1 :   1    2  NP            4 : 1 :   1    2  NP    
  5 : 1 :   2    4  VP            5 : 1 :   2    4  VP    
  6 : 1 :   2    3  VP            6 : 1 :   2    3  VP    
  7 : 1 :   3    4  ADVP          7 : 1 :   3    4  ADVP  
  8 : 1 :   4    5  C             8 : 1 :   4    5  C     
  9 : 1 :   5    8  S             9 : 1 :   5    8  S     
 10 : 1 :   5    8  IP           10 : 1 :   5    8  IP    
 11 : 1 :   5    6  NP           11 : 1 :   5    6  NP    
 12 : 1 :   6    8  VP           12 : 1 :   6    8  VP    
 13 : 1 :   6    7  VP           13 : 1 :   6    7  VP    
 14 : 1 :   7    8  ADVP         14 : 1 :   7    8  ADVP  

========
============================================================================
                 85.19  87.62     92   108   105      5     59    58    98.31
=== Summary ===

-- All --
Number of sentence        =     10
Number of Error sentence  =      2
Number of Skip  sentence  =      0
Number of Valid sentence  =      8
Bracketing Recall         =  85.19
Bracketing Precision      =  87.62
Bracketing FMeasure       =  86.38
Complete match            =  12.50
Average crossing          =   0.62
No crossing               =  50.00
2 or less crossing        = 100.00
Tagging accuracy          =  98.31

-- len<=100 --
Number of sentence        =     10
Number of Error sentence  =      2
Number of Skip  sentence  =      0
Number of Valid sentence  =      8
Bracketing Recall         =  85.19
Bracketing Precision      =  87.62
Bracketing FMeasure       =  86.38
Complete match            =  12.50
Average crossing          =   0.62
No crossing               =  50.00
2 or less crossing        = 100.00
Tagging accuracy          =  98.31
