  Sent.                        Matched  Bracket   Cross        Correct Tag
 ID  Len.  Stat. Recal  Prec.  Bracket gold test Bracket Words  Tags Accracy
============================================================================
   1    7    0  100.00  80.00    12     12   15      0      6     6   100.00
-<1>---(wn1=  6, bn1= 12)-           -<2>---(wn2=  6, bn2= 15)-
  0 : 1 : ao      Hér                    0 : 1 : ao      Hér            
  1 : 1 : so      má                     1 : 1 : so      má             
  2 : 1 : so      sjá                    2 : 1 : so      sjá            
  3 : 1 : no      mörkin                 3 : 1 : no      mörkin         
  4 : 1 : fs      úr                     4 : 1 : fs      úr             
  5 : 1 : no      leiknum                 5 : 1 : no      leiknum         

  0 : 1 :   0    6  S0            0 : 1 :   0    6  S0    
  1 : 1 :   0    6  S             1 : 1 :   0    6  S     
  2 : 1 :   0    6  IP            2 : 1 :   0    6  IP    
  3 : 1 :   0    1  ADVP          3 : 0 :   0    6  VP    
  4 : 1 :   1    6  VP            4 : 0 :   0    6  IP    
  5 : 1 :   1    2  VP            5 : 0 :   0    6  VP    
  6 : 1 :   2    6  VP            6 : 1 :   0    1  ADVP  
  7 : 1 :   2    3  VP            7 : 1 :   1    6  VP    
  8 : 1 :   3    6  NP            8 : 1 :   1    2  VP    
  9 : 1 :   4    6  PP            9 : 1 :   2    6  VP    
 10 : 1 :   4    5  P            10 : 1 :   2    3  VP    
 11 : 1 :   5    6  NP           11 : 1 :   3    6  NP    
                                 12 : 1 :   4    6  PP    
                                 13 : 1 :   4    5  P     
                                 14 : 1 :   5    6  NP    

========
   2    6    1    0.00   0.00     0      0    0      0      0     0     0.00
-<1>---(wn1=  6, bn1= 12)-           -<2>---(wn2=  7, bn2= 12)-
  0 : 9 : sérnafn  Magnolia                0 : 9 : no      Magnolia        
  1 : 9 : so      krækir                 1 : 9 : so      krækir         
  2 : 9 : fs      í                      2 : 9 : fs      í              
  3 : 9 : no      dreifingarrétt         3 : 9 : lo      dreifingarrétt 
  4 : 9 : fs      á                      4 : 9 : no      á              
  5 : 9 : entity  Undir_trénu            5 : 9 : fs      Undir           
                                          6 : 9 : no      trénu          

  0 : 9 :   0    6  S0            0 : 9 :   0    7  S0    
  1 : 9 :   0    6  S-MAIN        1 : 9 :   0    7  S-MAIN
  2 : 9 :   0    6  IP            2 : 9 :   0    7  IP    
  3 : 9 :   0    1  NP-SUBJ        3 : 9 :   0    1  NP-SUBJ
  4 : 9 :   1    6  VP            4 : 9 :   1    7  VP    
  5 : 9 :   1    2  VP            5 : 9 :   1    2  VP    
  6 : 9 :   2    6  PP            6 : 9 :   2    7  PP    
  7 : 9 :   2    3  P             7 : 9 :   2    3  P     
  8 : 9 :   3    6  NP            8 : 9 :   3    7  NP    
  9 : 9 :   4    6  PP            9 : 9 :   5    7  PP    
 10 : 9 :   4    5  P            10 : 9 :   5    6  P     
 11 : 9 :   5    6  NP           11 : 9 :   6    7  NP    

========
   3    7    0   66.67  80.00     8     12   10      0      6     4    66.67
-<1>---(wn1=  6, bn1= 12)-           -<2>---(wn2=  6, bn2= 10)-
  0 : 0 : ao      Þegar                  0 : 0 : no      Þegar          
  1 : 1 : so      eru                     1 : 1 : so      eru             
  2 : 0 : so      hafnar                  2 : 0 : lo      hafnar          
  3 : 1 : no      veiðar                 3 : 1 : no      veiðar         
  4 : 1 : fs      á                      4 : 1 : fs      á              
  5 : 1 : no      bátnum                 5 : 1 : no      bátnum         

  0 : 1 :   0    6  S0            0 : 1 :   0    6  S0    
  1 : 1 :   0    6  S             1 : 1 :   0    6  S     
  2 : 1 :   0    6  IP            2 : 1 :   0    6  IP    
  3 : 0 :   0    1  ADVP          3 : 0 :   0    1  NP    
  4 : 1 :   1    6  VP            4 : 1 :   1    6  VP    
  5 : 1 :   1    2  VP            5 : 1 :   1    2  VP    
  6 : 0 :   2    3  NP            6 : 0 :   2    6  NP    
  7 : 0 :   2    3  VP            7 : 1 :   4    6  PP    
  8 : 0 :   3    4  NP            8 : 1 :   4    5  P     
  9 : 1 :   4    6  PP            9 : 1 :   5    6  NP    
 10 : 1 :   4    5  P           
 11 : 1 :   5    6  NP          

========
   4    7    0   92.31  92.31    12     13   13      0      6     6   100.00
-<1>---(wn1=  6, bn1= 13)-           -<2>---(wn2=  6, bn2= 13)-
  0 : 1 : fn      Sú                     0 : 1 : fn      Sú             
  1 : 1 : so      er                      1 : 1 : so      er              
  2 : 1 : so      unnin                   2 : 1 : so      unnin           
  3 : 1 : fs      úr                     3 : 1 : fs      úr             
  4 : 1 : no      fósturbelgjum          4 : 1 : no      fósturbelgjum  
  5 : 1 : no      nýbura                 5 : 1 : no      nýbura         

  0 : 1 :   0    6  S0            0 : 1 :   0    6  S0    
  1 : 1 :   0    6  S             1 : 1 :   0    6  S     
  2 : 1 :   0    6  IP            2 : 1 :   0    6  IP    
  3 : 1 :   0    1  NP            3 : 1 :   0    1  NP    
  4 : 1 :   1    6  VP            4 : 1 :   1    6  VP    
  5 : 1 :   1    2  VP            5 : 1 :   1    2  VP    
  6 : 0 :   2    6  VP            6 : 0 :   2    6  NP    
  7 : 1 :   2    3  NP            7 : 1 :   2    3  NP    
  8 : 1 :   2    3  VP            8 : 1 :   2    3  VP    
  9 : 1 :   3    6  PP            9 : 1 :   3    6  PP    
 10 : 1 :   3    4  P            10 : 1 :   3    4  P     
 11 : 1 :   4    6  NP           11 : 1 :   4    6  NP    
 12 : 1 :   5    6  NP           12 : 1 :   5    6  NP    

========
   5    7    0   90.00  81.82     9     10   11      1      6     6   100.00
-<1>---(wn1=  6, bn1= 10)-           -<2>---(wn2=  6, bn2= 11)-
  0 : 1 : so      Er                      0 : 1 : so      Er              
  1 : 1 : pfn     hann                    1 : 1 : pfn     hann            
  2 : 1 : lo      stoltur                 2 : 1 : lo      stoltur         
  3 : 1 : fs      af                      3 : 1 : fs      af              
  4 : 1 : no      unglingsárum           4 : 1 : no      unglingsárum   
  5 : 1 : fn      sínum                  5 : 1 : fn      sínum          

  0 : 1 :   0    6  S0            0 : 1 :   0    6  S0    
  1 : 1 :   0    6  S             1 : 1 :   0    6  S     
  2 : 1 :   0    6  IP            2 : 1 :   0    6  IP    
  3 : 1 :   0    6  VP            3 : 1 :   0    6  VP    
  4 : 1 :   0    1  VP            4 : 0 :   0    3  VP    
  5 : 1 :   1    2  NP            5 : 1 :   0    1  VP    
  6 : 0 :   2    6  NP            6 : 1 :   1    2  NP    
  7 : 1 :   3    6  PP            7 : 0 :   2    3  NP    
  8 : 1 :   3    4  P             8 : 1 :   3    6  PP    
  9 : 1 :   4    6  NP            9 : 1 :   3    4  P     
                                 10 : 1 :   4    6  NP    

========
   6    7    1    0.00   0.00     0      0    0      0      0     0     0.00
-<1>---(wn1=  5, bn1= 10)-           -<2>---(wn2=  7, bn2=  2)-
  0 : 9 : so      Gerðum                 0 : 9 : x       „             
  1 : 9 : pfn     okkur                   1 : 9 : x       Gerðum         
  2 : 9 : no      grein                   2 : 9 : x       okkur           
  3 : 9 : fs      fyrir                   3 : 9 : x       grein           
  4 : 9 : no      áhættunni             4 : 9 : x       fyrir           
                                          5 : 9 : x       áhættunni     
                                          6 : 9 : x       “             

  0 : 9 :   0    5  S0            0 : 9 :   0    7  S0    
  1 : 9 :   0    5  S-HEADING        1 : 9 :   0    7  S-MAIN
  2 : 9 :   0    5  IP          
  3 : 9 :   0    5  VP          
  4 : 9 :   0    1  VP          
  5 : 9 :   1    2  NP-IOBJ      
  6 : 9 :   2    5  NP-OBJ      
  7 : 9 :   3    5  PP          
  8 : 9 :   3    4  P           
  9 : 9 :   4    5  NP          

========
   7    7    0   80.00  66.67     8     10   12      1      6     5    83.33
-<1>---(wn1=  6, bn1= 10)-           -<2>---(wn2=  6, bn2= 12)-
  0 : 1 : pfn     Það                   0 : 1 : pfn     Það           
  1 : 1 : so      myndi                   1 : 1 : so      myndi           
  2 : 1 : so      ógna                   2 : 1 : so      ógna           
  3 : 1 : no      lífríkinu             3 : 1 : no      lífríkinu     
  4 : 1 : ao      mjög                   4 : 1 : eo      mjög           
  5 : 0 : ao      mikið                  5 : 0 : lo      mikið          

  0 : 1 :   0    6  S0            0 : 1 :   0    6  S0    
  1 : 1 :   0    6  S             1 : 1 :   0    6  S     
  2 : 1 :   0    6  IP            2 : 1 :   0    6  IP    
  3 : 1 :   0    1  NP            3 : 1 :   0    1  NP    
  4 : 1 :   1    6  VP            4 : 1 :   1    6  VP    
  5 : 1 :   1    2  VP            5 : 0 :   1    4  VP    
  6 : 0 :   2    6  VP            6 : 1 :   1    2  VP    
  7 : 1 :   2    3  VP            7 : 0 :   2    4  VP    
  8 : 1 :   3    4  NP            8 : 1 :   2    3  VP    
  9 : 0 :   4    6  ADVP          9 : 1 :   3    4  NP    
                                 10 : 0 :   4    6  NP    
                                 11 : 0 :   4    5  ADVP  

========
   8    7    0   70.00  77.78     7     10    9      1      6     6   100.00
-<1>---(wn1=  6, bn1= 10)-           -<2>---(wn2=  6, bn2=  9)-
  0 : 1 : pfn     Við                    0 : 1 : pfn     Við            
  1 : 1 : so      erum                    1 : 1 : so      erum            
  2 : 1 : fs      í                      2 : 1 : fs      í              
  3 : 1 : lo      miklu                   3 : 1 : lo      miklu           
  4 : 1 : no      áliti                  4 : 1 : no      áliti          
  5 : 1 : ao      erlendis                5 : 1 : ao      erlendis        

  0 : 1 :   0    6  S0            0 : 1 :   0    6  S0    
  1 : 1 :   0    6  S             1 : 1 :   0    6  S     
  2 : 1 :   0    6  IP            2 : 1 :   0    6  IP    
  3 : 1 :   0    1  NP            3 : 1 :   0    1  NP    
  4 : 1 :   1    6  VP            4 : 1 :   1    6  VP    
  5 : 1 :   1    2  VP            5 : 1 :   1    2  VP    
  6 : 0 :   2    5  PP            6 : 0 :   2    6  PP    
  7 : 1 :   2    3  P             7 : 1 :   2    3  P     
  8 : 0 :   3    5  NP            8 : 0 :   3    6  NP    
  9 : 0 :   5    6  ADVP        

========
   9    6    0   62.50  71.43     5      8    7      0      4     4   100.00
-<1>---(wn1=  4, bn1=  8)-           -<2>---(wn2=  4, bn2=  7)-
  0 : 1 : uh      Já                     0 : 1 : uh      Já             
  1 : 1 : pfn     ég                     1 : 1 : pfn     ég             
  2 : 1 : so      vona                    2 : 1 : so      vona            
  3 : 1 : pfn     það                   3 : 1 : pfn     það           

  0 : 1 :   0    4  S0            0 : 1 :   0    4  S0    
  1 : 0 :   0    4  S             1 : 0 :   1    4  S     
  2 : 0 :   0    4  IP            2 : 0 :   1    4  IP    
  3 : 0 :   0    1  ADVP          3 : 1 :   1    2  NP    
  4 : 1 :   1    2  NP            4 : 1 :   2    4  VP    
  5 : 1 :   2    4  VP            5 : 1 :   2    3  VP    
  6 : 1 :   2    3  VP            6 : 1 :   3    4  NP    
  7 : 1 :   3    4  NP          

========
  10    7    0   90.00  90.00     9     10   10      0      6     6   100.00
-<1>---(wn1=  6, bn1= 10)-           -<2>---(wn2=  6, bn2= 10)-
  0 : 1 : person  Young                   0 : 1 : no      Young           
  1 : 1 : so      skoraði                1 : 1 : so      skoraði        
  2 : 1 : to      tvö                    2 : 1 : to      tvö            
  3 : 1 : no      mörk                   3 : 1 : no      mörk           
  4 : 1 : fs      í                      4 : 1 : fs      í              
  5 : 1 : no      leiknum                 5 : 1 : no      leiknum         

  0 : 1 :   0    6  S0            0 : 1 :   0    6  S0    
  1 : 1 :   0    6  S             1 : 1 :   0    6  S     
  2 : 1 :   0    6  IP            2 : 1 :   0    6  IP    
  3 : 1 :   0    1  NP            3 : 1 :   0    1  NP    
  4 : 1 :   1    6  VP            4 : 1 :   1    6  VP    
  5 : 1 :   1    2  VP            5 : 1 :   1    2  VP    
  6 : 0 :   2    4  NP            6 : 0 :   2    6  NP    
  7 : 1 :   4    6  PP            7 : 1 :   4    6  PP    
  8 : 1 :   4    5  P             8 : 1 :   4    5  P     
  9 : 1 :   5    6  NP            9 : 1 :   5    6  NP    

========
============================================================================
                 82.35  80.46     70    85    87      3     46    43    93.48
=== Summary ===

-- All --
Number of sentence        =     10
Number of Error sentence  =      2
Number of Skip  sentence  =      0
Number of Valid sentence  =      8
Bracketing Recall         =  82.35
Bracketing Precision      =  80.46
Bracketing FMeasure       =  81.40
Complete match            =   0.00
Average crossing          =   0.38
No crossing               =  62.50
2 or less crossing        = 100.00
Tagging accuracy          =  93.48

-- len<=100 --
Number of sentence        =     10
Number of Error sentence  =      2
Number of Skip  sentence  =      0
Number of Valid sentence  =      8
Bracketing Recall         =  82.35
Bracketing Precision      =  80.46
Bracketing FMeasure       =  81.40
Complete match            =   0.00
Average crossing          =   0.38
No crossing               =  62.50
2 or less crossing        = 100.00
Tagging accuracy          =  93.48
