  Sent.                        Matched  Bracket   Cross        Correct Tag
 ID  Len.  Stat. Recal  Prec.  Bracket gold test Bracket Words  Tags Accracy
============================================================================
   1   17    0    4.17  50.00     1     24    2      0     17     0     0.00
-<1>---(wn1= 17, bn1= 24)-           -<2>---(wn2= 17, bn2=  2)-
  0 : 0 : pfn_ft_nf_p1  Við                    0 : 0 : x       Við            
  1 : 0 : so_0_fh_p1_ft_þt_gm  vorum                   1 : 0 : x       vorum           
  2 : 0 : eo      svo                     2 : 0 : x       svo             
  3 : 0 : lo_ft_þf_hk_sb  áköf                  3 : 0 : x       áköf          
  4 : 0 : nhm     að                     4 : 0 : x       að             
  5 : 0 : so_1_þf_fh_p3_ft_nt_gm  byrja                   5 : 0 : x       byrja           
  6 : 0 : st      og                      6 : 0 : x       og              
  7 : 0 : so_0    prófa                  7 : 0 : x       prófa          
  8 : 0 : fn_et_þf_hk  þetta                  8 : 0 : x       þetta          
  9 : 0 : no_et_þf_hk  verkefni                9 : 0 : x       verkefni        
 10 : 0 : st      að                    10 : 0 : x       að             
 11 : 0 : pfn     við                   11 : 0 : x       við            
 12 : 0 : so_0    vildum                 12 : 0 : x       vildum          
 13 : 0 : ao      ekki                   13 : 0 : x       ekki            
 14 : 0 : so_1_þf_fh_p3_ft_nt_gm  bíða                 14 : 0 : x       bíða          
 15 : 0 : ao_mst  lengur                 15 : 0 : x       lengur          
 16 : 0 : grm     .                      16 : 0 : x       .               

  0 : 1 :   0   17  S0            0 : 1 :   0   17  S0    
  1 : 0 :   0   16  S             1 : 0 :   0   17  S     
  2 : 0 :   0   16  IP          
  3 : 0 :   0    1  NP          
  4 : 0 :   1   16  VP          
  5 : 0 :   1    2  VP          
  6 : 0 :   2   16  NP          
  7 : 0 :   4   10  IP          
  8 : 0 :   4    5  TO          
  9 : 0 :   5    6  VP          
 10 : 0 :   6    7  C           
 11 : 0 :   7   10  VP          
 12 : 0 :   7    8  VP          
 13 : 0 :   8   10  NP          
 14 : 0 :  10   16  CP          
 15 : 0 :  10   11  C           
 16 : 0 :  11   16  IP          
 17 : 0 :  11   12  NP          
 18 : 0 :  12   16  VP          
 19 : 0 :  12   13  VP          
 20 : 0 :  13   14  ADVP        
 21 : 0 :  14   16  VP          
 22 : 0 :  14   15  VP          
 23 : 0 :  15   16  ADVP        

========
   2   17    0   90.48  90.48    19     21   21      1     17     4    23.53
-<1>---(wn1= 17, bn1= 21)-           -<2>---(wn2= 17, bn2= 21)-
  0 : 0 : fn_et_nf_hk  Það                   0 : 0 : fn_et_hk_nf  Það           
  1 : 0 : fn_et_nf_hk  sama                    1 : 0 : fn_et_hk_nf  sama            
  2 : 0 : so_0_fh_p3_et_nt_gm  má                     2 : 0 : so_et_fh_gm_nt_p3  má             
  3 : 0 : so_0_nh_gm  segja                   3 : 0 : so_0_gm_nh  segja           
  4 : 1 : fs_þf  um                      4 : 1 : fs_þf  um              
  5 : 0 : person_þf_kk  Þeseif                 5 : 0 : person_kk_þf  Þeseif         
  6 : 0 : pfn_et_ef_kk_p3  hans                    6 : 0 : pfn_ef_et_kk_p3  hans            
  7 : 1 : grm     ,                       7 : 1 : grm     ,               
  8 : 0 : lo_et_nf_kk_sb  sérkennilegur          8 : 0 : lo_et_kk_nf_sb  sérkennilegur  
  9 : 0 : no_et_nf_kk  skortur                 9 : 0 : no_et_kk_nf  skortur         
 10 : 1 : fs_þgf  á                     10 : 1 : fs_þgf  á              
 11 : 0 : lo_et_þgf_kvk_sb  sviðslegri            11 : 0 : lo_et_kvk_sb_þgf  sviðslegri     
 12 : 0 : no_et_þgf_kvk  nærveru               12 : 0 : no_et_kvk_þgf  nærveru        
 13 : 0 : so_1_þf_fh_p3_et_þt_gm  einkenndi              13 : 0 : so_1_þf_et_fh_gm_p3_þt  einkenndi       
 14 : 0 : fn_ft_þf_kk  þá                   14 : 0 : ao      þá            
 15 : 0 : fn_ft_þf_kk  báða                 15 : 0 : fn_ft_kk_þf  báða          
 16 : 1 : grm     .                      16 : 1 : grm     .               

  0 : 1 :   0   17  S0            0 : 1 :   0   17  S0    
  1 : 1 :   0    7  S             1 : 1 :   0    7  S     
  2 : 1 :   0    7  IP            2 : 1 :   0    7  IP    
  3 : 1 :   0    2  NP            3 : 1 :   0    2  NP    
  4 : 1 :   2    7  VP            4 : 1 :   2    7  VP    
  5 : 1 :   2    3  VP            5 : 0 :   2    4  VP    
  6 : 0 :   3    7  VP            6 : 1 :   2    3  VP    
  7 : 1 :   3    4  VP            7 : 1 :   3    4  VP    
  8 : 1 :   4    7  PP            8 : 1 :   4    7  PP    
  9 : 1 :   4    5  P             9 : 1 :   4    5  P     
 10 : 1 :   5    7  NP           10 : 1 :   5    7  NP    
 11 : 1 :   6    7  NP           11 : 1 :   6    7  NP    
 12 : 1 :   8   16  S            12 : 1 :   8   16  S     
 13 : 1 :   8   16  IP           13 : 1 :   8   16  IP    
 14 : 1 :   8   13  NP           14 : 1 :   8   13  NP    
 15 : 1 :  10   13  PP           15 : 1 :  10   13  PP    
 16 : 1 :  10   11  P            16 : 1 :  10   11  P     
 17 : 1 :  11   13  NP           17 : 1 :  11   13  NP    
 18 : 1 :  13   16  VP           18 : 1 :  13   16  VP    
 19 : 1 :  13   14  VP           19 : 1 :  13   14  VP    
 20 : 0 :  14   16  NP           20 : 0 :  15   16  NP    

========
   3   17    0   67.86  65.52    19     28   29      5     17     7    41.18
-<1>---(wn1= 17, bn1= 28)-           -<2>---(wn2= 17, bn2= 29)-
  0 : 0 : ao      Úr                     0 : 0 : no_et_hk_nf  Úr             
  1 : 0 : so_1_nf_fh_p3_et_þt_gm  varð                   1 : 0 : so_1_nf_et_fh_gm_p3_þt  varð           
  2 : 1 : st      að                     2 : 1 : st      að             
  3 : 0 : no_et_nf_kk_gr  borgarinn               3 : 0 : no_et_gr_kk_nf  borgarinn       
  4 : 0 : so_1_þf_fh_p3_et_þt_gm  tók                    4 : 0 : so_1_þf_et_fh_gm_p3_þt  tók            
  5 : 0 : no_et_þf_kvk_gr  tíkina                 5 : 0 : no_et_gr_kvk_þf  tíkina         
  6 : 1 : fs_þgf  með                    6 : 1 : fs_þgf  með            
  7 : 1 : abfn_þgf  sér                    7 : 1 : abfn_þgf  sér            
  8 : 1 : ao      heim                    8 : 1 : ao      heim            
  9 : 1 : ao      þar                    9 : 1 : ao      þar            
 10 : 1 : st      sem                    10 : 1 : st      sem             
 11 : 0 : pfn_et_nf_kk_p3  hann                   11 : 0 : pfn_et_kk_nf_p3  hann            
 12 : 0 : so_1_þgf_fh_p3_et_þt_gm  sinnti                 12 : 0 : so_1_þgf_et_fh_gm_p3_þt  sinnti          
 13 : 0 : pfn_et_þgf_kvk_p3  henni                  13 : 0 : pfn_et_kvk_p3_þgf  henni           
 14 : 0 : lo_ft_þf_kk_evb  næstu                 14 : 0 : lo_evb_ft_kk_þf  næstu          
 15 : 0 : no_ft_þf_kk  daga                   15 : 0 : no_ft_kk_þf  daga            
 16 : 1 : grm     .                      16 : 1 : grm     .               

  0 : 1 :   0   17  S0            0 : 1 :   0   17  S0    
  1 : 1 :   0   16  S             1 : 1 :   0   16  S     
  2 : 1 :   0   16  IP            2 : 1 :   0   16  IP    
  3 : 0 :   0    1  ADVP          3 : 0 :   0    1  NP    
  4 : 1 :   1    9  VP            4 : 1 :   1    9  VP    
  5 : 1 :   1    2  VP            5 : 0 :   1    8  VP    
  6 : 0 :   2    9  NP            6 : 1 :   1    2  VP    
  7 : 0 :   2    9  CP            7 : 0 :   2    8  NP    
  8 : 1 :   2    3  C             8 : 0 :   2    8  CP    
  9 : 0 :   3    9  IP            9 : 1 :   2    3  C     
 10 : 1 :   3    4  NP           10 : 0 :   3    8  IP    
 11 : 0 :   4    9  VP           11 : 1 :   3    4  NP    
 12 : 1 :   4    5  VP           12 : 0 :   4    8  VP    
 13 : 1 :   5    6  NP           13 : 0 :   4    6  VP    
 14 : 1 :   6    8  PP           14 : 1 :   4    5  VP    
 15 : 1 :   6    7  P            15 : 1 :   5    6  NP    
 16 : 1 :   7    8  NP           16 : 1 :   6    8  PP    
 17 : 1 :   8    9  ADVP         17 : 1 :   6    7  P     
 18 : 0 :   9   16  ADVP         18 : 1 :   7    8  NP    
 19 : 0 :  10   16  CP           19 : 1 :   8    9  ADVP  
 20 : 0 :  10   11  C            20 : 0 :   9   16  CP    
 21 : 1 :  11   16  IP           21 : 0 :   9   11  C     
 22 : 1 :  11   12  NP           22 : 1 :  11   16  IP    
 23 : 1 :  12   16  VP           23 : 1 :  11   12  NP    
 24 : 1 :  12   13  VP           24 : 1 :  12   16  VP    
 25 : 1 :  13   14  NP           25 : 0 :  12   14  VP    
 26 : 1 :  14   16  ADVP         26 : 1 :  12   13  VP    
 27 : 0 :  14   16  NP           27 : 1 :  13   14  NP    
                                 28 : 1 :  14   16  ADVP  

========
   4   13    1    0.00   0.00     0      0    0      0      0     0     0.00
-<1>---(wn1= 13, bn1= 17)-           -<2>---(wn2= 14, bn2= 18)-
  0 : 9 : no_et_nf_kk_gr  Galdrakarlinn           0 : 9 : no_et_gr_kk_nf  Galdrakarlinn   
  1 : 9 : so_1_þf_fh_p3_et_nt_gm  kemur                   1 : 9 : so_0_et_fh_gm_nt_p3  kemur           
  2 : 9 : ao      einungis                2 : 9 : ao      einungis        
  3 : 9 : ao      fram                    3 : 9 : ao      fram            
  4 : 9 : fs_þgf  í                      4 : 9 : fs_þgf  í              
  5 : 9 : no_et_þgf_kvk_gr  bókinni                5 : 9 : no_et_gr_kvk_þgf  bókinni        
  6 : 9 : no_et_nf_kk  Pípuhattur             6 : 9 : no_et_kk_nf  Pípuhattur     
  7 : 9 : no_et_ef_kk_gr  galdrakarlsins          7 : 9 : no_ef_et_gr_kk  galdrakarlsins  
  8 : 9 : fs_þf  eftir                   8 : 9 : fs_þf  eftir           
  9 : 9 : person_et_þf_kvk  Tove_Jansson            9 : 9 : sérnafn  Tove            
 10 : 9 : ao      frá                   10 : 9 : no_et_kk_þf  Jansson         
 11 : 9 : ártal  árinu_1948            11 : 9 : ao      frá            
 12 : 9 : grm     .                      12 : 9 : ártal  1948            
                                         13 : 9 : grm     .               

  0 : 9 :   0   13  S0            0 : 9 :   0   14  S0    
  1 : 9 :   0   12  S-MAIN        1 : 9 :   0   13  S-MAIN
  2 : 9 :   0   12  IP            2 : 9 :   0   13  IP    
  3 : 9 :   0    1  NP-SUBJ        3 : 9 :   0    1  NP-SUBJ
  4 : 9 :   1   12  VP            4 : 9 :   1   13  VP    
  5 : 9 :   1    2  VP            5 : 9 :   1    2  VP    
  6 : 9 :   2    3  ADVP          6 : 9 :   2    3  ADVP  
  7 : 9 :   3    4  ADVP-PCL        7 : 9 :   3    4  ADVP  
  8 : 9 :   4    8  PP            8 : 9 :   4   11  PP    
  9 : 9 :   4    5  P             9 : 9 :   4    5  P     
 10 : 9 :   5    8  NP           10 : 9 :   5   11  NP    
 11 : 9 :   5    6  NP-TITLE       11 : 9 :   7   11  NP-POSS
 12 : 9 :   8   10  PP           12 : 9 :   8   11  PP    
 13 : 9 :   8    9  P            13 : 9 :   8    9  P     
 14 : 9 :   9   10  NP           14 : 9 :   9   11  NP    
 15 : 9 :  10   12  ADVP-DATE-REL       15 : 9 :   9   10  NP-PREFIX
 16 : 9 :  11   12  ADVP-DATE-REL       16 : 9 :  11   12  ADVP  
                                 17 : 9 :  12   13  ADVP-DATE-REL

========
   5   18    0    3.23  50.00     1     31    2      0     18     0     0.00
-<1>---(wn1= 18, bn1= 31)-           -<2>---(wn2= 18, bn2=  2)-
  0 : 0 : no      Sólin                  0 : 0 : x       Sólin          
  1 : 0 : so_0    hefur                   1 : 0 : x       hefur           
  2 : 0 : so_0    látið                 2 : 0 : x       látið         
  3 : 0 : so_0    sjá                    3 : 0 : x       sjá            
  4 : 0 : abfn    sig                     4 : 0 : x       sig             
  5 : 0 : fn      alla                    5 : 0 : x       alla            
  6 : 0 : no      daga                    6 : 0 : x       daga            
  7 : 0 : no      mánaðarins            7 : 0 : x       mánaðarins    
  8 : 0 : st      og                      8 : 0 : x       og              
  9 : 0 : so_0    benda                   9 : 0 : x       benda           
 10 : 0 : no      spár                  10 : 0 : x       spár           
 11 : 0 : fs      til                    11 : 0 : x       til             
 12 : 0 : pfn     þess                  12 : 0 : x       þess           
 13 : 0 : st      að                    13 : 0 : x       að             
 14 : 0 : no      veðurblíðan         14 : 0 : x       veðurblíðan  
 15 : 0 : so_0    haldi                  15 : 0 : x       haldi           
 16 : 0 : ao      áfram                 16 : 0 : x       áfram          
 17 : 0 : grm     .                      17 : 0 : x       .               

  0 : 1 :   0   18  S0            0 : 1 :   0   18  S0    
  1 : 0 :   0    8  S             1 : 0 :   0   18  S     
  2 : 0 :   0    8  IP          
  3 : 0 :   0    1  NP          
  4 : 0 :   1    8  VP          
  5 : 0 :   1    2  VP          
  6 : 0 :   2    8  VP          
  7 : 0 :   2    3  VP          
  8 : 0 :   3    8  IP          
  9 : 0 :   3    8  VP          
 10 : 0 :   3    4  VP          
 11 : 0 :   4    5  NP          
 12 : 0 :   5    8  ADVP        
 13 : 0 :   5    8  NP          
 14 : 0 :   7    8  NP          
 15 : 0 :   8    9  C           
 16 : 0 :   9   17  S           
 17 : 0 :   9   17  IP          
 18 : 0 :   9   17  VP          
 19 : 0 :   9   10  VP          
 20 : 0 :  10   11  NP          
 21 : 0 :  11   17  PP          
 22 : 0 :  11   12  P           
 23 : 0 :  12   17  NP          
 24 : 0 :  13   17  CP          
 25 : 0 :  13   14  C           
 26 : 0 :  14   17  IP          
 27 : 0 :  14   15  NP          
 28 : 0 :  15   17  VP          
 29 : 0 :  15   16  VP          
 30 : 0 :  16   17  ADVP        

========
   6   16    1    0.00   0.00     0      0    0      0      0     0     0.00
-<1>---(wn1= 16, bn1= 22)-           -<2>---(wn2= 14, bn2= 22)-
  0 : 9 : pfn_et_nf_hk_p3  Það                   0 : 9 : pfn_et_hk_nf_p3  Það           
  1 : 9 : so_0_fh_p3_et_þt_gm  var                     1 : 9 : so_0_et_fh_gm_p3_þt  var             
  2 : 9 : ao      svo                     2 : 9 : tími   klukkan_19,10   
  3 : 9 : tími   klukkan_19.10           3 : 9 : fs_þf  sem             
  4 : 9 : ao      í_gærkvöldi          4 : 9 : no_et_hk_þf  slökkvilið    
  5 : 9 : stt     sem                     5 : 9 : so_1_þgf_et_fh_gm_p3_þt  lauk            
  6 : 9 : no_et_þf_hk  slökkvilið            6 : 9 : no_ft_hk_þgf  störfum        
  7 : 9 : so_0_op_subj_þgf_fh_et_þt_gm  lauk                    7 : 9 : fs_þgf  á              
  8 : 9 : no_ft_þgf_hk  störfum                8 : 9 : no_et_kk_þgf  vettvangi       
  9 : 9 : fs_þgf  á                      9 : 9 : st      og              
 10 : 9 : no_et_þgf_kk  vettvangi              10 : 9 : so_2_þgf_þf_et_fh_gm_p3_þt  afhenti         
 11 : 9 : st      og                     11 : 9 : no_et_kvk_þgf  lögreglu       
 12 : 9 : so_1_þf_fh_p3_et_þt_gm  afhenti                12 : 9 : no_et_gr_kk_þf  staðinn        
 13 : 9 : no_et_þf_kvk  lögreglu              13 : 9 : grm     .               
 14 : 9 : no_et_nf_kk_gr  staðinn              
 15 : 9 : grm     .                     

  0 : 9 :   0   16  S0            0 : 9 :   0   14  S0    
  1 : 9 :   0   15  S-MAIN        1 : 9 :   0    2  S-PREFIX
  2 : 9 :   0   15  IP            2 : 9 :   0    2  C     
  3 : 9 :   0    1  NP-ES         3 : 9 :   1    2  VP    
  4 : 9 :   1    2  VP            4 : 9 :   2   13  S-MAIN
  5 : 9 :   2    3  ADVP          5 : 9 :   2   13  IP-INF
  6 : 9 :   3   15  ADVP-TIMESTAMP-REL        6 : 9 :   2    3  ADVP-TIMESTAMP-REL
  7 : 9 :   5   15  CP-REL        7 : 9 :   3    5  PP    
  8 : 9 :   5    6  C             8 : 9 :   3    4  P     
  9 : 9 :   6   15  IP            9 : 9 :   4    5  NP    
 10 : 9 :   6    7  NP-SUBJ       10 : 9 :   5   13  VP    
 11 : 9 :   7   11  VP           11 : 9 :   5    7  VP    
 12 : 9 :   7    8  VP           12 : 9 :   5    6  VP    
 13 : 9 :   8   11  NP-OBJ       13 : 9 :   6    7  NP-OBJ
 14 : 9 :   9   11  PP           14 : 9 :   7    9  PP    
 15 : 9 :   9   10  P            15 : 9 :   7    8  P     
 16 : 9 :  10   11  NP           16 : 9 :   8    9  NP    
 17 : 9 :  11   12  C            17 : 9 :   9   10  C     
 18 : 9 :  12   15  VP           18 : 9 :  10   13  VP    
 19 : 9 :  12   13  VP           19 : 9 :  10   11  VP    
 20 : 9 :  13   14  NP-IOBJ       20 : 9 :  11   12  NP-IOBJ
 21 : 9 :  14   15  NP-OBJ       21 : 9 :  12   13  NP-OBJ

========
   7   13    1    0.00   0.00     0      0    0      0      0     0     0.00
-<1>---(wn1= 13, bn1= 18)-           -<2>---(wn2= 16, bn2=  2)-
  0 : 9 : fn      Þetta                  0 : 9 : x       Þetta          
  1 : 9 : so_0    segir                   1 : 9 : x       segir           
  2 : 9 : person  Erna_Kristín_Blöndal        2 : 9 : x       Erna_Kristín_Blöndal
  3 : 9 : grm     ,                       3 : 9 : x       ,               
  4 : 9 : no      framkvæmdastjóri        4 : 9 : x       framkvæmdastjóri
  5 : 9 : fyrirtæki  Nordic_Institute_for_Migration        5 : 9 : x       Nordic          
  6 : 9 : st      og                      6 : 9 : x       Institute       
  7 : 9 : no      stjórnarmaður         7 : 9 : x       for             
  8 : 9 : fs      hjá                    8 : 9 : x       Migration       
  9 : 9 : fyrirtæki  UNICEF                  9 : 9 : x       og              
 10 : 9 : fs      á                     10 : 9 : x       stjórnarmaður 
 11 : 9 : sérnafn  Íslandi               11 : 9 : x       hjá            
 12 : 9 : grm     .                      12 : 9 : x       UNICEF          
                                         13 : 9 : x       á              
                                         14 : 9 : x       Íslandi        
                                         15 : 9 : x       .               

  0 : 9 :   0   13  S0            0 : 9 :   0   16  S0    
  1 : 9 :   0   12  S-MAIN        1 : 9 :   0   16  S-MAIN
  2 : 9 :   0   12  IP          
  3 : 9 :   0    1  NP-OBJ      
  4 : 9 :   1   12  VP          
  5 : 9 :   1    2  VP          
  6 : 9 :   2   12  NP-SUBJ      
  7 : 9 :   4   12  NP-TITLE      
  8 : 9 :   4    6  NP          
  9 : 9 :   5    6  NP-POSS      
 10 : 9 :   6    7  C           
 11 : 9 :   7   12  NP          
 12 : 9 :   8   12  PP          
 13 : 9 :   8    9  P           
 14 : 9 :   9   12  NP          
 15 : 9 :  10   12  PP          
 16 : 9 :  10   11  P           
 17 : 9 :  11   12  NP          

========
   8   18    0   88.89  80.00    16     18   20      0     18     8    44.44
-<1>---(wn1= 18, bn1= 18)-           -<2>---(wn2= 18, bn2= 20)-
  0 : 1 : fs_ef   Meðal                  0 : 1 : fs_ef   Meðal          
  1 : 0 : no_ft_ef_hk  fyrirtækja             1 : 0 : no_ef_ft_hk  fyrirtækja     
  2 : 1 : stt     sem                     2 : 1 : stt     sem             
  3 : 0 : so_0_fh_p3_ft_þt_gm  urðu                   3 : 0 : so_0_fh_ft_gm_p3_þt  urðu           
  4 : 1 : fs_þgf  fyrir                   4 : 1 : fs_þgf  fyrir           
  5 : 0 : no_ft_þgf_kvk  truflunum               5 : 0 : no_ft_kvk_þgf  truflunum       
  6 : 0 : so_0_fh_p3_ft_þt_gm  voru                    6 : 0 : so_1_nf_fh_ft_gm_p3_þt  voru            
  7 : 0 : fyrirtæki  Amazon                  7 : 0 : entity  Amazon          
  8 : 1 : grm     ,                       8 : 1 : grm     ,               
  9 : 0 : fyrirtæki  Twitter                 9 : 0 : entity  Twitter         
 10 : 1 : grm     ,                      10 : 1 : grm     ,               
 11 : 0 : fyrirtæki  Spotify                11 : 0 : entity  Spotify         
 12 : 1 : grm     ,                      12 : 1 : grm     ,               
 13 : 0 : fyrirtæki_et_nf_hk  Reddit                 13 : 0 : no_et_hk_nf  Reddit          
 14 : 1 : st      og                     14 : 1 : st      og              
 15 : 0 : lo_ft_nf_kvk_sb  margar                 15 : 0 : lo_ft_kvk_nf_sb  margar          
 16 : 0 : lo_ft_ef_kvk_mst  fleiri                 16 : 0 : lo_ef_ft_kvk_mst  fleiri          
 17 : 1 : grm     .                      17 : 1 : grm     .               

  0 : 1 :   0   18  S0            0 : 1 :   0   18  S0    
  1 : 1 :   0   17  S             1 : 1 :   0   17  S     
  2 : 1 :   0   17  IP            2 : 1 :   0   17  IP    
  3 : 1 :   0    6  PP            3 : 1 :   0    6  PP    
  4 : 1 :   0    1  P             4 : 1 :   0    1  P     
  5 : 1 :   1    6  NP            5 : 1 :   1    6  NP    
  6 : 1 :   2    6  CP            6 : 1 :   2    6  CP    
  7 : 1 :   2    3  C             7 : 1 :   2    3  C     
  8 : 1 :   3    6  IP            8 : 1 :   3    6  IP    
  9 : 0 :   3    6  VP            9 : 0 :   3    6  S     
 10 : 1 :   3    4  VP           10 : 1 :   3    4  VP    
 11 : 1 :   4    6  PP           11 : 1 :   4    6  PP    
 12 : 1 :   4    5  P            12 : 1 :   4    5  P     
 13 : 1 :   5    6  NP           13 : 1 :   5    6  NP    
 14 : 1 :   6   17  VP           14 : 1 :   6   17  VP    
 15 : 1 :   6    7  VP           15 : 1 :   6    7  VP    
 16 : 0 :   7   17  NP           16 : 0 :   7   11  NP    
 17 : 1 :  14   15  C            17 : 0 :  11   17  NP    
                                 18 : 1 :  14   15  C     
                                 19 : 0 :  16   17  NP    

========
   9   18    0    5.56  50.00     1     18    2      0     18     0     0.00
-<1>---(wn1= 18, bn1= 18)-           -<2>---(wn2= 18, bn2=  2)-
  0 : 0 : fn      Þessi                  0 : 0 : x       Þessi          
  1 : 0 : no      draumsins               1 : 0 : x       draumsins       
  2 : 0 : no      þrá                   2 : 0 : x       þrá           
  3 : 0 : st      og                      3 : 0 : x       og              
  4 : 0 : no      hugsunin                4 : 0 : x       hugsunin        
  5 : 0 : fs      um                      5 : 0 : x       um              
  6 : 0 : fn      hvað                   6 : 0 : x       hvað           
  7 : 0 : eo      ef                      7 : 0 : x       ef              
  8 : 0 : st      og                      8 : 0 : x       og              
  9 : 0 : eo      hefði                  9 : 0 : x       hefði          
 10 : 0 : so_0    er                     10 : 0 : x       er              
 11 : 0 : lo      rauði                 11 : 0 : x       rauði          
 12 : 0 : no      þráðurinn           12 : 0 : x       þráðurinn    
 13 : 0 : fs      í                     13 : 0 : x       í              
 14 : 0 : fn      þessum                14 : 0 : x       þessum         
 15 : 0 : no      þáttum               15 : 0 : x       þáttum        
 16 : 0 : person  Þórarins             16 : 0 : x       Þórarins      
 17 : 0 : grm     .                      17 : 0 : x       .               

  0 : 1 :   0   18  S0            0 : 1 :   0   18  S0    
  1 : 0 :   0   17  S             1 : 0 :   0   18  S     
  2 : 0 :   0   17  IP          
  3 : 0 :   0   10  NP          
  4 : 0 :   0    3  NP          
  5 : 0 :   1    2  NP          
  6 : 0 :   3    4  C           
  7 : 0 :   4   10  NP          
  8 : 0 :   5   10  PP          
  9 : 0 :   5    6  P           
 10 : 0 :   6   10  NP          
 11 : 0 :  10   17  VP          
 12 : 0 :  10   11  VP          
 13 : 0 :  11   17  NP          
 14 : 0 :  13   17  PP          
 15 : 0 :  13   14  P           
 16 : 0 :  14   17  NP          
 17 : 0 :  16   17  NP          

========
  10   18    0    4.17  50.00     1     24    2      0     18     0     0.00
-<1>---(wn1= 18, bn1= 24)-           -<2>---(wn2= 18, bn2=  2)-
  0 : 0 : pfn     Hún                    0 : 0 : x       Hún            
  1 : 0 : so_0    kemur                   1 : 0 : x       kemur           
  2 : 0 : ao      fram                    2 : 0 : x       fram            
  3 : 0 : fs      með                    3 : 0 : x       með            
  4 : 0 : tala    27                      4 : 0 : x       27              
  5 : 0 : no      strengjaleikurum        5 : 0 : x       strengjaleikurum
  6 : 0 : st      og                      6 : 0 : x       og              
  7 : 0 : so_0    hentar                  7 : 0 : x       hentar          
  8 : 0 : no      sviðið                8 : 0 : x       sviðið        
  9 : 0 : fs      í                      9 : 0 : x       í              
 10 : 0 : sérnafn  Eldborg                10 : 0 : x       Eldborg         
 11 : 0 : ao      alveg                  11 : 0 : x       alveg           
 12 : 0 : ao      sérstaklega           12 : 0 : x       sérstaklega    
 13 : 0 : ao      vel                    13 : 0 : x       vel             
 14 : 0 : fs      fyrir                  14 : 0 : x       fyrir           
 15 : 0 : no      tónleika              15 : 0 : x       tónleika       
 16 : 0 : person  Bjarkar                16 : 0 : x       Bjarkar         
 17 : 0 : grm     .                      17 : 0 : x       .               

  0 : 1 :   0   18  S0            0 : 1 :   0   18  S0    
  1 : 0 :   0    6  S             1 : 0 :   0   18  S     
  2 : 0 :   0    6  IP          
  3 : 0 :   0    1  NP          
  4 : 0 :   1    6  VP          
  5 : 0 :   1    2  VP          
  6 : 0 :   2    3  ADVP        
  7 : 0 :   3    6  PP          
  8 : 0 :   3    4  P           
  9 : 0 :   4    6  NP          
 10 : 0 :   6    7  C           
 11 : 0 :   7   17  S           
 12 : 0 :   7   17  IP          
 13 : 0 :   7   17  VP          
 14 : 0 :   7    8  VP          
 15 : 0 :   8   11  NP          
 16 : 0 :   9   11  PP          
 17 : 0 :   9   10  P           
 18 : 0 :  10   11  NP          
 19 : 0 :  11   14  ADVP        
 20 : 0 :  14   17  PP          
 21 : 0 :  14   15  P           
 22 : 0 :  15   17  NP          
 23 : 0 :  16   17  NP          

========
============================================================================
                 35.37  74.36     58   164    78      6    123    19    15.45
=== Summary ===

-- All --
Number of sentence        =     10
Number of Error sentence  =      3
Number of Skip  sentence  =      0
Number of Valid sentence  =      7
Bracketing Recall         =  35.37
Bracketing Precision      =  74.36
Bracketing FMeasure       =  47.93
Complete match            =   0.00
Average crossing          =   0.86
No crossing               =  71.43
2 or less crossing        =  85.71
Tagging accuracy          =  15.45

-- len<=100 --
Number of sentence        =     10
Number of Error sentence  =      3
Number of Skip  sentence  =      0
Number of Valid sentence  =      7
Bracketing Recall         =  35.37
Bracketing Precision      =  74.36
Bracketing FMeasure       =  47.93
Complete match            =   0.00
Average crossing          =   0.86
No crossing               =  71.43
2 or less crossing        =  85.71
Tagging accuracy          =  15.45
