  Sent.                        Matched  Bracket   Cross        Correct Tag
 ID  Len.  Stat. Recal  Prec.  Bracket gold test Bracket Words  Tags Accracy
============================================================================
   1   16    1    0.00   0.00     0      0    0      0      0     0     0.00
-<1>---(wn1= 16, bn1= 24)-           -<2>---(wn2= 17, bn2= 25)-
  0 : 9 : sérnafn_ft_nf_kk  Bæjarar                0 : 9 : no_ft_kk_nf  Bæjarar        
  1 : 9 : so_1_nf_fh_p3_ft_þt_gm  voru                    1 : 9 : so_1_nf_fh_ft_gm_p3_þt  voru            
  2 : 9 : ao      þegar                  2 : 9 : no_ft_kk_nf  þegar          
  3 : 9 : fs_ef   án                     3 : 9 : fs_ef   án             
  4 : 9 : no_et_ef_hk  Arturo_Vidal            4 : 9 : sérnafn  Arturo          
  5 : 9 : st      og                      5 : 9 : sérnafn  Vidal           
  6 : 9 : person_nf_kk  David_Alaba             6 : 9 : st      og              
  7 : 9 : st      og                      7 : 9 : person_kk_nf  David_Aaba      
  8 : 9 : so_0_fh_p3_ft_þt_gm  máttu                  8 : 9 : st      og              
  9 : 9 : pfn_ft_nf_kk_p3  þeir                   9 : 9 : so_0_fh_ft_gm_p3_þt  máttu          
 10 : 9 : ao      ekki                   10 : 9 : pfn_ft_kk_nf_p3  þeir           
 11 : 9 : fs_þgf  við                   11 : 9 : ao      ekki            
 12 : 9 : no_ft_þgf_hk  meiðslum              12 : 9 : fs_þgf  við            
 13 : 9 : stt     sem                    13 : 9 : no_ft_hk_þgf  meiðslum       
 14 : 9 : fn_ft_þgf_kvk  þessum                14 : 9 : st      sem             
 15 : 9 : grm     .                      15 : 9 : fn_ft_kk_þgf  þessum         
                                         16 : 9 : grm     .               

  0 : 9 :   0   16  S0            0 : 9 :   0   17  S0    
  1 : 9 :   0    7  S-MAIN        1 : 9 :   0    8  S-MAIN
  2 : 9 :   0    7  IP            2 : 9 :   0    8  IP    
  3 : 9 :   0    1  NP-SUBJ        3 : 9 :   0    1  NP-SUBJ
  4 : 9 :   1    7  VP            4 : 9 :   1    8  VP    
  5 : 9 :   1    2  VP            5 : 9 :   1    2  VP    
  6 : 9 :   2    3  ADVP-DATE-REL        6 : 9 :   2    8  NP-PRD
  7 : 9 :   3    7  PP            7 : 9 :   3    6  PP    
  8 : 9 :   3    4  P             8 : 9 :   3    4  P     
  9 : 9 :   4    7  NP            9 : 9 :   4    6  NP    
 10 : 9 :   5    6  C            10 : 9 :   6    7  C     
 11 : 9 :   7    8  C            11 : 9 :   8    9  C     
 12 : 9 :   8   15  S-MAIN       12 : 9 :   9   16  S-MAIN
 13 : 9 :   8   15  IP           13 : 9 :   9   16  IP    
 14 : 9 :   8   15  VP           14 : 9 :   9   16  VP    
 15 : 9 :   8    9  VP           15 : 9 :   9   11  VP    
 16 : 9 :   9   10  NP-SUBJ       16 : 9 :   9   10  VP    
 17 : 9 :  10   11  ADVP         17 : 9 :  10   11  NP-SUBJ
 18 : 9 :  11   15  PP           18 : 9 :  11   12  ADVP  
 19 : 9 :  11   12  P            19 : 9 :  12   16  PP    
 20 : 9 :  12   15  NP           20 : 9 :  12   13  P     
 21 : 9 :  13   15  CP-ADV-CMP       21 : 9 :  13   16  NP    
 22 : 9 :  13   14  C            22 : 9 :  14   16  CP-ADV-CMP
 23 : 9 :  14   15  NP           23 : 9 :  14   15  C     
                                 24 : 9 :  15   16  NP    

========
   2   16    1    0.00   0.00     0      0    0      0      0     0     0.00
-<1>---(wn1= 16, bn1= 23)-           -<2>---(wn2= 11, bn2= 19)-
  0 : 9 : person_nf_kk  Haraldur_Franklín_Magnús        0 : 9 : person_kk_nf  Haraldur_Franklín_Magnús
  1 : 9 : so_1_nf_fh_p3_et_nt_gm  er                      1 : 9 : so_1_nf_et_fh_gm_nt_p3  er              
  2 : 9 : töl_ft_nf_kk  einn                    2 : 9 : töl_ft_kk_nf  einn_þriggja   
  3 : 9 : töl    þriggja                3 : 9 : no_ef_ft_kk  GR-inga         
  4 : 9 : no      GR                      4 : 9 : stt     sem             
  5 : 9 : grm     -                       5 : 9 : so_0_fh_ft_gm_nt_p3  leika           
  6 : 9 : no_ft_ef_kk  inga                    6 : 9 : fs_þgf  á_móti        
  7 : 9 : stt     sem                     7 : 9 : no_et_hk_þgf  Englandi        
  8 : 9 : so_0_fh_p3_ft_nt_gm  leika                   8 : 9 : fs_þgf  í              
  9 : 9 : fs      á                      9 : 9 : dagsafs  október        
 10 : 9 : no      móti                  10 : 9 : grm     .               
 11 : 9 : fs_þgf  á                    
 12 : 9 : no_et_þgf_hk  Englandi              
 13 : 9 : fs_þgf  í                    
 14 : 9 : dagsafs  október              
 15 : 9 : grm     .                     

  0 : 9 :   0   16  S0            0 : 9 :   0   11  S0    
  1 : 9 :   0   15  S-MAIN        1 : 9 :   0   10  S-MAIN
  2 : 9 :   0   15  IP            2 : 9 :   0   10  IP    
  3 : 9 :   0    1  NP-SUBJ        3 : 9 :   0    1  NP-SUBJ
  4 : 9 :   1   15  VP            4 : 9 :   1   10  VP    
  5 : 9 :   1    2  VP            5 : 9 :   1    8  VP    
  6 : 9 :   2   15  NP-PRD        6 : 9 :   1    2  VP    
  7 : 9 :   3   15  NP-POSS        7 : 9 :   2    8  NP-PRD
  8 : 9 :   7   15  CP-REL        8 : 9 :   3    6  NP-POSS
  9 : 9 :   7    8  C             9 : 9 :   4    6  CP-REL
 10 : 9 :   8   15  IP           10 : 9 :   4    5  C     
 11 : 9 :   8   15  VP           11 : 9 :   5    6  IP    
 12 : 9 :   8    9  VP           12 : 9 :   5    6  S-MAIN
 13 : 9 :   9   13  PP           13 : 9 :   5    6  VP    
 14 : 9 :   9   10  P            14 : 9 :   6    8  PP    
 15 : 9 :  10   13  NP           15 : 9 :   6    7  P     
 16 : 9 :  11   13  PP           16 : 9 :   7    8  NP    
 17 : 9 :  11   12  P            17 : 9 :   8   10  ADVP-DATE-REL
 18 : 9 :  12   13  NP           18 : 9 :   8    9  P     
 19 : 9 :  13   15  ADVP-DATE-REL      
 20 : 9 :  13   15  PP          
 21 : 9 :  13   14  P           
 22 : 9 :  14   15  NP          

========
   3   17    0   66.67  72.00    18     27   25      3     17     5    29.41
-<1>---(wn1= 17, bn1= 27)-           -<2>---(wn2= 17, bn2= 25)-
  0 : 0 : pfn_et_nf_kk_p3  Hann                    0 : 0 : pfn_et_kk_nf_p3  Hann            
  1 : 0 : so_0_fh_p3_et_nt_gm  segir                   1 : 0 : so_0_et_fh_gm_nt_p3  segir           
  2 : 0 : ao      þó                    2 : 0 : st      þó            
  3 : 1 : st      að                     3 : 1 : st      að             
  4 : 0 : no_et_nf_kk_gr  örninn                 4 : 0 : no_et_gr_kk_nf  örninn         
  5 : 0 : so_0_vh_p3_et_nt_gm  geti                    5 : 0 : so_et_gm_nt_p3_vh  geti            
  6 : 0 : so_1_þf_sagnb_gm  numið                  6 : 0 : so_1_þf_gm_sagnb  numið          
  7 : 0 : fn_et_þf_hk  allt                    7 : 0 : fn_et_hk_þf  allt            
  8 : 0 : no_et_þf_hk  land                    8 : 0 : no_et_hk_þf  land            
  9 : 1 : ao      á_ný                  9 : 1 : ao      á_ný          
 10 : 1 : st      eða                   10 : 1 : st      eða            
 11 : 1 : ao      þar                   11 : 1 : ao      þar            
 12 : 0 : stt     sem                    12 : 0 : fs_þf  sem             
 13 : 0 : pfn_et_nf_kk_p3  hann                   13 : 0 : pfn_et_kk_p3_þf  hann            
 14 : 0 : so_1_þf_fh_p3_et_nt_gm  finnur                 14 : 0 : so_1_þf_et_fh_gm_nt_p3  finnur          
 15 : 0 : no_ft_þf_kvk  kjöraðstæður       15 : 0 : no_ft_kvk_þf  kjöraðstæður
 16 : 1 : grm     .                      16 : 1 : grm     .               

  0 : 1 :   0   17  S0            0 : 1 :   0   17  S0    
  1 : 1 :   0   16  S             1 : 1 :   0   16  S     
  2 : 1 :   0   16  IP            2 : 1 :   0   16  IP    
  3 : 1 :   0    1  NP            3 : 1 :   0    1  NP    
  4 : 1 :   1   16  VP            4 : 1 :   1   16  VP    
  5 : 1 :   1    2  VP            5 : 1 :   1    2  VP    
  6 : 0 :   2    3  ADVP          6 : 0 :   2   16  CP    
  7 : 0 :   3   16  NP            7 : 0 :   2    4  C     
  8 : 0 :   3   16  CP            8 : 1 :   4   16  IP    
  9 : 0 :   3    4  C             9 : 1 :   4    5  NP    
 10 : 1 :   4   16  IP           10 : 1 :   5   16  VP    
 11 : 1 :   4    5  NP           11 : 0 :   5    9  VP    
 12 : 1 :   5   16  VP           12 : 1 :   5    6  VP    
 13 : 1 :   5    6  VP           13 : 0 :   6    9  VP    
 14 : 0 :   6   16  VP           14 : 1 :   6    7  VP    
 15 : 1 :   6    7  VP           15 : 1 :   7    9  NP    
 16 : 1 :   7    9  NP           16 : 1 :   9   10  ADVP  
 17 : 1 :   9   10  ADVP         17 : 1 :  10   11  C     
 18 : 1 :  10   11  C            18 : 0 :  11   12  ADVP  
 19 : 0 :  11   16  ADVP         19 : 0 :  12   14  PP    
 20 : 0 :  12   16  CP           20 : 0 :  12   13  P     
 21 : 0 :  12   13  C            21 : 1 :  13   14  NP    
 22 : 0 :  13   16  IP           22 : 1 :  14   16  VP    
 23 : 1 :  13   14  NP           23 : 1 :  14   15  VP    
 24 : 1 :  14   16  VP           24 : 1 :  15   16  NP    
 25 : 1 :  14   15  VP          
 26 : 1 :  15   16  NP          

========
   4   18    0   55.56  60.00    15     27   25      7     18     8    44.44
-<1>---(wn1= 18, bn1= 27)-           -<2>---(wn2= 18, bn2= 25)-
  0 : 1 : fs_þf  Um                      0 : 1 : fs_þf  Um              
  1 : 0 : no_et_þf_kvk_gr  helgina                 1 : 0 : no_et_gr_kvk_þf  helgina         
  2 : 0 : so_0_fh_p3_ft_nt_mm  hefjast                 2 : 0 : so_0_fh_ft_mm_nt_p3  hefjast         
  3 : 0 : fyrirtæki_ft_nf_kvk  Veitur                  3 : 0 : no_ft_kvk_nf  Veitur          
  4 : 0 : no_ft_ef_kvk  handa                   4 : 0 : no_ef_ft_kvk  handa           
  5 : 1 : fs_nh   við                    5 : 1 : fs_nh   við            
  6 : 1 : nhm     að                     6 : 1 : nhm     að             
  7 : 0 : so_1_þf_nh_gm  leggja                  7 : 0 : so_1_þf_gm_nh  leggja          
  8 : 0 : lo_et_þf_kvk_sb  nýja                   8 : 0 : lo_et_kvk_sb_þf  nýja           
  9 : 0 : no_et_þf_kvk  stofnæð               9 : 0 : no_et_kvk_þf  stofnæð       
 10 : 0 : no_et_ef_kvk  vatnsveitu             10 : 0 : no_ef_et_kvk  vatnsveitu      
 11 : 1 : fs_þf  undir                  11 : 1 : fs_þf  undir           
 12 : 0 : sérnafn_et_þf_kvk  Miklubraut             12 : 0 : no_et_kvk_þf  Miklubraut      
 13 : 1 : grm     ,                      13 : 1 : grm     ,               
 14 : 1 : ao      rétt                  14 : 1 : ao      rétt           
 15 : 1 : fs_ef   vestan                 15 : 1 : fs_ef   vestan          
 16 : 0 : sérnafn_et_ef_kvk  Kringlumýrarbrautar       16 : 0 : no_ef_et_kvk  Kringlumýrarbrautar
 17 : 1 : grm     .                      17 : 1 : grm     .               

  0 : 1 :   0   18  S0            0 : 1 :   0   18  S0    
  1 : 0 :   0   17  S             1 : 0 :   0   18  S     
  2 : 0 :   0   17  IP            2 : 0 :   0   18  IP    
  3 : 1 :   0    2  ADVP          3 : 1 :   0    2  ADVP  
  4 : 0 :   0    2  PP            4 : 1 :   0    1  P     
  5 : 1 :   0    1  P             5 : 0 :   2   18  VP    
  6 : 0 :   1    2  NP            6 : 1 :   2    3  VP    
  7 : 0 :   2   17  VP            7 : 0 :   3   18  NP    
  8 : 1 :   2    3  VP            8 : 0 :   4   18  NP    
  9 : 0 :   3    4  NP            9 : 0 :   5   18  PP    
 10 : 0 :   4    5  NP           10 : 1 :   5    6  P     
 11 : 0 :   5   17  PP           11 : 0 :   6   11  IP    
 12 : 1 :   5    6  P            12 : 1 :   6    7  TO    
 13 : 0 :   6   17  IP           13 : 0 :   7   11  VP    
 14 : 1 :   6    7  TO           14 : 1 :   7    8  VP    
 15 : 0 :   7   17  VP           15 : 1 :   8   11  NP    
 16 : 1 :   7    8  VP           16 : 1 :  10   11  NP    
 17 : 1 :   8   11  NP           17 : 0 :  11   18  PP    
 18 : 1 :  10   11  NP           18 : 1 :  11   12  P     
 19 : 0 :  11   13  PP           19 : 0 :  12   18  NP    
 20 : 1 :  11   12  P            20 : 1 :  14   17  PP    
 21 : 0 :  12   13  NP           21 : 1 :  14   15  ADVP  
 22 : 1 :  14   17  PP           22 : 1 :  15   17  PP    
 23 : 1 :  14   15  ADVP         23 : 1 :  15   16  P     
 24 : 1 :  15   17  PP           24 : 1 :  16   17  NP    
 25 : 1 :  15   16  P           
 26 : 1 :  16   17  NP          

========
   5   18    0   76.67  79.31    23     30   29      3     18     8    44.44
-<1>---(wn1= 18, bn1= 30)-           -<2>---(wn2= 18, bn2= 29)-
  0 : 0 : no_et_nf_kvk_gr  Stúlkan                0 : 0 : no_et_gr_kvk_nf  Stúlkan        
  1 : 0 : so_0_fh_p3_et_þt_gm  hafði                  1 : 0 : so_et_fh_gm_p3_þt  hafði          
  2 : 0 : so_0_sagnb_gm  komið                  2 : 0 : so_gm_sagnb  komið          
  3 : 1 : ao      heim                    3 : 1 : ao      heim            
  4 : 1 : fs_þgf  úr                     4 : 1 : fs_þgf  úr             
  5 : 0 : no_et_þgf_kk_gr  skólanum               5 : 0 : no_et_gr_kk_þgf  skólanum       
  6 : 1 : st      og                      6 : 1 : st      og              
  7 : 0 : so_0_fh_p3_et_þt_gm  var                     7 : 0 : so_0_et_fh_gm_p3_þt  var             
  8 : 1 : nhm     að                     8 : 1 : nhm     að             
  9 : 0 : so_1_þf_nh_gm  hjóla                  9 : 0 : so_0_gm_nh  hjóla          
 10 : 1 : fs_þf  um                     10 : 1 : fs_þf  um              
 11 : 0 : no_et_þf_hk_gr  húsið                11 : 0 : no_et_gr_hk_þf  húsið         
 12 : 1 : stt     sem                    12 : 1 : stt     sem             
 13 : 0 : so_0_fh_p3_et_nt_gm  er                     13 : 0 : so_0_et_fh_gm_nt_p3  er              
 14 : 1 : fs_þgf  að                    14 : 1 : fs_þgf  að             
 15 : 0 : lo_et_þgf_hk_esb  mestu                  15 : 0 : lo_esb_et_hk_þgf  mestu           
 16 : 0 : lo_et_þf_hk_sb  tómt                  16 : 0 : lo_et_hk_sb_þf  tómt           
 17 : 1 : grm     .                      17 : 1 : grm     .               

  0 : 1 :   0   18  S0            0 : 1 :   0   18  S0    
  1 : 1 :   0   17  S             1 : 1 :   0   17  S     
  2 : 1 :   0   17  IP            2 : 1 :   0   17  IP    
  3 : 1 :   0    1  NP            3 : 1 :   0    1  NP    
  4 : 0 :   1    6  VP            4 : 0 :   1   17  VP    
  5 : 1 :   1    2  VP            5 : 0 :   1    3  VP    
  6 : 0 :   2    6  VP            6 : 1 :   1    2  VP    
  7 : 1 :   2    3  VP            7 : 1 :   2    3  VP    
  8 : 1 :   3    4  ADVP          8 : 1 :   3    4  ADVP  
  9 : 1 :   4    6  PP            9 : 1 :   4    6  PP    
 10 : 1 :   4    5  P            10 : 1 :   4    5  P     
 11 : 1 :   5    6  NP           11 : 1 :   5    6  NP    
 12 : 1 :   6    7  C            12 : 1 :   6    7  C     
 13 : 0 :   7   17  VP           13 : 0 :   7   10  VP    
 14 : 1 :   7    8  VP           14 : 1 :   7    8  VP    
 15 : 0 :   8   17  IP           15 : 0 :   8   10  IP    
 16 : 1 :   8    9  TO           16 : 1 :   8    9  TO    
 17 : 0 :   9   17  VP           17 : 1 :   9   10  VP    
 18 : 1 :   9   10  VP           18 : 1 :  10   17  PP    
 19 : 1 :  10   17  PP           19 : 1 :  10   11  P     
 20 : 1 :  10   11  P            20 : 1 :  11   17  NP    
 21 : 1 :  11   17  NP           21 : 1 :  12   17  CP    
 22 : 1 :  12   17  CP           22 : 1 :  12   13  C     
 23 : 1 :  12   13  C            23 : 1 :  13   17  IP    
 24 : 1 :  13   17  IP           24 : 0 :  13   17  S     
 25 : 1 :  13   14  VP           25 : 1 :  13   14  VP    
 26 : 0 :  14   17  NP           26 : 0 :  14   17  PP    
 27 : 0 :  14   16  PP           27 : 1 :  14   15  P     
 28 : 1 :  14   15  P            28 : 1 :  15   16  NP    
 29 : 1 :  15   16  NP          

========
   6   16    0   68.42  68.42    13     19   19      1     16     7    43.75
-<1>---(wn1= 16, bn1= 19)-           -<2>---(wn2= 16, bn2= 19)-
  0 : 0 : pfn_et_nf_hk_p3  Það                   0 : 0 : pfn_et_hk_nf_p3  Það           
  1 : 0 : so_0_fh_p3_et_nt_gm  verður                 1 : 0 : so_et_fh_gm_nt_p3  verður         
  2 : 1 : eo      líka                   2 : 1 : eo      líka           
  3 : 1 : eo      örugglega              3 : 1 : eo      örugglega      
  4 : 0 : lo_et_nf_kk_mst  meiri                   4 : 0 : lo_et_kk_mst_nf  meiri           
  5 : 0 : no_et_nf_kk  sóknarbolti            5 : 0 : no_et_kk_nf  sóknarbolti    
  6 : 1 : fs_þgf  hjá                    6 : 1 : fs_þgf  hjá            
  7 : 0 : pfn_ft_þgf_p1  okkur                   7 : 0 : pfn_ft_p1_þgf  okkur           
  8 : 1 : st      en                      8 : 1 : st      en              
  9 : 1 : fs_þf  í                      9 : 1 : fs_þf  í              
 10 : 0 : lo_et_þf_kk_mst  fyrri                  10 : 0 : lo_et_kk_mst_þf  fyrri           
 11 : 0 : no_et   leiknum                11 : 0 : so_0_et_kk_lhþt_sb_þgf  leiknum         
 12 : 1 : grm     ,                      12 : 1 : grm     ,               
 13 : 0 : so_0_fh_p3_et_þt_gm  sagði                 13 : 0 : so_0_et_fh_gm_p3_þt  sagði          
 14 : 0 : person_nf_kk  Jóhann_Berg           14 : 0 : person_kk_nf  Jóhann_Berg    
 15 : 1 : grm     .                      15 : 1 : grm     .               

  0 : 1 :   0   16  S0            0 : 1 :   0   16  S0    
  1 : 0 :   0   15  S             1 : 0 :   0   16  S     
  2 : 1 :   0   12  CP            2 : 1 :   0   12  CP    
  3 : 0 :   0   12  IP            3 : 1 :   0    1  NP    
  4 : 1 :   0    1  NP            4 : 1 :   1   12  VP    
  5 : 1 :   1   12  VP            5 : 1 :   1    2  VP    
  6 : 1 :   1    2  VP            6 : 0 :   2    8  NP    
  7 : 0 :   2   12  NP            7 : 1 :   6    8  PP    
  8 : 1 :   6    8  PP            8 : 1 :   6    7  P     
  9 : 1 :   6    7  P             9 : 1 :   7    8  NP    
 10 : 1 :   7    8  NP           10 : 0 :   8   12  VP    
 11 : 0 :   8   12  CP           11 : 1 :   8    9  C     
 12 : 1 :   8    9  C            12 : 0 :   9   11  ADVP  
 13 : 0 :   9   12  PP           13 : 1 :   9   10  P     
 14 : 1 :   9   10  P            14 : 0 :  11   12  VP    
 15 : 0 :  10   12  NP           15 : 1 :  12   15  CP    
 16 : 1 :  12   15  CP           16 : 1 :  13   14  VP    
 17 : 1 :  13   14  VP           17 : 1 :  14   15  NP    
 18 : 1 :  14   15  NP           18 : 0 :  14   15  NP    

========
   7   18    0   82.76  85.71    24     29   28      1     18     7    38.89
-<1>---(wn1= 18, bn1= 29)-           -<2>---(wn2= 18, bn2= 28)-
  0 : 0 : person_nf_kk  Trump                   0 : 0 : person_kk_nf  Trump           
  1 : 0 : so_0_fh_p3_et_þt_gm  hvikaði                1 : 0 : so_0_et_fh_gm_p3_þt  hvikaði        
  2 : 1 : ao      hvergi                  2 : 1 : ao      hvergi          
  3 : 1 : fs_þgf  frá                    3 : 1 : fs_þgf  frá            
  4 : 0 : no_et_þgf_kk  stuðningi              4 : 0 : no_et_kk_þgf  stuðningi      
  5 : 1 : fs_þgf  við                    5 : 1 : fs_þgf  við            
  6 : 0 : person_þgf_kk  Kavanaugh               6 : 0 : person_kk_þgf  Kavanaugh       
  7 : 1 : st      en                      7 : 1 : st      en              
  8 : 0 : so_1_þf_fh_p3_et_þt_gm  fór                    8 : 0 : so_1_þf_et_fh_gm_p3_þt  fór            
  9 : 0 : ao      fram                    9 : 0 : eo      fram            
 10 : 1 : st      að                    10 : 1 : st      að             
 11 : 0 : person  Ford                   11 : 0 : entity  Ford            
 12 : 0 : so_0    fengi                  12 : 0 : so_0_et_gm_p3_vh_þt  fengi           
 13 : 1 : nhm     að                    13 : 1 : nhm     að             
 14 : 0 : so_1_þf_nh_gm  segja                  14 : 0 : so_1_þf_gm_nh  segja           
 15 : 0 : fn_et_þf_kvk  sína                  15 : 0 : fn_et_kvk_þf  sína           
 16 : 0 : no_et_þf_kvk  hlið                  16 : 0 : no_et_kvk_þf  hlið           
 17 : 1 : grm     .                      17 : 1 : grm     .               

  0 : 1 :   0   18  S0            0 : 1 :   0   18  S0    
  1 : 1 :   0   17  S             1 : 1 :   0   17  S     
  2 : 1 :   0   17  IP            2 : 1 :   0   17  IP    
  3 : 1 :   0    1  NP            3 : 1 :   0    1  NP    
  4 : 0 :   1    7  VP            4 : 0 :   1   17  VP    
  5 : 1 :   1    2  VP            5 : 1 :   1    2  VP    
  6 : 1 :   2    3  ADVP          6 : 1 :   2    3  ADVP  
  7 : 0 :   3    7  PP            7 : 0 :   3    5  PP    
  8 : 1 :   3    4  P             8 : 1 :   3    4  P     
  9 : 0 :   4    7  NP            9 : 0 :   4    5  NP    
 10 : 1 :   5    7  PP           10 : 1 :   5    7  PP    
 11 : 1 :   5    6  P            11 : 1 :   5    6  P     
 12 : 1 :   6    7  NP           12 : 1 :   6    7  NP    
 13 : 1 :   7    8  C            13 : 1 :   7    8  C     
 14 : 1 :   8   17  VP           14 : 1 :   8   17  VP    
 15 : 1 :   8    9  VP           15 : 1 :   8    9  VP    
 16 : 0 :   9   10  ADVP         16 : 0 :   9   17  NP    
 17 : 0 :  10   17  NP           17 : 1 :  10   17  CP    
 18 : 1 :  10   17  CP           18 : 1 :  10   11  C     
 19 : 1 :  10   11  C            19 : 1 :  11   17  IP    
 20 : 1 :  11   17  IP           20 : 1 :  11   12  NP    
 21 : 1 :  11   12  NP           21 : 1 :  12   17  VP    
 22 : 1 :  12   17  VP           22 : 1 :  12   13  VP    
 23 : 1 :  12   13  VP           23 : 1 :  13   17  IP    
 24 : 1 :  13   17  IP           24 : 1 :  13   14  TO    
 25 : 1 :  13   14  TO           25 : 1 :  14   17  VP    
 26 : 1 :  14   17  VP           26 : 1 :  14   15  VP    
 27 : 1 :  14   15  VP           27 : 1 :  15   17  NP    
 28 : 1 :  15   17  NP          

========
   8   17    0   78.57  81.48    22     28   27      0     17     5    29.41
-<1>---(wn1= 17, bn1= 28)-           -<2>---(wn2= 17, bn2= 27)-
  0 : 0 : pfn_et_nf_hk_p3  Það                   0 : 0 : pfn_et_hk_nf_p3  Það           
  1 : 0 : so_0_fh_p3_et_nt_gm  er                      1 : 0 : so_et_fh_gm_nt_p3  er              
  2 : 0 : lo_et_nf_hk_sb  nauðsynlegt            2 : 0 : lo_et_hk_nf_sb  nauðsynlegt    
  3 : 1 : st      að                     3 : 1 : st      að             
  4 : 0 : no_ft_nf_kk  leiðtogar              4 : 0 : no_ft_kk_nf  leiðtogar      
  5 : 0 : sérnafn_et_ef_kvk  Úkraínu               5 : 0 : no_ef_et_kvk  Úkraínu       
  6 : 0 : so_1_þgf_vh_p3_ft_nt_gm  leggi                   6 : 0 : so_1_þf_ft_gm_nt_p3_vh  leggi           
  7 : 0 : ao      aftur                   7 : 0 : eo      aftur           
  8 : 0 : no_et_þgf_kvk  áherslu                8 : 0 : no_et_kvk_þf  áherslu        
  9 : 1 : fs_þf  á                      9 : 1 : fs_þf  á              
 10 : 0 : no_ft_þf_kvk  umbætur               10 : 0 : no_ft_kvk_þf  umbætur        
 11 : 1 : fs_þgf  í                     11 : 1 : fs_þgf  í              
 12 : 0 : no_et_þgf_hk_gr  landinu                12 : 0 : no_et_gr_hk_þgf  landinu         
 13 : 1 : grm     ,                      13 : 1 : grm     ,               
 14 : 0 : so_0_fh_p3_et_þt_gm  sagði                 14 : 0 : so_0_et_fh_gm_p3_þt  sagði          
 15 : 0 : person_et_nf_hk  Lagarde                15 : 0 : no_et_hk_nf  Lagarde         
 16 : 1 : grm     .                      16 : 1 : grm     .               

  0 : 1 :   0   17  S0            0 : 1 :   0   17  S0    
  1 : 0 :   0   16  S             1 : 0 :   0   17  S     
  2 : 1 :   0   13  CP            2 : 1 :   0   13  CP    
  3 : 1 :   0   13  IP            3 : 1 :   0   13  IP    
  4 : 1 :   0    1  NP            4 : 1 :   0    1  NP    
  5 : 1 :   1   13  VP            5 : 1 :   1   13  VP    
  6 : 1 :   1    2  VP            6 : 1 :   1    2  VP    
  7 : 1 :   2    3  NP            7 : 0 :   2   13  NP    
  8 : 0 :   3   13  NP            8 : 1 :   2    3  NP    
  9 : 1 :   3   13  CP            9 : 1 :   3   13  CP    
 10 : 1 :   3    4  C            10 : 1 :   3    4  C     
 11 : 1 :   4   13  IP           11 : 1 :   4   13  IP    
 12 : 1 :   4    6  NP           12 : 1 :   4    6  NP    
 13 : 1 :   5    6  NP           13 : 1 :   5    6  NP    
 14 : 1 :   6   13  VP           14 : 1 :   6   13  VP    
 15 : 1 :   6    7  VP           15 : 1 :   6    7  VP    
 16 : 0 :   7    8  ADVP         16 : 0 :   7   13  NP    
 17 : 0 :   8    9  NP           17 : 1 :   9   13  PP    
 18 : 1 :   9   13  PP           18 : 1 :   9   10  P     
 19 : 1 :   9   10  P            19 : 1 :  10   13  NP    
 20 : 1 :  10   13  NP           20 : 1 :  11   13  PP    
 21 : 1 :  11   13  PP           21 : 1 :  11   12  P     
 22 : 1 :  11   12  P            22 : 1 :  12   13  NP    
 23 : 1 :  12   13  NP           23 : 0 :  13   16  CP    
 24 : 0 :  14   16  CP           24 : 1 :  14   15  VP    
 25 : 0 :  14   16  VP           25 : 1 :  15   16  NP    
 26 : 1 :  14   15  VP           26 : 0 :  15   16  NP    
 27 : 1 :  15   16  NP          

========
   9   18    1    0.00   0.00     0      0    0      0      0     0     0.00
-<1>---(wn1= 18, bn1= 30)-           -<2>---(wn2= 19, bn2= 30)-
  0 : 9 : person_et_nf_hk  Galdelli                0 : 9 : sérnafn  Galdelli        
  1 : 9 : so_1_nf_fh_p3_et_nt_gm  er                      1 : 9 : so_et_fh_gm_nt_p3  er              
  2 : 9 : so_0    sakaður                2 : 9 : so_et_kk_lhþt_nf_sb  sakaður        
  3 : 9 : fs_nh   um                      3 : 9 : fs_nh   um              
  4 : 9 : nhm     að                     4 : 9 : nhm     að             
  5 : 9 : so_0_nh_gm  hafa                    5 : 9 : so_gm_nh  hafa            
  6 : 9 : so_0_sagnb_mm  þóst                  6 : 9 : so_mm_sagnb  þóst          
  7 : 9 : so_1_nf_nh_gm  vera                    7 : 9 : so_1_nf_gm_nh  vera            
  8 : 9 : lo_et_nf_kk_vb  Bandaríski             8 : 9 : lo_et_kk_nf_vb  Bandaríski     
  9 : 9 : no_et_nf_kk_gr  leikarinn               9 : 9 : no_et_gr_kk_nf  leikarinn       
 10 : 9 : sérnafn  Gerorge_Clooney        10 : 9 : sérnafn  Gerorge         
 11 : 9 : fs_þgf  í                     11 : 9 : sérnafn  Clooney         
 12 : 9 : fn_et_þgf_hk  því                  12 : 9 : fs_þgf  í              
 13 : 9 : no_et_þgf_hk  skyni                  13 : 9 : fn_et_hk_þgf  því           
 14 : 9 : nhm     að                    14 : 9 : no_et_hk_þgf  skyni           
 15 : 9 : so_1_þf_nh_gm  markaðssetja          15 : 9 : nhm     að             
 16 : 9 : no_et_þf_kvk  fatalínu              16 : 9 : so_1_þf_gm_nh  markaðssetja   
 17 : 9 : grm     .                      17 : 9 : no_et_kvk_þf  fatalínu       
                                         18 : 9 : grm     .               

  0 : 9 :   0   18  S0-X          0 : 9 :   0   19  S0    
  1 : 9 :   0   17  S-MAIN        1 : 9 :   0   18  S-MAIN
  2 : 9 :   0   17  IP            2 : 9 :   0   18  IP    
  3 : 9 :   0    1  NP-SUBJ        3 : 9 :   0    1  NP-SUBJ
  4 : 9 :   1   17  VP            4 : 9 :   1   18  VP    
  5 : 9 :   1    2  VP-AUX        5 : 9 :   1   12  VP    
  6 : 9 :   2   17  VP            6 : 9 :   1    2  VP    
  7 : 9 :   2    3  NP-PRD        7 : 9 :   2   12  NP-PRD
  8 : 9 :   2    3  VP            8 : 9 :   2    3  NP-PRD
  9 : 9 :   3   17  PP            9 : 9 :   2    3  VP    
 10 : 9 :   3    4  P            10 : 9 :   3   12  PP    
 11 : 9 :   4   17  IP-INF       11 : 9 :   3    4  P     
 12 : 9 :   4    5  TO           12 : 9 :   4   12  IP-INF
 13 : 9 :   5   17  VP           13 : 9 :   4    5  TO    
 14 : 9 :   5    6  VP-AUX       14 : 9 :   5   12  VP    
 15 : 9 :   6   17  VP           15 : 9 :   5    6  VP    
 16 : 9 :   6    7  VP           16 : 9 :   6   12  VP    
 17 : 9 :   7   11  IP-INF       17 : 9 :   6    7  VP    
 18 : 9 :   7   11  VP           18 : 9 :   7   12  VP    
 19 : 9 :   7    8  VP           19 : 9 :   7    8  VP    
 20 : 9 :   8   11  NP-PRD       20 : 9 :   8   12  NP-OBJ
 21 : 9 :   8   10  NP-TITLE       21 : 9 :  12   18  PP    
 22 : 9 :  11   17  PP           22 : 9 :  12   13  P     
 23 : 9 :  11   12  P            23 : 9 :  13   18  NP    
 24 : 9 :  12   17  NP           24 : 9 :  14   15  NP    
 25 : 9 :  14   17  IP-INF       25 : 9 :  15   18  IP-INF
 26 : 9 :  14   15  TO           26 : 9 :  15   16  TO    
 27 : 9 :  15   17  VP           27 : 9 :  16   18  VP    
 28 : 9 :  15   16  VP           28 : 9 :  16   17  VP    
 29 : 9 :  16   17  NP-OBJ       29 : 9 :  17   18  NP-OBJ

========
  10   19    0   40.00  33.33    10     25   30      8     19     6    31.58
-<1>---(wn1= 19, bn1= 25)-           -<2>---(wn2= 19, bn2= 30)-
  0 : 1 : ao      Hér                    0 : 1 : ao      Hér            
  1 : 1 : ao      heima                   1 : 1 : ao      heima           
  2 : 0 : so_1_þf_fh_p1_ft_nt_gm  elskum                  2 : 0 : so_1_þf_fh_ft_gm_nt_p1  elskum          
  3 : 1 : pfn_ft_nf_p1  við                    3 : 1 : pfn_ft_nf_p1  við            
  4 : 0 : no_et_þf_kk  kúgara                 4 : 0 : no_et_kk_þf  kúgara         
  5 : 0 : pfn_ft_ef_p1  okkar                   5 : 0 : pfn_ef_ft_p1  okkar           
  6 : 0 : ao      svo                     6 : 0 : st      svo             
  7 : 0 : ao      mikið                  7 : 0 : lo_et_hk_sb_þf  mikið          
  8 : 0 : st      að                     8 : 0 : ao      að             
  9 : 0 : pfn     við                    9 : 0 : fs_þgf  við            
 10 : 0 : so_0    höldum                10 : 0 : no_ft_kvk_þgf  höldum         
 11 : 0 : pfn_ft_þgf_kk  þeim                  11 : 0 : fn_ft_kvk_þgf  þeim           
 12 : 1 : fs_þf  við                   12 : 1 : fs_þf  við            
 13 : 0 : no_ft_þf_kk_gr  kjötkatlana           13 : 0 : no_ft_gr_kk_þf  kjötkatlana    
 14 : 1 : ao      hvað                  14 : 1 : ao      hvað           
 15 : 0 : st      sem                    15 : 0 : fs_þf  sem             
 16 : 0 : pfn_et_nf_hk_p3  það                  16 : 0 : pfn_et_hk_p3_þf  það           
 17 : 0 : so_1_þf_fh_p3_et_nt_gm  kostar                 17 : 0 : so_1_þf_et_fh_gm_nt_p3  kostar          
 18 : 1 : grm     .                      18 : 1 : grm     .               

  0 : 1 :   0   19  S0            0 : 1 :   0   19  S0    
  1 : 1 :   0   18  S             1 : 1 :   0   18  S     
  2 : 1 :   0   18  IP            2 : 1 :   0   18  IP    
  3 : 0 :   0    2  ADVP          3 : 0 :   0    1  ADVP  
  4 : 0 :   2   18  VP            4 : 0 :   1    2  ADVP  
  5 : 1 :   2    3  VP            5 : 0 :   2    6  VP    
  6 : 1 :   3    4  NP            6 : 1 :   2    3  VP    
  7 : 1 :   4    6  NP            7 : 1 :   3    4  NP    
  8 : 1 :   5    6  NP            8 : 1 :   4    6  NP    
  9 : 0 :   6   18  ADVP          9 : 1 :   5    6  NP    
 10 : 0 :   8   18  CP           10 : 0 :   6   18  CP    
 11 : 0 :   8    9  C            11 : 0 :   6    7  C     
 12 : 0 :   9   18  IP           12 : 0 :   7   18  IP    
 13 : 0 :   9   10  NP           13 : 0 :   7   18  S     
 14 : 0 :  10   18  VP           14 : 0 :   7   18  VP    
 15 : 0 :  11   12  NP           15 : 0 :   7   17  NP    
 16 : 0 :  12   14  PP           16 : 0 :   8   17  PP    
 17 : 1 :  12   13  P            17 : 0 :   8    9  ADVP  
 18 : 0 :  13   14  NP           18 : 0 :   9   17  PP    
 19 : 0 :  14   18  ADVP         19 : 0 :   9   10  P     
 20 : 0 :  15   18  CP           20 : 0 :  10   17  NP    
 21 : 0 :  15   16  C            21 : 0 :  12   17  PP    
 22 : 0 :  16   18  IP           22 : 1 :  12   13  P     
 23 : 1 :  16   17  NP           23 : 0 :  13   17  NP    
 24 : 1 :  17   18  VP           24 : 0 :  14   17  PP    
                                 25 : 0 :  14   15  ADVP  
                                 26 : 0 :  15   17  PP    
                                 27 : 0 :  15   16  P     
                                 28 : 1 :  16   17  NP    
                                 29 : 1 :  17   18  VP    

========
============================================================================
                 67.57  68.31    125   185   183     23    123    46    37.40
=== Summary ===

-- All --
Number of sentence        =     10
Number of Error sentence  =      3
Number of Skip  sentence  =      0
Number of Valid sentence  =      7
Bracketing Recall         =  67.57
Bracketing Precision      =  68.31
Bracketing FMeasure       =  67.93
Complete match            =   0.00
Average crossing          =   3.29
No crossing               =  14.29
2 or less crossing        =  42.86
Tagging accuracy          =  37.40

-- len<=100 --
Number of sentence        =     10
Number of Error sentence  =      3
Number of Skip  sentence  =      0
Number of Valid sentence  =      7
Bracketing Recall         =  67.57
Bracketing Precision      =  68.31
Bracketing FMeasure       =  67.93
Complete match            =   0.00
Average crossing          =   3.29
No crossing               =  14.29
2 or less crossing        =  42.86
Tagging accuracy          =  37.40
