  Sent.                        Matched  Bracket   Cross        Correct Tag
 ID  Len.  Stat. Recal  Prec.  Bracket gold test Bracket Words  Tags Accracy
============================================================================
   1    3    0   85.71 100.00     6      7    6      0      3     2    66.67
-<1>---(wn1=  3, bn1=  7)-           -<2>---(wn2=  3, bn2=  6)-
  0 : 0 : no_et_nf_kvk  Frétt                  0 : 0 : no_et_kvk_nf  Frétt          
  1 : 1 : fs_þgf  af                      1 : 1 : fs_þgf  af              
  2 : 1 : lén_þgf  mbl.is                  2 : 1 : lén_þgf  mbl.is          

  0 : 1 :   0    3  S0            0 : 1 :   0    3  S0    
  1 : 1 :   0    3  S             1 : 1 :   0    3  S     
  2 : 0 :   0    3  IP            2 : 1 :   0    3  NP    
  3 : 1 :   0    3  NP            3 : 1 :   1    3  PP    
  4 : 1 :   1    3  PP            4 : 1 :   1    2  P     
  5 : 1 :   1    2  P             5 : 1 :   2    3  NP    
  6 : 1 :   2    3  NP          

========
   2    3    0   50.00  75.00     3      6    4      0      3     0     0.00
-<1>---(wn1=  3, bn1=  6)-           -<2>---(wn2=  3, bn2=  4)-
  0 : 0 : lo_ft_nf_hk_sb  Möguleg                0 : 0 : lo_ft_hk_nf_sb  Möguleg        
  1 : 0 : no_ft_nf_hk  viðbrögð             1 : 0 : no_ft_hk_nf  viðbrögð     
  2 : 0 : so_0_lhþt_ft  rædd                   2 : 0 : so_ft_hk_lhþt_nf_sb  rædd           

  0 : 1 :   0    3  S0            0 : 1 :   0    3  S0    
  1 : 1 :   0    3  S             1 : 1 :   0    3  S     
  2 : 0 :   0    3  IP            2 : 0 :   0    3  NP    
  3 : 0 :   0    2  NP            3 : 1 :   2    3  VP    
  4 : 0 :   2    3  NP          
  5 : 1 :   2    3  VP          

========
   3    3    0   40.00 100.00     2      5    2      0      3     0     0.00
-<1>---(wn1=  3, bn1=  5)-           -<2>---(wn2=  3, bn2=  2)-
  0 : 0 : no_ft_þgf_kvk  Merkingum               0 : 0 : x       Merkingum       
  1 : 0 : eo      mögulega               1 : 0 : x       mögulega       
  2 : 0 : lo_et_nf_hk_sb  ábótavant             2 : 0 : x       ábótavant     

  0 : 1 :   0    3  S0            0 : 1 :   0    3  S0    
  1 : 1 :   0    3  S             1 : 1 :   0    3  S     
  2 : 0 :   0    3  IP          
  3 : 0 :   0    1  NP          
  4 : 0 :   1    3  NP          

========
   4    3    0   71.43  83.33     5      7    6      0      3     0     0.00
-<1>---(wn1=  3, bn1=  7)-           -<2>---(wn2=  3, bn2=  6)-
  0 : 0 : no_et_nf_kk_gr  Forsetinn               0 : 0 : no_et_gr_kk_nf  Forsetinn       
  1 : 0 : fs_þf  með                    1 : 0 : fs_þgf  með            
  2 : 0 : no_et_þf_hk  fiskabindi              2 : 0 : no_et_hk_þgf  fiskabindi      

  0 : 1 :   0    3  S0            0 : 1 :   0    3  S0    
  1 : 1 :   0    3  S             1 : 1 :   0    3  S     
  2 : 0 :   0    3  IP            2 : 0 :   0    3  NP    
  3 : 0 :   0    1  NP            3 : 1 :   1    3  PP    
  4 : 1 :   1    3  PP            4 : 1 :   1    2  P     
  5 : 1 :   1    2  P             5 : 1 :   2    3  NP    
  6 : 1 :   2    3  NP          

========
   5    3    0   85.71 100.00     6      7    6      0      3     1    33.33
-<1>---(wn1=  3, bn1=  7)-           -<2>---(wn2=  3, bn2=  6)-
  0 : 0 : no_et_nf_hk  Mannlíf                0 : 0 : no_et_hk_nf  Mannlíf        
  1 : 1 : fs_þgf  í                      1 : 1 : fs_þgf  í              
  2 : 0 : no_ft_þgf_kvk  myndum                  2 : 0 : no_ft_kvk_þgf  myndum          

  0 : 1 :   0    3  S0            0 : 1 :   0    3  S0    
  1 : 1 :   0    3  S             1 : 1 :   0    3  S     
  2 : 0 :   0    3  IP            2 : 1 :   0    3  NP    
  3 : 1 :   0    3  NP            3 : 1 :   1    3  PP    
  4 : 1 :   1    3  PP            4 : 1 :   1    2  P     
  5 : 1 :   1    2  P             5 : 1 :   2    3  NP    
  6 : 1 :   2    3  NP          

========
   6    3    0   33.33 100.00     2      6    2      0      3     0     0.00
-<1>---(wn1=  3, bn1=  6)-           -<2>---(wn2=  3, bn2=  2)-
  0 : 0 : fs_þf  Þvert_á               0 : 0 : x       Þvert_á       
  1 : 0 : lo_ft_þf_kk_sb  evrópska               1 : 0 : x       evrópska       
  2 : 0 : no_ft_þf_kk  bílaframleiðendur        2 : 0 : x       bílaframleiðendur

  0 : 1 :   0    3  S0            0 : 1 :   0    3  S0    
  1 : 1 :   0    3  S             1 : 1 :   0    3  S     
  2 : 0 :   0    3  IP          
  3 : 0 :   0    3  PP          
  4 : 0 :   0    1  P           
  5 : 0 :   1    3  NP          

========
   7    4    0  100.00 100.00     9      9    9      0      4     1    25.00
-<1>---(wn1=  4, bn1=  9)-           -<2>---(wn2=  4, bn2=  9)-
  0 : 0 : sérnafn_et_nf_hk_gr  Fjármálaráðuneytið        0 : 0 : no_et_gr_hk_nf  Fjármálaráðuneytið
  1 : 0 : so_0_fh_p3_et_nt_gm  bíður                 1 : 0 : so_0_et_fh_gm_nt_p3  bíður         
  2 : 1 : fs_þgf  eftir                   2 : 1 : fs_þgf  eftir           
  3 : 0 : sérnafn_et_þgf_hk  RÚV                    3 : 0 : no_et_hk_þgf  RÚV            

  0 : 1 :   0    4  S0            0 : 1 :   0    4  S0    
  1 : 1 :   0    4  S             1 : 1 :   0    4  S     
  2 : 1 :   0    4  IP            2 : 1 :   0    4  IP    
  3 : 1 :   0    1  NP            3 : 1 :   0    1  NP    
  4 : 1 :   1    4  VP            4 : 1 :   1    4  VP    
  5 : 1 :   1    2  VP            5 : 1 :   1    2  VP    
  6 : 1 :   2    4  PP            6 : 1 :   2    4  PP    
  7 : 1 :   2    3  P             7 : 1 :   2    3  P     
  8 : 1 :   3    4  NP            8 : 1 :   3    4  NP    

========
   8    4    1    0.00   0.00     0      0    0      0      0     0     0.00
-<1>---(wn1=  4, bn1=  8)-           -<2>---(wn2=  3, bn2=  2)-
  0 : 9 : no_et_nf_kvk  Lokahátíð            0 : 9 : x       Ólympíuleikanna
  1 : 9 : no_ft_ef_kk_gr  Ólympíuleikanna        1 : 9 : x       í              
  2 : 9 : fs_þgf  í                      2 : 9 : x       Ríó           
  3 : 9 : sérnafn_et_þgf_hk  Ríó                 

  0 : 9 :   0    4  S0            0 : 9 :   0    3  S0    
  1 : 9 :   0    4  S-HEADING        1 : 9 :   0    3  S-MAIN
  2 : 9 :   0    4  IP          
  3 : 9 :   0    4  NP          
  4 : 9 :   1    4  NP-POSS      
  5 : 9 :   2    4  PP          
  6 : 9 :   2    3  P           
  7 : 9 :   3    4  NP          

========
   9    4    0   50.00  66.67     2      4    3      0      4     2    50.00
-<1>---(wn1=  4, bn1=  4)-           -<2>---(wn2=  4, bn2=  3)-
  0 : 1 : eo      Mjög                   0 : 1 : eo      Mjög           
  1 : 0 : lo_et_nf_hk_sb  skemmtilegt             1 : 0 : lo_et_hk_nf_sb  skemmtilegt     
  2 : 0 : no_et_nf_hk  verkefni                2 : 0 : no_et_hk_nf  verkefni        
  3 : 1 : grm     .                       3 : 1 : grm     .               

  0 : 1 :   0    4  S0            0 : 1 :   0    4  S0    
  1 : 0 :   0    3  S             1 : 0 :   0    4  S     
  2 : 0 :   0    3  IP            2 : 1 :   0    3  NP    
  3 : 1 :   0    3  NP          

========
  10    4    0   85.71  85.71     6      7    7      0      4     1    25.00
-<1>---(wn1=  4, bn1=  7)-           -<2>---(wn2=  4, bn2=  7)-
  0 : 0 : so_2_þgf_þf_fh_p2_et_þt_gm  Áttu                   0 : 0 : so_2_þgf_þf_fh_ft_gm_p3_þt  Áttu           
  1 : 0 : pfn_et_þgf_p2  þér                   1 : 0 : pfn_et_p2_þgf  þér           
  2 : 0 : no_ft_þf_kvk  uppáhaldshúðvörur        2 : 0 : no_ft_kvk_þf  uppáhaldshúðvörur
  3 : 1 : grm     ?                       3 : 1 : grm     ?               

  0 : 1 :   0    4  S0            0 : 1 :   0    4  S0    
  1 : 1 :   0    3  S             1 : 0 :   0    4  S     
  2 : 0 :   0    3  IP            2 : 1 :   0    3  S     
  3 : 1 :   0    3  VP            3 : 1 :   0    3  VP    
  4 : 1 :   0    1  VP            4 : 1 :   0    1  VP    
  5 : 1 :   1    2  NP            5 : 1 :   1    2  NP    
  6 : 1 :   2    3  NP            6 : 1 :   2    3  NP    

========
============================================================================
                 70.69  91.11     41    58    45      0     30     7    23.33
=== Summary ===

-- All --
Number of sentence        =     10
Number of Error sentence  =      1
Number of Skip  sentence  =      0
Number of Valid sentence  =      9
Bracketing Recall         =  70.69
Bracketing Precision      =  91.11
Bracketing FMeasure       =  79.61
Complete match            =  11.11
Average crossing          =   0.00
No crossing               = 100.00
2 or less crossing        = 100.00
Tagging accuracy          =  23.33

-- len<=100 --
Number of sentence        =     10
Number of Error sentence  =      1
Number of Skip  sentence  =      0
Number of Valid sentence  =      9
Bracketing Recall         =  70.69
Bracketing Precision      =  91.11
Bracketing FMeasure       =  79.61
Complete match            =  11.11
Average crossing          =   0.00
No crossing               = 100.00
2 or less crossing        = 100.00
Tagging accuracy          =  23.33
