  Sent.                        Matched  Bracket   Cross        Correct Tag
 ID  Len.  Stat. Recal  Prec.  Bracket gold test Bracket Words  Tags Accracy
============================================================================
   1   24    0   59.26  80.00    16     27   20      2     20    18    90.00
-<1>---(wn1= 20, bn1= 27)-           -<2>---(wn2= 20, bn2= 20)-
  0 : 1 : fn      Hver                    0 : 1 : fn      Hver            
  1 : 1 : no      færsla                 1 : 1 : no      færsla         
  2 : 1 : so      er                      2 : 1 : so      er              
  3 : 1 : ao      þá                    3 : 1 : ao      þá            
  4 : 0 : so      hækkuð                4 : 0 : lo      hækkuð        
  5 : 0 : fs      um                      5 : 0 : eo      um              
  6 : 1 : lo      fasta                   6 : 1 : lo      fasta           
  7 : 1 : no      upphæð                7 : 1 : no      upphæð        
  8 : 1 : tala    100                     8 : 1 : tala    100             
  9 : 1 : tala    250                     9 : 1 : tala    250             
 10 : 1 : tala    500                    10 : 1 : tala    500             
 11 : 1 : st      eða                   11 : 1 : st      eða            
 12 : 1 : no      1.000_kr.              12 : 1 : no      1.000_kr.       
 13 : 1 : stt     sem                    13 : 1 : st      sem             
 14 : 1 : so      er                     14 : 1 : so      er              
 15 : 1 : so      lögð                 15 : 1 : so      lögð          
 16 : 1 : ao      inn                    16 : 1 : ao      inn             
 17 : 1 : fs      á                     17 : 1 : fs      á              
 18 : 1 : no      sparnaðarreikninginn       18 : 1 : no      sparnaðarreikninginn
 19 : 1 : fn      þinn                  19 : 1 : fn      þinn           

  0 : 1 :   0   20  S0            0 : 1 :   0   20  S0    
  1 : 1 :   0   20  S             1 : 1 :   0   20  S     
  2 : 1 :   0   20  IP            2 : 1 :   0   20  IP    
  3 : 1 :   0    2  NP            3 : 1 :   0    2  NP    
  4 : 0 :   2   20  VP            4 : 0 :   2   13  VP    
  5 : 1 :   2    3  VP            5 : 1 :   2    3  VP    
  6 : 0 :   3    4  ADVP          6 : 0 :   4   13  NP    
  7 : 0 :   4   20  VP            7 : 1 :  11   12  C     
  8 : 0 :   4    5  NP            8 : 1 :  13   20  CP    
  9 : 0 :   4    5  VP            9 : 1 :  13   14  C     
 10 : 0 :   5   20  PP           10 : 0 :  14   20  S     
 11 : 0 :   5    6  P            11 : 1 :  14   20  VP    
 12 : 0 :   6   20  NP           12 : 1 :  14   15  VP    
 13 : 0 :   8   13  NP           13 : 0 :  15   20  NP    
 14 : 1 :  11   12  C            14 : 1 :  15   16  NP    
 15 : 1 :  13   20  CP           15 : 1 :  15   16  VP    
 16 : 1 :  13   14  C            16 : 1 :  16   20  PP    
 17 : 0 :  14   20  IP           17 : 1 :  16   17  ADVP  
 18 : 1 :  14   20  VP           18 : 1 :  17   18  P     
 19 : 1 :  14   15  VP           19 : 1 :  18   20  NP    
 20 : 0 :  15   20  VP          
 21 : 1 :  15   16  NP          
 22 : 1 :  15   16  VP          
 23 : 1 :  16   20  PP          
 24 : 1 :  16   17  ADVP        
 25 : 1 :  17   18  P           
 26 : 1 :  18   20  NP          

========
   2   23    0   72.41  80.77    21     29   26      1     21    19    90.48
-<1>---(wn1= 21, bn1= 29)-           -<2>---(wn2= 21, bn2= 26)-
  0 : 0 : fn      Hvað                   0 : 0 : ao      Hvað           
  1 : 1 : fn      aðrar                  1 : 1 : fn      aðrar          
  2 : 1 : no      tekjur                  2 : 1 : no      tekjur          
  3 : 1 : no      sveitarfélagsins        3 : 1 : no      sveitarfélagsins
  4 : 1 : fs      af                      4 : 1 : fs      af              
  5 : 1 : lo      mögulegri              5 : 1 : lo      mögulegri      
  6 : 1 : no      virkjun                 6 : 1 : no      virkjun         
  7 : 1 : so      áhrærir               7 : 1 : so      áhrærir       
  8 : 1 : so      gætu                   8 : 1 : so      gætu           
  9 : 1 : no      fasteignatekjur         9 : 1 : no      fasteignatekjur 
 10 : 1 : so      numið                 10 : 1 : so      numið          
 11 : 1 : tala    20                     11 : 1 : tala    20              
 12 : 1 : no      30_milljónum_króna       12 : 1 : no      30_milljónum_króna
 13 : 1 : ao      árlega                13 : 1 : ao      árlega         
 14 : 1 : st      en                     14 : 1 : st      en              
 15 : 1 : fn      það                  15 : 1 : fn      það           
 16 : 1 : no      mat                    16 : 1 : no      mat             
 17 : 1 : so      er                     17 : 1 : so      er              
 18 : 0 : so      háð                  18 : 0 : lo      háð           
 19 : 1 : lo      talsverðri            19 : 1 : lo      talsverðri     
 20 : 1 : no      óvissu                20 : 1 : no      óvissu         

  0 : 1 :   0   21  S0            0 : 1 :   0   21  S0    
  1 : 1 :   0   14  S             1 : 1 :   0   14  S     
  2 : 1 :   0   14  IP            2 : 1 :   0   14  IP    
  3 : 0 :   0    8  CP            3 : 0 :   0    8  PP    
  4 : 0 :   0    1  NP            4 : 1 :   1    7  NP    
  5 : 0 :   1    8  IP            5 : 0 :   3    7  NP    
  6 : 1 :   1    7  NP            6 : 1 :   4    7  PP    
  7 : 0 :   3    4  NP            7 : 1 :   4    5  P     
  8 : 1 :   4    7  PP            8 : 1 :   5    7  NP    
  9 : 1 :   4    5  P             9 : 1 :   7    8  VP    
 10 : 1 :   5    7  NP           10 : 1 :   8   14  VP    
 11 : 1 :   7    8  VP           11 : 0 :   8   13  VP    
 12 : 1 :   8   14  VP           12 : 1 :   8    9  VP    
 13 : 1 :   8    9  VP           13 : 1 :   9   10  NP    
 14 : 1 :   9   10  NP           14 : 0 :  10   13  VP    
 15 : 0 :  10   14  VP           15 : 1 :  10   11  VP    
 16 : 1 :  10   11  VP           16 : 1 :  11   13  NP    
 17 : 1 :  11   13  NP           17 : 1 :  13   14  ADVP  
 18 : 1 :  13   14  ADVP         18 : 1 :  14   15  C     
 19 : 1 :  14   15  C            19 : 1 :  15   21  S     
 20 : 1 :  15   21  S            20 : 1 :  15   21  IP    
 21 : 1 :  15   21  IP           21 : 1 :  15   17  NP    
 22 : 1 :  15   17  NP           22 : 1 :  17   21  VP    
 23 : 1 :  17   21  VP           23 : 1 :  17   18  VP    
 24 : 1 :  17   18  VP           24 : 0 :  18   21  NP    
 25 : 0 :  18   21  VP           25 : 1 :  19   21  NP    
 26 : 0 :  18   19  NP          
 27 : 0 :  18   19  VP          
 28 : 1 :  19   21  NP          

========
   3   25    1    0.00   0.00     0      0    0      0      0     0     0.00
-<1>---(wn1= 23, bn1= 32)-           -<2>---(wn2= 22, bn2= 27)-
  0 : 9 : person  Green                   0 : 9 : no      Green           
  1 : 9 : so      endaði                 1 : 9 : so      endaði         
  2 : 9 : fs      á                      2 : 9 : fs      á              
  3 : 9 : raðnr  112.                    3 : 9 : raðnr  112.            
  4 : 9 : no      sæti                   4 : 9 : no      sæti           
  5 : 9 : no      peningalista            5 : 9 : no      peningalista    
  6 : 9 : abbrev  LPGA                    6 : 9 : no      LPGA-mótaraðarinnar
  7 : 9 : no      mótaraðarinnar        7 : 9 : fs      á              
  8 : 9 : fs      á                      8 : 9 : lo      síðasta       
  9 : 9 : lo      síðasta               9 : 9 : no      tímabili       
 10 : 9 : no      tímabili              10 : 9 : st      en              
 11 : 9 : st      en                     11 : 9 : so      er              
 12 : 9 : so      er                     12 : 9 : ao      nú             
 13 : 9 : ao      nú                    13 : 9 : fs      með            
 14 : 9 : fs      með                   14 : 9 : lo      öruggt         
 15 : 9 : lo      öruggt                15 : 9 : no      sæti           
 16 : 9 : no      sæti                  16 : 9 : fs      fyrir           
 17 : 9 : fs      fyrir                  17 : 9 : lo      næsta          
 18 : 9 : lo      næsta                 18 : 9 : no      keppnistímabil 
 19 : 9 : no      keppnistímabil        19 : 9 : fs      eftir           
 20 : 9 : fs      eftir                  20 : 9 : no      árangur        
 21 : 9 : no      árangur               21 : 9 : no      helgarinnar     
 22 : 9 : no      helgarinnar           

  0 : 9 :   0   23  S0            0 : 9 :   0   22  S0    
  1 : 9 :   0   23  S-MAIN        1 : 9 :   0   22  S-MAIN
  2 : 9 :   0   23  IP            2 : 9 :   0   22  IP    
  3 : 9 :   0    1  NP-SUBJ        3 : 9 :   0    1  NP-SUBJ
  4 : 9 :   1   23  VP            4 : 9 :   1   22  VP    
  5 : 9 :   1   11  VP            5 : 9 :   1    2  VP    
  6 : 9 :   1    2  VP            6 : 9 :   2    7  PP    
  7 : 9 :   2    8  PP-LOC        7 : 9 :   2    3  P     
  8 : 9 :   2    3  P             8 : 9 :   3    7  NP    
  9 : 9 :   3    8  NP            9 : 9 :   5    7  NP-POSS
 10 : 9 :   5    8  NP-POSS       10 : 9 :   6    7  NP-POSS
 11 : 9 :   6    8  NP-POSS       11 : 9 :   7   10  PP    
 12 : 9 :   8   11  ADVP-DATE-REL       12 : 9 :   7    8  P     
 13 : 9 :   8   11  PP           13 : 9 :   8   10  NP    
 14 : 9 :   8    9  P            14 : 9 :  10   11  C     
 15 : 9 :   9   11  NP           15 : 9 :  11   12  VP    
 16 : 9 :  11   12  C            16 : 9 :  12   13  ADVP  
 17 : 9 :  12   23  VP           17 : 9 :  13   16  PP    
 18 : 9 :  12   13  VP           18 : 9 :  13   14  P     
 19 : 9 :  13   14  ADVP-DATE-REL       19 : 9 :  14   16  NP    
 20 : 9 :  14   17  PP           20 : 9 :  16   19  PP    
 21 : 9 :  14   15  P            21 : 9 :  16   17  P     
 22 : 9 :  15   17  NP           22 : 9 :  17   19  NP    
 23 : 9 :  17   20  ADVP-DATE-REL       23 : 9 :  19   22  PP    
 24 : 9 :  17   20  PP           24 : 9 :  19   20  P     
 25 : 9 :  17   18  P            25 : 9 :  20   22  NP    
 26 : 9 :  18   20  NP           26 : 9 :  21   22  NP-POSS
 27 : 9 :  20   23  ADVP-DATE-REL      
 28 : 9 :  20   23  PP          
 29 : 9 :  20   21  P           
 30 : 9 :  21   23  NP          
 31 : 9 :  22   23  NP-POSS      

========
   4   24    1    0.00   0.00     0      0    0      0      0     0     0.00
-<1>---(wn1= 22, bn1= 36)-           -<2>---(wn2= 21, bn2= 32)-
  0 : 9 : fyrirtæki  Sabadell                0 : 9 : no      Sabadell-bankinn
  1 : 9 : no      bankinn                 1 : 9 : so      tilkynnti       
  2 : 9 : so      tilkynnti               2 : 9 : ao      í_gær         
  3 : 9 : ao      í_gær                 3 : 9 : fs      um              
  4 : 9 : fs      um                      4 : 9 : no      flutning        
  5 : 9 : no      flutning                5 : 9 : no      höfuðstöðva 
  6 : 9 : no      höfuðstöðva         6 : 9 : fs      frá            
  7 : 9 : fs      frá                    7 : 9 : no      Katalóníu     
  8 : 9 : sérnafn  Katalóníu             8 : 9 : st      en              
  9 : 9 : st      en                      9 : 9 : no      hlutabréf      
 10 : 9 : no      hlutabréf             10 : 9 : fs      í              
 11 : 9 : fs      í                     11 : 9 : no      bankanum        
 12 : 9 : no      bankanum               12 : 9 : so      höfðu         
 13 : 9 : so      höfðu                13 : 9 : lo      lækkað        
 14 : 9 : so      lækkað               14 : 9 : eo      um              
 15 : 9 : fs      um                     15 : 9 : no      10%             
 16 : 9 : prósenta  10%                    16 : 9 : fs      í              
 17 : 9 : fs      í                     17 : 9 : no      verði          
 18 : 9 : no      verði                 18 : 9 : fs      í              
 19 : 9 : fs      í                     19 : 9 : no      kjölfar        
 20 : 9 : no      kjölfar               20 : 9 : no      kosninganna     
 21 : 9 : no      kosninganna           

  0 : 9 :   0   22  S0            0 : 9 :   0   21  S0    
  1 : 9 :   0    9  S-MAIN        1 : 9 :   0    8  S-MAIN
  2 : 9 :   0    9  IP            2 : 9 :   0    8  IP    
  3 : 9 :   0    2  NP-SUBJ        3 : 9 :   0    1  NP-SUBJ
  4 : 9 :   2    9  VP            4 : 9 :   1    8  VP    
  5 : 9 :   2    3  VP            5 : 9 :   1    2  VP    
  6 : 9 :   3    4  ADVP-DATE-REL        6 : 9 :   2    3  ADVP-DATE-REL
  7 : 9 :   4    9  PP            7 : 9 :   3    8  PP    
  8 : 9 :   4    5  P             8 : 9 :   3    4  P     
  9 : 9 :   5    9  NP            9 : 9 :   4    8  NP    
 10 : 9 :   6    7  NP-POSS       10 : 9 :   5    8  NP-POSS
 11 : 9 :   7    9  PP-DIR       11 : 9 :   6    8  PP    
 12 : 9 :   7    8  P            12 : 9 :   6    7  P     
 13 : 9 :   8    9  NP           13 : 9 :   7    8  NP    
 14 : 9 :   9   10  C            14 : 9 :   8    9  C     
 15 : 9 :  10   22  S-MAIN       15 : 9 :   9   21  S-MAIN
 16 : 9 :  10   22  IP           16 : 9 :   9   21  IP    
 17 : 9 :  10   13  NP-SUBJ       17 : 9 :   9   12  NP-SUBJ
 18 : 9 :  11   13  PP           18 : 9 :  10   12  PP    
 19 : 9 :  11   12  P            19 : 9 :  10   11  P     
 20 : 9 :  12   13  NP           20 : 9 :  11   12  NP    
 21 : 9 :  13   22  VP           21 : 9 :  12   21  VP    
 22 : 9 :  13   14  VP-AUX       22 : 9 :  12   16  VP    
 23 : 9 :  14   22  VP           23 : 9 :  12   13  VP    
 24 : 9 :  14   15  VP           24 : 9 :  13   16  NP-OBJ
 25 : 9 :  15   17  PP           25 : 9 :  16   18  PP    
 26 : 9 :  15   16  P            26 : 9 :  16   17  P     
 27 : 9 :  16   17  NP           27 : 9 :  17   18  NP    
 28 : 9 :  17   19  PP           28 : 9 :  18   21  PP    
 29 : 9 :  17   18  P            29 : 9 :  18   19  P     
 30 : 9 :  18   19  NP           30 : 9 :  19   21  NP    
 31 : 9 :  19   22  ADVP-DATE-REL       31 : 9 :  20   21  NP-POSS
 32 : 9 :  19   22  PP          
 33 : 9 :  19   20  P           
 34 : 9 :  20   22  NP          
 35 : 9 :  21   22  NP-POSS      

========
   5   25    0   65.00  68.42    26     40   38      8     24    24   100.00
-<1>---(wn1= 24, bn1= 40)-           -<2>---(wn2= 24, bn2= 38)-
  0 : 1 : pfn     Hún                    0 : 1 : pfn     Hún            
  1 : 1 : so      var                     1 : 1 : so      var             
  2 : 1 : no      meðlimur               2 : 1 : no      meðlimur       
  3 : 1 : fs      í                      3 : 1 : fs      í              
  4 : 1 : no      hljómsveitinni         4 : 1 : no      hljómsveitinni 
  5 : 1 : stt     sem                     5 : 1 : stt     sem             
  6 : 1 : so      flutti                  6 : 1 : so      flutti          
  7 : 1 : no      tónlistina             7 : 1 : no      tónlistina     
  8 : 1 : fs      í                      8 : 1 : fs      í              
  9 : 1 : person  Ronju                   9 : 1 : person  Ronju           
 10 : 1 : no      ræningjadóttur       10 : 1 : no      ræningjadóttur
 11 : 1 : fs      í                     11 : 1 : fs      í              
 12 : 1 : sérnafn  Þjóðleikhúsinu       12 : 1 : no      Þjóðleikhúsinu
 13 : 1 : st      og                     13 : 1 : st      og              
 14 : 1 : so      hefur                  14 : 1 : so      hefur           
 15 : 1 : so      komið                 15 : 1 : so      komið          
 16 : 1 : ao      fram                   16 : 1 : ao      fram            
 17 : 1 : fs      með                   17 : 1 : fs      með            
 18 : 1 : no      hljómsveit            18 : 1 : no      hljómsveit     
 19 : 1 : stt     sem                    19 : 1 : stt     sem             
 20 : 1 : so      flytur                 20 : 1 : so      flytur          
 21 : 1 : pfn     hennar                 21 : 1 : pfn     hennar          
 22 : 1 : lo      eigið                 22 : 1 : lo      eigið          
 23 : 1 : no      efni                   23 : 1 : no      efni            

  0 : 1 :   0   24  S0            0 : 1 :   0   24  S0    
  1 : 1 :   0   24  S             1 : 1 :   0   24  S     
  2 : 1 :   0   24  IP            2 : 1 :   0   24  IP    
  3 : 1 :   0    1  NP            3 : 1 :   0    1  NP    
  4 : 1 :   1   24  VP            4 : 1 :   1   24  VP    
  5 : 0 :   1   13  VP            5 : 0 :   1   11  VP    
  6 : 1 :   1    2  VP            6 : 1 :   1    2  VP    
  7 : 0 :   2   13  NP            7 : 0 :   2   11  NP    
  8 : 0 :   3   13  PP            8 : 0 :   3    5  PP    
  9 : 1 :   3    4  P             9 : 1 :   3    4  P     
 10 : 0 :   4   13  NP           10 : 0 :   4    5  NP    
 11 : 0 :   5   13  CP           11 : 0 :   5   11  CP    
 12 : 1 :   5    6  C            12 : 1 :   5    6  C     
 13 : 0 :   6   13  IP           13 : 0 :   6   11  IP    
 14 : 0 :   6   13  VP           14 : 0 :   6    8  VP    
 15 : 1 :   6    7  VP           15 : 1 :   6    7  VP    
 16 : 0 :   7   13  NP           16 : 0 :   7    8  NP    
 17 : 0 :   8   13  PP           17 : 0 :   8   11  PP    
 18 : 1 :   8    9  P            18 : 1 :   8    9  P     
 19 : 0 :   9   13  NP           19 : 0 :   9   11  NP    
 20 : 1 :  10   11  NP           20 : 1 :  10   11  NP    
 21 : 1 :  11   13  PP           21 : 1 :  11   13  PP    
 22 : 1 :  11   12  P            22 : 1 :  11   12  P     
 23 : 1 :  12   13  NP           23 : 1 :  12   13  NP    
 24 : 1 :  13   14  C            24 : 1 :  13   14  C     
 25 : 0 :  14   24  VP           25 : 0 :  14   16  VP    
 26 : 1 :  14   15  VP           26 : 1 :  14   15  VP    
 27 : 0 :  15   24  VP           27 : 1 :  15   16  VP    
 28 : 1 :  15   16  VP           28 : 0 :  16   24  PP    
 29 : 1 :  16   17  ADVP         29 : 1 :  16   17  ADVP  
 30 : 0 :  17   24  PP           30 : 1 :  17   18  P     
 31 : 1 :  17   18  P            31 : 1 :  18   24  NP    
 32 : 1 :  18   24  NP           32 : 1 :  19   24  CP    
 33 : 1 :  19   24  CP           33 : 1 :  19   20  C     
 34 : 1 :  19   20  C            34 : 1 :  20   24  IP    
 35 : 1 :  20   24  IP           35 : 1 :  20   24  VP    
 36 : 1 :  20   24  VP           36 : 1 :  20   21  VP    
 37 : 1 :  20   21  VP           37 : 1 :  21   24  NP    
 38 : 1 :  21   24  NP          
 39 : 0 :  21   22  NP          

========
   6   20    1    0.00   0.00     0      0    0      0      0     0     0.00
-<1>---(wn1= 16, bn1= 32)-           -<2>---(wn2= 17, bn2= 32)-
  0 : 9 : no      Fólk                   0 : 9 : no      Fólk           
  1 : 9 : so      heldur                  1 : 9 : so      heldur          
  2 : 9 : st      að                     2 : 9 : st      að             
  3 : 9 : pfn     það                   3 : 9 : pfn     það           
  4 : 9 : so      geti                    4 : 9 : so      geti            
  5 : 9 : ao      kannski                 5 : 9 : ao      kannski         
  6 : 9 : so      flutt                   6 : 9 : so      flutt           
  7 : 9 : ao      til_baka                7 : 9 : ao      til_baka        
  8 : 9 : pfn     ég                     8 : 9 : pfn     ég             
  9 : 9 : so      veit                    9 : 9 : so      veit            
 10 : 9 : pfn     það                  10 : 9 : pfn     það           
 11 : 9 : ao      ekki                   11 : 9 : ao      ekki            
 12 : 9 : ao      kannski                12 : 9 : ao      kannski         
 13 : 9 : so      segir                  13 : 9 : so      segir           
 14 : 9 : person  Justus_Paulsen         14 : 9 : sérnafn  Justus          
 15 : 9 : ao      að_lokum              15 : 9 : sérnafn  Paulsen         
                                         16 : 9 : ao      að_lokum       

  0 : 9 :   0   16  S0            0 : 9 :   0   17  S0    
  1 : 9 :   0   16  S-MAIN        1 : 9 :   0   17  S-QUOTE
  2 : 9 :   0   16  IP            2 : 9 :   0   13  CP-QUOTE
  3 : 9 :   0    8  CP-SOURCE        3 : 9 :   0    8  IP    
  4 : 9 :   0    8  IP            4 : 9 :   0    1  NP-SUBJ
  5 : 9 :   0    1  NP-SUBJ        5 : 9 :   1    8  VP    
  6 : 9 :   1    8  VP            6 : 9 :   1    2  VP    
  7 : 9 :   1    2  VP            7 : 9 :   2    8  NP-OBJ
  8 : 9 :   2    8  NP-OBJ        8 : 9 :   2    8  CP-THT
  9 : 9 :   2    8  CP-THT        9 : 9 :   2    3  C     
 10 : 9 :   2    3  C            10 : 9 :   3    8  IP    
 11 : 9 :   3    8  IP           11 : 9 :   3    4  NP-SUBJ
 12 : 9 :   3    4  NP-SUBJ       12 : 9 :   4    8  VP    
 13 : 9 :   4    8  VP           13 : 9 :   4    7  VP    
 14 : 9 :   4    5  VP-AUX       14 : 9 :   4    5  VP-AUX
 15 : 9 :   5    6  ADVP         15 : 9 :   5    7  VP    
 16 : 9 :   6    8  VP           16 : 9 :   5    6  ADVP  
 17 : 9 :   6    7  VP           17 : 9 :   6    7  VP    
 18 : 9 :   7    8  ADVP-DIR       18 : 9 :   7    8  ADVP  
 19 : 9 :   8   13  CP-QUOTE       19 : 9 :   8   13  IP    
 20 : 9 :   8   13  IP           20 : 9 :   8    9  NP-SUBJ
 21 : 9 :   8    9  NP-SUBJ       21 : 9 :   9   13  VP    
 22 : 9 :   9   13  VP           22 : 9 :   9   11  VP    
 23 : 9 :   9   10  VP           23 : 9 :   9   10  VP    
 24 : 9 :  10   11  NP-OBJ       24 : 9 :  10   11  NP-OBJ
 25 : 9 :  11   12  ADVP         25 : 9 :  11   12  ADVP  
 26 : 9 :  12   13  ADVP         26 : 9 :  12   13  ADVP  
 27 : 9 :  13   16  CP-SOURCE       27 : 9 :  13   17  CP-SOURCE
 28 : 9 :  13   16  VP           28 : 9 :  13   14  VP    
 29 : 9 :  13   14  VP           29 : 9 :  14   16  NP-SOURCE
 30 : 9 :  14   15  NP-SUBJ       30 : 9 :  14   16  NP    
 31 : 9 :  15   16  ADVP-DATE-REL       31 : 9 :  16   17  ADVP  

========
   7   24    0   89.74  83.33    35     39   42      2     23    23   100.00
-<1>---(wn1= 23, bn1= 39)-           -<2>---(wn2= 23, bn2= 42)-
  0 : 1 : no      Niðurstöðurnar        0 : 1 : no      Niðurstöðurnar
  1 : 1 : so      haldast                 1 : 1 : so      haldast         
  2 : 1 : fs      í                      2 : 1 : fs      í              
  3 : 1 : no      hendur                  3 : 1 : no      hendur          
  4 : 1 : fs      fyrir                   4 : 1 : fs      fyrir           
  5 : 1 : lo      fyrri                   5 : 1 : lo      fyrri           
  6 : 1 : no      fregnir                 6 : 1 : no      fregnir         
  7 : 1 : fs      af                      7 : 1 : fs      af              
  8 : 1 : no      þunglyndi              8 : 1 : no      þunglyndi      
  9 : 1 : no      Íslendinga             9 : 1 : no      Íslendinga     
 10 : 1 : st      en                     10 : 1 : st      en              
 11 : 1 : ao      meðal_annars          11 : 1 : ao      meðal_annars   
 12 : 1 : so      má                    12 : 1 : so      má             
 13 : 1 : so      nefna                  13 : 1 : so      nefna           
 14 : 1 : st      að                    14 : 1 : st      að             
 15 : 1 : ao      hvergi                 15 : 1 : ao      hvergi          
 16 : 1 : so      er                     16 : 1 : so      er              
 17 : 1 : no      neysla                 17 : 1 : no      neysla          
 18 : 1 : no      þunglyndislyfja       18 : 1 : no      þunglyndislyfja
 19 : 1 : lo      meiri                  19 : 1 : lo      meiri           
 20 : 1 : st      en                     20 : 1 : st      en              
 21 : 1 : fs      á                     21 : 1 : fs      á              
 22 : 1 : no      Íslandi               22 : 1 : no      Íslandi        

  0 : 1 :   0   23  S0            0 : 1 :   0   23  S0    
  1 : 1 :   0   10  S             1 : 1 :   0   10  S     
  2 : 1 :   0   10  IP            2 : 1 :   0   10  IP    
  3 : 1 :   0    1  NP            3 : 1 :   0    1  NP    
  4 : 1 :   1   10  VP            4 : 1 :   1   10  VP    
  5 : 1 :   1    2  VP            5 : 1 :   1    2  VP    
  6 : 0 :   2    4  PP            6 : 0 :   2   10  PP    
  7 : 1 :   2    3  P             7 : 1 :   2    3  P     
  8 : 0 :   3    4  NP            8 : 0 :   3   10  NP    
  9 : 1 :   4   10  PP            9 : 1 :   4   10  PP    
 10 : 1 :   4    5  P            10 : 1 :   4    5  P     
 11 : 1 :   5   10  NP           11 : 1 :   5   10  NP    
 12 : 1 :   7   10  PP           12 : 1 :   7   10  PP    
 13 : 1 :   7    8  P            13 : 1 :   7    8  P     
 14 : 1 :   8   10  NP           14 : 1 :   8   10  NP    
 15 : 1 :   9   10  NP           15 : 1 :   9   10  NP    
 16 : 1 :  10   11  C            16 : 1 :  10   11  C     
 17 : 1 :  11   23  S            17 : 1 :  11   23  S     
 18 : 1 :  11   23  IP           18 : 1 :  11   23  IP    
 19 : 1 :  11   12  ADVP         19 : 0 :  11   23  VP    
 20 : 1 :  12   23  VP           20 : 0 :  11   23  IP    
 21 : 1 :  12   13  VP           21 : 0 :  11   23  VP    
 22 : 1 :  13   23  VP           22 : 1 :  11   12  ADVP  
 23 : 1 :  13   14  VP           23 : 1 :  12   23  VP    
 24 : 1 :  14   23  NP           24 : 1 :  12   13  VP    
 25 : 1 :  14   23  CP           25 : 1 :  13   23  VP    
 26 : 1 :  14   15  C            26 : 1 :  13   14  VP    
 27 : 1 :  15   23  IP           27 : 1 :  14   23  NP    
 28 : 1 :  15   16  ADVP         28 : 1 :  14   23  CP    
 29 : 1 :  16   23  VP           29 : 1 :  14   15  C     
 30 : 1 :  16   17  VP           30 : 1 :  15   23  IP    
 31 : 1 :  17   19  NP           31 : 1 :  15   16  ADVP  
 32 : 1 :  18   19  NP           32 : 1 :  16   23  VP    
 33 : 0 :  19   23  NP           33 : 0 :  16   20  VP    
 34 : 0 :  20   23  CP           34 : 1 :  16   17  VP    
 35 : 1 :  20   21  C            35 : 1 :  17   19  NP    
 36 : 1 :  21   23  PP           36 : 1 :  18   19  NP    
 37 : 1 :  21   22  P            37 : 0 :  19   20  NP    
 38 : 1 :  22   23  NP           38 : 1 :  20   21  C     
                                 39 : 1 :  21   23  PP    
                                 40 : 1 :  21   22  P     
                                 41 : 1 :  22   23  NP    

========
   8   20    0   37.50  44.44    12     32   27      7     18    16    88.89
-<1>---(wn1= 18, bn1= 32)-           -<2>---(wn2= 18, bn2= 27)-
  0 : 1 : no      Heimildarmenn           0 : 1 : no      Heimildarmenn   
  1 : 1 : eo      vestanhafs              1 : 1 : eo      vestanhafs      
  2 : 1 : so      segja                   2 : 1 : so      segja           
  3 : 1 : st      að                     3 : 1 : st      að             
  4 : 1 : no      viðræðurnar          4 : 1 : no      viðræðurnar  
  5 : 1 : so      séu                    5 : 1 : so      séu            
  6 : 0 : ao      langt                   6 : 0 : lo      langt           
  7 : 1 : fs      á                      7 : 1 : fs      á              
  8 : 1 : no      leið                   8 : 1 : no      leið           
  9 : 1 : so      komnar                  9 : 1 : so      komnar          
 10 : 1 : st      og                     10 : 1 : st      og              
 11 : 1 : so      gæti                  11 : 1 : so      gæti           
 12 : 1 : no      kaupverð              12 : 1 : no      kaupverð       
 13 : 0 : so      numið                 13 : 0 : lo      numið          
 14 : 1 : fn      allt                   14 : 1 : fn      allt            
 15 : 1 : fs      að                    15 : 1 : fs      að             
 16 : 1 : no      60_milljörðum_dala       16 : 1 : no      60_milljörðum_dala
 17 : 1 : no      6.280_milljarðar_íslenskra_króna       17 : 1 : no      6.280_milljarðar_íslenskra_króna

  0 : 1 :   0   18  S0            0 : 1 :   0   18  S0    
  1 : 0 :   0   10  S             1 : 0 :   0   18  S     
  2 : 0 :   0   10  IP            2 : 0 :   0   18  IP    
  3 : 0 :   0    2  NP            3 : 0 :   0    1  NP    
  4 : 0 :   2   10  VP            4 : 0 :   2   17  VP    
  5 : 1 :   2    3  VP            5 : 1 :   2    3  VP    
  6 : 0 :   3   10  NP            6 : 0 :   3   12  NP    
  7 : 0 :   3   10  CP            7 : 0 :   3   12  CP    
  8 : 1 :   3    4  C             8 : 1 :   3    4  C     
  9 : 0 :   4   10  IP            9 : 0 :   4   12  IP    
 10 : 1 :   4    5  NP           10 : 1 :   4    5  NP    
 11 : 0 :   5   10  VP           11 : 0 :   5   12  VP    
 12 : 0 :   5   10  VP           12 : 0 :   5    9  VP    
 13 : 1 :   5    6  VP           13 : 1 :   5    6  VP    
 14 : 0 :   6    9  PP           14 : 0 :   6    9  NP    
 15 : 0 :   6    7  ADVP         15 : 0 :   7    9  PP    
 16 : 1 :   7    8  P            16 : 1 :   7    8  P     
 17 : 1 :   8    9  NP           17 : 1 :   8    9  NP    
 18 : 1 :   9   10  NP           18 : 1 :   9   10  NP    
 19 : 1 :   9   10  VP           19 : 1 :   9   10  VP    
 20 : 1 :  10   11  C            20 : 1 :  10   11  C     
 21 : 0 :  11   18  S            21 : 1 :  11   12  VP    
 22 : 0 :  11   18  IP           22 : 0 :  12   17  NP    
 23 : 0 :  11   18  VP           23 : 0 :  15   17  PP    
 24 : 1 :  11   12  VP           24 : 0 :  15   16  P     
 25 : 0 :  12   13  NP           25 : 0 :  16   17  NP    
 26 : 0 :  13   18  VP           26 : 1 :  17   18  NP    
 27 : 0 :  13   14  VP          
 28 : 0 :  14   18  PP          
 29 : 0 :  14   16  P           
 30 : 0 :  16   18  NP          
 31 : 1 :  17   18  NP          

========
   9   22    1    0.00   0.00     0      0    0      0      0     0     0.00
-<1>---(wn1= 20, bn1= 22)-           -<2>---(wn2= 18, bn2= 21)-
  0 : 9 : no      Badminton               0 : 9 : no      Badminton-konan 
  1 : 9 : no      konan                   1 : 9 : sérnafn  Pusarla         
  2 : 9 : person  Pusarla_Venkata_Sindhu        2 : 9 : sérnafn  Venkata         
  3 : 9 : fs      frá                    3 : 9 : sérnafn  Sindhu          
  4 : 9 : sérnafn  Indlandi                4 : 9 : fs      frá            
  5 : 9 : so      vann                    5 : 9 : no      Indlandi        
  6 : 9 : abfn    sér                    6 : 9 : so      vann            
  7 : 9 : ao      nefnilega               7 : 9 : abfn    sér            
  8 : 9 : ao      inn                     8 : 9 : ao      nefnilega       
  9 : 9 : tala    8,5                     9 : 9 : fs      inn             
 10 : 9 : no      milljónir             10 : 9 : no      8,5_milljónir_dollara
 11 : 9 : no      dollara                11 : 9 : fs      á              
 12 : 9 : fs      á                     12 : 9 : lo      síðasta       
 13 : 9 : lo      síðasta              13 : 9 : no      ári            
 14 : 9 : no      ári                   14 : 9 : st      eða            
 15 : 9 : st      eða                   15 : 9 : töl    921_milljón    
 16 : 9 : töl    921_milljón           16 : 9 : fs      í              
 17 : 9 : fs      í                     17 : 9 : no      íslenskum_krónum
 18 : 9 : lo      íslenskum            
 19 : 9 : no      krónum               

  0 : 9 :   0   20  S0            0 : 9 :   0   18  S0    
  1 : 9 :   0   20  S-MAIN        1 : 9 :   0   18  S-MAIN
  2 : 9 :   0   20  IP            2 : 9 :   0   18  IP    
  3 : 9 :   0    5  NP-SUBJ        3 : 9 :   0    6  NP-SUBJ
  4 : 9 :   0    2  NP-TITLE        4 : 9 :   4    6  PP    
  5 : 9 :   3    5  PP            5 : 9 :   4    5  P     
  6 : 9 :   3    4  P             6 : 9 :   5    6  NP    
  7 : 9 :   4    5  NP            7 : 9 :   6   18  VP    
  8 : 9 :   5   20  VP            8 : 9 :   6    8  VP    
  9 : 9 :   5    6  VP            9 : 9 :   6    7  VP    
 10 : 9 :   6    7  NP-IOBJ       10 : 9 :   7    8  NP-OBJ
 11 : 9 :   7    8  ADVP         11 : 9 :   8    9  ADVP  
 12 : 9 :   8    9  ADVP-PCL       12 : 9 :   9   18  PP    
 13 : 9 :   9   12  NP-OBJ       13 : 9 :   9   10  P     
 14 : 9 :  12   15  ADVP-DUR-REL       14 : 9 :  10   18  NP    
 15 : 9 :  12   13  P            15 : 9 :  11   14  ADVP-DATE-REL
 16 : 9 :  13   15  NP           16 : 9 :  11   12  P     
 17 : 9 :  15   16  C            17 : 9 :  14   15  C     
 18 : 9 :  16   20  NP           18 : 9 :  16   18  PP    
 19 : 9 :  17   20  PP           19 : 9 :  16   17  P     
 20 : 9 :  17   18  P            20 : 9 :  17   18  NP    
 21 : 9 :  18   20  NP          

========
  10   23    1    0.00   0.00     0      0    0      0      0     0     0.00
-<1>---(wn1= 21, bn1= 29)-           -<2>---(wn2= 22, bn2= 29)-
  0 : 9 : person  Quincy_Jones            0 : 9 : sérnafn  Quincy          
  1 : 9 : so      er                      1 : 9 : sérnafn  Jones           
  2 : 9 : tala    84ra                    2 : 9 : so      er              
  3 : 9 : no      ára                    3 : 9 : tala    84              
  4 : 9 : st      og                      4 : 9 : no      ra              
  5 : 9 : so      hefur                   5 : 9 : no      ára            
  6 : 9 : fs      á                      6 : 9 : st      og              
  7 : 9 : no      ferli                   7 : 9 : so      hefur           
  8 : 9 : fn      sínum                  8 : 9 : fs      á              
  9 : 9 : so      verið                  9 : 9 : no      ferli           
 10 : 9 : so      tilnefndur             10 : 9 : fn      sínum          
 11 : 9 : tala    79                     11 : 9 : so      verið          
 12 : 9 : no      sinnum                 12 : 9 : so      tilnefndur      
 13 : 9 : fs      til                    13 : 9 : tala    79              
 14 : 9 : entity  Grammy                 14 : 9 : no      sinnum          
 15 : 9 : no      verðlauna             15 : 9 : fs      til             
 16 : 9 : st      og                     16 : 9 : no      Grammy-verðlauna
 17 : 9 : so      unnið                 17 : 9 : st      og              
 18 : 9 : pfn     þau                   18 : 9 : so      unnið          
 19 : 9 : tala    28                     19 : 9 : pfn     þau            
 20 : 9 : no      sinnum                 20 : 9 : tala    28              
                                         21 : 9 : no      sinnum          

  0 : 9 :   0   21  S0            0 : 9 :   0   22  S0    
  1 : 9 :   0   21  S-MAIN        1 : 9 :   0   22  S-MAIN
  2 : 9 :   0   21  IP            2 : 9 :   0   22  IP    
  3 : 9 :   0    1  NP-SUBJ        3 : 9 :   0    2  NP-SUBJ
  4 : 9 :   1   21  VP            4 : 9 :   2   22  VP    
  5 : 9 :   1    4  VP            5 : 9 :   2    6  VP    
  6 : 9 :   1    2  VP            6 : 9 :   2    3  VP    
  7 : 9 :   2    4  NP-PRD        7 : 9 :   3    6  NP-PRD
  8 : 9 :   2    4  NP-AGE        8 : 9 :   3    4  NP-POSS
  9 : 9 :   4    5  C             9 : 9 :   5    6  NP-POSS
 10 : 9 :   5   21  VP           10 : 9 :   6    7  C     
 11 : 9 :   5    6  VP-AUX       11 : 9 :   7   20  VP    
 12 : 9 :   6    9  PP           12 : 9 :   7    8  VP-AUX
 13 : 9 :   6    7  P            13 : 9 :   8   20  VP    
 14 : 9 :   7    9  NP           14 : 9 :   8   11  PP    
 15 : 9 :   9   21  VP           15 : 9 :   8    9  P     
 16 : 9 :   9   10  VP-AUX       16 : 9 :   9   11  NP    
 17 : 9 :  10   16  VP           17 : 9 :  11   12  VP    
 18 : 9 :  10   11  NP-PRD       18 : 9 :  12   13  NP-PRD
 19 : 9 :  10   11  VP           19 : 9 :  12   13  VP    
 20 : 9 :  11   13  ADVP-TMP-SET       20 : 9 :  13   15  ADVP  
 21 : 9 :  13   16  PP           21 : 9 :  15   17  PP    
 22 : 9 :  13   14  P            22 : 9 :  15   16  P     
 23 : 9 :  14   16  NP           23 : 9 :  16   17  NP    
 24 : 9 :  16   17  C            24 : 9 :  17   18  C     
 25 : 9 :  17   21  VP           25 : 9 :  18   20  VP    
 26 : 9 :  17   18  VP           26 : 9 :  18   19  VP    
 27 : 9 :  18   19  NP-OBJ       27 : 9 :  19   20  NP-OBJ
 28 : 9 :  19   21  ADVP-TMP-SET       28 : 9 :  20   22  ADVP  

========
============================================================================
                 65.87  71.90    110   167   153     20    106   100    94.34
=== Summary ===

-- All --
Number of sentence        =     10
Number of Error sentence  =      5
Number of Skip  sentence  =      0
Number of Valid sentence  =      5
Bracketing Recall         =  65.87
Bracketing Precision      =  71.90
Bracketing FMeasure       =  68.75
Complete match            =   0.00
Average crossing          =   4.00
No crossing               =   0.00
2 or less crossing        =  60.00
Tagging accuracy          =  94.34

-- len<=100 --
Number of sentence        =     10
Number of Error sentence  =      5
Number of Skip  sentence  =      0
Number of Valid sentence  =      5
Bracketing Recall         =  65.87
Bracketing Precision      =  71.90
Bracketing FMeasure       =  68.75
Complete match            =   0.00
Average crossing          =   4.00
No crossing               =   0.00
2 or less crossing        =  60.00
Tagging accuracy          =  94.34
