  Sent.                        Matched  Bracket   Cross        Correct Tag
 ID  Len.  Stat. Recal  Prec.  Bracket gold test Bracket Words  Tags Accracy
============================================================================
   1   12    0   95.00  90.48    19     20   21      1     12     6    50.00
-<1>---(wn1= 12, bn1= 20)-           -<2>---(wn2= 12, bn2= 21)-
  0 : 1 : pfn_et_nf_p1  Ég                     0 : 1 : pfn_et_nf_p1  Ég             
  1 : 0 : so_0_fh_p1_et_nt_gm  fer                     1 : 0 : so_0_et_fh_gm_nt_p1  fer             
  2 : 1 : ao      oft                     2 : 1 : ao      oft             
  3 : 1 : fs_þgf  að                     3 : 1 : fs_þgf  að             
  4 : 0 : no_et_þgf_hk_gr  leiðinu                4 : 0 : no_et_gr_hk_þgf  leiðinu        
  5 : 1 : st      og                      5 : 1 : st      og              
  6 : 0 : fn_et_nf_hk  það                   6 : 0 : fn_et_hk_nf  það           
  7 : 0 : so_0_fh_p3_ft_nt_gm  hafa                    7 : 0 : so_fh_ft_gm_nt_p3  hafa            
  8 : 0 : so_1_nf_sagnb_gm  verið                  8 : 0 : so_1_nf_gm_sagnb  verið          
  9 : 0 : no_et_nf_hk  blóm                   9 : 0 : no_et_hk_nf  blóm           
 10 : 1 : ao      þar                   10 : 1 : ao      þar            
 11 : 1 : grm     .                      11 : 1 : grm     .               

  0 : 1 :   0   12  S0            0 : 1 :   0   12  S0    
  1 : 1 :   0    5  S             1 : 1 :   0    5  S     
  2 : 1 :   0    5  IP            2 : 1 :   0    5  IP    
  3 : 1 :   0    1  NP            3 : 1 :   0    1  NP    
  4 : 1 :   1    5  VP            4 : 1 :   1    5  VP    
  5 : 1 :   1    2  VP            5 : 1 :   1    2  VP    
  6 : 1 :   2    3  ADVP          6 : 1 :   2    3  ADVP  
  7 : 1 :   3    5  PP            7 : 1 :   3    5  PP    
  8 : 1 :   3    4  P             8 : 1 :   3    4  P     
  9 : 1 :   4    5  NP            9 : 1 :   4    5  NP    
 10 : 1 :   5    6  C            10 : 1 :   5    6  C     
 11 : 1 :   6   11  S            11 : 1 :   6   11  S     
 12 : 1 :   6   11  IP           12 : 1 :   6   11  IP    
 13 : 1 :   6    7  NP           13 : 1 :   6    7  NP    
 14 : 1 :   7   11  VP           14 : 1 :   7   11  VP    
 15 : 1 :   7    8  VP           15 : 0 :   7   10  VP    
 16 : 0 :   8   11  VP           16 : 1 :   7    8  VP    
 17 : 1 :   8    9  VP           17 : 0 :   8   10  VP    
 18 : 1 :   9   10  NP           18 : 1 :   8    9  VP    
 19 : 1 :  10   11  ADVP         19 : 1 :   9   10  NP    
                                 20 : 1 :  10   11  ADVP  

========
   2   12    1    0.00   0.00     0      0    0      0      0     0     0.00
-<1>---(wn1= 12, bn1= 14)-           -<2>---(wn2= 10, bn2= 15)-
  0 : 9 : pfn     Hann                    0 : 9 : pfn_et_kk_nf_p3  Hann            
  1 : 9 : so_0    á                      1 : 9 : so_1_þf_et_fh_gm_nt_p3  á              
  2 : 9 : tala    7                       2 : 9 : tala_ft_kk_þf  7               
  3 : 9 : no      A                       3 : 9 : no_ft_kk_þf  A-landsleiki    
  4 : 9 : grm     –                     4 : 9 : fs_þgf  að             
  5 : 9 : no      landsleiki              5 : 9 : no_et_hk_þgf  baki            
  6 : 9 : fs      að                     6 : 9 : fs_þgf  fyrir           
  7 : 9 : no      baki                    7 : 9 : no_ef_et_hk  Íslands        
  8 : 9 : fs      fyrir                   8 : 9 : no_et_kvk_þgf  hönd           
  9 : 9 : sérnafn  Íslands                9 : 9 : grm     .               
 10 : 9 : no      hönd                 
 11 : 9 : grm     .                     

  0 : 9 :   0   12  S0            0 : 9 :   0   10  S0    
  1 : 9 :   0   12  S-MAIN        1 : 9 :   0    9  S-MAIN
  2 : 9 :   0   11  IP            2 : 9 :   0    9  IP    
  3 : 9 :   0    1  NP-SUBJ        3 : 9 :   0    1  NP-SUBJ
  4 : 9 :   1   11  VP            4 : 9 :   1    9  VP    
  5 : 9 :   1    2  VP            5 : 9 :   1    4  VP    
  6 : 9 :   2    6  NP-OBJ        6 : 9 :   1    2  VP    
  7 : 9 :   6    8  PP            7 : 9 :   2    4  NP-OBJ
  8 : 9 :   6    7  P             8 : 9 :   4    9  PP    
  9 : 9 :   7    8  NP            9 : 9 :   4    5  P     
 10 : 9 :   8   11  PP           10 : 9 :   5    9  NP    
 11 : 9 :   8    9  P            11 : 9 :   6    9  PP    
 12 : 9 :   9   11  NP           12 : 9 :   6    7  P     
 13 : 9 :  10   11  NP-POSS       13 : 9 :   7    9  NP    
                                 14 : 9 :   7    8  NP-POSS

========
   3   11    0   81.25  86.67    13     16   15      1     11     5    45.45
-<1>---(wn1= 11, bn1= 16)-           -<2>---(wn2= 11, bn2= 15)-
  0 : 0 : pfn_et_þf_kk  Hún                    0 : 0 : no_et_kk_þf  Hún            
  1 : 0 : so_1_þf_fh_p3_ft_nt_gm  staðfesta              1 : 0 : so_1_þf_fh_ft_gm_nt_p3  staðfesta      
  2 : 1 : eo      hins_vegar              2 : 1 : eo      hins_vegar      
  3 : 1 : eo      ekki                    3 : 1 : eo      ekki            
  4 : 0 : no_ft_nf_kvk  fregnir                 4 : 0 : no_ft_kvk_nf  fregnir         
  5 : 1 : fs_þf  um                      5 : 1 : fs_þf  um              
  6 : 1 : st      að                     6 : 1 : st      að             
  7 : 0 : no_et_nf_hk  fólk                   7 : 0 : no_et_hk_nf  fólk           
  8 : 0 : so_0_vh_p3_et_nt_gm  hafi                    8 : 0 : so_et_gm_nt_p3_vh  hafi            
  9 : 0 : so_0_sagnb_mm  farist                  9 : 0 : so_mm_sagnb  farist          
 10 : 1 : grm     .                      10 : 1 : grm     .               

  0 : 1 :   0   11  S0            0 : 1 :   0   11  S0    
  1 : 1 :   0   10  S             1 : 1 :   0   10  S     
  2 : 1 :   0   10  IP            2 : 1 :   0   10  IP    
  3 : 1 :   0    1  NP            3 : 0 :   0    2  VP    
  4 : 0 :   1   10  VP            4 : 1 :   0    1  NP    
  5 : 1 :   1    2  VP            5 : 1 :   1    2  VP    
  6 : 1 :   2   10  NP            6 : 1 :   2   10  NP    
  7 : 1 :   5   10  PP            7 : 1 :   5   10  PP    
  8 : 1 :   5    6  P             8 : 1 :   5    6  P     
  9 : 0 :   6   10  CP            9 : 0 :   7   10  S     
 10 : 0 :   6    7  C            10 : 1 :   7   10  IP    
 11 : 1 :   7   10  IP           11 : 1 :   7    8  NP    
 12 : 1 :   7    8  NP           12 : 1 :   8   10  VP    
 13 : 1 :   8   10  VP           13 : 1 :   8    9  VP    
 14 : 1 :   8    9  VP           14 : 1 :   9   10  VP    
 15 : 1 :   9   10  VP          

========
   4   11    0   72.22  65.00    13     18   20      7     11     4    36.36
-<1>---(wn1= 11, bn1= 18)-           -<2>---(wn2= 11, bn2= 20)-
  0 : 0 : no_ft_nf_kk_gr  Tölvupóstarnir        0 : 0 : no_ft_gr_kk_nf  Tölvupóstarnir
  1 : 0 : so_1_nf_fh_p3_ft_þt_gm  voru                    1 : 0 : so_1_nf_fh_ft_gm_p3_þt  voru            
  2 : 1 : fs_ef   vegna                   2 : 1 : fs_ef   vegna           
  3 : 0 : no_et_ef_hk  dómsmáls              3 : 0 : no_ef_et_hk  dómsmáls      
  4 : 1 : stt     sem                     4 : 1 : stt     sem             
  5 : 0 : person_þf_kk  Jón_Steinar            5 : 0 : person_kk_þf  Jón_Steinar    
  6 : 0 : so_0_fh_p3_et_þt_gm  vildi                   6 : 0 : so_et_fh_gm_p3_þt  vildi           
  7 : 0 : so_1_þf_nh_gm  fá                     7 : 0 : so_1_þf_gm_nh  fá             
  8 : 0 : no_et_nf_kvk  flýtimeðferð         8 : 0 : no_et_kvk_nf  flýtimeðferð 
  9 : 1 : ao      á                      9 : 1 : ao      á              
 10 : 1 : grm     .                      10 : 1 : grm     .               

  0 : 1 :   0   11  S0            0 : 1 :   0   11  S0    
  1 : 1 :   0   10  S             1 : 1 :   0   10  S     
  2 : 1 :   0   10  IP            2 : 1 :   0   10  IP    
  3 : 1 :   0    1  NP            3 : 1 :   0    1  NP    
  4 : 1 :   1   10  VP            4 : 1 :   1   10  VP    
  5 : 1 :   1    2  VP            5 : 0 :   1    9  VP    
  6 : 0 :   2   10  PP            6 : 1 :   1    2  VP    
  7 : 1 :   2    3  P             7 : 0 :   2    8  PP    
  8 : 0 :   3   10  NP            8 : 1 :   2    3  P     
  9 : 0 :   4   10  CP            9 : 0 :   3    8  NP    
 10 : 1 :   4    5  C            10 : 0 :   4    8  CP    
 11 : 0 :   5   10  IP           11 : 1 :   4    5  C     
 12 : 1 :   5    6  NP           12 : 0 :   5    8  IP    
 13 : 0 :   6   10  VP           13 : 0 :   5    8  S     
 14 : 1 :   6    7  VP           14 : 0 :   5    8  VP    
 15 : 1 :   7    8  VP           15 : 1 :   5    6  NP    
 16 : 1 :   8    9  NP           16 : 1 :   6    7  VP    
 17 : 1 :   9   10  ADVP         17 : 1 :   7    8  VP    
                                 18 : 1 :   8    9  NP    
                                 19 : 1 :   9   10  ADVP  

========
   5   12    1    0.00   0.00     0      0    0      0      0     0     0.00
-<1>---(wn1= 12, bn1= 16)-           -<2>---(wn2= 13, bn2= 14)-
  0 : 9 : no_et_nf_hk_gr  Ráðhúsið            0 : 9 : no_et_gr_hk_nf  Ráðhúsið    
  1 : 9 : stt     sem                     1 : 9 : stt     sem             
  2 : 9 : so_0_fh_p3_et_nt_gm  er                      2 : 9 : so_et_fh_gm_nt_p3  er              
  3 : 9 : tala_ft_ef_hk  150                     3 : 9 : tala_ef_ft_hk  150             
  4 : 9 : no_ft_ef_hk  ára                    4 : 9 : no_ef_ft_hk  ára            
  5 : 9 : grm     ,                       5 : 9 : grm     ,               
  6 : 9 : tala_ft_nf_hk  400                     6 : 9 : tala_ft_hk_nf  400             
  7 : 9 : no_ft_ef_hk  ára                    7 : 9 : no_ef_ft_hk  ára            
  8 : 9 : st      og                      8 : 9 : st      og              
  9 : 9 : tala_ft_ef_hk  650                     9 : 9 : tala_ef_ft_hk  650             
 10 : 9 : no_ft_ef_hk  ára                   10 : 9 : no_ef_ft_hk  ára            
 11 : 9 : lo_et_nf_hk_sb  gamalt                 11 : 9 : lo_et_hk_nf_sb  gamalt          
                                         12 : 9 : grm     .               

  0 : 9 :   0   12  S0            0 : 9 :   0   13  S0    
  1 : 9 :   0   12  S-HEADING        1 : 9 :   0   13  S-HEADING
  2 : 9 :   0   12  NP            2 : 9 :   0   12  NP    
  3 : 9 :   1   12  CP-REL        3 : 9 :   1    5  CP-REL
  4 : 9 :   1    2  C             4 : 9 :   1    2  C     
  5 : 9 :   2   12  IP            5 : 9 :   2    5  IP    
  6 : 9 :   2   12  VP            6 : 9 :   2    5  S-MAIN
  7 : 9 :   2    3  VP            7 : 9 :   2    5  VP    
  8 : 9 :   3   12  NP-PRD        8 : 9 :   2    3  VP    
  9 : 9 :   3    5  NP-AGE        9 : 9 :   3    5  NP-PRD
 10 : 9 :   4    5  NP-POSS       10 : 9 :   3    5  NP-AGE
 11 : 9 :   6    8  NP-AGE       11 : 9 :   7    8  NP-POSS
 12 : 9 :   7    8  NP-POSS       12 : 9 :   8    9  C     
 13 : 9 :   8    9  C            13 : 9 :   9   11  NP-AGE
 14 : 9 :   9   12  NP-AGE      
 15 : 9 :  10   11  NP-POSS      

========
   6   11    0   73.68  73.68    14     19   19      3     11     5    45.45
-<1>---(wn1= 11, bn1= 19)-           -<2>---(wn2= 11, bn2= 19)-
  0 : 0 : fyrirtæki_et_nf_hk  RÚV                    0 : 0 : no_et_hk_nf  RÚV            
  1 : 0 : so_1_þgf_fh_p3_et_nt_gm  greinir                 1 : 0 : so_0_et_fh_gm_nt_p3  greinir         
  2 : 1 : fs_þgf  frá                    2 : 1 : fs_þgf  frá            
  3 : 0 : pfn_et_þgf_hk_p3  því                   3 : 0 : fn_et_hk_þgf  því           
  4 : 1 : stt     sem                     4 : 1 : stt     sem             
  5 : 0 : so_0_fh_p3_et_þt_gm  kom                     5 : 0 : so_0_et_fh_gm_p3_þt  kom             
  6 : 1 : ao      fram                    6 : 1 : ao      fram            
  7 : 0 : fs      fyrir                   7 : 0 : fs_þgf  fyrir           
  8 : 0 : no_et_þgf_kk  dómi                   8 : 0 : no_et_kk_þgf  dómi           
  9 : 1 : ao      í_morgun               9 : 1 : ao      í_morgun       
 10 : 1 : grm     .                      10 : 1 : grm     .               

  0 : 1 :   0   11  S0            0 : 1 :   0   11  S0    
  1 : 1 :   0   10  S             1 : 1 :   0   10  S     
  2 : 1 :   0   10  IP            2 : 1 :   0   10  IP    
  3 : 1 :   0    1  NP            3 : 1 :   0    1  NP    
  4 : 1 :   1   10  VP            4 : 1 :   1   10  VP    
  5 : 1 :   1    2  VP            5 : 1 :   1    2  VP    
  6 : 0 :   2   10  PP            6 : 0 :   2    9  PP    
  7 : 1 :   2    3  P             7 : 1 :   2    3  P     
  8 : 0 :   3   10  NP            8 : 0 :   3    9  NP    
  9 : 0 :   4   10  CP            9 : 0 :   4    7  CP    
 10 : 1 :   4    5  C            10 : 1 :   4    5  C     
 11 : 0 :   5   10  IP           11 : 0 :   5    7  IP    
 12 : 0 :   5   10  VP           12 : 0 :   5    7  S     
 13 : 1 :   5    6  VP           13 : 1 :   5    6  VP    
 14 : 1 :   6    7  ADVP         14 : 1 :   6    7  ADVP  
 15 : 1 :   7    9  PP           15 : 1 :   7    9  PP    
 16 : 1 :   7    8  P            16 : 1 :   7    8  P     
 17 : 1 :   8    9  NP           17 : 1 :   8    9  NP    
 18 : 1 :   9   10  ADVP         18 : 1 :   9   10  ADVP  

========
   7   12    0   95.24 100.00    20     21   20      0     12     7    58.33
-<1>---(wn1= 12, bn1= 21)-           -<2>---(wn2= 12, bn2= 20)-
  0 : 1 : ao      Þá                    0 : 1 : ao      Þá            
  1 : 0 : so_0_fh_p1_et_þt_gm  fór                    1 : 0 : so_0_et_fh_gm_p1_þt  fór            
  2 : 1 : pfn_et_nf_p1  ég                     2 : 1 : pfn_et_nf_p1  ég             
  3 : 1 : nhm     að                     3 : 1 : nhm     að             
  4 : 0 : so_1_þf_nh_gm  hlaupa                  4 : 0 : so_0_gm_nh  hlaupa          
  5 : 1 : st      og                      5 : 1 : st      og              
  6 : 0 : person_et_nf_kk  Ingvar                  6 : 0 : person_kk_nf  Ingvar          
  7 : 0 : so_0_fh_p3_et_þt_gm  kom                     7 : 0 : so_0_et_fh_gm_p3_þt  kom             
  8 : 1 : ao      fljótlega              8 : 1 : ao      fljótlega      
  9 : 1 : fs_þgf  með                    9 : 1 : fs_þgf  með            
 10 : 0 : pfn_et_þgf_p1  mér                   10 : 0 : pfn_et_p1_þgf  mér            
 11 : 1 : grm     .                      11 : 1 : grm     .               

  0 : 1 :   0   12  S0            0 : 1 :   0   12  S0    
  1 : 1 :   0    5  S             1 : 1 :   0    5  S     
  2 : 1 :   0    5  IP            2 : 1 :   0    5  IP    
  3 : 1 :   0    1  ADVP          3 : 1 :   0    1  ADVP  
  4 : 1 :   1    5  VP            4 : 1 :   1    5  VP    
  5 : 1 :   1    2  VP            5 : 1 :   1    2  VP    
  6 : 1 :   2    3  NP            6 : 1 :   2    3  NP    
  7 : 1 :   3    5  IP            7 : 1 :   3    5  IP    
  8 : 0 :   3    5  VP            8 : 1 :   3    4  TO    
  9 : 1 :   3    4  TO            9 : 1 :   4    5  VP    
 10 : 1 :   4    5  VP           10 : 1 :   5    6  C     
 11 : 1 :   5    6  C            11 : 1 :   6   11  S     
 12 : 1 :   6   11  S            12 : 1 :   6   11  IP    
 13 : 1 :   6   11  IP           13 : 1 :   6    7  NP    
 14 : 1 :   6    7  NP           14 : 1 :   7   11  VP    
 15 : 1 :   7   11  VP           15 : 1 :   7    8  VP    
 16 : 1 :   7    8  VP           16 : 1 :   8    9  ADVP  
 17 : 1 :   8    9  ADVP         17 : 1 :   9   11  PP    
 18 : 1 :   9   11  PP           18 : 1 :   9   10  P     
 19 : 1 :   9   10  P            19 : 1 :  10   11  NP    
 20 : 1 :  10   11  NP          

========
   8   12    0   93.33  82.35    14     15   17      1     12     5    41.67
-<1>---(wn1= 12, bn1= 15)-           -<2>---(wn2= 12, bn2= 17)-
  0 : 0 : lo_ft_nf_hk_mst  Minni                   0 : 0 : lo_ft_hk_mst_nf  Minni           
  1 : 0 : no_ft_nf_hk_gr  borðin                 1 : 0 : no_ft_gr_hk_nf  borðin         
  2 : 0 : so_0_fh_p3_ft_nt_gm  eru                     2 : 0 : so_fh_ft_gm_nt_p3  eru             
  3 : 0 : lo_ft_nf_hk_sb  lítil                  3 : 0 : lo_ft_hk_nf_sb  lítil          
  4 : 1 : st      og                      4 : 1 : st      og              
  5 : 0 : lo_ft_nf_hk_sb  nett                    5 : 0 : lo_ft_hk_nf_sb  nett            
  6 : 1 : ao      eins                    6 : 1 : ao      eins            
  7 : 1 : st      og                      7 : 1 : st      og              
  8 : 0 : no_et_nf_kvk_gr  lenskan                 8 : 0 : no_et_gr_kvk_nf  lenskan         
  9 : 0 : so_0_fh_p3_et_nt_gm  er                      9 : 0 : so_1_nf_et_fh_gm_nt_p3  er              
 10 : 1 : ao      víða                 10 : 1 : ao      víða          
 11 : 1 : grm     .                      11 : 1 : grm     .               

  0 : 1 :   0   12  S0            0 : 1 :   0   12  S0    
  1 : 1 :   0   11  S             1 : 1 :   0   11  S     
  2 : 1 :   0   11  IP            2 : 1 :   0   11  IP    
  3 : 1 :   0    2  NP            3 : 1 :   0    2  NP    
  4 : 1 :   2   11  VP            4 : 1 :   2   11  VP    
  5 : 1 :   2    3  VP            5 : 1 :   2    3  VP    
  6 : 1 :   3   11  NP            6 : 1 :   3   11  NP    
  7 : 1 :   4    5  C             7 : 0 :   3    6  NP    
  8 : 1 :   6   11  CP            8 : 1 :   4    5  C     
  9 : 1 :   6    8  C             9 : 1 :   6   11  CP    
 10 : 1 :   8   11  IP           10 : 1 :   6    8  C     
 11 : 1 :   8    9  NP           11 : 1 :   8   11  IP    
 12 : 0 :   9   11  VP           12 : 0 :   8   11  S     
 13 : 1 :   9   10  VP           13 : 0 :   8   10  VP    
 14 : 1 :  10   11  ADVP         14 : 1 :   8    9  NP    
                                 15 : 1 :   9   10  VP    
                                 16 : 1 :  10   11  ADVP  

========
   9   11    0   75.00  71.43    15     20   21      0     11     3    27.27
-<1>---(wn1= 11, bn1= 20)-           -<2>---(wn2= 11, bn2= 21)-
  0 : 0 : ao      Og                      0 : 0 : st      Og              
  1 : 0 : pfn_et_nf_hk_p3  það                   1 : 0 : pfn_et_hk_nf_p3  það           
  2 : 0 : so_1_nf_fh_p3_et_nt_gm  er                      2 : 0 : so_1_nf_et_fh_gm_nt_p3  er              
  3 : 0 : pfn_et_nf_hk_p3  það                   3 : 0 : fn_et_hk_nf  það           
  4 : 1 : stt     sem                     4 : 1 : stt     sem             
  5 : 0 : so_1_þf_fh_p3_et_nt_gm  hræðir                5 : 0 : so_1_þf_et_fh_gm_nt_p3  hræðir        
  6 : 0 : pfn_et_þf_p1  mig                     6 : 0 : pfn_et_p1_þf  mig             
  7 : 1 : grm     ,                       7 : 1 : grm     ,               
  8 : 0 : so_0_fh_p3_et_nt_gm  segir                   8 : 0 : so_0_et_fh_gm_nt_p3  segir           
  9 : 0 : pfn_et_nf_kvk_p3  hún                    9 : 0 : pfn_et_kvk_nf_p3  hún            
 10 : 1 : grm     .                      10 : 1 : grm     .               

  0 : 1 :   0   11  S0            0 : 1 :   0   11  S0    
  1 : 0 :   0   10  S             1 : 0 :   0   11  S     
  2 : 0 :   0   10  IP            2 : 1 :   0    7  CP    
  3 : 1 :   0    7  CP            3 : 0 :   0    1  S     
  4 : 0 :   0    7  IP            4 : 0 :   0    1  C     
  5 : 0 :   0    1  ADVP          5 : 0 :   1    7  IP    
  6 : 1 :   1    2  NP            6 : 1 :   1    2  NP    
  7 : 1 :   2    7  VP            7 : 1 :   2    7  VP    
  8 : 1 :   2    3  VP            8 : 1 :   2    3  VP    
  9 : 1 :   3    7  NP            9 : 1 :   3    7  NP    
 10 : 1 :   4    7  CP           10 : 1 :   4    7  CP    
 11 : 1 :   4    5  C            11 : 1 :   4    5  C     
 12 : 1 :   5    7  IP           12 : 1 :   5    7  IP    
 13 : 1 :   5    7  VP           13 : 0 :   5    7  S     
 14 : 1 :   5    6  VP           14 : 1 :   5    7  VP    
 15 : 1 :   6    7  NP           15 : 1 :   5    6  VP    
 16 : 1 :   7   10  CP           16 : 1 :   6    7  NP    
 17 : 0 :   8   10  VP           17 : 1 :   7   10  CP    
 18 : 1 :   8    9  VP           18 : 1 :   8    9  VP    
 19 : 1 :   9   10  NP           19 : 1 :   9   10  NP    
                                 20 : 0 :   9   10  NP    

========
  10   12    0   87.50  82.35    14     16   17      1     12     4    33.33
-<1>---(wn1= 12, bn1= 16)-           -<2>---(wn2= 12, bn2= 17)-
  0 : 0 : lo_et_nf_kvk_evb  Stærsta                0 : 0 : lo_et_evb_kvk_nf  Stærsta        
  1 : 0 : no_et_nf_kvk_gr  nýjungin               1 : 0 : no_et_gr_kvk_nf  nýjungin       
  2 : 0 : so_1_þf_fh_p3_et_nt_gm  varðar                 2 : 0 : so_1_þf_et_fh_gm_nt_p3  varðar         
  3 : 0 : no_et_þf_kk_gr  persónuafsláttinn        3 : 0 : no_et_gr_kk_þf  persónuafsláttinn
  4 : 1 : grm     ,                       4 : 1 : grm     ,               
  5 : 1 : stt     sem                     5 : 1 : stt     sem             
  6 : 0 : so_0_vh_p3_et_þt_gm  yrði                   6 : 0 : so_et_gm_p3_vh_þt  yrði           
  7 : 0 : lo_et_nf_kk_sb  tekjutengdur            7 : 0 : lo_et_kk_nf_sb  tekjutengdur    
  8 : 1 : fs_þgf  eftir                   8 : 1 : fs_þgf  eftir           
  9 : 0 : lo_et_þgf_kvk_sb  flókinni               9 : 0 : lo_et_kvk_sb_þgf  flókinni       
 10 : 0 : no_et_þgf_kvk  formúlu               10 : 0 : no_et_kvk_þgf  formúlu        
 11 : 1 : grm     .                      11 : 1 : grm     .               

  0 : 1 :   0   12  S0            0 : 1 :   0   12  S0    
  1 : 1 :   0   11  S             1 : 1 :   0   11  S     
  2 : 1 :   0   11  IP            2 : 1 :   0   11  IP    
  3 : 1 :   0    2  NP            3 : 1 :   0    2  NP    
  4 : 1 :   2   11  VP            4 : 1 :   2   11  VP    
  5 : 1 :   2    3  VP            5 : 1 :   2    3  VP    
  6 : 1 :   3   11  NP            6 : 1 :   3   11  NP    
  7 : 1 :   5   11  CP            7 : 1 :   5   11  CP    
  8 : 1 :   5    6  C             8 : 1 :   5    6  C     
  9 : 1 :   6   11  IP            9 : 1 :   6   11  IP    
 10 : 0 :   6   11  VP           10 : 0 :   6   11  S     
 11 : 1 :   6    7  VP           11 : 0 :   6    8  VP    
 12 : 0 :   7   11  NP           12 : 1 :   6    7  VP    
 13 : 1 :   8   11  PP           13 : 0 :   7    8  NP    
 14 : 1 :   8    9  P            14 : 1 :   8   11  PP    
 15 : 1 :   9   11  NP           15 : 1 :   8    9  P     
                                 16 : 1 :   9   11  NP    

========
============================================================================
                 84.14  81.33    122   145   150     14     92    39    42.39
=== Summary ===

-- All --
Number of sentence        =     10
Number of Error sentence  =      2
Number of Skip  sentence  =      0
Number of Valid sentence  =      8
Bracketing Recall         =  84.14
Bracketing Precision      =  81.33
Bracketing FMeasure       =  82.71
Complete match            =   0.00
Average crossing          =   1.75
No crossing               =  25.00
2 or less crossing        =  75.00
Tagging accuracy          =  42.39

-- len<=100 --
Number of sentence        =     10
Number of Error sentence  =      2
Number of Skip  sentence  =      0
Number of Valid sentence  =      8
Bracketing Recall         =  84.14
Bracketing Precision      =  81.33
Bracketing FMeasure       =  82.71
Complete match            =   0.00
Average crossing          =   1.75
No crossing               =  25.00
2 or less crossing        =  75.00
Tagging accuracy          =  42.39
